11-17 17:06:20.920   991  1746 I Sensors : AutoRotation: data = 1269345685, time = 104
11-17 17:06:20.922  1468  1540 D WindowOrientationListener: onSensorChanged device orientation: -1
11-17 17:06:20.923  2050  2050 D AppController: AppControlSensorListener.onSensorChanged, Rotation: -1
11-17 17:06:20.923  1468  1540 V WindowManager: Computed rotation=ROTATION_0 (0) for display id=0 based on lastOrientation=SCREEN_ORIENTATION_NOSENSOR (5) and oldRotation=ROTATION_0 (0), caller=com.android.server.wm.WindowManagerService.updateRotationUnchecked:84 com.android.server.wm.DisplayRotation$OrientationListener.onProposedRotationChanged:330 com.android.server.wm.WindowOrientationListener$OrientationSensorJudge.finalizeRotation:26 com.android.server.wm.WindowOrientationListener$OrientationSensorJudge.onSensorChanged:386 android.hardware.SystemSensorManager$SensorEventQueue.dispatchSensorEvent:1181 android.os.MessageQueue.nativePollOnce:-2 
11-17 17:06:20.932  3277  3286 I BpBinder: onLastStrongRef automatically unlinking death recipients: 
11-17 17:06:20.940   991  1746 I Sensors : AutoRotation: data = 1289345685, time = 104
11-17 17:06:20.940  2050  2050 D AppController: AppControlSensorListener.onSensorChanged, Rotation: 0
11-17 17:06:20.941  1468  1540 D WindowOrientationListener: onSensorChanged device orientation: 0
11-17 17:06:20.942  1468  1540 V WindowManager: Computed rotation=ROTATION_0 (0) for display id=0 based on lastOrientation=SCREEN_ORIENTATION_NOSENSOR (5) and oldRotation=ROTATION_0 (0), caller=com.android.server.wm.WindowManagerService.updateRotationUnchecked:84 com.android.server.wm.DisplayRotation$OrientationListener.onProposedRotationChanged:330 com.android.server.wm.WindowOrientationListener$OrientationSensorJudge.finalizeRotation:26 com.android.server.wm.WindowOrientationListener$OrientationSensorJudge.onSensorChanged:386 android.hardware.SystemSensorManager$SensorEventQueue.dispatchSensorEvent:1181 android.os.MessageQueue.nativePollOnce:-2 
11-17 17:06:20.950  2598  2605 I adbd    : opening control endpoint /dev/usb-ffs/adb/ep0
11-17 17:06:21.025  1468  4227 D WifiConnectivityMonitor.DnsThread:  [] [|206]
11-17 17:06:21.027  1468  1972 D WifiConnectivityMonitor.NetworkStatsAnalyzer: DNS resultType : 0, responseTime : 206
11-17 17:06:21.027  1468  1970 D OpenNetworkQos[4.00]: updateBssidLatestDnsResultType - result: 0
11-17 17:06:21.027  1468  1970 D OpenNetworkQos[4.00]: updateBssidNoInternet: mBssidNoInternet = false
11-17 17:06:21.027  1468  1970 D OpenNetworkQos[4.00]: getOpenNetworkQosNoInternetStatus: false
11-17 17:06:21.027  1468  1970 D OpenNetworkQos[4.00]: getOpenNetworkQosScores: 26 26 26 
11-17 17:06:21.028  1468  1970 D KNOX_MDM_SettingsProvider: isChangeAllowed() : name = wifi_wcm_qos_sharing_score_summary
11-17 17:06:21.028  1468  1970 I WifiProfileShare: network QoS data was changed (internet), updateQoSData networkType: true, qosData: false
11-17 17:06:21.029  1468  3186 V WifiProfileShare.Caster: update wips network, size: 0
11-17 17:06:21.029  1468  3186 D WifiProfileShare: nearby scanning settings run
11-17 17:06:21.029  1468  3186 D WifiProfileShare: network score provider settings disabled
11-17 17:06:21.029  1468  3186 V WifiProfileShare.Caster: checkAndGetShareData - not exist network rating provider
11-17 17:06:21.029  1468  3186 D WifiProfileShare.ScanMatcher: getMcfDataList size:2
11-17 17:06:21.029  1468  3186 I WifiProfileShare.Caster: qos data was updated , before:null after:null
11-17 17:06:21.031  1468  3186 I [MCFSDK_android_1.2.27006]_4_McfCasterImpl: isNetworkEnabled - type : 1 ret : true
11-17 17:06:21.031  1468  3186 D WifiProfileShare.McfCast: -ME--- mIsNetworkEnabled :true
11-17 17:06:21.031  1468  3186 D WifiProfileShare.MCF: stop sharing QosData, invalid data
11-17 17:06:21.032  1468  3186 I [MCFSDK_android_1.2.27006]_4_McfCasterImpl: isNetworkEnabled - type : 1 ret : true
11-17 17:06:21.033  1468  3186 D WifiProfileShare.McfCast: -ME--- mIsNetworkEnabled :true
11-17 17:06:21.033  1468  3186 D WifiProfileShare.McfCast: -ME--- updatePasswordDate pwdData size:2
11-17 17:06:21.139   991  1746 I Sensors : AutoRotation: data = 1488345685, time = 0
11-17 17:06:21.140  1468  1540 D WindowOrientationListener: onSensorChanged device orientation: -1
11-17 17:06:21.140  2050  2050 D AppController: AppControlSensorListener.onSensorChanged, Rotation: -1
11-17 17:06:21.142  1468  1540 V WindowManager: Computed rotation=ROTATION_0 (0) for display id=0 based on lastOrientation=SCREEN_ORIENTATION_NOSENSOR (5) and oldRotation=ROTATION_0 (0), caller=com.android.server.wm.WindowManagerService.updateRotationUnchecked:84 com.android.server.wm.DisplayRotation$OrientationListener.onProposedRotationChanged:330 com.android.server.wm.WindowOrientationListener$OrientationSensorJudge.finalizeRotation:26 com.android.server.wm.WindowOrientationListener$OrientationSensorJudge.onSensorChanged:386 android.hardware.SystemSensorManager$SensorEventQueue.dispatchSensorEvent:1181 android.os.MessageQueue.nativePollOnce:-2 
11-17 17:06:21.400   671   671 D io_stats: !@   8,0 r 51568163 1348988508 w 12648527 198699920 d 3821570 325577432 f 0 0 iot 30583784 0 th 0 0 0 pt 0 inp 0 0 253309.326
11-17 17:06:21.400   671   671 D io_stats: !@ Read_top(KB): c.android.sdhms(3923) 104 ocessService0:0(22306) 72 m.android.phone(2028) 16
11-17 17:06:21.400   671   671 D io_stats: !@ Write_top(KB): kworker/u16:4(30381) 36 com.whatsapp(27897) 12 .provider.badge(2080) 4
11-17 17:06:21.467  1468  3265 D SemWifiUsabilityStatsMonitor: onWifiUsabilityStats - seqNum 33576, isSameBssidAndFreq true
11-17 17:06:21.470  1468  1946 I SemWifiLinkQualityMonitor: Link stat: 2632 / 92 / 1.00 (59) / 286 / -52.0 || 100.0 : 286.00 / 0.5 : 1.00 / 0.55 : 0.03 / G (G) || 94d8ab905260: 0.103 / 77.988 /  / N || N N / 0 / N 2.0 / N 0 / 253309394 0
11-17 17:06:21.622  1018 12162 W C2BqBuffer: last successful dequeue was 11161989368 us ago, 108361 consecutive failures
11-17 17:06:21.953  2598  4231 W adbd    : timed out while waiting for FUNCTIONFS_BIND, trying again
11-17 17:06:21.953  2598  4231 I adbd    : UsbFfs: connection terminated: monitor thread finished
11-17 17:06:22.006  2598  2605 I adbd    : opening control endpoint /dev/usb-ffs/adb/ep0
11-17 17:06:22.103  1468  3153 D FreecessController: com.instagram.android(10033) is important[33]
11-17 17:06:22.146  1072  1247 I EDEN    : [Exynos][EDEN][v1.6.23][SERVICE] processAliveMointorMain:253: Try to check pid=(1020)...
11-17 17:06:22.531  1468  3153 D FreecessController: com.samsung.android.game.gamehome(state: Initial -> Frozen, Reason: Binder(1)-android.service.notification.INotificatio)
11-17 17:06:22.549  1468  3153 D FreecessController: FZ : com.samsung.android.game.gamehome(10076) [5068] reason: Bg
11-17 17:06:22.556  1468  3153 W LocationManagerService: onFreezeStateChanged, uid[10076]=true
11-17 17:06:22.556  1468  3153 I PowerManagerService: [PWL] SetWakeLockEnableDisable uid = 10076 , disable= true
11-17 17:06:22.556  1468  3153 I PowerManagerService: [PWL] can not change uid =  10076
11-17 17:06:22.556  1468  3153 D FreecessController: com.facebook.stella(state: Initial -> Frozen, Reason: uidIdle)
11-17 17:06:22.567  1468  3153 D FreecessController: FZ : com.facebook.stella(10456) [6793] reason: Bg
11-17 17:06:22.568  1468  3153 W LocationManagerService: onFreezeStateChanged, uid[10456]=true
11-17 17:06:22.568  1468  3153 I PowerManagerService: [PWL] SetWakeLockEnableDisable uid = 10456 , disable= true
11-17 17:06:22.568  1468  3153 I PowerManagerService: [PWL] can not change uid =  10456
11-17 17:06:22.630  1018 11825 W C2BqBuffer: last successful dequeue was 11193479668 us ago, 108639 consecutive failures
11-17 17:06:22.794  1468  3153 D FreecessController: com.whatsapp(10047) is important[7]
11-17 17:06:22.840  1468  3153 D FreecessController: com.google.android.gm(state: Initial -> Frozen, Reason: Bg)
11-17 17:06:22.857  1468  3153 D FreecessController: FZ : com.google.android.gm(10249) [22161] reason: Bg
11-17 17:06:22.858  1468  3153 W LocationManagerService: onFreezeStateChanged, uid[10249]=true
11-17 17:06:22.858  1468  3153 I PowerManagerService: [PWL] SetWakeLockEnableDisable uid = 10249 , disable= true
11-17 17:06:22.858  1468  3153 I PowerManagerService: [PWL] can not change uid =  10249
11-17 17:06:23.010  2598  4237 W adbd    : timed out while waiting for FUNCTIONFS_BIND, trying again
11-17 17:06:23.011  2598  4237 I adbd    : UsbFfs: connection terminated: monitor thread finished
11-17 17:06:23.048 27897 28351 I WM-WorkerWrapper: Worker result SUCCESS for Work [ id=08640ca3-3a20-45da-9012-5d82a73ba2ee, tags={ com.whatsapp.messaging.xmpp.XmppLifecycleWorker } ]
11-17 17:06:23.050  2598  2605 I adbd    : opening control endpoint /dev/usb-ffs/adb/ep0
11-17 17:06:23.056 27897 27897 D WM-Processor: 1e0 08640ca3-3a20-45da-9012-5d82a73ba2ee executed; reschedule = false
11-17 17:06:23.056 27897 27897 D WM-GreedyScheduler: Stopping tracking for WorkGenerationalId(workSpecId=08640ca3-3a20-45da-9012-5d82a73ba2ee, generation=0)
11-17 17:06:23.066 27897 28381 D WM-GreedyScheduler: Cancelling work ID 08640ca3-3a20-45da-9012-5d82a73ba2ee
11-17 17:06:23.072 27897 28383 D WM-NetworkStateTracker: Unregistering network callback
11-17 17:06:23.073 27897 28383 D ConnectivityManager: StackLog: [android.net.ConnectivityManager.unregisterNetworkCallback(ConnectivityManager.java:5571)] [X.1dw.A04(:25)] [X.1j2.invoke(:27)] [X.1j3.A00(:111)] [X.1j4.invokeSuspend(:10)] [X.0lT.resumeWith(:8)] [X.0lr.run(:98)] [X.1eb.run(:2)] [java.util.concurrent.ThreadPoolExecutor.runWorker(ThreadPoolExecutor.java:1156)] [java.util.concurrent.ThreadPoolExecutor$Worker.run(ThreadPoolExecutor.java:651)] [java.lang.Thread.run(Thread.java:1119)]
11-17 17:06:23.076  1468  1858 D ConnectivityService:  Removing from current network [187 WIFI], leaving 195 requests.
11-17 17:06:23.119  2163  6601 W IpClient.wlan0: [IpReachabilityMonitor] WARN ALERT neighbor went from: NeighborEvent{@323169725,RTM_NEWNEIGH,if=23,fda7:7b67:5592:8::1,NUD_FAILED,[null]} to: NeighborEvent{@323229825,RTM_NEWNEIGH,if=23,fda7:7b67:5592:8::1,NUD_FAILED,[null]}
11-17 17:06:23.222  1468  2139 D CustomizedBinderCallsStatsInternal: reportCpuUsage() : 4%
11-17 17:06:23.224  1468  1549 I BinderCallsStats: Collected cpu time : 3681us, collected call count : 16333 for 4956377 ms
11-17 17:06:23.338  3923  3930 I c.android.sdhms: Background concurrent copying GC freed 18MB AllocSpace bytes, 251(5020KB) LOS objects, 82% free, 5176KB/29MB, paused 131us,68us total 111.737ms
11-17 17:06:23.402   671   671 D io_stats: !@   8,0 r 51568191 1348988992 w 12648529 198699964 d 3821570 325577432 f 0 0 iot 30583848 0 th 0 0 0 pt 0 inp 0 0 253311.328
11-17 17:06:24.055  2598  4245 W adbd    : timed out while waiting for FUNCTIONFS_BIND, trying again
11-17 17:06:24.055  2598  4245 I adbd    : UsbFfs: connection terminated: monitor thread finished
11-17 17:06:24.106  2598  2605 I adbd    : opening control endpoint /dev/usb-ffs/adb/ep0
11-17 17:06:24.542  1468  3265 D SemWifiUsabilityStatsMonitor: onWifiUsabilityStats - seqNum 33577, isSameBssidAndFreq true
11-17 17:06:24.544  1468  1946 I SemWifiLinkQualityMonitor: Link stat: 2829 / 104 / 1.00 (58) / 286 / -56.0 || 100.0 : 286.00 / 0.5 : 1.00 / 0.55 : 0.04 / G (G) || 94d8ab905260: 0.103 / 77.882 /  / N || N N / 0 / N 2.0 / N 0 / 253312469 0
11-17 17:06:24.770  1468  3153 D FreecessController: com.truecaller(10329) is important[2]
11-17 17:06:24.977  1018 30610 W C2BqBuffer: last successful dequeue was 10464097783 us ago, 101904 consecutive failures
11-17 17:06:24.978  1018  2982 W C2BqBuffer: last successful dequeue was 25345178166 us ago, 233609 consecutive failures
11-17 17:06:24.978  1018  7990 W C2BqBuffer: last successful dequeue was 61539461638 us ago, 553771 consecutive failures
11-17 17:06:24.978  1018 25533 W C2BqBuffer: last successful dequeue was 20143104252 us ago, 187155 consecutive failures
