11-17 17:04:54.241  1109  2749 I SurfaceFlinger: [com.alphatecks.qglide/com.alphatecks.qglide.MainActivity$_32232#83582] setTransactionState with the first frame. bufferData(ID: 138435385884691, frameNumber: 1)
11-17 17:04:54.241  1468  4391 D WindowManager: finishDrawingWindow: Window{e72f55c u0 com.alphatecks.qglide/com.alphatecks.qglide.MainActivity} mDrawState=DRAW_PENDING seqId=0
11-17 17:04:54.242  1468  1543 V WindowManager: Finish starting ActivityRecord{ccba446 u0 com.alphatecks.qglide/.MainActivity t8949}: first real window is shown, no animation
11-17 17:04:54.243  1468  1543 V WindowManager: Schedule remove starting ActivityRecord{ccba446 u0 com.alphatecks.qglide/.MainActivity t8949} startingWindow=Window{566562a u0 Splash Screen com.alphatecks.qglide} animate=true Callers=com.android.server.wm.ActivityRecord.removeStartingWindow:150 com.android.server.wm.WindowState.performShowLocked:147 com.android.server.wm.WindowStateAnimator.commitFinishDrawingLocked:59 com.android.server.wm.DisplayContent$$ExternalSyntheticLambda1.accept$com$android$server$wm$DisplayContent$$ExternalSyntheticLambda40:22 com.android.server.wm.DisplayContent$$ExternalSyntheticLambda1.accept:305 
11-17 17:04:54.243  1468  1543 D TaskOrganizerController: applyStartingWindowAnimation, window=Window{e72f55c u0 com.alphatecks.qglide/com.alphatecks.qglide.MainActivity}, caller=com.android.server.wm.TaskOrganizerController.removeStartingWindow:131 com.android.server.wm.StartingSurfaceController$StartingSurface.remove:23 com.android.server.wm.ActivityRecord.removeStartingWindowAnimation:181 
11-17 17:04:54.243  1468  1543 I WindowManager: Reparenting to leash, surface=Surface(name=e72f55c com.alphatecks.qglide/com.alphatecks.qglide.MainActivity)/@0xc188c31, syncState=0, syncCommitDepth=0, leashParent=Surface(name=ActivityRecord{ccba446 u0 com.alphatecks.qglide/.MainActivity t8949})/@0x10cf16
11-17 17:04:54.243  1109  2749 I SurfaceFlinger: id=83591 createSurf, flag=24000, Surface(name=e72f55c com.alphatecks.qglide/com.alphatecks.qglide.MainActivity)/@0xc188c31 - animation-leash of starting_reveal#83591
11-17 17:04:54.244  1468  1995 D NetdEventListenerService: DNS Requested by 187, 10484(com.alphatecks.qglide), SUCCESS, 45ms
11-17 17:04:54.244  1468  1543 D WindowManager: makeSurface duration=1 leash=Surface(name=Surface(name=e72f55c com.alphatecks.qglide/com.alphatecks.qglide.MainActivity)/@0xc188c31 - animation-leash of starting_reveal)/@0x7451097
11-17 17:04:54.246  1468  1543 V WindowManager: performShowLocked: mDrawState=HAS_DRAWN in Window{e72f55c u0 com.alphatecks.qglide/com.alphatecks.qglide.MainActivity}
11-17 17:04:54.253  1109  1109 I SurfaceFlinger: Layer [Bounds for - com.alphatecks.qglide/com.alphatecks.qglide.MainActivity@0#83587] hidden!! flag(0)
11-17 17:04:54.253  1109  1109 I SurfaceFlinger: Layer [Background for SurfaceView[com.alpha[...]hatecks.qglide.MainActivity]@0#83590] hidden!! flag(0)
11-17 17:04:54.253  1109  1109 I SurfaceFlinger: Layer [SurfaceView[com.alphatecks.qglide/com.alphatecks.qglide.MainActivity]@0#83588] hidden!! flag(0)
11-17 17:04:54.253  1109  1109 I SurfaceFlinger: [LayerHierarchy{RequestedLayerState{Background for SurfaceView[com.alphatecks.qglide/com.alphatecks.qglide.MainActivity]@0#83590 parentId=83588 relativeParentId=83582 z=-2147483648} no children}] RelativeParent to LayerHierarchy{RequestedLayerState{com.alphatecks.qglide/com.alphatecks.qglide.MainActivity$_32232#83582 parentId=83581} 2 children}
11-17 17:04:54.253  1109  1109 I SurfaceFlinger: [LayerHierarchy{RequestedLayerState{SurfaceView[com.alphatecks.qglide/com.alphatecks.qglide.MainActivity]@0#83588 parentId=83587 relativeParentId=83582 z=-2} 2 children}] RelativeParent to LayerHierarchy{RequestedLayerState{com.alphatecks.qglide/com.alphatecks.qglide.MainActivity$_32232#83582 parentId=83581} 3 children}
11-17 17:04:54.253  1109  1109 I SurfaceFlinger: [Surface(name=e72f55c com.alphatecks.qglide/com.alphatecks.qglide.MainActivity)/@0xc188c31 - animation-leash of starting_reveal#83591] attach to parent LayerHierarchy{RequestedLayerState{ActivityRecord{ccba446 u0 com.alphatecks.qglide/.MainActivity t8949}#83573 parentId=83572} 4 children}
11-17 17:04:54.268  1468  1539 I PkgPredictorService-SecIpmManagerServiceImpl: reportToNAP uid:10484 com.alphatecks.qglide/com.alphatecks.qglide.MainActivity thisTime:2398
11-17 17:04:54.269  1109  1109 I SurfaceFlinger: Layer [com.alphatecks.qglide/com.alphatecks.qglide.MainActivity$_32232#83582] hidden!! flag(0)
11-17 17:04:54.269  1109  1109 I SurfaceFlinger: [LayerHierarchy{RequestedLayerState{e72f55c com.alphatecks.qglide/com.alphatecks.qglide.MainActivity#83581 parentId=83591} 1 children}] reparent to LayerHierarchy{RequestedLayerState{Surface(name=e72f55c com.alphatecks.qglide/com.alphatecks.qglide.MainActivity)/@0xc188c31 - animation-leash of starting_reveal#83591 parentId=83573} 1 children}
11-17 17:04:54.271  1109  1109 I LayerHistory: com.alphatecks.qglide/com.alphatecks.qglide.MainActivity$_32232#83582 Max (can't resolve refresh rate)
11-17 17:04:54.271  1109  1109 I LayerHistory: SurfaceView[com.alphatecks.qglide/com.alphatecks.qglide.MainActivity]@0(BLAST)#83589 Max (can't resolve refresh rate)
11-17 17:04:54.271  2050  2815 I VRI[qglide]@3c9d8fc: mWNT: t=0xb40000776f62e810 mBlastBufferQueue=0xb40000777f558df0 fn= 2 HdrRenderState mRenderHdrSdrRatio=1.0 caller= android.view.SyncRtSurfaceTransactionApplier.applyTransaction:96 android.view.SyncRtSurfaceTransactionApplier.lambda$scheduleApply$0:69 android.view.SyncRtSurfaceTransactionApplier.$r8$lambda$afI4fXg3U3-nBZQEDQMiNy-B06s:0 
11-17 17:04:54.274  1468  1539 I ActivityTaskManager: Displayed com.alphatecks.qglide/.MainActivity for user 0: +2s398ms
11-17 17:04:54.274  1468  1539 I Pageboost: Launch time gathered : pid 32232 com.alphatecks.qglide 2398
11-17 17:04:54.274  1468  1539 I ActivityTaskManager: Fully drawn com.alphatecks.qglide/.MainActivity: +2s398ms
11-17 17:04:54.276  2050  2815 I VRI[qglide]@3c9d8fc: mWNT: t=0xb40000776f61ab50 mBlastBufferQueue=0xb40000777f558df0 fn= 2 HdrRenderState mRenderHdrSdrRatio=1.0 caller= android.view.SyncRtSurfaceTransactionApplier.applyTransaction:96 android.view.SyncRtSurfaceTransactionApplier.lambda$scheduleApply$0:69 android.view.SyncRtSurfaceTransactionApplier.$r8$lambda$afI4fXg3U3-nBZQEDQMiNy-B06s:0 
11-17 17:04:54.277  1468  1542 D SGM:FgCheckThread: getForegroundApp(), foregroundPkgName=com.alphatecks.qglide
11-17 17:04:54.278  1468  1542 D SGM:FgCheckThread: noteStopComponent(), received pkgName: com.sec.android.app.launcher, focusedPkgName: com.alphatecks.qglide, userId: 0
11-17 17:04:54.279  1109  1109 D SurfaceFlinger:        DEVICE |   0xb400007011e94410 | 0002 | RGBA_8888    |    0.0    0.0 1080.0 2400.0 |    0    0 1080 2400 | SurfaceView[com.alphatecks.qglide/co[...].qglide.MainActivity]@0(BLAST)#83589 (3)
11-17 17:04:54.279  1109  1109 D SurfaceFlinger:        DEVICE |   0xb400007011e29810 | 0001 | RGBA_8888    |    0.0    0.0 1080.0 2400.0 |    0    0 1080 2400 | com.alphatecks.qglide/com.alphatecks.qglide.MainActivity$_32232#83582 (1)
11-17 17:04:54.279  1109  1109 D SurfaceFlinger:        DEVICE |   0xb400007011df0d90 | 0001 | RGBA_8888    |    0.0    0.0 1080.0 2400.0 |    0    0 1080 2400 | Splash Screen com.alphatecks.qglide$_2050#83575 (1)
11-17 17:04:54.281  2050  2816 I VRI[qglide]@3c9d8fc: mWNT: t=0xb40000776f719390 mBlastBufferQueue=0xb40000777f558df0 fn= 3 HdrRenderState mRenderHdrSdrRatio=1.0 caller= android.view.SyncRtSurfaceTransactionApplier.applyTransaction:96 android.view.SyncRtSurfaceTransactionApplier.lambda$scheduleApply$0:69 android.view.SyncRtSurfaceTransactionApplier.$r8$lambda$afI4fXg3U3-nBZQEDQMiNy-B06s:0 
11-17 17:04:54.284  1468  4391 D InputDispatcher: Focus entered window (0): e72f55c com.alphatecks.qglide/com.alphatecks.qglide.MainActivity
11-17 17:04:54.292  1468  1810 I ImeTracker: com.alphatecks.qglide:a767cec: onRequestHide at ORIGIN_SERVER reason HIDE_UNSPECIFIED_WINDOW fromUser false
11-17 17:04:54.293  1468  1810 I ImeTracker: com.alphatecks.qglide:a767cec: onCancelled at PHASE_SERVER_SHOULD_HIDE
11-17 17:04:54.300  4311  4311 I HBD     : c [AiWriter] setContact : com.alphatecks.qglide
11-17 17:04:54.300  4311  4311 I HBD     : a [AiWriter] setContact : com.alphatecks.qglide
11-17 17:04:54.300  1468  1521 D InsetsSourceProvider: updateControlForTarget: control=InsetsSourceControl: {3 mType=ime mSurfacePosition=Point(0, 80) mInsetsHint=Insets{left=0, top=0, right=0, bottom=1008}}, target=Window{e72f55c u0 com.alphatecks.qglide/com.alphatecks.qglide.MainActivity}, from=com.android.server.wm.ImeInsetsSourceProvider.updateControlForTarget:17 com.android.server.wm.InsetsStateController.onControlTargetChanged:81 com.android.server.wm.DisplayContent.updateImeControlTarget:21 com.android.server.wm.DisplayContent.updateImeInputAndControlTarget:81 com.android.server.wm.WindowManagerService$LocalService.updateInputMethodTargetWindow:21 
11-17 17:04:54.312  1109  1109 I SurfaceFlinger: [LayerHierarchy{RequestedLayerState{ImeContainer#16 parentId=83573 relativeParentId=83573 z=3} 1 children}] reparent to LayerHierarchy{RequestedLayerState{ActivityRecord{ccba446 u0 com.alphatecks.qglide/.MainActivity t8949}#83573 parentId=83572} 4 children}
11-17 17:04:54.315 32232 32232 I InsetsSourceConsumer: applyRequestedVisibilityToControl: visible=false, type=ime, host=com.alphatecks.qglide/com.alphatecks.qglide.MainActivity
11-17 17:04:54.315  1468  3914 V WindowManager: Relayout Window{566562a u0 Splash Screen com.alphatecks.qglide}: viewVisibility=8 req=1080x2400 ty=3 d0
11-17 17:04:54.317  2050  2133 I VRI[qglide]@3c9d8fc: Relayout returned: old=(0,0,1080,2400) new=(0,0,1080,2400) relayoutAsync=false req=(1080,2400)8 dur=9 res=0x2 s={false 0x0} ch=true seqId=0
11-17 17:04:54.317  2050  2133 D VRI[qglide]@3c9d8fc: Not drawing due to not visible. Reason=View.GONE
11-17 17:04:54.317  2050  2133 I VRI[qglide]@3c9d8fc: dispatchDetachedFromWindow
11-17 17:04:54.317  1468  3909 D WindowManager: Starting window removed Window{566562a u0 Splash Screen com.alphatecks.qglide}
11-17 17:04:54.318  1468  3909 I WindowManager: Cancelling animation restarting=false, leash=Surface(name=Surface(name=e72f55c com.alphatecks.qglide/com.alphatecks.qglide.MainActivity)/@0xc188c31 - animation-leash of starting_reveal)/@0x7451097
11-17 17:04:54.318  1468  3909 I WindowManager: Reparenting to original parent: Surface(name=ActivityRecord{ccba446 u0 com.alphatecks.qglide/.MainActivity t8949})/@0x10cf16, destroy=false, syncState=0, syncCommitDepth=0, surface=Surface(name=e72f55c com.alphatecks.qglide/com.alphatecks.qglide.MainActivity)/@0xc188c31
11-17 17:04:54.318  1468  3909 W InputManager-JNI: Input channel object '566562a Splash Screen com.alphatecks.qglide (client)' was disposed without first being removed with the input manager!
11-17 17:04:54.318  1468  3909 V WindowManager: Remove Window{566562a u0 Splash Screen com.alphatecks.qglide}: mSurfaceController=Surface(name=Splash Screen com.alphatecks.qglide$_2050)/@0xd754d87 mAnimatingExit=false mRemoveOnExit=false mHasSurface=true surfaceShowing=true animating=false app-animation=false mDisplayFrozen=false callers=com.android.server.wm.Session.remove:16 android.view.IWindowSession$Stub.onTransact:794 com.android.server.wm.Session.onTransact:1 android.os.Binder.execTransactInternal:1536 android.os.Binder.execTransact:1480 <bottom of call stack> 
11-17 17:04:54.318  1468  3909 I WindowManager: Destroying surface Surface(name=Splash Screen com.alphatecks.qglide$_2050)/@0xd754d87 called by com.android.server.wm.WindowStateAnimator.destroySurface:11 com.android.server.wm.WindowStateAnimator.destroySurfaceLocked:54 com.android.server.wm.WindowState.removeImmediately:43 com.android.server.wm.WindowState.removeIfPossible:638 com.android.server.wm.Session.remove:16 android.view.IWindowSession$Stub.onTransact:794 com.android.server.wm.Session.onTransact:1 android.os.Binder.execTransactInternal:1536 
11-17 17:04:54.320  1468  3909 D WindowManager: updateSystemBarAttributes: displayId=0, focusedCanBeNavColorWin=false, win=Window{e72f55c u0 com.alphatecks.qglide/com.alphatecks.qglide.MainActivity}, navColorWin=Window{e72f55c u0 com.alphatecks.qglide/com.alphatecks.qglide.MainActivity}, caller=com.android.server.wm.DisplayPolicy.finishPostLayoutPolicyLw:17 com.android.server.wm.RootWindowContainer.applySurfaceChangesTransaction$1:194 com.android.server.wm.RootWindowContainer.performSurfacePlacementNoTrace:61 
11-17 17:04:54.332  1109  1109 I SurfaceFlinger: [LayerHierarchy{RequestedLayerState{ImeContainer#16 parentId=83573 relativeParentId=83581 z=1} 1 children}] RelativeParent to LayerHierarchy{RequestedLayerState{e72f55c com.alphatecks.qglide/com.alphatecks.qglide.MainActivity#83581 parentId=83573} 2 children}
11-17 17:04:54.332  1109  1109 I SurfaceFlinger: [LayerHierarchy{RequestedLayerState{Surface(name=e72f55c com.alphatecks.qglide/com.alphatecks.qglide.MainActivity)/@0xc188c31 - animation-leash of starting_reveal#83591} 1 children}] reparent to OffscreenRoot
11-17 17:04:54.332  1109  1109 I SurfaceFlinger: [LayerHierarchy{RequestedLayerState{Surface(name=e72f55c com.alphatecks.qglide/com.alphatecks.qglide.MainActivity)/@0xc188c31 - animation-leash of starting_reveal#83591} 1 children}] RelativeParent to null
11-17 17:04:54.332  1109  1109 I SurfaceFlinger: [LayerHierarchy{RequestedLayerState{566562a Splash Screen com.alphatecks.qglide#83574 z=2147483647} 1 children}] reparent to OffscreenRoot
11-17 17:04:54.332  1109  1109 I SurfaceFlinger: [LayerHierarchy{RequestedLayerState{566562a Splash Screen com.alphatecks.qglide#83574 z=2147483647} 1 children}] RelativeParent to null
11-17 17:04:54.332  1109  1109 I SurfaceFlinger: [LayerHierarchy{RequestedLayerState{Splash Screen com.alphatecks.qglide$_2050#83575} no children}] reparent to OffscreenRoot
11-17 17:04:54.332  1109  1109 I SurfaceFlinger: [LayerHierarchy{RequestedLayerState{Splash Screen com.alphatecks.qglide$_2050#83575} no children}] RelativeParent to null
11-17 17:04:54.332  1109  1109 I SurfaceFlinger: [LayerHierarchy{RequestedLayerState{e72f55c com.alphatecks.qglide/com.alphatecks.qglide.MainActivity#83581 parentId=83573} 2 children}] reparent to LayerHierarchy{RequestedLayerState{ActivityRecord{ccba446 u0 com.alphatecks.qglide/.MainActivity t8949}#83573 parentId=83572} 3 children}
11-17 17:04:54.337  1109  1109 I SurfaceFlinger: id=83574 Removed 566562a Splash Screen com.alphatecks.qglide#83574 (330)
11-17 17:04:54.345  1109  1109 D SurfaceFlinger:        DEVICE |   0xb400007011e6bc90 | 0002 | RGBA_8888    |    0.0    0.0 1080.0 2400.0 |    0    0 1080 2400 | SurfaceView[com.alphatecks.qglide/co[...].qglide.MainActivity]@0(BLAST)#83589 (5)
11-17 17:04:54.345  1109  1109 D SurfaceFlinger:        DEVICE |   0xb400007011e29810 | 0001 | RGBA_8888    |    0.0    0.0 1080.0 2400.0 |    0    0 1080 2400 | com.alphatecks.qglide/com.alphatecks.qglide.MainActivity$_32232#83582 (1)
11-17 17:04:54.347  1109  1109 I SurfaceFlinger: destroyed 566562a Splash Screen com.alphatecks.qglide#83574
11-17 17:04:54.352  1109  1109 I Layer   : id=83574 Destroyed 566562a Splash Screen com.alphatecks.qglide#83574
11-17 17:04:54.361  1109  2750 I SurfaceFlinger: id=83575 Removed Splash Screen com.alphatecks.qglide$_2050#83575 (329)
11-17 17:04:54.364  1109  1109 I SurfaceFlinger: destroyed Splash Screen com.alphatecks.qglide$_2050#83575
11-17 17:04:54.369  1109  1109 I Layer   : id=83575 Destroyed Splash Screen com.alphatecks.qglide$_2050#83575
11-17 17:04:54.412  4311 23942 I HBD     : h [SKE_SPECIFIC] specific model[com.alphatecks.qglide] loaded, 93776885 ns
11-17 17:04:54.425  1468  1872 D MdnieScenarioControlService:  packageName : com.alphatecks.qglide    className : com.alphatecks.qglide.MainActivity
11-17 17:04:54.801  1468  1542 D SGM:GameManager: identifyForegroundApp. com.alphatecks.qglide, mCurrentUserId: 0, callerUserId: 0
11-17 17:04:55.414 32232 32232 E TwilioVoiceFlutter: Registration Error: 20106, Invalid access token grants
11-17 17:04:55.666  1468  1995 D NetdEventListenerService: DNS Requested by 187, 10484(com.alphatecks.qglide), SUCCESS, 250ms
11-17 17:04:55.871  6117  6443 W IgMetaConfig: java.lang.RuntimeException: Could not obtain MC, call-site will receive default values
11-17 17:04:56.216  1468  1837 I DrmManagerClient: DRM_DISPLAYPORT_DISABLE failed. Error can be ignored
11-17 17:04:57.163   671   671 D io_stats: !@ Read_top(KB): stagram.android(6117) 15696 phatecks.qglide(32232) 2420 loop29(839) 1052
11-17 17:04:57.163   671   671 D io_stats: !@ Write_top(KB): stagram.android(6117) 1272 kworker/u16:4(30381) 1012 phatecks.qglide(32232) 208
11-17 17:04:57.497 32232 32414 D ProfileInstaller: Skipping profile installation for com.alphatecks.qglide
11-17 17:04:57.784  1468  1995 D NetdEventListenerService: DNS Requested by 187, 10484(com.alphatecks.qglide), SUCCESS, 1ms
11-17 17:04:57.785  1468  1995 D NetdEventListenerService: DNS Requested by 187, 10484(com.alphatecks.qglide), SUCCESS, 3ms
11-17 17:04:57.785  1468  1995 D NetdEventListenerService: DNS Requested by 187, 10484(com.alphatecks.qglide), SUCCESS, 3ms
11-17 17:04:57.785  1468  1995 D NetdEventListenerService: DNS Requested by 187, 10484(com.alphatecks.qglide), SUCCESS, 2ms
11-17 17:04:57.789  1468  1995 D NetdEventListenerService: DNS Requested by 187, 10484(com.alphatecks.qglide), SUCCESS, 2ms
11-17 17:04:57.789  1468  1995 D NetdEventListenerService: DNS Requested by 187, 10484(com.alphatecks.qglide), SUCCESS, 5ms
11-17 17:04:57.816  1468  1995 D NetdEventListenerService: DNS Requested by 187, 10484(com.alphatecks.qglide), 7(NODATA), isBlocked=false, 11ms
11-17 17:04:57.824  1468  1995 D NetdEventListenerService: DNS Requested by 187, 10484(com.alphatecks.qglide), 7(NODATA), isBlocked=false, 20ms
11-17 17:04:57.825  1468  1995 D NetdEventListenerService: DNS Requested by 187, 10484(com.alphatecks.qglide), 7(NODATA), isBlocked=false, 18ms
11-17 17:04:57.826  1468  1995 D NetdEventListenerService: DNS Requested by 187, 10484(com.alphatecks.qglide), 7(NODATA), isBlocked=false, 18ms
11-17 17:04:57.827  1468  1995 D NetdEventListenerService: DNS Requested by 187, 10484(com.alphatecks.qglide), 7(NODATA), isBlocked=false, 18ms
11-17 17:04:57.828 32232 32232 W phatecks.qglide: ClassLoaderContext classpath size mismatch. expected=1, found=0 (DLC[];PCL[base.apk*2695232716]{PCL[/system/framework/org.apache.http.legacy.jar*3637333363]#PCL[/system/framework/com.android.media.remotedisplay.jar*2042759013]#PCL[/system/framework/com.android.location.provider.jar*3414091812]#PCL[/system/system_ext/framework/org.carconnectivity.android.digitalkey.rangingintent.jar*560278203]#PCL[/system/system_ext/framework/org.carconnectivity.android.digitalkey.secureelement.jar*3277496667]#PCL[/system_ext/framework/androidx.window.extensions.jar*393752484]#PCL[/system_ext/framework/androidx.window.sidecar.jar*3240773605]} | DLC[];PCL[])
11-17 17:04:57.832  1468  1995 D NetdEventListenerService: DNS Requested by 187, 10484(com.alphatecks.qglide), 7(NODATA), isBlocked=false, 25ms
11-17 17:04:57.833  1468  1995 D NetdEventListenerService: DNS Requested by 187, 10484(com.alphatecks.qglide), 7(NODATA), isBlocked=false, 14ms
11-17 17:04:57.837  1468  1995 D NetdEventListenerService: DNS Requested by 187, 10484(com.alphatecks.qglide), 7(NODATA), isBlocked=false, 9ms
11-17 17:04:57.841  1468  1995 D NetdEventListenerService: DNS Requested by 187, 10484(com.alphatecks.qglide), 7(NODATA), isBlocked=false, 13ms
11-17 17:04:57.845  1468  1995 D NetdEventListenerService: DNS Requested by 187, 10484(com.alphatecks.qglide), 7(NODATA), isBlocked=false, 14ms
11-17 17:04:57.847  1468  1995 D NetdEventListenerService: DNS Requested by 187, 10484(com.alphatecks.qglide), 7(NODATA), isBlocked=false, 19ms
11-17 17:04:57.853  1468  1995 D NetdEventListenerService: DNS Requested by 187, 10484(com.alphatecks.qglide), 7(NODATA), isBlocked=false, 16ms
11-17 17:04:57.952  3567 25687 I PhenotypeResourceReader: unable to find any Phenotype resource metadata for com.alphatecks.qglide
11-17 17:04:57.979  3567 25687 I PhenotypeResourceReader: unable to find any Phenotype resource metadata for com.alphatecks.qglide
11-17 17:04:57.988  3567 25687 I PhenotypeResourceReader: unable to find any Phenotype resource metadata for com.alphatecks.qglide
11-17 17:04:58.181  1468  2162 D ConnectivityService: requestNetwork for uid/pid:10484/32232 activeRequest: null callbackRequest: 50239 [NetworkRequest [ REQUEST id=50240, [ Capabilities: INTERNET&NOT_RESTRICTED&TRUSTED&NOT_VCN_MANAGED&NOT_BANDWIDTH_CONSTRAINED Uid: 10484 RequestorUid: 10484 RequestorPkg: com.alphatecks.qglide UnderlyingNetworks: Null] ]] callback flags: 0 order: 2147483647 isUidTracked: false declaredMethods: AVAIL|LOST
11-17 17:04:58.181  1468  1858 D ConnectivityService:    accepting network in place of null for NetworkRequest [ REQUEST id=50240, [ Capabilities: INTERNET&NOT_RESTRICTED&TRUSTED&NOT_VCN_MANAGED&NOT_BANDWIDTH_CONSTRAINED Uid: 10484 RequestorUid: 10484 RequestorPkg: com.alphatecks.qglide UnderlyingNetworks: Null] ]
11-17 17:04:58.183  1468  1845 D WifiNetworkFactory: got request NetworkRequest [ REQUEST id=50240, [ Capabilities: INTERNET&NOT_RESTRICTED&TRUSTED&NOT_VCN_MANAGED&NOT_BANDWIDTH_CONSTRAINED Uid: 10484 RequestorUid: 10484 RequestorPkg: com.alphatecks.qglide UnderlyingNetworks: Null] ]
11-17 17:04:58.183  1468  1845 D UntrustedWifiNetworkFactory: got request NetworkRequest [ REQUEST id=50240, [ Capabilities: INTERNET&NOT_RESTRICTED&TRUSTED&NOT_VCN_MANAGED&NOT_BANDWIDTH_CONSTRAINED Uid: 10484 RequestorUid: 10484 RequestorPkg: com.alphatecks.qglide UnderlyingNetworks: Null] ]
11-17 17:04:58.183  1468  1845 D OemPaidWifiNetworkFactory: got request NetworkRequest [ REQUEST id=50240, [ Capabilities: INTERNET&NOT_RESTRICTED&TRUSTED&NOT_VCN_MANAGED&NOT_BANDWIDTH_CONSTRAINED Uid: 10484 RequestorUid: 10484 RequestorPkg: com.alphatecks.qglide UnderlyingNetworks: Null] ]
11-17 17:04:58.183  1468  1845 D MultiInternetWifiNetworkFactory: got request NetworkRequest [ REQUEST id=50240, [ Capabilities: INTERNET&NOT_RESTRICTED&TRUSTED&NOT_VCN_MANAGED&NOT_BANDWIDTH_CONSTRAINED Uid: 10484 RequestorUid: 10484 RequestorPkg: com.alphatecks.qglide UnderlyingNetworks: Null] ]
11-17 17:04:58.263  1468  1995 D NetdEventListenerService: DNS Requested by 187, 10484(com.alphatecks.qglide), SUCCESS, 56ms
11-17 17:04:58.283  1468  1995 D NetdEventListenerService: DNS Requested by 187, 10484(com.alphatecks.qglide), SUCCESS, 9ms
11-17 17:04:58.283  1468  1995 D NetdEventListenerService: DNS Requested by 187, 10484(com.alphatecks.qglide), SUCCESS, 19ms
11-17 17:04:58.283  1468  1995 D NetdEventListenerService: DNS Requested by 187, 10484(com.alphatecks.qglide), SUCCESS, 23ms
11-17 17:04:58.283  1468  1995 D NetdEventListenerService: DNS Requested by 187, 10484(com.alphatecks.qglide), SUCCESS, 24ms
11-17 17:04:58.285  1468  1995 D NetdEventListenerService: DNS Requested by 187, 10484(com.alphatecks.qglide), SUCCESS, 25ms
11-17 17:04:58.285  1468  1995 D NetdEventListenerService: DNS Requested by 187, 10484(com.alphatecks.qglide), SUCCESS, 26ms
11-17 17:04:58.285  1468  1995 D NetdEventListenerService: DNS Requested by 187, 10484(com.alphatecks.qglide), SUCCESS, 29ms
11-17 17:04:58.286  1468  1995 D NetdEventListenerService: DNS Requested by 187, 10484(com.alphatecks.qglide), SUCCESS, 26ms
11-17 17:04:58.287  1468  1995 D NetdEventListenerService: DNS Requested by 187, 10484(com.alphatecks.qglide), SUCCESS, 27ms
11-17 17:04:58.288  1468  1995 D NetdEventListenerService: DNS Requested by 187, 10484(com.alphatecks.qglide), SUCCESS, 33ms
11-17 17:04:58.486  1468  1521 I GnssNmeaProvider: addListener: adding NMEA listener(80a1dd4) from com.alphatecks.qglide
11-17 17:04:58.514  3149  3189 I SettingManager_FLP: Location icon is enabled by com.alphatecks.qglide(10484)
11-17 17:04:58.531  1468  2139 D LocationManagerService: gps provider added registration from 10231/com.google.android.gms[fused_location_provider]/75532E17 -> Request[@+5s0ms HIGH_ACCURACY, hiddenFromAppOps, WorkSource{10484 com.alphatecks.qglide}]
11-17 17:04:58.537  1468  2139 D LocationManagerService: gps provider request changed to ProviderRequest[@+5s0ms, HIGH_ACCURACY, WorkSource{10484 com.alphatecks.qglide}]
11-17 17:04:58.540  1468  1870 D GnssLocationProvider: setRequest ProviderRequest[@+5s0ms, HIGH_ACCURACY, WorkSource{10484 com.alphatecks.qglide}]
11-17 17:04:58.617  3567 32600 W LogErrorOperation: onLogError callback failed.
11-17 17:04:59.991 32232 32491 W phatecks.qglide: ClassLoaderContext classpath element checksum mismatch. expected=2695232716, found=2187033459 (DLC[];PCL[base.apk*2695232716]{PCL[/system/framework/org.apache.http.legacy.jar*3637333363]#PCL[/system/framework/com.android.media.remotedisplay.jar*2042759013]#PCL[/system/framework/com.android.location.provider.jar*3414091812]#PCL[/system/system_ext/framework/org.carconnectivity.android.digitalkey.rangingintent.jar*560278203]#PCL[/system/system_ext/framework/org.carconnectivity.android.digitalkey.secureelement.jar*3277496667]#PCL[/system_ext/framework/androidx.window.extensions.jar*393752484]#PCL[/system_ext/framework/androidx.window.sidecar.jar*3240773605]} | DLC[];PCL[/data/app/~~S_RKAjXjeLvY6kCSO3epOw==/com.alphatecks.qglide-kd88YUI_MMoYGeW9W09CEg==/base.apk*2187033459]{PCL[/system/framework/org.apache.http.legacy.jar*3637333363]#PCL[/system_ext/framework/androidx.window.extensions.jar*393752484]#PCL[/system_ext/framework/androidx.window.sidecar.jar*3240773605]})
11-17 17:05:00.075  1468  2321 D SLocation: CommonCoreManager - handleCommandCallback - FUNC_TYPE : SET_LOCATION  ERROR_CODE : ERROR_NONE
11-17 17:05:00.138  1468  1995 D NetdEventListenerService: DNS Requested by 187, 10484(com.alphatecks.qglide), SUCCESS, 33ms
11-17 17:05:00.144  1468  1995 D NetdEventListenerService: DNS Requested by 187, 10484(com.alphatecks.qglide), SUCCESS, 41ms
11-17 17:05:00.152  3567 32600 W SemanticLocation: com.google.android.gms.auth.UserRecoverableAuthException: BadAuthentication
11-17 17:05:00.254  3567 32600 W LogErrorOperation: onLogError callback failed.
11-17 17:05:01.167   671   671 D io_stats: !@ Read_top(KB): phatecks.qglide(32232) 61264 stagram.android(6117) 23020 .gms.persistent(3567) 9744
11-17 17:05:01.167   671   671 D io_stats: !@ Write_top(KB): kworker/u16:0(5462) 588 .gms.persistent(3567) 508 phatecks.qglide(32232) 416
11-17 17:05:01.666  1468  1995 D NetdEventListenerService: DNS Requested by 187, 10484(com.alphatecks.qglide), SUCCESS, 3ms
11-17 17:05:01.674  1468  1995 D NetdEventListenerService: DNS Requested by 187, 10484(com.alphatecks.qglide), SUCCESS, 2ms
11-17 17:05:02.291  1468  1995 D NetdEventListenerService: DNS Requested by 187, 10484(com.alphatecks.qglide), SUCCESS, 5ms
11-17 17:05:02.324  1468  1995 D NetdEventListenerService: DNS Requested by 187, 10484(com.alphatecks.qglide), 7(NODATA), isBlocked=false, 21ms
11-17 17:05:02.346  1468  1995 D NetdEventListenerService: DNS Requested by 187, 10484(com.alphatecks.qglide), 7(NODATA), isBlocked=false, 15ms
11-17 17:05:02.398 32232 32237 I phatecks.qglide: Background concurrent copying GC freed 15MB AllocSpace bytes, 99(9332KB) LOS objects, 66% free, 12MB/37MB, paused 105us,170us total 113.685ms
11-17 17:05:02.407 32232 32239 W phatecks.qglide: ApkAssets: Deleting an ApkAssets object '<empty> and /system/app/DictDiotekForSec/DictDiotekForSec.apk' with 1 weak references
11-17 17:05:02.407 32232 32239 W phatecks.qglide: ApkAssets: Deleting an ApkAssets object '<empty> and /data/app/~~Q9E7f-TpI_9YfElpLoA8YA==/com.samsung.android.samsungpass-ENi_owC4DLG_9xHGGuGrvQ==/base.apk' with 1 weak references
11-17 17:05:02.408 32232 32239 W phatecks.qglide: ApkAssets: Deleting an ApkAssets object '<empty> and /data/app/~~bKdKDYiiAmtjo0_qvJmgkw==/com.adobe.reader-nueRkc6lO6V4yfv4UJvTcQ==/base.apk' with 1 weak references
11-17 17:05:02.408 32232 32239 W phatecks.qglide: ApkAssets: Deleting an ApkAssets object '<empty> and /data/app/~~bKdKDYiiAmtjo0_qvJmgkw==/com.adobe.reader-nueRkc6lO6V4yfv4UJvTcQ==/split_ExoPlayerDF.apk' with 1 weak references
11-17 17:05:02.409 32232 32239 W phatecks.qglide: ApkAssets: Deleting an ApkAssets object '<empty> and /data/app/~~bKdKDYiiAmtjo0_qvJmgkw==/com.adobe.reader-nueRkc6lO6V4yfv4UJvTcQ==/split_ExoPlayerDF.config.en.apk' with 1 weak references
11-17 17:05:02.409 32232 32239 W phatecks.qglide: ApkAssets: Deleting an ApkAssets object '<empty> and /data/app/~~bKdKDYiiAmtjo0_qvJmgkw==/com.adobe.reader-nueRkc6lO6V4yfv4UJvTcQ==/split_FASOpenCVDF.apk' with 1 weak references
11-17 17:05:02.409 32232 32239 W phatecks.qglide: ApkAssets: Deleting an ApkAssets object '<empty> and /data/app/~~bKdKDYiiAmtjo0_qvJmgkw==/com.adobe.reader-nueRkc6lO6V4yfv4UJvTcQ==/split_FASOpenCVDF.config.arm64_v8a.apk' with 1 weak references
11-17 17:05:02.409 32232 32239 W phatecks.qglide: ApkAssets: Deleting an ApkAssets object '<empty> and /data/app/~~bKdKDYiiAmtjo0_qvJmgkw==/com.adobe.reader-nueRkc6lO6V4yfv4UJvTcQ==/split_LMCODModelDF.apk' with 1 weak references
11-17 17:05:02.409 32232 32239 W phatecks.qglide: ApkAssets: Deleting an ApkAssets object '<empty> and /data/app/~~bKdKDYiiAmtjo0_qvJmgkw==/com.adobe.reader-nueRkc6lO6V4yfv4UJvTcQ==/split_LMCODModelDF.config.arm64_v8a.apk' with 1 weak references
11-17 17:05:02.409 32232 32239 W phatecks.qglide: ApkAssets: Deleting an ApkAssets object '<empty> and /data/app/~~bKdKDYiiAmtjo0_qvJmgkw==/com.adobe.reader-nueRkc6lO6V4yfv4UJvTcQ==/split_OCRCoreDF.apk' with 1 weak references
11-17 17:05:02.409 32232 32239 W phatecks.qglide: ApkAssets: Deleting an ApkAssets object '<empty> and /data/app/~~bKdKDYiiAmtjo0_qvJmgkw==/com.adobe.reader-nueRkc6lO6V4yfv4UJvTcQ==/split_OCRCoreDF.config.arm64_v8a.apk' with 1 weak references
11-17 17:05:02.409 32232 32239 W phatecks.qglide: ApkAssets: Deleting an ApkAssets object '<empty> and /data/app/~~bKdKDYiiAmtjo0_qvJmgkw==/com.adobe.reader-nueRkc6lO6V4yfv4UJvTcQ==/split_PDFEditFontsDF.apk' with 1 weak references
11-17 17:05:02.410 32232 32239 W phatecks.qglide: ApkAssets: Deleting an ApkAssets object '<empty> and /data/app/~~bKdKDYiiAmtjo0_qvJmgkw==/com.adobe.reader-nueRkc6lO6V4yfv4UJvTcQ==/split_ScanSDKDF.apk' with 1 weak references
11-17 17:05:02.410 32232 32239 W phatecks.qglide: ApkAssets: Deleting an ApkAssets object '<empty> and /data/app/~~bKdKDYiiAmtjo0_qvJmgkw==/com.adobe.reader-nueRkc6lO6V4yfv4UJvTcQ==/split_ScanSDKDF.config.arm64_v8a.apk' with 1 weak references
11-17 17:05:02.410 32232 32239 W phatecks.qglide: ApkAssets: Deleting an ApkAssets object '<empty> and /data/app/~~bKdKDYiiAmtjo0_qvJmgkw==/com.adobe.reader-nueRkc6lO6V4yfv4UJvTcQ==/split_ScanSDKDF.config.en.apk' with 1 weak references
11-17 17:05:02.410 32232 32239 W phatecks.qglide: ApkAssets: Deleting an ApkAssets object '<empty> and /data/app/~~bKdKDYiiAmtjo0_qvJmgkw==/com.adobe.reader-nueRkc6lO6V4yfv4UJvTcQ==/split_VADYamnetDF.apk' with 1 weak references
11-17 17:05:02.411 32232 32239 W phatecks.qglide: ApkAssets: Deleting an ApkAssets object '<empty> and /data/app/~~bKdKDYiiAmtjo0_qvJmgkw==/com.adobe.reader-nueRkc6lO6V4yfv4UJvTcQ==/split_VADYamnetDF.config.arm64_v8a.apk' with 1 weak references
11-17 17:05:02.411 32232 32239 W phatecks.qglide: ApkAssets: Deleting an ApkAssets object '<empty> and /data/app/~~bKdKDYiiAmtjo0_qvJmgkw==/com.adobe.reader-nueRkc6lO6V4yfv4UJvTcQ==/split_config.arm64_v8a.apk' with 1 weak references
11-17 17:05:02.411 32232 32239 W phatecks.qglide: ApkAssets: Deleting an ApkAssets object '<empty> and /data/app/~~bKdKDYiiAmtjo0_qvJmgkw==/com.adobe.reader-nueRkc6lO6V4yfv4UJvTcQ==/split_config.en.apk' with 1 weak references
11-17 17:05:02.411 32232 32239 W phatecks.qglide: ApkAssets: Deleting an ApkAssets object '<empty> and /data/app/~~bKdKDYiiAmtjo0_qvJmgkw==/com.adobe.reader-nueRkc6lO6V4yfv4UJvTcQ==/split_config.xxhdpi.apk' with 1 weak references
11-17 17:05:02.411 32232 32239 W phatecks.qglide: ApkAssets: Deleting an ApkAssets object '<empty> and /data/app/~~ytwT79231gKBbjDEuU4-qA==/com.facebook.stella-XrtUglgNcrnQtcloPdzcTQ==/base.apk' with 1 weak references
11-17 17:05:02.412 32232 32239 W phatecks.qglide: ApkAssets: Deleting an ApkAssets object '<empty> and /data/app/~~THWGjLCiTe3QoOH0YE6lxw==/com.openai.chatgpt-pMCv_l7RZo2RgZ05V_SM_w==/base.apk' with 1 weak references
11-17 17:05:02.412 32232 32239 W phatecks.qglide: ApkAssets: Deleting an ApkAssets object '<empty> and /data/app/~~THWGjLCiTe3QoOH0YE6lxw==/com.openai.chatgpt-pMCv_l7RZo2RgZ05V_SM_w==/split_config.arm64_v8a.apk' with 1 weak references
11-17 17:05:02.412 32232 32239 W phatecks.qglide: ApkAssets: Deleting an ApkAssets object '<empty> and /data/app/~~THWGjLCiTe3QoOH0YE6lxw==/com.openai.chatgpt-pMCv_l7RZo2RgZ05V_SM_w==/split_config.en.apk' with 1 weak references
11-17 17:05:02.412 32232 32239 W phatecks.qglide: ApkAssets: Deleting an ApkAssets object '<empty> and /data/app/~~THWGjLCiTe3QoOH0YE6lxw==/com.openai.chatgpt-pMCv_l7RZo2RgZ05V_SM_w==/split_config.xxhdpi.apk' with 1 weak references
11-17 17:05:02.412 32232 32239 W phatecks.qglide: ApkAssets: Deleting an ApkAssets object '<empty> and /data/app/~~KVGRRXRtpvlMHPK1tZ9NTg==/com.truecaller-xu_q53WIPRr-JNQlJqPJ7A==/base.apk' with 1 weak references
11-17 17:05:02.413 32232 32239 W phatecks.qglide: ApkAssets: Deleting an ApkAssets object '<empty> and /data/app/~~KVGRRXRtpvlMHPK1tZ9NTg==/com.truecaller-xu_q53WIPRr-JNQlJqPJ7A==/split_config.arm64_v8a.apk' with 1 weak references
11-17 17:05:02.413 32232 32239 W phatecks.qglide: ApkAssets: Deleting an ApkAssets object '<empty> and /data/app/~~KVGRRXRtpvlMHPK1tZ9NTg==/com.truecaller-xu_q53WIPRr-JNQlJqPJ7A==/split_config.xxhdpi.apk' with 1 weak references
11-17 17:05:02.413 32232 32239 W phatecks.qglide: ApkAssets: Deleting an ApkAssets object '<empty> and /data/app/~~KVGRRXRtpvlMHPK1tZ9NTg==/com.truecaller-xu_q53WIPRr-JNQlJqPJ7A==/split_insights_category_model.apk' with 1 weak references
11-17 17:05:02.413 32232 32239 W phatecks.qglide: ApkAssets: Deleting an ApkAssets object '<empty> and /data/app/~~KVGRRXRtpvlMHPK1tZ9NTg==/com.truecaller-xu_q53WIPRr-JNQlJqPJ7A==/split_insights_category_model.config.arm64_v8a.apk' with 1 weak references
11-17 17:05:03.008  1109  1149 D RenderEngine: [SEC_SF_EFFECTS] drawLayersInternal,1313, Rendering layer SurfaceView[com.alphatecks.qglide/com.alphatecks.qglide.MainActivity]@0(BLAST)#83589 at index 1
11-17 17:05:03.008  1109  1149 D RenderEngine: [SEC_SF_EFFECTS] drawLayersInternal,1313, Rendering layer com.alphatecks.qglide/com.alphatecks.qglide.MainActivity$_32232#83582 at index 2
11-17 17:05:03.409  1109  1109 I LayerHistory: com.alphatecks.qglide/com.alphatecks.qglide.MainActivity$_32232#83582 Max (can't resolve refresh rate)
11-17 17:05:03.410  1109  1109 I LayerHistory: SurfaceView[com.alphatecks.qglide/com.alphatecks.qglide.MainActivity]@0(BLAST)#83589 Max (can't resolve refresh rate)
11-17 17:05:05.178   671   671 D io_stats: !@ Read_top(KB): stagram.android(6117) 1884 phatecks.qglide(32232) 400 hbox:interactor(15547) 384
11-17 17:05:05.178   671   671 D io_stats: !@ Write_top(KB): kworker/u16:0(5462) 532 phatecks.qglide(32232) 24 stagram.android(6117) 12
11-17 17:05:06.354  1468  2321 D SLocation: CommonCoreManager - handleCommandCallback - FUNC_TYPE : SET_LOCATION  ERROR_CODE : ERROR_NONE
11-17 17:05:06.387  1109  1109 I LayerHistory: com.alphatecks.qglide/com.alphatecks.qglide.MainActivity$_32232#83582 Max (can't resolve refresh rate)
11-17 17:05:07.036  1109  1109 I LayerHistory: SurfaceView[com.alphatecks.qglide/com.alphatecks.qglide.MainActivity]@0(BLAST)#83589 Max (can't resolve refresh rate)
11-17 17:05:07.036  1109  1109 I LayerHistory: com.alphatecks.qglide/com.alphatecks.qglide.MainActivity$_32232#83582 Max (can't resolve refresh rate)
11-17 17:05:07.291  1468  1995 D NetdEventListenerService: DNS Requested by 187, 10484(com.alphatecks.qglide), SUCCESS, 2ms
11-17 17:05:07.309  1468  1995 D NetdEventListenerService: DNS Requested by 187, 10484(com.alphatecks.qglide), 7(NODATA), isBlocked=false, 9ms
11-17 17:05:07.319  1468  1995 D NetdEventListenerService: DNS Requested by 187, 10484(com.alphatecks.qglide), 7(NODATA), isBlocked=false, 10ms
11-17 17:05:09.447  1109  1109 I SurfaceFlinger: [com.alphatecks.qglide/com.alphatecks.qglide.MainActivity$_32232#83582] setFrameRateCategory: HighHint
11-17 17:05:10.701  1109  1109 I LayerHistory: SurfaceView[com.alphatecks.qglide/com.alphatecks.qglide.MainActivity]@0(BLAST)#83589 Max (can't resolve refresh rate)
11-17 17:05:10.702  1109  1109 I LayerHistory: com.alphatecks.qglide/com.alphatecks.qglide.MainActivity$_32232#83582 Max (can't resolve refresh rate)
11-17 17:05:10.898  1109  1109 I LayerHistory: SurfaceView[com.alphatecks.qglide/com.alphatecks.qglide.MainActivity]@0(BLAST)#83589 Max (can't resolve refresh rate)
11-17 17:05:10.898  1109  1109 I LayerHistory: com.alphatecks.qglide/com.alphatecks.qglide.MainActivity$_32232#83582 Max (can't resolve refresh rate)
11-17 17:05:10.965 32232 32232 I ImeTracker: com.alphatecks.qglide:b3df5826: onRequestShow at ORIGIN_CLIENT reason SHOW_SOFT_INPUT fromUser false
11-17 17:05:10.966 32232 32232 I InputMethodManager_LC: ssi(): flags=0 view=com.alphatecks.qglide reason=SHOW_SOFT_INPUT
11-17 17:05:10.987  4311  4311 I HBD     : c [AiWriter] setContact : com.alphatecks.qglide
11-17 17:05:11.001  4311  4311 I HBD     : HoneyBoardService onStartInputView : restarting=false, client=com.alphatecks.qglide, pid=32232 
11-17 17:05:11.072  4311 32754 I HBD     : a [AiWriter] setContact : com.alphatecks.qglide
11-17 17:05:11.195 32232 32232 I InsetsController: onStateChanged: host=com.alphatecks.qglide/com.alphatecks.qglide.MainActivity, from=android.view.ViewRootImpl.handleResized:2789, state=InsetsState: {mDisplayFrame=Rect(0, 0 - 1080, 2400), mDisplayCutout=DisplayCutout{insets=Rect(0, 80 - 0, 0) waterfall=Insets{left=0, top=0, right=0, bottom=0} boundingRect={Bounds=[Rect(0, 0 - 0, 0), Rect(510, 0 - 570, 80), Rect(0, 0 - 0, 0), Rect(0, 0 - 0, 0)]} cutoutPathParserInfo={CutoutPathParserInfo{displayWidth=1080 displayHeight=2400 physicalDisplayWidth=1080 physicalDisplayHeight=2400 density={3.0} cutoutSpec={M 0,0 H -10 V 26.66666666666667 H 10 V 0 H 0 Z @dp} rotation={0} scale={1.0} physicalPixelDisplaySizeRatio={1.0}}} sideOverrides={}}, mRoundedCorners=RoundedCorners{[RoundedCorner{position=TopLeft, radius=101, center=Point(101, 101)}, RoundedCorner{position=TopRight, radius=101, center=Point(979, 101)}, RoundedCorner{position=BottomRight, radius=101, center=Point(979, 2299)}, RoundedCorner{position=BottomLeft, radius=101, center=Point(101, 2299)}]}  mRoundedCornerFrame=Rect(0, 0 - 1080, 2400), mPrivacyIndicatorBounds=PrivacyIndicatorBounds {static bounds=Rect(956, 0 - 1080, 80) rotation=0}, mDisplayShape=DisplayShape{ spec=-311912193 displayWidth=1080 displayHeight=2400 physicalPixelDisplaySizeRatio=1.0 rotation=0 offsetX=0 offsetY=0 scale=1.0}, mSources= { InsetsSource: {d8f40000 mType=statusBars mFrame=[0,0][1080,80] mVisible=true mFlags= mSideHint=TOP mBoundingRects=null}, InsetsSource: {d8f40005 mType=mandatorySystemGestures mFrame=[0,0][1080,114] mVisible=true mFlags= mSideHint=TOP mBoundingRects=null}, InsetsSource: {d8f40006 mType=tappableElement mFrame=[0,0][1080,80] mVisible=true mFlags= mSideHint=TOP mBoundingRects=null}, InsetsSource: {3 mType=ime mFrame=[0,1392][1080,2400] mVisible=false mFlags= mSideHint=BOTTOM mBoundingRects=null}, InsetsSource: {27 mType=displayCutout mFrame=[0,0][1080,80] mVisible=true mFlags= mSideHint=TOP mBoundingRects=null}, InsetsSource: {56410001 mType=navigationBars mFrame=[0,2358][1080,2400] mVisible=true mFlags=SUPPRESS_SCRIM mSideHint=BOTTOM mBoundingRects=null}, InsetsSource: {56410004 mType=systemGestures mFrame=[0,0][140,2400] mVisible=true mFlags= mSideHint=LEFT mBoundingRects=null}, InsetsSource: {56410005 mType=mandatorySystemGestures mFrame=[0,2310][1080,2400] mVisible=true mFlags= mSideHint=BOTTOM mBoundingRects=null}, InsetsSource: {56410006 mType=tappableElement mFrame=[0,0][0,0] mVisible=true mFlags= mSideHint=NONE mBoundingRects=null}, InsetsSource: {56410024 mType=systemGestures mFrame=[940,0][1080,2400] mVisible=true mFlags= mSideHint=RIGHT mBoundingRects=null} }
11-17 17:05:11.231 32232 32232 I InsetsController: setRequestedVisibleTypes: visible=true, mask=ime, host=com.alphatecks.qglide/com.alphatecks.qglide.MainActivity, from=android.view.InsetsController.controlAnimationUnchecked:1498 android.view.InsetsController.applyAnimation:2228 android.view.InsetsController.applyAnimation:2159 android.view.InsetsController.show:1340 android.view.ViewRootImpl$ViewRootHandler.handleMessageImpl:8056 android.view.ViewRootImpl$ViewRootHandler.handleMessage:7991 android.os.Handler.dispatchMessage:107 android.os.Looper.loopOnce:257 android.os.Looper.loop:342 android.app.ActivityThread.main:9634 
11-17 17:05:11.231 32232 32232 I InsetsController: controlAnimationUncheckedInner: Added types=ime, animType=0, host=com.alphatecks.qglide/com.alphatecks.qglide.MainActivity, from=android.view.InsetsController.controlAnimationUnchecked:1502 android.view.InsetsController.applyAnimation:2228 android.view.InsetsController.applyAnimation:2159 
11-17 17:05:11.234  1468  3914 D InsetsSourceProvider: updateVisibility: serverVisible=true, clientVisible=true, source=InsetsSource: {3 mType=ime mFrame=[0,1392][1080,2400] mVisible=true mFlags= mSideHint=BOTTOM mBoundingRects=null}, controlTarget=Window{e72f55c u0 com.alphatecks.qglide/com.alphatecks.qglide.MainActivity}, from=com.android.server.wm.ImeInsetsSourceProvider.updateVisibility:7 com.android.server.wm.InsetsSourceProvider.setClientVisible:8 com.android.server.wm.ImeInsetsSourceProvider.setClientVisible:3 com.android.server.wm.InsetsSourceProvider.updateClientVisibility:20 com.android.server.wm.ImeInsetsSourceProvider.updateClientVisibility:53 com.android.server.wm.InsetsStateController.onRequestedVisibleTypesChanged:20 com.android.server.wm.InsetsPolicy.onRequestedVisibleTypesChanged:3 com.android.server.wm.Session.updateRequestedVisibleTypes:30 android.view.IWindowSession$Stub.onTransact:1244 com.android.server.wm.Session.onTransact:1 
11-17 17:05:11.237 32232 32232 W InteractionJankMonitor: Initializing without READ_DEVICE_CONFIG permission. enabled=false, interval=1, missedFrameThreshold=3, frameTimeThreshold=64, package=com.alphatecks.qglide
11-17 17:05:11.237  1468  3914 D WindowManager: updateSystemBarAttributes: displayId=0, focusedCanBeNavColorWin=false, win=Window{e72f55c u0 com.alphatecks.qglide/com.alphatecks.qglide.MainActivity}, navColorWin=Window{a9cd707 u0 InputMethod}, caller=com.android.server.wm.InsetsStateController.onRequestedVisibleTypesChanged:46 com.android.server.wm.InsetsPolicy.onRequestedVisibleTypesChanged:3 com.android.server.wm.Session.updateRequestedVisibleTypes:30 
11-17 17:05:11.245 32232 32232 I InsetsController: onStateChanged: host=com.alphatecks.qglide/com.alphatecks.qglide.MainActivity, from=android.view.ViewRootImpl.handleResized:2789, state=InsetsState: {mDisplayFrame=Rect(0, 0 - 1080, 2400), mDisplayCutout=DisplayCutout{insets=Rect(0, 80 - 0, 0) waterfall=Insets{left=0, top=0, right=0, bottom=0} boundingRect={Bounds=[Rect(0, 0 - 0, 0), Rect(510, 0 - 570, 80), Rect(0, 0 - 0, 0), Rect(0, 0 - 0, 0)]} cutoutPathParserInfo={CutoutPathParserInfo{displayWidth=1080 displayHeight=2400 physicalDisplayWidth=1080 physicalDisplayHeight=2400 density={3.0} cutoutSpec={M 0,0 H -10 V 26.66666666666667 H 10 V 0 H 0 Z @dp} rotation={0} scale={1.0} physicalPixelDisplaySizeRatio={1.0}}} sideOverrides={}}, mRoundedCorners=RoundedCorners{[RoundedCorner{position=TopLeft, radius=101, center=Point(101, 101)}, RoundedCorner{position=TopRight, radius=101, center=Point(979, 101)}, RoundedCorner{position=BottomRight, radius=101, center=Point(979, 2299)}, RoundedCorner{position=BottomLeft, radius=101, center=Point(101, 2299)}]}  mRoundedCornerFrame=Rect(0, 0 - 1080, 2400), mPrivacyIndicatorBounds=PrivacyIndicatorBounds {static bounds=Rect(956, 0 - 1080, 80) rotation=0}, mDisplayShape=DisplayShape{ spec=-311912193 displayWidth=1080 displayHeight=2400 physicalPixelDisplaySizeRatio=1.0 rotation=0 offsetX=0 offsetY=0 scale=1.0}, mSources= { InsetsSource: {d8f40000 mType=statusBars mFrame=[0,0][1080,80] mVisible=true mFlags= mSideHint=TOP mBoundingRects=null}, InsetsSource: {d8f40005 mType=mandatorySystemGestures mFrame=[0,0][1080,114] mVisible=true mFlags= mSideHint=TOP mBoundingRects=null}, InsetsSource: {d8f40006 mType=tappableElement mFrame=[0,0][1080,80] mVisible=true mFlags= mSideHint=TOP mBoundingRects=null}, InsetsSource: {3 mType=ime mFrame=[0,1392][1080,2400] mVisible=true mFlags= mSideHint=BOTTOM mBoundingRects=null}, InsetsSource: {27 mType=displayCutout mFrame=[0,0][1080,80] mVisible=true mFlags= mSideHint=TOP mBoundingRects=null}, InsetsSource: {56410001 mType=navigationBars mFrame=[0,2358][1080,2400] mVisible=true mFlags=SUPPRESS_SCRIM mSideHint=BOTTOM mBoundingRects=null}, InsetsSource: {56410004 mType=systemGestures mFrame=[0,0][140,2400] mVisible=true mFlags= mSideHint=LEFT mBoundingRects=null}, InsetsSource: {56410005 mType=mandatorySystemGestures mFrame=[0,2310][1080,2400] mVisible=true mFlags= mSideHint=BOTTOM mBoundingRects=null}, InsetsSource: {56410006 mType=tappableElement mFrame=[0,0][0,0] mVisible=true mFlags= mSideHint=NONE mBoundingRects=null}, InsetsSource: {56410024 mType=systemGestures mFrame=[940,0][1080,2400] mVisible=true mFlags= mSideHint=RIGHT mBoundingRects=null} }
11-17 17:05:11.272  1109  1109 D SurfaceFlinger:        DEVICE |   0xb400007011eb2710 | 0002 | RGBA_8888    |    0.0    0.0 1080.0 2400.0 |    0    0 1080 2400 | SurfaceView[com.alphatecks.qglide/co[...].qglide.MainActivity]@0(BLAST)#83589 (996)
11-17 17:05:11.272  1109  1109 D SurfaceFlinger:        DEVICE |   0xb400007011ea0d50 | 0001 | RGBA_8888    |    0.0    0.0 1080.0 2400.0 |    0    0 1080 2400 | com.alphatecks.qglide/com.alphatecks.qglide.MainActivity$_32232#83582 (136)
11-17 17:05:11.602 32232 32232 I InsetsController: cancelAnimation: types=ime, animType=0, host=com.alphatecks.qglide/com.alphatecks.qglide.MainActivity, from=android.view.InsetsController.notifyFinished:1890 android.view.InsetsAnimationControlImpl.applyChangeInsets:307 android.view.InsetsController.lambda$new$3:932 
11-17 17:05:11.602 32232 32232 I ImeTracker: com.alphatecks.qglide:b3df5826: onShown
11-17 17:05:12.292  1468  1995 D NetdEventListenerService: DNS Requested by 187, 10484(com.alphatecks.qglide), SUCCESS, 2ms
11-17 17:05:12.308  1468  1995 D NetdEventListenerService: DNS Requested by 187, 10484(com.alphatecks.qglide), 7(NODATA), isBlocked=false, 9ms
11-17 17:05:12.325  1468  1995 D NetdEventListenerService: DNS Requested by 187, 10484(com.alphatecks.qglide), 7(NODATA), isBlocked=false, 13ms
11-17 17:05:12.533  1468  3914 D AudioSystem: getParameters() ERROR : can't get situationVolume
11-17 17:05:12.552  1109  1109 I LayerHistory: SurfaceView[com.alphatecks.qglide/com.alphatecks.qglide.MainActivity]@0(BLAST)#83589 Max (can't resolve refresh rate)
11-17 17:05:12.552  1109  1109 I LayerHistory: com.alphatecks.qglide/com.alphatecks.qglide.MainActivity$_32232#83582 Max (can't resolve refresh rate)
11-17 17:05:12.552  1109  1109 I SurfaceFlinger: HRR ignores SurfaceView[com.alphatecks.qglide/com.alphatecks.qglide.MainActivity]@0(BLAST)#83589 (type=Max, weight=1.00, seamlessness=Default) 0.00 Hz's 120.00 Hz
11-17 17:05:12.552  1109  1109 I SurfaceFlinger: HRR ignores com.alphatecks.qglide/com.alphatecks.qglide.MainActivity$_32232#83582 (type=Max, weight=1.00, seamlessness=Default) 0.00 Hz's 120.00 Hz
11-17 17:05:12.610  1468  2321 D SLocation: CommonCoreManager - handleCommandCallback - FUNC_TYPE : SET_LOCATION  ERROR_CODE : ERROR_NONE
11-17 17:05:12.936  1468  2200 D AudioSystem: getParameters() ERROR : can't get situationVolume
11-17 17:05:13.245  1468  2162 D AudioSystem: getParameters() ERROR : can't get situationVolume
11-17 17:05:13.933  1468  1995 D NetdEventListenerService: DNS Requested by 187, 10484(com.alphatecks.qglide), SUCCESS, 3ms
11-17 17:05:13.942  1468  1995 D NetdEventListenerService: DNS Requested by 187, 10484(com.alphatecks.qglide), SUCCESS, 2ms
11-17 17:05:13.965  1109  1109 I SurfaceFlinger: [com.alphatecks.qglide/com.alphatecks.qglide.MainActivity$_32232#83582] setFrameRateCategory: NoPreference
11-17 17:05:15.644  1109  1109 I SurfaceFlinger: [com.alphatecks.qglide/com.alphatecks.qglide.MainActivity$_32232#83582] setFrameRateCategory: HighHint
11-17 17:05:15.645  1109  1109 I LayerHistory: com.alphatecks.qglide/com.alphatecks.qglide.MainActivity$_32232#83582 voted ExplicitCategory with category: HighHint
11-17 17:05:15.736  4311  4311 I HBD     : HoneyBoardService onStartInputView : restarting=true, client=com.alphatecks.qglide, pid=32232 
11-17 17:05:15.933  1468  1995 D NetdEventListenerService: DNS Requested by 187, 10484(com.alphatecks.qglide), SUCCESS, 2ms
11-17 17:05:15.945  1468  1995 D NetdEventListenerService: DNS Requested by 187, 10484(com.alphatecks.qglide), SUCCESS, 3ms
11-17 17:05:16.274  1468  1995 D NetdEventListenerService: DNS Requested by 187, 10484(com.alphatecks.qglide), SUCCESS, 2ms
11-17 17:05:16.661  1468  1995 D NetdEventListenerService: DNS Requested by 187, 10484(com.alphatecks.qglide), SUCCESS, 7ms
11-17 17:05:16.673  1468  1995 D NetdEventListenerService: DNS Requested by 187, 10484(com.alphatecks.qglide), SUCCESS, 6ms
