11-17 17:05:16.728 32232 32232 I InsetsController: setRequestedVisibleTypes: visible=false, mask=ime, host=com.alphatecks.qglide/com.alphatecks.qglide.MainActivity, from=android.view.InsetsController.controlAnimationUnchecked:1498 android.view.InsetsController.applyAnimation:2228 android.view.InsetsController.applyAnimation:2159 android.view.InsetsController.hide:1452 android.view.ViewRootImpl$ViewRootHandler.handleMessageImpl:8063 android.view.ViewRootImpl$ViewRootHandler.handleMessage:7991 android.os.Handler.dispatchMessage:107 android.os.Looper.loopOnce:257 android.os.Looper.loop:342 android.app.ActivityThread.main:9634 
11-17 17:05:16.729 32232 32232 I InsetsController: controlAnimationUncheckedInner: Added types=ime, animType=1, host=com.alphatecks.qglide/com.alphatecks.qglide.MainActivity, from=android.view.InsetsController.controlAnimationUnchecked:1502 android.view.InsetsController.applyAnimation:2228 android.view.InsetsController.applyAnimation:2159 
11-17 17:05:16.731  1468  1521 D InsetsSourceProvider: updateVisibility: serverVisible=true, clientVisible=false, source=InsetsSource: {3 mType=ime mFrame=[0,1392][1080,2400] mVisible=false mFlags= mSideHint=BOTTOM mBoundingRects=null}, controlTarget=Window{e72f55c u0 com.alphatecks.qglide/com.alphatecks.qglide.MainActivity}, from=com.android.server.wm.ImeInsetsSourceProvider.updateVisibility:7 com.android.server.wm.InsetsSourceProvider.setClientVisible:8 com.android.server.wm.ImeInsetsSourceProvider.setClientVisible:3 com.android.server.wm.InsetsSourceProvider.updateClientVisibility:20 com.android.server.wm.ImeInsetsSourceProvider.updateClientVisibility:53 com.android.server.wm.InsetsStateController.onRequestedVisibleTypesChanged:20 com.android.server.wm.InsetsPolicy.onRequestedVisibleTypesChanged:3 com.android.server.wm.Session.updateRequestedVisibleTypes:30 android.view.IWindowSession$Stub.onTransact:1244 com.android.server.wm.Session.onTransact:1 
11-17 17:05:16.741  1468  1521 D InsetsSourceProvider: updateControlForTarget: control=InsetsSourceControl: {56410001 mType=navigationBars initiallyVisible mSurfacePosition=Point(0, 2265) mInsetsHint=Insets{left=0, top=0, right=0, bottom=42}}, target=Window{e72f55c u0 com.alphatecks.qglide/com.alphatecks.qglide.MainActivity}, from=com.android.server.wm.InsetsStateController.onControlTargetChanged:81 com.android.server.wm.InsetsPolicy.updateBarControlTarget:188 com.android.server.wm.DisplayPolicy.updateSystemBarAttributes:281 com.android.server.wm.InsetsStateController.onRequestedVisibleTypesChanged:46 com.android.server.wm.InsetsPolicy.onRequestedVisibleTypesChanged:3 
11-17 17:05:16.741  1468  1521 D WindowManager: updateSystemBarAttributes: displayId=0, focusedCanBeNavColorWin=false, win=Window{e72f55c u0 com.alphatecks.qglide/com.alphatecks.qglide.MainActivity}, navColorWin=Window{e72f55c u0 com.alphatecks.qglide/com.alphatecks.qglide.MainActivity}, caller=com.android.server.wm.InsetsStateController.onRequestedVisibleTypesChanged:46 com.android.server.wm.InsetsPolicy.onRequestedVisibleTypesChanged:3 com.android.server.wm.Session.updateRequestedVisibleTypes:30 
11-17 17:05:16.772 32232 32232 I InsetsController: onStateChanged: host=com.alphatecks.qglide/com.alphatecks.qglide.MainActivity, from=android.view.ViewRootImpl.handleResized:2789, state=InsetsState: {mDisplayFrame=Rect(0, 0 - 1080, 2400), mDisplayCutout=DisplayCutout{insets=Rect(0, 80 - 0, 0) waterfall=Insets{left=0, top=0, right=0, bottom=0} boundingRect={Bounds=[Rect(0, 0 - 0, 0), Rect(510, 0 - 570, 80), Rect(0, 0 - 0, 0), Rect(0, 0 - 0, 0)]} cutoutPathParserInfo={CutoutPathParserInfo{displayWidth=1080 displayHeight=2400 physicalDisplayWidth=1080 physicalDisplayHeight=2400 density={3.0} cutoutSpec={M 0,0 H -10 V 26.66666666666667 H 10 V 0 H 0 Z @dp} rotation={0} scale={1.0} physicalPixelDisplaySizeRatio={1.0}}} sideOverrides={}}, mRoundedCorners=RoundedCorners{[RoundedCorner{position=TopLeft, radius=101, center=Point(101, 101)}, RoundedCorner{position=TopRight, radius=101, center=Point(979, 101)}, RoundedCorner{position=BottomRight, radius=101, center=Point(979, 2299)}, RoundedCorner{position=BottomLeft, radius=101, center=Point(101, 2299)}]}  mRoundedCornerFrame=Rect(0, 0 - 1080, 2400), mPrivacyIndicatorBounds=PrivacyIndicatorBounds {static bounds=Rect(956, 0 - 1080, 80) rotation=0}, mDisplayShape=DisplayShape{ spec=-311912193 displayWidth=1080 displayHeight=2400 physicalPixelDisplaySizeRatio=1.0 rotation=0 offsetX=0 offsetY=0 scale=1.0}, mSources= { InsetsSource: {d8f40000 mType=statusBars mFrame=[0,0][1080,80] mVisible=true mFlags= mSideHint=TOP mBoundingRects=null}, InsetsSource: {d8f40005 mType=mandatorySystemGestures mFrame=[0,0][1080,114] mVisible=true mFlags= mSideHint=TOP mBoundingRects=null}, InsetsSource: {d8f40006 mType=tappableElement mFrame=[0,0][1080,80] mVisible=true mFlags= mSideHint=TOP mBoundingRects=null}, InsetsSource: {3 mType=ime mFrame=[0,1392][1080,2400] mVisible=false mFlags= mSideHint=BOTTOM mBoundingRects=null}, InsetsSource: {27 mType=displayCutout mFrame=[0,0][1080,80] mVisible=true mFlags= mSideHint=TOP mBoundingRects=null}, InsetsSource: {56410001 mType=navigationBars mFrame=[0,2358][1080,2400] mVisible=true mFlags=SUPPRESS_SCRIM mSideHint=BOTTOM mBoundingRects=null}, InsetsSource: {56410004 mType=systemGestures mFrame=[0,0][140,2400] mVisible=true mFlags= mSideHint=LEFT mBoundingRects=null}, InsetsSource: {56410005 mType=mandatorySystemGestures mFrame=[0,2310][1080,2400] mVisible=true mFlags= mSideHint=BOTTOM mBoundingRects=null}, InsetsSource: {56410006 mType=tappableElement mFrame=[0,0][0,0] mVisible=true mFlags= mSideHint=NONE mBoundingRects=null}, InsetsSource: {56410024 mType=systemGestures mFrame=[940,0][1080,2400] mVisible=true mFlags= mSideHint=RIGHT mBoundingRects=null} }
11-17 17:05:16.842 32232 32232 I InsetsSourceConsumer: applyRequestedVisibilityToControl: visible=true, type=navigationBars, host=com.alphatecks.qglide/com.alphatecks.qglide.MainActivity
11-17 17:05:17.057 32232 32232 I InsetsController: cancelAnimation: types=ime, animType=1, host=com.alphatecks.qglide/com.alphatecks.qglide.MainActivity, from=android.view.InsetsController.notifyFinished:1890 android.view.InsetsAnimationControlImpl.applyChangeInsets:307 android.view.InsetsController.lambda$new$3:932 
11-17 17:05:17.059 32232 32232 I ImeTracker: com.alphatecks.qglide:f406b509: onRequestHide at ORIGIN_CLIENT reason HIDE_SOFT_INPUT_ON_ANIMATION_STATE_CHANGED fromUser false
11-17 17:05:17.061  1468  1810 I ImeTracker: com.alphatecks.qglide:f406b509: onCancelled at PHASE_SERVER_SHOULD_HIDE
11-17 17:05:17.092  1109  1109 D SurfaceFlinger:        DEVICE |   0xb400007011edd190 | 0002 | RGBA_8888    |    0.0    0.0 1080.0 2400.0 |    0    0 1080 2400 | SurfaceView[com.alphatecks.qglide/co[...].qglide.MainActivity]@0(BLAST)#83589 (1089)
11-17 17:05:17.092  1109  1109 D SurfaceFlinger:        DEVICE |   0xb400007011e29810 | 0001 | RGBA_8888    |    0.0    0.0 1080.0 2400.0 |    0    0 1080 2400 | com.alphatecks.qglide/com.alphatecks.qglide.MainActivity$_32232#83582 (189)
11-17 17:05:17.149 32232 32232 I InsetsController: onStateChanged: host=com.alphatecks.qglide/com.alphatecks.qglide.MainActivity, from=android.view.ViewRootImpl.handleResized:2789, state=InsetsState: {mDisplayFrame=Rect(0, 0 - 1080, 2400), mDisplayCutout=DisplayCutout{insets=Rect(0, 80 - 0, 0) waterfall=Insets{left=0, top=0, right=0, bottom=0} boundingRect={Bounds=[Rect(0, 0 - 0, 0), Rect(510, 0 - 570, 80), Rect(0, 0 - 0, 0), Rect(0, 0 - 0, 0)]} cutoutPathParserInfo={CutoutPathParserInfo{displayWidth=1080 displayHeight=2400 physicalDisplayWidth=1080 physicalDisplayHeight=2400 density={3.0} cutoutSpec={M 0,0 H -10 V 26.66666666666667 H 10 V 0 H 0 Z @dp} rotation={0} scale={1.0} physicalPixelDisplaySizeRatio={1.0}}} sideOverrides={}}, mRoundedCorners=RoundedCorners{[RoundedCorner{position=TopLeft, radius=101, center=Point(101, 101)}, RoundedCorner{position=TopRight, radius=101, center=Point(979, 101)}, RoundedCorner{position=BottomRight, radius=101, center=Point(979, 2299)}, RoundedCorner{position=BottomLeft, radius=101, center=Point(101, 2299)}]}  mRoundedCornerFrame=Rect(0, 0 - 1080, 2400), mPrivacyIndicatorBounds=PrivacyIndicatorBounds {static bounds=Rect(956, 0 - 1080, 80) rotation=0}, mDisplayShape=DisplayShape{ spec=-311912193 displayWidth=1080 displayHeight=2400 physicalPixelDisplaySizeRatio=1.0 rotation=0 offsetX=0 offsetY=0 scale=1.0}, mSources= { InsetsSource: {d8f40000 mType=statusBars mFrame=[0,0][1080,80] mVisible=true mFlags= mSideHint=TOP mBoundingRects=null}, InsetsSource: {d8f40005 mType=mandatorySystemGestures mFrame=[0,0][1080,114] mVisible=true mFlags= mSideHint=TOP mBoundingRects=null}, InsetsSource: {d8f40006 mType=tappableElement mFrame=[0,0][1080,80] mVisible=true mFlags= mSideHint=TOP mBoundingRects=null}, InsetsSource: {3 mType=ime mFrame=[0,0][0,0] mVisible=false mFlags= mSideHint=NONE mBoundingRects=null}, InsetsSource: {27 mType=displayCutout mFrame=[0,0][1080,80] mVisible=true mFlags= mSideHint=TOP mBoundingRects=null}, InsetsSource: {56410001 mType=navigationBars mFrame=[0,2358][1080,2400] mVisible=true mFlags=SUPPRESS_SCRIM mSideHint=BOTTOM mBoundingRects=null}, InsetsSource: {56410004 mType=systemGestures mFrame=[0,0][140,2400] mVisible=true mFlags= mSideHint=LEFT mBoundingRects=null}, InsetsSource: {56410005 mType=mandatorySystemGestures mFrame=[0,2310][1080,2400] mVisible=true mFlags= mSideHint=BOTTOM mBoundingRects=null}, InsetsSource: {56410006 mType=tappableElement mFrame=[0,0][0,0] mVisible=true mFlags= mSideHint=NONE mBoundingRects=null}, InsetsSource: {56410024 mType=systemGestures mFrame=[940,0][1080,2400] mVisible=true mFlags= mSideHint=RIGHT mBoundingRects=null} }
11-17 17:05:17.204   671   671 D io_stats: !@ Write_top(KB): roid.honeyboard(4311) 2372 phatecks.qglide(32232) 216 kworker/u16:2(13911) 96
11-17 17:05:17.228  1468  1542 D SGM:GameManager: identifyForegroundApp. com.alphatecks.qglide, mCurrentUserId: 0, callerUserId: 0
11-17 17:05:17.287  1468  1995 D NetdEventListenerService: DNS Requested by 187, 10484(com.alphatecks.qglide), SUCCESS, 0ms
11-17 17:05:17.352  1468  1995 D NetdEventListenerService: DNS Requested by 187, 10484(com.alphatecks.qglide), 7(NODATA), isBlocked=false, 54ms
11-17 17:05:17.360  1468  1995 D NetdEventListenerService: DNS Requested by 187, 10484(com.alphatecks.qglide), 7(NODATA), isBlocked=false, 7ms
11-17 17:05:18.835  1468  2321 D SLocation: CommonCoreManager - handleCommandCallback - FUNC_TYPE : SET_LOCATION  ERROR_CODE : ERROR_NONE
11-17 17:05:19.515  1468  1995 D NetdEventListenerService: DNS Requested by 187, 10484(com.alphatecks.qglide), SUCCESS, 1ms
11-17 17:05:19.540 32232 32232 I ImeTracker: com.alphatecks.qglide:f467c7cd: onRequestHide at ORIGIN_CLIENT reason HIDE_SOFT_INPUT fromUser false
11-17 17:05:19.541  1468  1810 I ImeTracker: com.alphatecks.qglide:f467c7cd: onCancelled at PHASE_SERVER_SHOULD_HIDE
11-17 17:05:19.546  1468  1995 D NetdEventListenerService: DNS Requested by 187, 10484(com.alphatecks.qglide), 7(NODATA), isBlocked=false, 8ms
11-17 17:05:19.554  1468  1995 D NetdEventListenerService: DNS Requested by 187, 10484(com.alphatecks.qglide), 7(NODATA), isBlocked=false, 7ms
11-17 17:05:19.585  1468  1995 D NetdEventListenerService: DNS Requested by 187, 10484(com.alphatecks.qglide), SUCCESS, 46ms
11-17 17:05:19.585  1468  1995 D NetdEventListenerService: DNS Requested by 187, 10484(com.alphatecks.qglide), SUCCESS, 49ms
11-17 17:05:19.587  1468  1995 D NetdEventListenerService: DNS Requested by 187, 10484(com.alphatecks.qglide), SUCCESS, 49ms
11-17 17:05:19.596  1468  1995 D NetdEventListenerService: DNS Requested by 187, 10484(com.alphatecks.qglide), SUCCESS, 48ms
11-17 17:05:19.597  1468  1995 D NetdEventListenerService: DNS Requested by 187, 10484(com.alphatecks.qglide), SUCCESS, 48ms
11-17 17:05:19.597  1468  1995 D NetdEventListenerService: DNS Requested by 187, 10484(com.alphatecks.qglide), SUCCESS, 49ms
11-17 17:05:21.211   671   671 D io_stats: !@ Read_top(KB): samsung.hardwar(1018) 536 mediaserver(1301) 168 phatecks.qglide(32232) 120
11-17 17:05:21.211   671   671 D io_stats: !@ Write_top(KB): kworker/u16:2(13911) 280 phatecks.qglide(32232) 200 system_server(1468) 16
11-17 17:05:21.230  1468  1995 D NetdEventListenerService: DNS Requested by 187, 10484(com.alphatecks.qglide), SUCCESS, 1ms
11-17 17:05:21.254  1468  1995 D NetdEventListenerService: DNS Requested by 187, 10484(com.alphatecks.qglide), 7(NODATA), isBlocked=false, 12ms
11-17 17:05:21.270  1468  1995 D NetdEventListenerService: DNS Requested by 187, 10484(com.alphatecks.qglide), 7(NODATA), isBlocked=false, 13ms
11-17 17:05:22.288  1468  1995 D NetdEventListenerService: DNS Requested by 187, 10484(com.alphatecks.qglide), SUCCESS, 1ms
11-17 17:05:22.335  1468  1995 D NetdEventListenerService: DNS Requested by 187, 10484(com.alphatecks.qglide), 7(NODATA), isBlocked=false, 38ms
11-17 17:05:22.347  1468  1995 D NetdEventListenerService: DNS Requested by 187, 10484(com.alphatecks.qglide), 7(NODATA), isBlocked=false, 10ms
11-17 17:05:22.563  3567 32502 W LogErrorOperation: onLogError callback failed.
11-17 17:05:22.572  3567 32502 W LogErrorOperation: onLogError callback failed.
11-17 17:05:22.577  3567  1152 W LogErrorOperation: onLogError callback failed.
11-17 17:05:22.629  3567  1180 W LogErrorOperation: onLogError callback failed.
11-17 17:05:24.009 27897 31652 W MediaPlayer: Error setting data source via ContentResolver
11-17 17:05:24.009 27897 31652 W MediaPlayer: java.io.FileNotFoundException: open failed: ENOENT (No such file or directory)
11-17 17:05:24.009 27897 31652 W MediaPlayer: 	at android.database.DatabaseUtils.readExceptionWithFileNotFoundExceptionFromParcel(DatabaseUtils.java:164)
11-17 17:05:24.397  2540  2569 W id.app.launcher: ApkAssets: Deleting an ApkAssets object '<empty> and /data/app/~~S_RKAjXjeLvY6kCSO3epOw==/com.alphatecks.qglide-kd88YUI_MMoYGeW9W09CEg==/base.apk' with 1 weak references
11-17 17:05:24.533  1301  1343 V NuPlayer: checkOffloadExceptions is true, call canOffloadStream
11-17 17:05:24.537  1301  1343 V NuPlayer: checkOffloadExceptions is true, call canOffloadStream
11-17 17:05:24.639  1082  1133 I AudioPolicyEffectException: MySpaceHandler::checkDetachCondition media 0, ring 1, mp 1
11-17 17:05:24.697  1468  2845 I Telecom : InCallController: Unable to update call. InCallService not found for user: UserHandle{0}: (...->CS.crCo->H.CS.crCo->H.CS.crCo.pICR)->CSW.hCCC(cw/cast)@E-E-YRs
11-17 17:05:24.785  1468  2845 I Telecom : SamsungInCallDumpController : ComponentEnabledSetting - componentName : ComponentInfo{com.samsung.android.incallui/com.android.incallui.InCallServiceImpl} / userId : 0 / componentEnabledState : 0
11-17 17:05:24.785  1468  2845 I Telecom : InCallController: found:ComponentInfo{com.samsung.android.incallui/com.android.incallui.InCallServiceImpl} isRequestedtype:true isEnabled:true ignoreDisabled:true hasCrossProfilePerm:true: (...->CS.crCo->H.CS.crCo->H.CS.crCo.pICR)->CSW.hCCC(cw/cast)@E-E-YRs
11-17 17:05:24.789  1468  2845 I Telecom : InCallController: defaultDialer: [ComponentInfo{com.samsung.android.incallui/com.android.incallui.InCallServiceImpl} supportsExternal? true supportsSelfMg?false supportsAllowedSelfMg?false], 2: (...->CS.crCo->H.CS.crCo->H.CS.crCo.pICR)->CSW.hCCC(cw/cast)@E-E-YRs
11-17 17:05:24.789  1468  2845 I Telecom : InCallController: getComponents, pkgname: null comp: ComponentInfo{com.samsung.android.incallui/com.android.incallui.InCallServiceImpl} userid: 0 requestedType: 2: (...->CS.crCo->H.CS.crCo->H.CS.crCo.pICR)->CSW.hCCC(cw/cast)@E-E-YRs
11-17 17:05:24.789  1468  2845 I Telecom : SamsungInCallDumpController : ComponentEnabledSetting - componentName : ComponentInfo{com.samsung.android.incallui/com.android.incallui.InCallServiceImpl} / userId : 0 / componentEnabledState : 0
11-17 17:05:24.789  1468  2845 I Telecom : InCallController: found:ComponentInfo{com.samsung.android.incallui/com.android.incallui.InCallServiceImpl} isRequestedtype:true isEnabled:true ignoreDisabled:true hasCrossProfilePerm:true: (...->CS.crCo->H.CS.crCo->H.CS.crCo.pICR)->CSW.hCCC(cw/cast)@E-E-YRs
11-17 17:05:24.791  1468  2845 I Telecom : SamsungInCallDumpController : ComponentEnabledSetting - componentName : ComponentInfo{android/com.android.server.companion.datatransfer.contextsync.CallMetadataSyncInCallService} / userId : 0 / componentEnabledState : 0
11-17 17:05:24.791  1468  2845 I Telecom : InCallController: found:ComponentInfo{android/com.android.server.companion.datatransfer.contextsync.CallMetadataSyncInCallService} isRequestedtype:false isEnabled:false ignoreDisabled:true hasCrossProfilePerm:true: (...->CS.crCo->H.CS.crCo->H.CS.crCo.pICR)->CSW.hCCC(cw/cast)@E-E-YRs
11-17 17:05:24.791  1468  2845 I Telecom : SamsungInCallDumpController : ComponentEnabledSetting - componentName : ComponentInfo{com.android.bluetooth/com.android.bluetooth.telephony.BluetoothInCallService} / userId : 0 / componentEnabledState : 1
11-17 17:05:24.791  1468  2845 I Telecom : InCallController: found:ComponentInfo{com.android.bluetooth/com.android.bluetooth.telephony.BluetoothInCallService} isRequestedtype:false isEnabled:true ignoreDisabled:true hasCrossProfilePerm:true: (...->CS.crCo->H.CS.crCo->H.CS.crCo.pICR)->CSW.hCCC(cw/cast)@E-E-YRs
11-17 17:05:24.792  1468  2845 I Telecom : SamsungInCallDumpController : ComponentEnabledSetting - componentName : ComponentInfo{com.google.android.googlequicksearchbox/com.google.android.libraries.search.assistant.incallservice.IncomingCallInCallService} / userId : 0 / componentEnabledState : 1
11-17 17:05:24.792  1468  2845 I Telecom : InCallController: found:ComponentInfo{com.google.android.googlequicksearchbox/com.google.android.libraries.search.assistant.incallservice.IncomingCallInCallService} isRequestedtype:false isEnabled:true ignoreDisabled:true hasCrossProfilePerm:false: (...->CS.crCo->H.CS.crCo->H.CS.crCo.pICR)->CSW.hCCC(cw/cast)@E-E-YRs
11-17 17:05:24.792  1468  2845 I Telecom : SamsungInCallDumpController : ComponentEnabledSetting - componentName : ComponentInfo{com.google.android.googlequicksearchbox/com.google.android.libraries.search.assistant.performer.communication.IncomingCallInCallService} / userId : 0 / componentEnabledState : 2
11-17 17:05:24.792  1468  2845 I Telecom : InCallController: found:ComponentInfo{com.google.android.googlequicksearchbox/com.google.android.libraries.search.assistant.performer.communication.IncomingCallInCallService} isRequestedtype:false isEnabled:false ignoreDisabled:true hasCrossProfilePerm:false: (...->CS.crCo->H.CS.crCo->H.CS.crCo.pICR)->CSW.hCCC(cw/cast)@E-E-YRs
11-17 17:05:24.793  1468  2845 I Telecom : SamsungInCallDumpController : ComponentEnabledSetting - componentName : ComponentInfo{com.google.android.projection.gearhead/com.google.android.apps.auto.components.telecom.service.NonCarInCallServiceImpl} / userId : 0 / componentEnabledState : 2
11-17 17:05:24.793  1468  2845 I Telecom : InCallController: found:ComponentInfo{com.google.android.projection.gearhead/com.google.android.apps.auto.components.telecom.service.NonCarInCallServiceImpl} isRequestedtype:false isEnabled:false ignoreDisabled:true hasCrossProfilePerm:false: (...->CS.crCo->H.CS.crCo->H.CS.crCo.pICR)->CSW.hCCC(cw/cast)@E-E-YRs
11-17 17:05:24.793  1468  2845 I Telecom : SamsungInCallDumpController : ComponentEnabledSetting - componentName : ComponentInfo{com.google.android.projection.gearhead/com.google.android.apps.auto.components.telecom.service.CarProjectionInCallServiceImpl} / userId : 0 / componentEnabledState : 0
11-17 17:05:24.793  1468  2845 I Telecom : InCallController: found:ComponentInfo{com.google.android.projection.gearhead/com.google.android.apps.auto.components.telecom.service.CarProjectionInCallServiceImpl} isRequestedtype:true isEnabled:false ignoreDisabled:true hasCrossProfilePerm:false: (...->CS.crCo->H.CS.crCo->H.CS.crCo.pICR)->CSW.hCCC(cw/cast)@E-E-YRs
11-17 17:05:24.794  1468  2845 I Telecom : SamsungInCallDumpController : ComponentEnabledSetting - componentName : ComponentInfo{com.samsung.android.bixby.agent/com.samsung.android.bixby.agent.appbridge.clientaction.incallservice.BixbyInCallService} / userId : 0 / componentEnabledState : 2
11-17 17:05:24.794  1468  2845 I Telecom : InCallController: found:ComponentInfo{com.samsung.android.bixby.agent/com.samsung.android.bixby.agent.appbridge.clientaction.incallservice.BixbyInCallService} isRequestedtype:false isEnabled:false ignoreDisabled:true hasCrossProfilePerm:true: (...->CS.crCo->H.CS.crCo->H.CS.crCo.pICR)->CSW.hCCC(cw/cast)@E-E-YRs
11-17 17:05:24.794  1468  2845 I Telecom : SamsungInCallDumpController : ComponentEnabledSetting - componentName : ComponentInfo{com.samsung.android.dialer/com.android.incallui.InCallServiceImpl} / userId : 0 / componentEnabledState : 0
11-17 17:05:24.794  1468  2845 I Telecom : InCallController: found:ComponentInfo{com.samsung.android.dialer/com.android.incallui.InCallServiceImpl} isRequestedtype:false isEnabled:true ignoreDisabled:true hasCrossProfilePerm:true: (...->CS.crCo->H.CS.crCo->H.CS.crCo.pICR)->CSW.hCCC(cw/cast)@E-E-YRs
11-17 17:05:24.794  1468  2845 I Telecom : SamsungInCallDumpController : ComponentEnabledSetting - componentName : ComponentInfo{com.samsung.android.emergency/com.samsung.android.emergency.InCallService.EmergencyInCallServiceImpl} / userId : 0 / componentEnabledState : 0
11-17 17:05:24.794  1468  2845 I Telecom : InCallController: found:ComponentInfo{com.samsung.android.emergency/com.samsung.android.emergency.InCallService.EmergencyInCallServiceImpl} isRequestedtype:false isEnabled:false ignoreDisabled:true hasCrossProfilePerm:true: (...->CS.crCo->H.CS.crCo->H.CS.crCo.pICR)->CSW.hCCC(cw/cast)@E-E-YRs
11-17 17:05:24.795  1468  2845 I Telecom : SamsungInCallDumpController : ComponentEnabledSetting - componentName : ComponentInfo{com.samsung.android.incallui/com.android.incallui.InCallServiceImpl} / userId : 0 / componentEnabledState : 0
11-17 17:05:24.795  1468  2845 I Telecom : InCallController: found:ComponentInfo{com.samsung.android.incallui/com.android.incallui.InCallServiceImpl} isRequestedtype:false isEnabled:true ignoreDisabled:true hasCrossProfilePerm:true: (...->CS.crCo->H.CS.crCo->H.CS.crCo.pICR)->CSW.hCCC(cw/cast)@E-E-YRs
11-17 17:05:24.795  1468  2845 I Telecom : SamsungInCallDumpController : ComponentEnabledSetting - componentName : ComponentInfo{com.samsung.android.mdecservice/com.samsung.android.mdecservice.mdec.services.InCallServiceImpl} / userId : 0 / componentEnabledState : 0
11-17 17:05:24.795  1468  2845 I Telecom : InCallController: found:ComponentInfo{com.samsung.android.mdecservice/com.samsung.android.mdecservice.mdec.services.InCallServiceImpl} isRequestedtype:false isEnabled:false ignoreDisabled:true hasCrossProfilePerm:true: (...->CS.crCo->H.CS.crCo->H.CS.crCo.pICR)->CSW.hCCC(cw/cast)@E-E-YRs
11-17 17:05:24.796  1468  2845 I Telecom : SamsungInCallDumpController : ComponentEnabledSetting - componentName : ComponentInfo{com.sec.android.cover.ledcover/com.sec.android.cover.manager.call.LedCoverCallService} / userId : 0 / componentEnabledState : 0
11-17 17:05:24.796  1468  2845 I Telecom : InCallController: found:ComponentInfo{com.sec.android.cover.ledcover/com.sec.android.cover.manager.call.LedCoverCallService} isRequestedtype:false isEnabled:false ignoreDisabled:true hasCrossProfilePerm:true: (...->CS.crCo->H.CS.crCo->H.CS.crCo.pICR)->CSW.hCCC(cw/cast)@E-E-YRs
11-17 17:05:24.796  1468  2845 I Telecom : Event: RecordEntry TC@120: NEW_ICSC, [ComponentInfo{com.samsung.android.incallui/com.android.incallui.InCallServiceImpl} supportsExternal? true supportsSelfMg?false supportsAllowedSelfMg?false], 2, null, [ComponentInfo{com.samsung.android.incallui/com.android.incallui.InCallServiceImpl} supportsExternal? true supportsSelfMg?false supportsAllowedSelfMg?false], 2, null: (...->CS.crCo->H.CS.crCo->H.CS.crCo.pICR)->CSW.hCCC(cw/cast)@E-E-YRs
11-17 17:05:24.797  1468  2845 I Telecom : Event: RecordEntry TC@120: NEW_ICS_INFO, [ComponentInfo{com.samsung.android.incallui/com.android.incallui.InCallServiceImpl} supportsExternal? true supportsSelfMg?false supportsAllowedSelfMg?false], 2, [ComponentInfo{com.samsung.android.incallui/com.android.incallui.InCallServiceImpl} supportsExternal? true supportsSelfMg?false supportsAllowedSelfMg?false], 2, null, false, false: (...->CS.crCo->H.CS.crCo->H.CS.crCo.pICR)->CSW.hCCC(cw/cast)@E-E-YRs
11-17 17:05:24.797  1468  2845 I Telecom : InCallController$CarSwappingInCallServiceConnection: chooseInitialInCallService: false => false: (...->CS.crCo->H.CS.crCo->H.CS.crCo.pICR)->CSW.hCCC(cw/cast)@E-E-YRs
11-17 17:05:24.836  1468  2845 I Telecom : InCallController$EmergencyInCallServiceConnection: Skipping binding to [ComponentInfo{com.samsung.android.incallui/com.android.incallui.InCallServiceImpl} supportsExternal? true supportsSelfMg?false supportsAllowedSelfMg?false], 2 - doesn't support self-mgd calls: (...->CS.crCo->H.CS.crCo->H.CS.crCo.pICR)->CSW.hCCC(cw/cast)@E-E-YRs
11-17 17:05:24.837  1468  2845 I Telecom : SamsungInCallDumpController : ComponentEnabledSetting - componentName : ComponentInfo{android/com.android.server.companion.datatransfer.contextsync.CallMetadataSyncInCallService} / userId : 0 / componentEnabledState : 0
11-17 17:05:24.837  1468  2845 I Telecom : InCallController: found:ComponentInfo{android/com.android.server.companion.datatransfer.contextsync.CallMetadataSyncInCallService} isRequestedtype:true isEnabled:false ignoreDisabled:true hasCrossProfilePerm:true: (...->CS.crCo->H.CS.crCo->H.CS.crCo.pICR)->CSW.hCCC(cw/cast)@E-E-YRs
11-17 17:05:24.838  1468  2845 I Telecom : SamsungInCallDumpController : ComponentEnabledSetting - componentName : ComponentInfo{com.android.bluetooth/com.android.bluetooth.telephony.BluetoothInCallService} / userId : 0 / componentEnabledState : 1
11-17 17:05:24.838  1468  2845 I Telecom : InCallController: found:ComponentInfo{com.android.bluetooth/com.android.bluetooth.telephony.BluetoothInCallService} isRequestedtype:true isEnabled:true ignoreDisabled:true hasCrossProfilePerm:true: (...->CS.crCo->H.CS.crCo->H.CS.crCo.pICR)->CSW.hCCC(cw/cast)@E-E-YRs
11-17 17:05:24.838  1468  2845 I Telecom : SamsungInCallDumpController : ComponentEnabledSetting - componentName : ComponentInfo{com.google.android.googlequicksearchbox/com.google.android.libraries.search.assistant.incallservice.IncomingCallInCallService} / userId : 0 / componentEnabledState : 1
11-17 17:05:24.838  1468  2845 I Telecom : InCallController: found:ComponentInfo{com.google.android.googlequicksearchbox/com.google.android.libraries.search.assistant.incallservice.IncomingCallInCallService} isRequestedtype:true isEnabled:true ignoreDisabled:true hasCrossProfilePerm:false: (...->CS.crCo->H.CS.crCo->H.CS.crCo.pICR)->CSW.hCCC(cw/cast)@E-E-YRs
11-17 17:05:24.839  1468  2845 I Telecom : SamsungInCallDumpController : ComponentEnabledSetting - componentName : ComponentInfo{com.google.android.googlequicksearchbox/com.google.android.libraries.search.assistant.performer.communication.IncomingCallInCallService} / userId : 0 / componentEnabledState : 2
11-17 17:05:24.839  1468  2845 I Telecom : InCallController: found:ComponentInfo{com.google.android.googlequicksearchbox/com.google.android.libraries.search.assistant.performer.communication.IncomingCallInCallService} isRequestedtype:true isEnabled:false ignoreDisabled:true hasCrossProfilePerm:false: (...->CS.crCo->H.CS.crCo->H.CS.crCo.pICR)->CSW.hCCC(cw/cast)@E-E-YRs
11-17 17:05:24.839  1468  2845 I Telecom : SamsungInCallDumpController : ComponentEnabledSetting - componentName : ComponentInfo{com.google.android.projection.gearhead/com.google.android.apps.auto.components.telecom.service.NonCarInCallServiceImpl} / userId : 0 / componentEnabledState : 2
11-17 17:05:24.839  1468  2845 I Telecom : InCallController: found:ComponentInfo{com.google.android.projection.gearhead/com.google.android.apps.auto.components.telecom.service.NonCarInCallServiceImpl} isRequestedtype:true isEnabled:false ignoreDisabled:true hasCrossProfilePerm:false: (...->CS.crCo->H.CS.crCo->H.CS.crCo.pICR)->CSW.hCCC(cw/cast)@E-E-YRs
11-17 17:05:24.839  1468  2845 I Telecom : SamsungInCallDumpController : ComponentEnabledSetting - componentName : ComponentInfo{com.google.android.projection.gearhead/com.google.android.apps.auto.components.telecom.service.CarProjectionInCallServiceImpl} / userId : 0 / componentEnabledState : 0
11-17 17:05:24.839  1468  2845 I Telecom : InCallController: found:ComponentInfo{com.google.android.projection.gearhead/com.google.android.apps.auto.components.telecom.service.CarProjectionInCallServiceImpl} isRequestedtype:false isEnabled:false ignoreDisabled:true hasCrossProfilePerm:false: (...->CS.crCo->H.CS.crCo->H.CS.crCo.pICR)->CSW.hCCC(cw/cast)@E-E-YRs
11-17 17:05:24.839  1468  2845 I Telecom : SamsungInCallDumpController : ComponentEnabledSetting - componentName : ComponentInfo{com.samsung.android.bixby.agent/com.samsung.android.bixby.agent.appbridge.clientaction.incallservice.BixbyInCallService} / userId : 0 / componentEnabledState : 2
11-17 17:05:24.841  1468  2845 I Telecom : InCallController: found:ComponentInfo{com.samsung.android.bixby.agent/com.samsung.android.bixby.agent.appbridge.clientaction.incallservice.BixbyInCallService} isRequestedtype:true isEnabled:false ignoreDisabled:true hasCrossProfilePerm:true: (...->CS.crCo->H.CS.crCo->H.CS.crCo.pICR)->CSW.hCCC(cw/cast)@E-E-YRs
11-17 17:05:24.842  1468  2845 I Telecom : SamsungInCallDumpController : ComponentEnabledSetting - componentName : ComponentInfo{com.samsung.android.dialer/com.android.incallui.InCallServiceImpl} / userId : 0 / componentEnabledState : 0
11-17 17:05:24.842  1468  2845 I Telecom : InCallController: found:ComponentInfo{com.samsung.android.dialer/com.android.incallui.InCallServiceImpl} isRequestedtype:false isEnabled:true ignoreDisabled:true hasCrossProfilePerm:true: (...->CS.crCo->H.CS.crCo->H.CS.crCo.pICR)->CSW.hCCC(cw/cast)@E-E-YRs
11-17 17:05:24.842  1468  2845 I Telecom : SamsungInCallDumpController : ComponentEnabledSetting - componentName : ComponentInfo{com.samsung.android.emergency/com.samsung.android.emergency.InCallService.EmergencyInCallServiceImpl} / userId : 0 / componentEnabledState : 0
11-17 17:05:24.842  1468  2845 I Telecom : InCallController: found:ComponentInfo{com.samsung.android.emergency/com.samsung.android.emergency.InCallService.EmergencyInCallServiceImpl} isRequestedtype:true isEnabled:false ignoreDisabled:true hasCrossProfilePerm:true: (...->CS.crCo->H.CS.crCo->H.CS.crCo.pICR)->CSW.hCCC(cw/cast)@E-E-YRs
11-17 17:05:24.843  1468  2845 I Telecom : SamsungInCallDumpController : ComponentEnabledSetting - componentName : ComponentInfo{com.samsung.android.incallui/com.android.incallui.InCallServiceImpl} / userId : 0 / componentEnabledState : 0
11-17 17:05:24.843  1468  2845 I Telecom : InCallController: found:ComponentInfo{com.samsung.android.incallui/com.android.incallui.InCallServiceImpl} isRequestedtype:false isEnabled:true ignoreDisabled:true hasCrossProfilePerm:true: (...->CS.crCo->H.CS.crCo->H.CS.crCo.pICR)->CSW.hCCC(cw/cast)@E-E-YRs
11-17 17:05:24.844  1468  2845 I Telecom : SamsungInCallDumpController : ComponentEnabledSetting - componentName : ComponentInfo{com.samsung.android.mdecservice/com.samsung.android.mdecservice.mdec.services.InCallServiceImpl} / userId : 0 / componentEnabledState : 0
11-17 17:05:24.844  1468  2845 I Telecom : InCallController: found:ComponentInfo{com.samsung.android.mdecservice/com.samsung.android.mdecservice.mdec.services.InCallServiceImpl} isRequestedtype:true isEnabled:false ignoreDisabled:true hasCrossProfilePerm:true: (...->CS.crCo->H.CS.crCo->H.CS.crCo.pICR)->CSW.hCCC(cw/cast)@E-E-YRs
11-17 17:05:24.844  1468  2845 I Telecom : SamsungInCallDumpController : ComponentEnabledSetting - componentName : ComponentInfo{com.sec.android.cover.ledcover/com.sec.android.cover.manager.call.LedCoverCallService} / userId : 0 / componentEnabledState : 0
11-17 17:05:24.844  1468  2845 I Telecom : InCallController: found:ComponentInfo{com.sec.android.cover.ledcover/com.sec.android.cover.manager.call.LedCoverCallService} isRequestedtype:true isEnabled:false ignoreDisabled:true hasCrossProfilePerm:true: (...->CS.crCo->H.CS.crCo->H.CS.crCo.pICR)->CSW.hCCC(cw/cast)@E-E-YRs
11-17 17:05:24.845  1468  2845 I Telecom : InCallController$InCallServiceBindingConnection: Attempting to bind to InCall [ComponentInfo{com.android.bluetooth/com.android.bluetooth.telephony.BluetoothInCallService} supportsExternal? false supportsSelfMg?true supportsAllowedSelfMg?false], 4, with Intent { act=android.telecom.InCallService cmp=com.android.bluetooth/.telephony.BluetoothInCallService }: (...->CS.crCo->H.CS.crCo->H.CS.crCo.pICR)->CSW.hCCC(cw/cast)@E-E-YRs
11-17 17:05:24.859  1468  2845 I Telecom : InCallController$InCallServiceBindingConnection: using user id: UserHandle{-2} for binding. User from Call is: UserHandle{0}: (...->CS.crCo->H.CS.crCo->H.CS.crCo.pICR)->CSW.hCCC(cw/cast)@E-E-YRs
11-17 17:05:24.860  1468  2845 I Telecom : Event: RecordEntry TC@120: BIND_ICS, [ComponentInfo{com.android.bluetooth/com.android.bluetooth.telephony.BluetoothInCallService} supportsExternal? false supportsSelfMg?true supportsAllowedSelfMg?false], 4, UserHandle{-2}, UserHandle{0}: (...->CS.crCo->H.CS.crCo->H.CS.crCo.pICR)->CSW.hCCC(cw/cast)@E-E-YRs
11-17 17:05:24.873  1468  2845 I Telecom : InCallController$InCallServiceBindingConnection: mCall: [Call id=TC@120, state=RINGING, tpac=ComponentInfo{com.whatsapp/com.whatsapp.calling.telecom.SelfManagedConnectionService}, ***, UserHandle{0}, cmgr=ComponentInfo{com.whatsapp/com.whatsapp.calling.telecom.SelfManagedConnectionService}, ***, UserHandle{0}, handle=tel:*************, vidst=A, childs(0), has_parent(false), cap=[ sup_hld], prop=[ self_mng]], voip=truecaps=[Capabilities: CAPABILITY_SUPPORT_HOLD], props=[Properties: PROPERTY_SELF_MANAGED], conf(false), had_child(false), mIsConnected: true: (...->CS.crCo->H.CS.crCo->H.CS.crCo.pICR)->CSW.hCCC(cw/cast)@E-E-YRs
11-17 17:05:24.873  1468  2845 I Telecom : InCallController$InCallServiceBindingConnection: Skipping binding to [ComponentInfo{com.google.android.as/com.google.android.apps.miphone.aiai.captions.tulip.audiosource.impl.CIS} supportsExternal? false supportsSelfMg?false supportsAllowedSelfMg?false], 4 - doesn't support self-mgd calls: (...->CS.crCo->H.CS.crCo->H.CS.crCo.pICR)->CSW.hCCC(cw/cast)@E-E-YRs
11-17 17:05:24.873  1468  2845 I Telecom : InCallController$InCallServiceBindingConnection: Skipping binding to [ComponentInfo{com.google.android.gms/com.google.android.gms.bankscamwarning.services.BankScamCallDetectionService} supportsExternal? false supportsSelfMg?false supportsAllowedSelfMg?false], 4 - doesn't support self-mgd calls: (...->CS.crCo->H.CS.crCo->H.CS.crCo.pICR)->CSW.hCCC(cw/cast)@E-E-YRs
11-17 17:05:24.873  1468  2845 I Telecom : InCallController$InCallServiceBindingConnection: Skipping binding to [ComponentInfo{com.google.android.googlequicksearchbox/com.google.android.libraries.search.assistant.incallservice.IncomingCallInCallService} supportsExternal? false supportsSelfMg?false supportsAllowedSelfMg?false], 4 - doesn't support self-mgd calls: (...->CS.crCo->H.CS.crCo->H.CS.crCo.pICR)->CSW.hCCC(cw/cast)@E-E-YRs
11-17 17:05:24.873  1468  2845 I Telecom : InCallController$InCallServiceBindingConnection: Attempting to bind to InCall [ComponentInfo{com.samsung.android.incallui/com.android.incallui.NonUiServiceImpl} supportsExternal? false supportsSelfMg?true supportsAllowedSelfMg?false], 4, with Intent { act=android.telecom.InCallService cmp=com.samsung.android.incallui/com.android.incallui.NonUiServiceImpl }: (...->CS.crCo->H.CS.crCo->H.CS.crCo.pICR)->CSW.hCCC(cw/cast)@E-E-YRs
11-17 17:05:24.874  1468  2845 I Telecom : InCallController$InCallServiceBindingConnection: using user id: UserHandle{-2} for binding. User from Call is: UserHandle{0}: (...->CS.crCo->H.CS.crCo->H.CS.crCo.pICR)->CSW.hCCC(cw/cast)@E-E-YRs
11-17 17:05:24.892  2280  2280 I BluetoothInCallService: BluetoothInCallService is created
11-17 17:05:24.904  1468  2845 I Telecom : InCallController$InCallServiceBindingConnection: mCall: [Call id=TC@120, state=RINGING, tpac=ComponentInfo{com.whatsapp/com.whatsapp.calling.telecom.SelfManagedConnectionService}, ***, UserHandle{0}, cmgr=ComponentInfo{com.whatsapp/com.whatsapp.calling.telecom.SelfManagedConnectionService}, ***, UserHandle{0}, handle=tel:*************, vidst=A, childs(0), has_parent(false), cap=[ sup_hld], prop=[ self_mng]], voip=truecaps=[Capabilities: CAPABILITY_SUPPORT_HOLD], props=[Properties: PROPERTY_SELF_MANAGED], conf(false), had_child(false), mIsConnected: true: (...->CS.crCo->H.CS.crCo->H.CS.crCo.pICR)->CSW.hCCC(cw/cast)@E-E-YRs
11-17 17:05:24.910  2280  2280 I BluetoothInCallService: onBind. Intent: Intent { act=android.telecom.InCallService cmp=com.android.bluetooth/.telephony.BluetoothInCallService }
11-17 17:05:24.988  1468  1468 I Telecom : Event: RecordEntry TC@120: ICS_SERVICE_CONNECTED, com.android.bluetooth/.telephony.BluetoothInCallService, android.os.BinderProxy@5706d4f, false, true, false, 4: ICSBC.oSC(cab)@YRw
11-17 17:05:24.988  1468  1468 I Telecom : InCallController: onConnected to ComponentInfo{com.android.bluetooth/com.android.bluetooth.telephony.BluetoothInCallService}: ICSBC.oSC(cab)@YRw
11-17 17:05:24.989  1468  1468 I Telecom : InCallController: Adding 1 calls to InCallService after onConnected: ComponentInfo{com.android.bluetooth/com.android.bluetooth.telephony.BluetoothInCallService}, including external calls: ICSBC.oSC(cab)@YRw
11-17 17:05:25.002  1468 16475 D AudioSystem: getParameters() ERROR : can't get situationVolume
11-17 17:05:25.028  1468  1468 I Telecom : Event: RecordEntry TC@120: ICS_ADD_CALL, onConnected - [ComponentInfo{com.android.bluetooth/com.android.bluetooth.telephony.BluetoothInCallService} supportsExternal? false supportsSelfMg?true supportsAllowedSelfMg?false], 4: ICSBC.oSC(cab)@YRw
11-17 17:05:25.029  1468  1468 I Telecom : InCallController: 1 calls sent to InCallService.: ICSBC.oSC(cab)@YRw
11-17 17:05:25.071  2280  2280 I BluetoothInCallService: updateHeadsetWithCallState : ignore force false, pending false, numActive 0, numHeld 0, numChildOfActive 0, callState 4, ringing type 129
11-17 17:05:25.452  1468  1995 D NetdEventListenerService: DNS Requested by 187, 10484(com.alphatecks.qglide), SUCCESS, 33ms
11-17 17:05:25.453  1468  1995 D NetdEventListenerService: DNS Requested by 187, 10484(com.alphatecks.qglide), 7(NODATA), isBlocked=false, 11ms
11-17 17:05:25.467  1468  1995 D NetdEventListenerService: DNS Requested by 187, 10484(com.alphatecks.qglide), 7(NODATA), isBlocked=false, 11ms
11-17 17:05:25.554  1457  1582 W AppInitScheduler|Schedule: Schedule 331:ReliabilityInitConfigureErrorReportingOnProcess, deps=null (0 pending tasks)
11-17 17:05:25.554  1457  1582 W AppInitScheduler|Schedule:   Executing 331:ReliabilityInitConfigureErrorReportingOnProcess
11-17 17:05:25.558  1457  1586 W AppInitScheduler|Run: Running ReliabilityInitConfigureErrorReportingOnProcess [*]
11-17 17:05:25.568  1457  1586 W lacrima : FbErrorReportingConfig.earlyInit
11-17 17:05:25.688  1457  1586 W AppInitScheduler|Run:   Finished ReliabilityInitConfigureErrorReportingOnProcess in 130ms
11-17 17:05:25.926  1457  1588 W AppInitScheduler|Schedule: Schedule 1:AddProcessNameToErrorReport, deps=null (37 pending tasks)
11-17 17:05:25.926  1457  1588 W AppInitScheduler|Schedule:   Executing 1:AddProcessNameToErrorReport
11-17 17:05:25.930  1457  1588 W AppInitScheduler|Schedule: Schedule 124:ErrorReporterSecondaryInit, deps=[130, 155, 164] (46 pending tasks)
11-17 17:05:25.961  1457  1620 W AppInitScheduler|Schedule: java.lang.RuntimeException
11-17 17:05:25.986  1457  1586 W AppInitScheduler|Run: Running AddProcessNameToErrorReport
11-17 17:05:25.987  1457  1586 W AppInitScheduler|Run:   Finished AddProcessNameToErrorReport in 1ms
11-17 17:05:26.012  1457  1673 E QPLProvider: java.lang.IllegalStateException: No QPL instance provided
11-17 17:05:26.012  1457  1673 E QPLProvider: java.lang.IllegalStateException: No QPL instance provided
11-17 17:05:26.012  1457  1673 E QPLProvider: java.lang.IllegalStateException: No QPL instance provided
11-17 17:05:26.013  1457  1673 E QPLProvider: java.lang.IllegalStateException: No QPL instance provided
11-17 17:05:26.013  1457  1673 E QPLProvider: java.lang.IllegalStateException: No QPL instance provided
11-17 17:05:26.013  1457  1673 E QPLProvider: java.lang.IllegalStateException: No QPL instance provided
11-17 17:05:26.014  1457  1673 E QPLProvider: java.lang.IllegalStateException: No QPL instance provided
11-17 17:05:26.020  1468  1444 E Telecom : SamsungRxErrorHandler : RxJava error handler java.lang.NullPointerException: item is null
11-17 17:05:26.020  1457  1673 E QPLProvider: java.lang.IllegalStateException: No QPL instance provided
11-17 17:05:26.020  1457  1673 E QPLProvider: java.lang.IllegalStateException: No QPL instance provided
11-17 17:05:26.020  1468  1468 I Telecom : InCallController: Components updated: [ComponentInfo{com.android.bluetooth/com.android.bluetooth.telephony.BluetoothInCallService}]: TSI.aNIC->CILH.sL->CILH.oQC(cw)@YRo
11-17 17:05:26.049  1468  1391 I Telecom : InCallController: Components updated: [ComponentInfo{com.android.bluetooth/com.android.bluetooth.telephony.BluetoothInCallService}]
11-17 17:05:26.078  1457  1673 W lacrima : FbErrorReportingConfig.laterInit
11-17 17:05:26.161  1468  2321 D SLocation: CommonCoreManager - handleCommandCallback - FUNC_TYPE : SET_LOCATION  ERROR_CODE : ERROR_NONE
11-17 17:05:26.167  1468  1468 I Telecom : InCallController: Adding 1 calls to InCallService after onConnected: ComponentInfo{com.samsung.android.incallui/com.android.incallui.NonUiServiceImpl}, including external calls: ICSBC.oSC(csai)@YSs
11-17 17:05:26.184  1468  1468 I Telecom : InCallController: 1 calls sent to InCallService.: ICSBC.oSC(csai)@YSs
11-17 17:05:26.240  1457  2078 E fb4a.QPLProvider: java.lang.IllegalStateException: No QPL instance provided
11-17 17:05:26.240  1457  2078 E fb4a.QPLProvider: java.lang.IllegalStateException: No QPL instance provided
11-17 17:05:26.240  1457  2078 E fb4a.QPLProvider: java.lang.IllegalStateException: No QPL instance provided
11-17 17:05:26.241  1457  2078 E fb4a.QPLProvider: java.lang.IllegalStateException: No QPL instance provided
11-17 17:05:26.241  1457  2078 E fb4a.QPLProvider: java.lang.IllegalStateException: No QPL instance provided
11-17 17:05:26.241  1457  2078 E fb4a.QPLProvider: java.lang.IllegalStateException: No QPL instance provided
11-17 17:05:26.242  1457  2078 E fb4a.QPLProvider: java.lang.IllegalStateException: No QPL instance provided
11-17 17:05:26.242  1457  2078 E fb4a.QPLProvider: java.lang.IllegalStateException: No QPL instance provided
11-17 17:05:26.243  1457  2078 E fb4a.QPLProvider: java.lang.IllegalStateException: No QPL instance provided
11-17 17:05:26.243  1457  2078 E fb4a.QPLProvider: java.lang.IllegalStateException: No QPL instance provided
11-17 17:05:26.247  1457  2078 E fb4a.QPLProvider: java.lang.IllegalStateException: No QPL instance provided
11-17 17:05:26.256  1457  2078 E fb4a.QPLProvider: java.lang.IllegalStateException: No QPL instance provided
11-17 17:05:26.256  1457  2078 E fb4a.QPLProvider: java.lang.IllegalStateException: No QPL instance provided
11-17 17:05:26.264  1457  2078 E fb4a.QPLProvider: java.lang.IllegalStateException: No QPL instance provided
11-17 17:05:26.280  1457  2078 E fb4a.QPLProvider: java.lang.IllegalStateException: No QPL instance provided
11-17 17:05:26.281  1457  2078 E fb4a.QPLProvider: java.lang.IllegalStateException: No QPL instance provided
11-17 17:05:26.287  1457  2078 E fb4a.QPLProvider: java.lang.IllegalStateException: No QPL instance provided
11-17 17:05:26.287  1457  2078 E fb4a.QPLProvider: java.lang.IllegalStateException: No QPL instance provided
11-17 17:05:26.315  1457  1636 W fb4a.AppInitScheduler|Schedule:   Executing 124:ErrorReporterSecondaryInit
11-17 17:05:26.317  1457  1636 W fb4a.AppInitScheduler|Run: Running ErrorReporterSecondaryInit
11-17 17:05:26.317  1457  1636 W fb4a.AppInitScheduler|Run:   Finished ErrorReporterSecondaryInit in 1ms
11-17 17:05:26.949  1109  1109 I SurfaceFlinger: [com.alphatecks.qglide/com.alphatecks.qglide.MainActivity$_32232#83582] setFrameRateCategory: NoPreference
11-17 17:05:27.061  1457  1673 W fb4a.ProcessAnrErrorMonitor: startMonitoring with delay: 0
11-17 17:05:27.168  2050  2050 W Resources: java.lang.RuntimeException
11-17 17:05:27.175  1457  2301 W fb4a.ProcessAnrErrorMonitor: Starting process monitor checks for process 'com.facebook.katana'
11-17 17:05:27.193  2050  2050 W Resources: java.lang.RuntimeException
11-17 17:05:27.319  1468  1995 D NetdEventListenerService: DNS Requested by 187, 10484(com.alphatecks.qglide), SUCCESS, 2ms
11-17 17:05:27.319  1468  1995 D NetdEventListenerService: DNS Requested by 187, 10484(com.alphatecks.qglide), 7(NODATA), isBlocked=false, 10ms
11-17 17:05:27.328  1468  1995 D NetdEventListenerService: DNS Requested by 187, 10484(com.alphatecks.qglide), 7(NODATA), isBlocked=false, 12ms
11-17 17:05:27.374  1468  2099 D InsetsSourceProvider: updateFakeControlTarget: fakeControl=InsetsSourceControl: {d8f40000 mType=statusBars mSurfacePosition=Point(0, 0) mInsetsHint=Insets{left=0, top=0, right=0, bottom=0}}, fakeTarget=Window{e72f55c u0 com.alphatecks.qglide/com.alphatecks.qglide.MainActivity}
11-17 17:05:27.919  1109  1109 D SurfaceFlinger:        DEVICE |   0xb400007011e94410 | 0002 | RGBA_8888    |    0.0    0.0 1080.0 2400.0 |    0    0 1080 2400 | SurfaceView[com.alphatecks.qglide/co[...].qglide.MainActivity]@0(BLAST)#83589 (2163)
11-17 17:05:27.919  1109  1109 D SurfaceFlinger:        DEVICE |   0xb400007011ea0d50 | 0001 | RGBA_8888    |    0.0    0.0 1080.0 2400.0 |    0    0 1080 2400 | com.alphatecks.qglide/com.alphatecks.qglide.MainActivity$_32232#83582 (252)
11-17 17:05:28.086  2028  2341 E PhoneInterfaceManager: Not getting aid. Exception ex=java.lang.NullPointerException: Attempt to invoke virtual method 'java.lang.String com.android.internal.telephony.uicc.UiccCardApplication.getAid()' on a null object reference
11-17 17:05:28.087  2028  2341 E PhoneInterfaceManager: Not getting aid. Exception ex=java.lang.NullPointerException: Attempt to invoke virtual method 'java.lang.String com.android.internal.telephony.uicc.UiccCardApplication.getAid()' on a null object reference
11-17 17:05:28.201  2409  2911 E SimpleEventLog: SecImsNotifier resize failed! java.nio.charset.MalformedInputException: Input length = 1
11-17 17:05:28.208  2409  2911 E SimpleEventLog: SecImsNotifier resize failed! java.nio.charset.MalformedInputException: Input length = 1
11-17 17:05:28.214  2028  2859 E PhoneInterfaceManager: Not getting aid. Exception ex=java.lang.NullPointerException: Attempt to invoke virtual method 'java.lang.String com.android.internal.telephony.uicc.UiccCardApplication.getAid()' on a null object reference
11-17 17:05:28.219  2028  2859 E PhoneInterfaceManager: Not getting aid. Exception ex=java.lang.NullPointerException: Attempt to invoke virtual method 'java.lang.String com.android.internal.telephony.uicc.UiccCardApplication.getAid()' on a null object reference
11-17 17:05:28.392  1468  1995 D NetdEventListenerService: DNS Requested by 187, 10484(com.alphatecks.qglide), SUCCESS, 6ms
11-17 17:05:28.464  1468  1995 D NetdEventListenerService: DNS Requested by 187, 10484(com.alphatecks.qglide), 7(NODATA), isBlocked=false, 75ms
11-17 17:05:28.478  1468  1995 D NetdEventListenerService: DNS Requested by 187, 10484(com.alphatecks.qglide), 7(NODATA), isBlocked=false, 13ms
11-17 17:05:31.326  1109  1109 D SurfaceFlinger:        DEVICE |   0xb400007011eb2710 | 0002 | RGBA_8888    |    0.0    0.0 1080.0 2400.0 |    0    0 1080 2400 | SurfaceView[com.alphatecks.qglide/co[...].qglide.MainActivity]@0(BLAST)#83589 (2566)
11-17 17:05:31.326  1109  1109 D SurfaceFlinger:        DEVICE |   0xb400007011ea0d50 | 0001 | RGBA_8888    |    0.0    0.0 1080.0 2400.0 |    0    0 1080 2400 | com.alphatecks.qglide/com.alphatecks.qglide.MainActivity$_32232#83582 (252)
11-17 17:05:31.373  2080  2187 E DatabaseUtils: java.lang.SecurityException: Permission Denial: writing com.sec.android.provider.badge.BadgeProvider uri content://com.sec.badge/apps?notify=true from pid=1628, uid=10044 requires com.sec.android.provider.badge.permission.WRITE, or grantUriPermission()
11-17 17:05:31.379  1468  1995 D NetdEventListenerService: DNS Requested by 187, 10484(com.alphatecks.qglide), SUCCESS, 2ms
11-17 17:05:31.419  1468  1995 D NetdEventListenerService: DNS Requested by 187, 10484(com.alphatecks.qglide), 7(NODATA), isBlocked=false, 28ms
11-17 17:05:31.427  2080  2187 E DatabaseUtils: java.lang.SecurityException: Permission Denial: writing com.sec.android.provider.badge.BadgeProvider uri content://com.sec.badge/apps?notify=true from pid=1628, uid=10044 requires com.sec.android.provider.badge.permission.WRITE, or grantUriPermission()
11-17 17:05:31.435  1468  2189 D WindowManager: Changing focus from Window{e72f55c u0 com.alphatecks.qglide/com.alphatecks.qglide.MainActivity} to Window{c8ecfc8 u0 NotificationShade} displayId=0 Callers=com.android.server.wm.WindowManagerService.relayoutWindowInner:142 com.android.server.wm.WindowManagerService.relayoutWindow:6 com.android.server.wm.Session.relayout:27 com.android.server.wm.Session.relayoutAsync:26 
11-17 17:05:31.446  1468  2189 D InsetsSourceProvider: updateFakeControlTarget: fakeControl=InsetsSourceControl: {56410001 mType=navigationBars mSurfacePosition=Point(0, 0) mInsetsHint=Insets{left=0, top=0, right=0, bottom=0}}, fakeTarget=Window{e72f55c u0 com.alphatecks.qglide/com.alphatecks.qglide.MainActivity}
11-17 17:05:31.474  1468  1995 D NetdEventListenerService: DNS Requested by 187, 10484(com.alphatecks.qglide), 7(NODATA), isBlocked=false, 52ms
