11-17 17:05:31.526  1468  2321 D SLocation: CommonCoreManager - handleCommandCallback - FUNC_TYPE : SET_LOCATION  ERROR_CODE : ERROR_NONE
11-17 17:05:31.544  1468  2189 D WindowManager: updateSystemBarAttributes: displayId=0, focusedCanBeNavColorWin=false, win=Window{c8ecfc8 u0 NotificationShade}, navColorWin=Window{e72f55c u0 com.alphatecks.qglide/com.alphatecks.qglide.MainActivity}, caller=com.android.server.wm.WindowManagerService.updateFocusedWindowLocked:375 com.android.server.wm.WindowManagerService.relayoutWindowInner:142 com.android.server.wm.WindowManagerService.relayoutWindow:6 
11-17 17:05:31.571  1468  2845 D InputDispatcher: Focus left window (0): e72f55c com.alphatecks.qglide/com.alphatecks.qglide.MainActivity
11-17 17:05:31.621  1468  2189 D WindowManager: Changing focus from Window{c8ecfc8 u0 NotificationShade} to Window{e72f55c u0 com.alphatecks.qglide/com.alphatecks.qglide.MainActivity} displayId=0 Callers=com.android.server.wm.WindowManagerService.relayoutWindowInner:142 com.android.server.wm.WindowManagerService.relayoutWindow:6 com.android.server.wm.Session.relayout:27 com.android.server.wm.Session.relayoutAsync:26 
11-17 17:05:31.624  1468  2189 D InsetsSourceProvider: updateControlForTarget: control=InsetsSourceControl: {56410001 mType=navigationBars initiallyVisible mSurfacePosition=Point(0, 2265) mInsetsHint=Insets{left=0, top=0, right=0, bottom=42}}, target=Window{e72f55c u0 com.alphatecks.qglide/com.alphatecks.qglide.MainActivity}, from=com.android.server.wm.InsetsStateController.onControlTargetChanged:81 com.android.server.wm.InsetsPolicy.updateBarControlTarget:188 com.android.server.wm.DisplayPolicy.updateSystemBarAttributes:281 com.android.server.wm.WindowManagerService.updateFocusedWindowLocked:375 com.android.server.wm.WindowManagerService.relayoutWindowInner:142 
11-17 17:05:31.628  1468  2189 D WindowManager: updateSystemBarAttributes: displayId=0, focusedCanBeNavColorWin=false, win=Window{e72f55c u0 com.alphatecks.qglide/com.alphatecks.qglide.MainActivity}, navColorWin=Window{e72f55c u0 com.alphatecks.qglide/com.alphatecks.qglide.MainActivity}, caller=com.android.server.wm.WindowManagerService.updateFocusedWindowLocked:375 com.android.server.wm.WindowManagerService.relayoutWindowInner:142 com.android.server.wm.WindowManagerService.relayoutWindow:6 
11-17 17:05:31.629  1468  2189 V SystemKeyManager: updateFocusedWindow() is called, com.alphatecks.qglide/com.alphatecks.qglide.MainActivity
11-17 17:05:31.629  1468  2189 I SystemKeyManager: requested systemKeyInfo size=1 focusedWindow=com.alphatecks.qglide/com.alphatecks.qglide.MainActivity
11-17 17:05:31.629  1468  2189 I SystemKeyManager: requested systemKeyInfo size=1 focusedWindow=com.alphatecks.qglide/com.alphatecks.qglide.MainActivity
11-17 17:05:31.638 32232 32232 I InsetsSourceConsumer: applyRequestedVisibilityToControl: visible=true, type=navigationBars, host=com.alphatecks.qglide/com.alphatecks.qglide.MainActivity
11-17 17:05:31.645  1109  1228 D SurfaceFlinger: [input] setFocusedWindow: e72f55c com.alphatecks.qglide/com.alphatecks.qglide.MainActivity
11-17 17:05:31.645  1468  4392 D InputDispatcher: Once focus requested (0): e72f55c com.alphatecks.qglide/com.alphatecks.qglide.MainActivity
11-17 17:05:31.645  1468  4392 D InputDispatcher: Focus entered window (0): e72f55c com.alphatecks.qglide/com.alphatecks.qglide.MainActivity
11-17 17:05:31.657  1468  1995 D NetdEventListenerService: DNS Requested by 187, 10484(com.alphatecks.qglide), SUCCESS, 1ms
11-17 17:05:31.682  1109  1109 D SurfaceFlinger:        DEVICE |   0xb400007011edd190 | 0002 | RGBA_8888    |    0.0    0.0 1080.0 2400.0 |    0    0 1080 2400 | SurfaceView[com.alphatecks.qglide/co[...].qglide.MainActivity]@0(BLAST)#83589 (2599)
11-17 17:05:31.682  1109  1109 D SurfaceFlinger:        DEVICE |   0xb400007011ed0310 | 0001 | RGBA_8888    |    0.0    0.0 1080.0 2400.0 |    0    0 1080 2400 | com.alphatecks.qglide/com.alphatecks.qglide.MainActivity$_32232#83582 (254)
11-17 17:05:31.686  2050  2050 D NavigationBar: onSystemBarAttributesChanged() -  displayId:0, appearance:8, packageName: com.alphatecks.qglide (APPEARANCE_LIGHT_STATUS_BARS ), navbarColorManagedByIme:false
11-17 17:05:31.695  1468  1995 D NetdEventListenerService: DNS Requested by 187, 10484(com.alphatecks.qglide), 7(NODATA), isBlocked=false, 24ms
11-17 17:05:31.721  1468  2099 D InsetsSourceProvider: updateControlForTarget: control=InsetsSourceControl: {d8f40000 mType=statusBars initiallyVisible mSurfacePosition=Point(0, 0) mInsetsHint=Insets{left=0, top=80, right=0, bottom=0}}, target=Window{e72f55c u0 com.alphatecks.qglide/com.alphatecks.qglide.MainActivity}, from=com.android.server.wm.InsetsStateController.onControlTargetChanged:81 com.android.server.wm.InsetsPolicy.updateBarControlTarget:175 com.android.server.wm.DisplayPolicy.updateSystemBarAttributes:281 com.android.server.wm.DisplayPolicy.finishPostLayoutPolicyLw:17 com.android.server.wm.RootWindowContainer.applySurfaceChangesTransaction$1:194 
11-17 17:05:31.740  1468  1995 D NetdEventListenerService: DNS Requested by 187, 10484(com.alphatecks.qglide), 7(NODATA), isBlocked=false, 17ms
11-17 17:05:31.743 32232 32232 I InsetsSourceConsumer: applyRequestedVisibilityToControl: visible=true, type=statusBars, host=com.alphatecks.qglide/com.alphatecks.qglide.MainActivity
11-17 17:05:31.786  1109  1109 D SurfaceFlinger:        DEVICE |   0xb400007011e94410 | 0002 | RGBA_8888    |    0.0    0.0 1080.0 2400.0 |    0    0 1080 2400 | SurfaceView[com.alphatecks.qglide/co[...].qglide.MainActivity]@0(BLAST)#83589 (2608)
11-17 17:05:31.786  1109  1109 D SurfaceFlinger:        DEVICE |   0xb400007011ed0310 | 0001 | RGBA_8888    |    0.0    0.0 1080.0 2400.0 |    0    0 1080 2400 | com.alphatecks.qglide/com.alphatecks.qglide.MainActivity$_32232#83582 (254)
11-17 17:05:31.986  2050  2050 E CentralSurfaces: android.widget.RemoteViews$ActionException: java.lang.NullPointerException: Attempt to invoke virtual method 'boolean java.lang.String.isEmpty()' on a null object reference
11-17 17:05:31.986  2050  2050 E CentralSurfaces: Caused by: java.lang.NullPointerException: Attempt to invoke virtual method 'boolean java.lang.String.isEmpty()' on a null object reference
11-17 17:05:32.130  1468  1542 D SGM:GameManager: identifyForegroundApp. com.alphatecks.qglide, mCurrentUserId: 0, callerUserId: 0
11-17 17:05:32.288  1468  1995 D NetdEventListenerService: DNS Requested by 187, 10484(com.alphatecks.qglide), SUCCESS, 1ms
11-17 17:05:32.312  1468  1995 D NetdEventListenerService: DNS Requested by 187, 10484(com.alphatecks.qglide), 7(NODATA), isBlocked=false, 14ms
11-17 17:05:32.338  1468  1995 D NetdEventListenerService: DNS Requested by 187, 10484(com.alphatecks.qglide), 7(NODATA), isBlocked=false, 21ms
11-17 17:05:32.376  1109  1138 I SurfaceFlinger: id=83591 Removed Surface(name=e72f55c com.alphatecks.qglide/com.alphatecks.qglide.MainActivity)/@0xc188c31 - animation-leash of starting_reveal#83591 (327)
11-17 17:05:32.383  1109  1109 I SurfaceFlinger: destroyed Surface(name=e72f55c com.alphatecks.qglide/com.alphatecks.qglide.MainActivity)/@0xc188c31 - animation-leash of starting_reveal#83591
11-17 17:05:32.384  1109  1109 I Layer   : id=83591 Destroyed Surface(name=e72f55c com.alphatecks.qglide/com.alphatecks.qglide.MainActivity)/@0xc188c31 - animation-leash of starting_reveal#83591
11-17 17:05:32.405  1109  1138 I SurfaceFlinger: id=83403 Removed Surface(name=9a6987d com.alphatecks.qglide/com.alphatecks.qglide.MainActivity)/@0x5f2691 - animation-leash of starting_reveal#83403 (324)
11-17 17:05:32.408  1109  1109 I SurfaceFlinger: destroyed Surface(name=9a6987d com.alphatecks.qglide/com.alphatecks.qglide.MainActivity)/@0x5f2691 - animation-leash of starting_reveal#83403
11-17 17:05:32.410  1109  1109 I Layer   : id=83403 Destroyed Surface(name=9a6987d com.alphatecks.qglide/com.alphatecks.qglide.MainActivity)/@0x5f2691 - animation-leash of starting_reveal#83403
11-17 17:05:32.520  1372  1416 W Binder  : Caught a RuntimeException from the binder stub implementation.
11-17 17:05:32.520  1372  1416 W Binder  : java.lang.UnsupportedOperationException
11-17 17:05:32.527  1372  1425 W Binder  : Caught a RuntimeException from the binder stub implementation.
11-17 17:05:32.527  1372  1425 W Binder  : java.lang.UnsupportedOperationException
11-17 17:05:33.056  1457  2518 W fb4a.lacrima: FbErrorReportingConfig.postStartupInit
11-17 17:05:33.131  1109  1149 D RenderEngine: [SEC_SF_EFFECTS] drawLayersInternal,1313, Rendering layer SurfaceView[com.alphatecks.qglide/com.alphatecks.qglide.MainActivity]@0(BLAST)#83589 at index 1
11-17 17:05:33.131  1109  1149 D RenderEngine: [SEC_SF_EFFECTS] drawLayersInternal,1313, Rendering layer com.alphatecks.qglide/com.alphatecks.qglide.MainActivity$_32232#83582 at index 2
11-17 17:05:33.222  1468  2099 D ActivityTaskManager: scheduleTopResumedActivityChanged, onTop=false, r=ActivityRecord{ccba446 u0 com.alphatecks.qglide/.MainActivity t8949}, caller=com.android.server.wm.ActivityTaskSupervisor.scheduleTopResumedActivityStateLossIfNeeded:11 com.android.server.wm.ActivityTaskSupervisor.updateTopResumedActivityIfNeeded:19 com.android.server.wm.TaskDisplayArea.positionChildAt:270 com.android.server.wm.Task.moveToFront:443 com.android.server.wm.ActivityStarter.startActivityInner:304 com.android.server.wm.ActivityStarter.startActivityUnchecked:639 
11-17 17:05:33.238  1468  2099 I Telecom : InCallController: Components updated: [ComponentInfo{com.samsung.android.incallui/com.android.incallui.NonUiServiceImpl}, ComponentInfo{com.android.bluetooth/com.android.bluetooth.telephony.BluetoothInCallService}]: CSW.sDc(cw)@YTk
11-17 17:05:33.244  1468  1542 D SGM:FgCheckThread: notePauseComponent(), received pkgName: com.alphatecks.qglide, userId: 0
11-17 17:05:33.244  1468  1542 D SGM:FgCheckThread: notePauseComponent(), received pkgName: com.alphatecks.qglide, userId: 0
11-17 17:05:33.244  1468  1542 D SGM:FgCheckThread: notifyFocusInOut(). of pkg: com.alphatecks.qglide, type: 20, isSecGameFamily: false, userId: 0
11-17 17:05:33.250  1468  1542 D SGM:GameManager: identifyGamePackage. com.alphatecks.qglide, mCurrentUserId: 0, callerUserId: 0, callingMethodInfo: com.samsung.android.game.SemGameManager.isGamePackage(SemGameManager.java:105)
11-17 17:05:33.250  1468  1542 D SGM:SemGameManager: isGamePackage(), pkgName=com.alphatecks.qglide, ret=false
11-17 17:05:33.250  1468  4409 D WindowManager: Changing focus from Window{e72f55c u0 com.alphatecks.qglide/com.alphatecks.qglide.MainActivity} to null displayId=0 Callers=com.android.server.wm.ActivityTaskManagerService.setLastResumedActivityUncheckLocked:264 com.android.server.wm.ActivityTaskSupervisor.updateTopResumedActivityIfNeeded:50 com.android.server.wm.TaskFragment.setResumedActivity:29 com.android.server.wm.ActivityRecord.setState:104 
11-17 17:05:33.266  2280  2280 I BluetoothInCallService: updateHeadsetWithCallState : ignore force false, pending false, numActive 0, numHeld 0, numChildOfActive 0, callState 7, ringing type 129
11-17 17:05:33.275  2280  2280 I BluetoothInCallService: onCallRemoved : 133483601, but wait for end tone play
11-17 17:05:33.291  1468  2053 D InputDispatcher: Focus left window (0): e72f55c com.alphatecks.qglide/com.alphatecks.qglide.MainActivity
11-17 17:05:33.303  1082  1319 I AudioPolicyEffectException: clearEffectReference_l after clear size 0
11-17 17:05:33.456  1468  1872 D MdnieScenarioControlService:  packageName : com.alphatecks.qglide    className : com.alphatecks.qglide.MainActivity
11-17 17:05:33.514  1468  2099 D SGM:FgCheckThread:   sendRunningComponentFocus(), pkgName: com.alphatecks.qglide, userId: 0
11-17 17:05:33.514  1468  1816 D SGM:FgCheckThread: onLooperPrepared(), msg: MSG_TASK_FOCUSED, pkgName: com.alphatecks.qglide, userId: 0
11-17 17:05:33.514  1468  1816 D SGM:FgCheckThread:   handleTaskFocused(), pkgName: com.alphatecks.qglide, userID:0 mResumedPkgMap does not containsKey.
11-17 17:05:33.514  1468  2099 D InputDispatcher: Focused application(0): ActivityRecord{ccba446 u0 com.alphatecks.qglide/.MainActivity t8949}
11-17 17:05:33.515  1468  2099 D WindowManager: Changing focus from null to Window{e72f55c u0 com.alphatecks.qglide/com.alphatecks.qglide.MainActivity} displayId=0 Callers=com.android.server.wm.ActivityTaskManagerService.setLastResumedActivityUncheckLocked:264 com.android.server.wm.ActivityTaskSupervisor.updateTopResumedActivityIfNeeded:50 com.android.server.wm.TaskFragment.setResumedActivity:29 com.android.server.wm.ActivityRecord.setState:104 
11-17 17:05:33.515  1468  2099 V SystemKeyManager: updateFocusedWindow() is called, com.alphatecks.qglide/com.alphatecks.qglide.MainActivity
11-17 17:05:33.515  1468  2099 I SystemKeyManager: requested systemKeyInfo size=1 focusedWindow=com.alphatecks.qglide/com.alphatecks.qglide.MainActivity
11-17 17:05:33.515  1468  2099 I SystemKeyManager: requested systemKeyInfo size=1 focusedWindow=com.alphatecks.qglide/com.alphatecks.qglide.MainActivity
11-17 17:05:33.515  1468  2099 D ActivityTaskManager: scheduleTopResumedActivityChanged, onTop=true, r=ActivityRecord{ccba446 u0 com.alphatecks.qglide/.MainActivity t8949}, caller=com.android.server.wm.ActivityTaskSupervisor.updateTopResumedActivityIfNeeded:62 com.android.server.wm.TaskFragment.setResumedActivity:29 com.android.server.wm.ActivityRecord.setState:104 com.android.server.wm.TaskFragment.resumeTopActivity:1817 com.android.server.wm.Task.resumeTopActivityInnerLocked:98 com.android.server.wm.Task.resumeTopActivityUncheckedLocked:23 
11-17 17:05:33.518  1468  2099 V WindowManager: Start calculating TransitionInfo based on participants: {Task{2e67607 #8949 type=standard I=com.alphatecks.qglide/.MainActivity}, Task{5dd497c #8950 type=standard A=10329:com.truecaller.callerid.PostCallActivity}, ActivityRecord{cd8f850 u0 com.truecaller/.callerid.PostCallActivity t8950 f}}}
11-17 17:05:33.518  1468  2099 V WindowManager:   Final targets: [Task{2e67607 #8949 type=standard I=com.alphatecks.qglide/.MainActivity}]
11-17 17:05:33.521  1468  2099 V WindowManager:         {WCT{RemoteToken{f9d8393 Task{2e67607 #8949 type=standard I=com.alphatecks.qglide/.MainActivity}}} m=CHANGE f=MOVE_TO_TOP|EDGE_EXTENSION_RESTRICTION leash=Surface(name=Task=8949)/@0x4093164 sb=Rect(0, 0 - 1080, 2400) eb=Rect(0, 0 - 1080, 2400) d=0 taskParent=-1 inset=Rect(0, 80 - 0, 42)}
11-17 17:05:33.524  1468  1539 V WindowManager:         {WCT{RemoteToken{f9d8393 Task{2e67607 #8949 type=standard I=com.alphatecks.qglide/.MainActivity}}} m=CHANGE f=MOVE_TO_TOP|EDGE_EXTENSION_RESTRICTION leash=Surface(name=Task=8949)/@0x4093164 sb=Rect(0, 0 - 1080, 2400) eb=Rect(0, 0 - 1080, 2400) d=0 taskParent=-1 inset=Rect(0, 80 - 0, 42)}
11-17 17:05:33.527 32232 32232 I VRI[MainActivity]@6525abf: updateBoundsLayer: t=android.view.SurfaceControl$Transaction@9f0c92a sc=Surface(name=Bounds for - com.alphatecks.qglide/com.alphatecks.qglide.MainActivity@0)/@0x94ca31b frame=255
11-17 17:05:33.531  1468  1542 D SGM:FgCheckThread: noteResumeComponent(), received pkgName: com.alphatecks.qglide, userId: 0
11-17 17:05:33.532  3923 23547 I SDHMS:l : handleResumeComponent : put = com.alphatecks.qglide, userid = 0 instanceid =75535156
11-17 17:05:33.534  1468  1816 D SGM:FgCheckThread: onLooperPrepared(), msg: MSG_APP_RESUME, pkgName: com.alphatecks.qglide, userid: 0
11-17 17:05:33.534  1468  1816 D SGM:FgCheckThread:   handleResume(). pkgName: com.alphatecks.qglide, userId: 0, category: non-game
11-17 17:05:33.534  1468  1816 D SGM:FgCheckThread: notifyFocusInOut(). of pkg: com.alphatecks.qglide, type: 4, isSecGameFamily: false, userId: 0
11-17 17:05:33.536  1468  4409 V WindowManager: Relayout Window{e72f55c u0 com.alphatecks.qglide/com.alphatecks.qglide.MainActivity}: viewVisibility=0 req=1080x2400 ty=1 d0
11-17 17:05:33.537  1109  1228 D SurfaceFlinger: [input] setFocusedWindow: e72f55c com.alphatecks.qglide/com.alphatecks.qglide.MainActivity
11-17 17:05:33.537  2540  2540 I HoneySpace.EdgePanel.EdgeContainerViewModel: cocktailHostRepository.edgePanelOperation NoteResumeComponent(componentName=ComponentInfo{com.alphatecks.qglide/com.alphatecks.qglide.MainActivity})
11-17 17:05:33.538  2540 19989 I HoneySpace.EdgePanel.ActivityUtils: HomePackage : com.sec.android.app.launcher, resumePackageName : com.alphatecks.qglide
11-17 17:05:33.538  1468  4392 D InputDispatcher: Once focus requested (0): e72f55c com.alphatecks.qglide/com.alphatecks.qglide.MainActivity
11-17 17:05:33.538  1468  4392 D InputDispatcher: Focus entered window (0): e72f55c com.alphatecks.qglide/com.alphatecks.qglide.MainActivity
11-17 17:05:33.557  1468  1542 D SGM:GameManager: identifyGamePackage. com.alphatecks.qglide, mCurrentUserId: 0, callerUserId: 0, callingMethodInfo: com.samsung.android.game.SemGameManager.isGamePackage(SemGameManager.java:105)
11-17 17:05:33.557  1468  1542 D SGM:SemGameManager: isGamePackage(), pkgName=com.alphatecks.qglide, ret=false
11-17 17:05:33.572  1468  1995 D NetdEventListenerService: DNS Requested by 187, 10484(com.alphatecks.qglide), SUCCESS, 18ms
11-17 17:05:33.607  1468  1542 D SGM:FgCheckThread: getForegroundApp(), foregroundPkgName=com.alphatecks.qglide
11-17 17:05:33.608  1468  1542 D SGM:FgCheckThread: noteStopComponent(), received pkgName: com.truecaller, focusedPkgName: com.alphatecks.qglide, userId: 0
11-17 17:05:33.661  1468  1995 D NetdEventListenerService: DNS Requested by 187, 10484(com.alphatecks.qglide), 7(NODATA), isBlocked=false, 80ms
11-17 17:05:33.699  1468  1995 D NetdEventListenerService: DNS Requested by 187, 10484(com.alphatecks.qglide), 7(NODATA), isBlocked=false, 19ms
11-17 17:05:33.728  1468  1872 D MdnieScenarioControlService:  packageName : com.alphatecks.qglide    className : com.alphatecks.qglide.MainActivity
11-17 17:05:33.813  2050  2910 W MediaPlayer: Error setting data source via ContentResolver
11-17 17:05:33.813  2050  2910 W MediaPlayer: java.io.FileNotFoundException: open failed: ENOENT (No such file or directory)
11-17 17:05:33.813  2050  2910 W MediaPlayer: 	at android.database.DatabaseUtils.readExceptionWithFileNotFoundExceptionFromParcel(DatabaseUtils.java:164)
11-17 17:05:33.932  1468  4392 D ActivityBatchImpl: binderDied() : mExceptionMode = KILL
11-17 17:05:33.932  1468  4392 D ActivityBatchImpl: handleDiedBinder() : mExceptionMode = KILL
11-17 17:05:34.015  1468  1542 D SGM:GameManager: identifyForegroundApp. com.alphatecks.qglide, mCurrentUserId: 0, callerUserId: 0
11-17 17:05:34.374  1468  1995 D NetdEventListenerService: DNS Requested by 187, 10484(com.alphatecks.qglide), SUCCESS, 1ms
11-17 17:05:34.394  1468  1995 D NetdEventListenerService: DNS Requested by 187, 10484(com.alphatecks.qglide), 7(NODATA), isBlocked=false, 9ms
11-17 17:05:34.414  1468  1995 D NetdEventListenerService: DNS Requested by 187, 10484(com.alphatecks.qglide), 7(NODATA), isBlocked=false, 14ms
11-17 17:05:34.507  1301  2942 V NuPlayer: checkOffloadExceptions is true, call canOffloadStream
11-17 17:05:34.509  1301  2942 V NuPlayer: checkOffloadExceptions is true, call canOffloadStream
11-17 17:05:34.639  2080  2174 E DatabaseUtils: java.lang.SecurityException: Permission Denial: writing com.sec.android.provider.badge.BadgeProvider uri content://com.sec.badge/apps from pid=1457, uid=10384 requires com.sec.android.provider.badge.permission.WRITE, or grantUriPermission()
11-17 17:05:35.394  1457  2557 E fb4a.ColdstartExperimentsController: java.lang.IllegalStateException: Main DexStore is null
11-17 17:05:35.463  1468  1468 I Telecom : InCallController$CarSwappingInCallServiceConnection: already disconnected: CSW.rC->CM.pR->ICC.oCR(cw)@YT0
11-17 17:05:35.464  1468  1468 I Telecom : InCallController: ICSBC#disconnect: unbinding after 10619 ms;[ComponentInfo{com.android.bluetooth/com.android.bluetooth.telephony.BluetoothInCallService} supportsExternal? false supportsSelfMg?true supportsAllowedSelfMg?false], 4. isCrashed: false: CSW.rC->CM.pR->ICC.oCR(cw)@YT0
11-17 17:05:35.466  1468  1468 I Telecom : Event: RecordEntry TC@120: UNBIND_ICS, [ComponentInfo{com.android.bluetooth/com.android.bluetooth.telephony.BluetoothInCallService} supportsExternal? false supportsSelfMg?true supportsAllowedSelfMg?false], 4, UserHandle{0}: CSW.rC->CM.pR->ICC.oCR(cw)@YT0
11-17 17:05:35.467  2280  2280 I BluetoothInCallService: onUnbind. Intent: Intent { act=android.telecom.InCallService cmp=com.android.bluetooth/.telephony.BluetoothInCallService }
11-17 17:05:35.469  1468  1468 W Telecom : Call: maybeOnInCallServiceTrackingChanged() request on a call without a connection service.: CSW.rC->CM.pR->ICC.oCR(cw)@YT0
11-17 17:05:35.469  1468  1468 I Telecom : InCallController: onDisconnected from ComponentInfo{com.android.bluetooth/com.android.bluetooth.telephony.BluetoothInCallService}: CSW.rC->CM.pR->ICC.oCR(cw)@YT0
11-17 17:05:35.472  1468  1468 W Telecom : Call: maybeOnInCallServiceTrackingChanged() request on a call without a connection service.: CSW.rC->CM.pR->ICC.oCR(cw)@YT0
11-17 17:05:35.474  2280  2280 I BluetoothInCallService: onDestroy : remove 133483601 waits for end tone play, size 1
11-17 17:05:35.477  2280  2280 I BluetoothInCallService: updateHeadsetWithCallState : ignore force false, pending false, numActive 0, numHeld 0, numChildOfActive 0, callState 6, ringing type 129
11-17 17:05:35.477  2280  2280 I BluetoothInCallService: removeBluetoothCall : mBluetoothTbs is null
11-17 17:05:37.235  6793  6979 I StellaBLEManager: Unregistering BLE and ACL state receiver BlockedData(receiver=X.1eK@859c8fa, bleEnabled=false, pairingSubscriber=X.1eL@6dd837f, hasPairing=false, hasPermissions=false, hasTimeoutError=true, permissionsListener=X.1eP@d9bdf4c, aclConnections=[], discoveringServices=false, negotiatingMtu=false, writingDescriptor=false)
11-17 17:05:37.239  6793  7027 W RealClient-ConnectionManager: Generic error while handling connection: com.facebook.wearable.companion.connectivity.lib.blemanager.exceptions.BLEDisabledException: Ble is disabled.
11-17 17:05:37.290  1468  1995 D NetdEventListenerService: DNS Requested by 187, 10484(com.alphatecks.qglide), SUCCESS, 1ms
11-17 17:05:37.308  1468  1995 D NetdEventListenerService: DNS Requested by 187, 10484(com.alphatecks.qglide), 7(NODATA), isBlocked=false, 10ms
11-17 17:05:37.325  1468  1995 D NetdEventListenerService: DNS Requested by 187, 10484(com.alphatecks.qglide), 7(NODATA), isBlocked=false, 11ms
11-17 17:05:37.375  1468  1995 D NetdEventListenerService: DNS Requested by 187, 10484(com.alphatecks.qglide), SUCCESS, 2ms
11-17 17:05:37.391  1468  1995 D NetdEventListenerService: DNS Requested by 187, 10484(com.alphatecks.qglide), 7(NODATA), isBlocked=false, 7ms
11-17 17:05:37.402  1468  1995 D NetdEventListenerService: DNS Requested by 187, 10484(com.alphatecks.qglide), 7(NODATA), isBlocked=false, 9ms
11-17 17:05:37.595  2028  2347 E PhoneInterfaceManager: Not getting aid. Exception ex=java.lang.NullPointerException: Attempt to invoke virtual method 'java.lang.String com.android.internal.telephony.uicc.UiccCardApplication.getAid()' on a null object reference
11-17 17:05:37.596  2028  2347 E PhoneInterfaceManager: Not getting aid. Exception ex=java.lang.NullPointerException: Attempt to invoke virtual method 'java.lang.String com.android.internal.telephony.uicc.UiccCardApplication.getAid()' on a null object reference
11-17 17:05:37.638  2028  2694 E PhoneInterfaceManager: Not getting aid. Exception ex=java.lang.NullPointerException: Attempt to invoke virtual method 'java.lang.String com.android.internal.telephony.uicc.UiccCardApplication.getAid()' on a null object reference
11-17 17:05:37.641  2028  2694 E PhoneInterfaceManager: Not getting aid. Exception ex=java.lang.NullPointerException: Attempt to invoke virtual method 'java.lang.String com.android.internal.telephony.uicc.UiccCardApplication.getAid()' on a null object reference
11-17 17:05:37.652  2409  2911 E SimpleEventLog: SecImsNotifier resize failed! java.nio.charset.MalformedInputException: Input length = 1
11-17 17:05:37.653  2409  2911 E SimpleEventLog: SecImsNotifier resize failed! java.nio.charset.MalformedInputException: Input length = 1
11-17 17:05:37.675  1468  2321 D SLocation: CommonCoreManager - handleCommandCallback - FUNC_TYPE : SET_LOCATION  ERROR_CODE : ERROR_NONE
11-17 17:05:37.772  3567 32502 W SemanticLocation: com.google.android.gms.auth.UserRecoverableAuthException: BadAuthentication
11-17 17:05:40.375  1468  1995 D NetdEventListenerService: DNS Requested by 187, 10484(com.alphatecks.qglide), SUCCESS, 1ms
11-17 17:05:40.396  1468  1995 D NetdEventListenerService: DNS Requested by 187, 10484(com.alphatecks.qglide), 7(NODATA), isBlocked=false, 11ms
11-17 17:05:40.407  1468  1995 D NetdEventListenerService: DNS Requested by 187, 10484(com.alphatecks.qglide), 7(NODATA), isBlocked=false, 11ms
11-17 17:05:41.424  3923  4158 E SQLiteDatabase: Error inserting screen_off_time=30394 batterydelta=3 start_time=1763394920817 screen_power=49.466763583333204 condition=0 screen_off_discharge=1 batteryuptime=620407 time=1763395541236 power=120.0 screen_doze_discharge=0 screen_on_time=590013 screen_on_discharge=34
11-17 17:05:41.424  3923  4158 E SQLiteDatabase: android.database.sqlite.SQLiteException: table all has no column named screen_doze_discharge (code 1 SQLITE_ERROR[1]): , while compiling: INSERT INTO [all](screen_off_time,batterydelta,start_time,screen_power,condition,screen_off_discharge,batteryuptime,time,power,screen_doze_discharge,screen_on_time,screen_on_discharge) VALUES (?,?,?,?,?,?,?,?,?,?,?,?)
11-17 17:05:41.953 29720 29757 I SamsungAccount: [LocalBusinessException] Not Skip Name Validation by AppId
11-17 17:05:42.287  1468  1995 D NetdEventListenerService: DNS Requested by 187, 10484(com.alphatecks.qglide), SUCCESS, 0ms
11-17 17:05:42.303  1468  1995 D NetdEventListenerService: DNS Requested by 187, 10484(com.alphatecks.qglide), 7(NODATA), isBlocked=false, 7ms
11-17 17:05:42.314  1468  1995 D NetdEventListenerService: DNS Requested by 187, 10484(com.alphatecks.qglide), 7(NODATA), isBlocked=false, 10ms
11-17 17:05:42.554  1468  2053 D SGM:GameManager: identifyGamePackage. com.alphatecks.qglide, mCurrentUserId: 0, callerUserId: 0, callingMethodInfo: com.samsung.android.game.IGameManagerService$Stub.onTransact(IGameManagerService.java:228)
11-17 17:05:42.860  1468  4369 D SGM:GameManager: identifyForegroundApp. com.alphatecks.qglide, mCurrentUserId: 0, callerUserId: 0
11-17 17:05:43.172  3567 32495 W LogErrorOperation: onLogError callback failed.
11-17 17:05:43.377  1468  1995 D NetdEventListenerService: DNS Requested by 187, 10484(com.alphatecks.qglide), SUCCESS, 1ms
11-17 17:05:43.406  1468  1995 D NetdEventListenerService: DNS Requested by 187, 10484(com.alphatecks.qglide), 7(NODATA), isBlocked=false, 20ms
11-17 17:05:43.416  1468  1995 D NetdEventListenerService: DNS Requested by 187, 10484(com.alphatecks.qglide), 7(NODATA), isBlocked=false, 9ms
11-17 17:05:43.881  1468  2321 D SLocation: CommonCoreManager - handleCommandCallback - FUNC_TYPE : SET_LOCATION  ERROR_CODE : ERROR_NONE
11-17 17:05:43.979  3320  3320 E chromium: ERROR:base/i18n/rtl.cc:159] Failed to set the ICU default locale to . Falling back to en-US.
11-17 17:05:43.984  3320  3320 E chromium: ERROR:third_party/crashpad/crashpad/util/file/filesystem_posix.cc:63] mkdir : No such file or directory (2)
11-17 17:05:44.318  3320  3320 E chromium: ERROR:terrace/browser/extensions/component_loader.cc:190] Failed to parse extension manifest.
11-17 17:05:44.519  1468  1995 D NetdEventListenerService: DNS Requested by 187, 10484(com.alphatecks.qglide), SUCCESS, 1ms
11-17 17:05:44.534  1468  1995 D NetdEventListenerService: DNS Requested by 187, 10484(com.alphatecks.qglide), 7(NODATA), isBlocked=false, 10ms
11-17 17:05:44.544  1468  1995 D NetdEventListenerService: DNS Requested by 187, 10484(com.alphatecks.qglide), 7(NODATA), isBlocked=false, 9ms
11-17 17:05:46.177  1468  1995 D NetdEventListenerService: DNS Requested by 187, 10484(com.alphatecks.qglide), SUCCESS, 5ms
11-17 17:05:46.206  1468  1995 D NetdEventListenerService: DNS Requested by 187, 10484(com.alphatecks.qglide), 7(NODATA), isBlocked=false, 19ms
11-17 17:05:46.218  1468  1995 D NetdEventListenerService: DNS Requested by 187, 10484(com.alphatecks.qglide), 7(NODATA), isBlocked=false, 11ms
11-17 17:05:46.373  1468  1995 D NetdEventListenerService: DNS Requested by 187, 10484(com.alphatecks.qglide), SUCCESS, 0ms
11-17 17:05:46.391  1468  1995 D NetdEventListenerService: DNS Requested by 187, 10484(com.alphatecks.qglide), 7(NODATA), isBlocked=false, 8ms
11-17 17:05:46.407  1468  1995 D NetdEventListenerService: DNS Requested by 187, 10484(com.alphatecks.qglide), 7(NODATA), isBlocked=false, 14ms
11-17 17:05:46.465  3567 32495 W LogErrorOperation: onLogError callback failed.
11-17 17:05:46.477  3567 32495 W LogErrorOperation: onLogError callback failed.
11-17 17:05:46.492  3567 32625 W LogErrorOperation: onLogError callback failed.
11-17 17:05:46.514 32232 32232 I NotificationManager: com.alphatecks.qglide: notify(669052505, null, Notification(channel=qglide_notifications shortcut=null contentView=null vibrate=null sound=null defaults=0 flags=AUTO_CANCEL color=0x00000000 vis=PRIVATE semFlags=0x0 semPriority=0 semMissedCount=0)) as user
11-17 17:05:46.515 32232 32232 D NotificationManager: BOOTING pkg =com.alphatecks.qglide mBlockedChannelsForOverflowNoti=[]
11-17 17:05:46.571  3567 32625 W LogErrorOperation: onLogError callback failed.
11-17 17:05:46.597 32232  3500 D nativeloader: Load /data/app/~~S_RKAjXjeLvY6kCSO3epOw==/com.alphatecks.qglide-kd88YUI_MMoYGeW9W09CEg==/base.apk!/lib/arm64-v8a/libtwilio_voice_android_so.so using class loader ns clns-7 (caller=/data/app/~~S_RKAjXjeLvY6kCSO3epOw==/com.alphatecks.qglide-kd88YUI_MMoYGeW9W09CEg==/base.apk): ok
11-17 17:05:46.601 32232  3500 F libc    : Fatal signal 6 (SIGABRT), code -1 (SI_QUEUE) in tid 3500 (Firebase-Messag), pid 32232 (phatecks.qglide)
11-17 17:05:46.734  1468  1468 D EdgeLightingManager: showForNotification : isInteractive=true, isHeadUp=true, color=0, canBypassDnd=false, sbn = StatusBarNotification(pkg=com.alphatecks.qglide user=UserHandle{0} id=669052505 tag=null key=0|com.alphatecks.qglide|669052505|null|10484: Notification(channel=qglide_notifications shortcut=null contentView=null vibrate=null sound=null defaults=0 flags=AUTO_CANCEL color=0x00000000 vis=PRIVATE semFlags=0x0 semPriority=0 semMissedCount=0))
11-17 17:05:46.734  1468  1468 D EdgeLightingPolicyManager: isAcceptableApplication:  pkg=com.alphatecks.qglide , range=256 , includeAllApp=false , userId=0 , infoRange=0 , infoCategory=0
11-17 17:05:46.734  1468  1468 D EdgeLightingPolicyManager: isAcceptableApplication:  pkg=com.alphatecks.qglide , range=1 , includeAllApp=false , userId=0 , infoRange=0 , infoCategory=0
11-17 17:05:46.735  1468  1468 D EdgeLightingManager: showEdgeLightingInternal : packageName = com.alphatecks.qglide, reason=1
11-17 17:05:46.735  1468  1468 D EdgeLightingClientManager: startEdgeLightingService : pkg = com.alphatecks.qglide, info = SemEdgeLighitngInfo{type = 2001, colors= [0, 0], repeat= 0, userId = 0}, reason = 1
11-17 17:05:46.746  1468  1468 D NotificationReminder: addNotificationRecord record com.alphatecks.qglide
11-17 17:05:46.746  1468  1468 D EdgeLightingClientManager: startService packagename=com.alphatecks.qglide,reason=1
11-17 17:05:46.759  2540  5639 I HoneySpace.NotificationListener: onNotificationPosted com.alphatecks.qglide: 0|com.alphatecks.qglide|669052505|null|10484: 0
11-17 17:05:46.759  2540  5639 I HoneySpace.BadgeDataSourceImpl: Get notification count. PK(p='com.alphatecks.qglide', u=UserHandle{0}) - forceBadgeCount: false, notification listener: 2, badge provider: 0
11-17 17:05:46.760  2540 19989 I HoneySpace.PackageEventOperator: [ApplistViewModel] badge count is updated. com.alphatecks.qglide/.MainActivity#UserHandle{0}|8632 : 2
11-17 17:05:46.763  5068  5068 W GameLauncher: NotificationListener Ignore non game notification: com.alphatecks.qglide
11-17 17:05:46.764  2050  2050 D InterruptionStateProvider: No  Heads up : DISABLE_HEADS_UP 0|com.alphatecks.qglide|669052505|null|10484
11-17 17:05:46.765  2050  2050 D InterruptionStateProvider: No  Heads up : DISABLE_HEADS_UP 0|com.alphatecks.qglide|669052505|null|10484
11-17 17:05:46.768  2050  3523 W MediaPlayer: Error setting data source via ContentResolver
11-17 17:05:46.768  2050  3523 W MediaPlayer: java.io.FileNotFoundException: open failed: ENOENT (No such file or directory)
11-17 17:05:46.768  2050  3523 W MediaPlayer: 	at android.database.DatabaseUtils.readExceptionWithFileNotFoundExceptionFromParcel(DatabaseUtils.java:164)
11-17 17:05:46.784  2050  2050 D InterruptionStateProvider: No  Heads up : DISABLE_HEADS_UP 0|com.alphatecks.qglide|669052505|null|10484
11-17 17:05:46.828  2050  2050 I AppIconSolution: start to load, pkg=com.alphatecks.qglide, bg=192-192, dr=135-135, forDefault=true, density=0
11-17 17:05:46.828  2050  2050 I AppIconSolution: getIconScale, pkg=com.alphatecks.qglide, size=135, iconScale=IconScale[alpha=0, scale=1.0, isCrop=true]
11-17 17:05:46.835  2050  2050 I AppIconSolution: default container[CROP], pkg=com.alphatecks.qglide, bg=135-135, dr=135-135, isNight = true
11-17 17:05:46.875  2050  2050 I AppIconSolution: start to load, pkg=com.alphatecks.qglide, bg=192-192, dr=135-135, forDefault=true, density=0
11-17 17:05:46.876  2050  2050 I AppIconSolution: getIconScale, pkg=com.alphatecks.qglide, size=135, iconScale=IconScale[alpha=0, scale=1.0, isCrop=true]
11-17 17:05:46.883  2050  2050 I AppIconSolution: default container[CROP], pkg=com.alphatecks.qglide, bg=135-135, dr=135-135, isNight = true
11-17 17:05:46.899  2050  2050 I View    : setRequestedFrameRate frameRate=-2.0, this=StatusBarIconView(slot='com.alphatecks.qglide/0x27e0ee59' alpha=1.0 icon=StatusBarIcon(icon=Icon(typ=RESOURCE pkg=com.alphatecks.qglide id=0x7f0c0001) visible user=0 ) visibleState=ICON iconColor=#0 staticDrawableColor=#0 decorColor=#ff1b6cf7 animationStartColor=#0 currentSetColor=#0 notification=StatusBarNotification(pkg=com.alphatecks.qglide user=UserHandle{0} id=669052505 tag=null key=0|com.alphatecks.qglide|669052505|null|10484: Notification(channel=qglide_notifications shortcut=null contentView=null vibrate=null sound=null defaults=0 flags=AUTO_CANCEL color=0x00000000 vis=PRIVATE semFlags=0x2008 semPriority=0 semMissedCount=0))), caller=com.android.systemui.statusbar.StatusBarIconView.onAttachedToWindow:6 android.view.View.dispatchAttachedToWindow:24133 android.view.ViewGroup.addViewInner:5556 android.view.ViewGroup.addView:5332 com.android.systemui.statusbar.phone.LegacyNotificationIconAreaControllerImpl.updateIconsForLayout:425 
11-17 17:05:46.900  2050  2050 I View    : setRequestedFrameRate frameRate=-2.0, this=StatusBarIconView(slot='com.alphatecks.qglide/0x27e0ee59' alpha=1.0 icon=StatusBarIcon(icon=Icon(typ=RESOURCE pkg=com.alphatecks.qglide id=0x7f0c0001) visible user=0 ) visibleState=ICON iconColor=#0 staticDrawableColor=#0 decorColor=#ff1b6cf7 animationStartColor=#0 currentSetColor=#0 notification=StatusBarNotification(pkg=com.alphatecks.qglide user=UserHandle{0} id=669052505 tag=null key=0|com.alphatecks.qglide|669052505|null|10484: Notification(channel=qglide_notifications shortcut=null contentView=null vibrate=null sound=null defaults=0 flags=AUTO_CANCEL color=0x00000000 vis=PRIVATE semFlags=0x2008 semPriority=0 semMissedCount=0))), caller=com.android.systemui.statusbar.StatusBarIconView.onAttachedToWindow:6 android.view.View.dispatchAttachedToWindow:24133 android.view.ViewGroup.addViewInner:5556 android.view.ViewGroup.addView:5332 com.android.systemui.statusbar.phone.LegacyNotificationIconAreaControllerImpl.updateIconsForLayout:425 
11-17 17:05:47.060  3524  3524 D EdgeLightingService: onStartCommand pkg=com.alphatecks.qglide,info=SemEdgeLighitngInfo{type = 2001, colors= [0, 0], repeat= 0, userId = 0},reason=1
11-17 17:05:47.074  3524  3524 I EdgeLightingSettingUtils:  loadAppCustomColor : com.alphatecks.qglide don't set custom app color
11-17 17:05:47.088  3524  3524 I AppIconSolution: start to load, pkg=com.alphatecks.qglide, bg=192-192, dr=135-135, forDefault=true, density=0
11-17 17:05:47.088  3524  3524 I AppIconSolution: getIconScale, pkg=com.alphatecks.qglide, size=135, iconScale=IconScale[alpha=0, scale=1.0, isCrop=true]
11-17 17:05:47.091  3524  3524 I AppIconSolution: default container[CROP], pkg=com.alphatecks.qglide, bg=135-135, dr=135-135, isNight = true
11-17 17:05:47.095  3524  3524 I EdgeLightingSettingUtils: saveAppCustomColor pkgName : com.alphatecks.qglide Color : ffe6bb24
11-17 17:05:47.095  3524  3524 I ELPolicyManager: package : com.alphatecks.qglide Extract color : -1656028
11-17 17:05:47.095  3524  3524 D EdgeLightingScheduler: startEdgeLighting: 1 com.alphatecks.qglide onGo=false
11-17 17:05:47.102  3524  3524 D NotificationLightingScheduler: putLighting: com.alphatecks.qglide reason=1 cur=null, isNeedKeepPackage=true, isNeedKeepNoti=true
11-17 17:05:47.118  3524  3524 I AppIconSolution: start to load, pkg=com.alphatecks.qglide, bg=192-192, dr=135-135, forDefault=true, density=0
11-17 17:05:47.119  3524  3524 I AppIconSolution: getIconScale, pkg=com.alphatecks.qglide, size=135, iconScale=IconScale[alpha=0, scale=1.0, isCrop=true]
11-17 17:05:47.123  3524  3524 I AppIconSolution: default container[CROP], pkg=com.alphatecks.qglide, bg=135-135, dr=135-135, isNight = true
11-17 17:05:47.218  3524  3524 D EdgeLightingScheduler: notifyEdgeLightingPackageList :[com.alphatecks.qglide], empty = false
11-17 17:05:47.238  1468  3521 D VibratorManagerService: vibrate - uid: 1000, opPkg: android, effect: Mono{mEffect=Composed{segments=[SemHaptic{mType=50034, mMagnitude=-1}], repeat=-1, mMagnitudeType=TYPE_NOTIFICATION}}, attrs: VibrationAttributes{mUsage=NOTIFICATION, mAudioUsage= USAGE_NOTIFICATION, mCategory=UNKNOWN, mFlags=0, tags=}, reason: Notification (com.alphatecks.qglide 10484) (Delayed), token: android.os.Binder@2e9ed00
11-17 17:05:47.256  3524  3524 I NotificationEffect: setEdgeEffectInfo:  dur=4000 hasActionButton=false isGrayScaled= false color=ffe6bb24 notificationKey=0|com.alphatecks.qglide|669052505|null|10484 actionEnable= true
11-17 17:05:47.275  3524  3524 D EdgeLightingScheduler: startNotification: com.alphatecks.qglide
11-17 17:05:47.303  1468  1995 D NetdEventListenerService: DNS Requested by 187, 10484(com.alphatecks.qglide), SUCCESS, 11ms
11-17 17:05:47.315  1468  1995 D NetdEventListenerService: DNS Requested by 187, 10484(com.alphatecks.qglide), 7(NODATA), isBlocked=false, 13ms
11-17 17:05:47.333  1468  1995 D NetdEventListenerService: DNS Requested by 187, 10484(com.alphatecks.qglide), 7(NODATA), isBlocked=false, 14ms
11-17 17:05:47.450  1301  3540 V NuPlayer: checkOffloadExceptions is true, call canOffloadStream
11-17 17:05:47.454  1301  3540 V NuPlayer: checkOffloadExceptions is true, call canOffloadStream
11-17 17:05:47.520  1109  1109 D SurfaceFlinger:        CLIENT |   0xb400007011e6bc90 | 0002 | RGBA_8888    |    0.0    0.0 1080.0 2400.0 |    0    0 1080 2400 | SurfaceView[com.alphatecks.qglide/co[...].qglide.MainActivity]@0(BLAST)#83589 (4460)
11-17 17:05:47.520  1109  1109 D SurfaceFlinger:        CLIENT |   0xb400007011e29810 | 0001 | RGBA_8888    |    0.0    0.0 1080.0 2400.0 |    0    0 1080 2400 | com.alphatecks.qglide/com.alphatecks.qglide.MainActivity$_32232#83582 (261)
11-17 17:05:47.908  3518  3518 F DEBUG   : Cmdline: com.alphatecks.qglide
11-17 17:05:47.908  3518  3518 F DEBUG   : pid: 32232, tid: 3500, name: Firebase-Messag  >>> com.alphatecks.qglide <<<
11-17 17:05:47.909  3518  3518 F DEBUG   :       #01 pc 00000000006349e8  /data/app/~~S_RKAjXjeLvY6kCSO3epOw==/com.alphatecks.qglide-kd88YUI_MMoYGeW9W09CEg==/base.apk!libtwilio_voice_android_so.so (offset 0x149c000) (BuildId: 0b34424ca2c131775dc5ed32b31d1cbb8458f740)
11-17 17:05:47.909  3518  3518 F DEBUG   :       #02 pc 0000000000635050  /data/app/~~S_RKAjXjeLvY6kCSO3epOw==/com.alphatecks.qglide-kd88YUI_MMoYGeW9W09CEg==/base.apk!libtwilio_voice_android_so.so (offset 0x149c000) (BuildId: 0b34424ca2c131775dc5ed32b31d1cbb8458f740)
11-17 17:05:47.909  3518  3518 F DEBUG   :       #03 pc 000000000092ed1c  /data/app/~~S_RKAjXjeLvY6kCSO3epOw==/com.alphatecks.qglide-kd88YUI_MMoYGeW9W09CEg==/base.apk!libtwilio_voice_android_so.so (offset 0x149c000) (BuildId: 0b34424ca2c131775dc5ed32b31d1cbb8458f740)
11-17 17:05:47.909  3518  3518 F DEBUG   :       #04 pc 000000000092ed58  /data/app/~~S_RKAjXjeLvY6kCSO3epOw==/com.alphatecks.qglide-kd88YUI_MMoYGeW9W09CEg==/base.apk!libtwilio_voice_android_so.so (offset 0x149c000) (BuildId: 0b34424ca2c131775dc5ed32b31d1cbb8458f740)
11-17 17:05:47.909  3518  3518 F DEBUG   :       #05 pc 000000000038eba4  /data/app/~~S_RKAjXjeLvY6kCSO3epOw==/com.alphatecks.qglide-kd88YUI_MMoYGeW9W09CEg==/base.apk!libtwilio_voice_android_so.so (offset 0x149c000) (JNI_OnLoad+100) (BuildId: 0b34424ca2c131775dc5ed32b31d1cbb8458f740)
11-17 17:05:47.909  3518  3518 F DEBUG   :       #13 pc 00000000000c941c  /data/app/~~S_RKAjXjeLvY6kCSO3epOw==/com.alphatecks.qglide-kd88YUI_MMoYGeW9W09CEg==/oat/arm64/base.vdex (F0.a.b+108)
11-17 17:05:47.909  3518  3518 F DEBUG   :       #15 pc 00000000001e6b78  /data/app/~~S_RKAjXjeLvY6kCSO3epOw==/com.alphatecks.qglide-kd88YUI_MMoYGeW9W09CEg==/oat/arm64/base.vdex (com.twilio.voice.Voice.loadLibrary+24)
11-17 17:05:47.909  3518  3518 F DEBUG   :       #20 pc 00000000001da54c  /data/app/~~S_RKAjXjeLvY6kCSO3epOw==/com.alphatecks.qglide-kd88YUI_MMoYGeW9W09CEg==/oat/arm64/base.vdex (com.twilio.voice.CallInvite.isValid+0)
11-17 17:05:47.909  3518  3518 F DEBUG   :       #25 pc 00000000001e6740  /data/app/~~S_RKAjXjeLvY6kCSO3epOw==/com.alphatecks.qglide-kd88YUI_MMoYGeW9W09CEg==/oat/arm64/base.vdex (com.twilio.voice.Voice.handleMessage+36)
11-17 17:05:47.909  3518  3518 F DEBUG   :       #27 pc 00000000001e66a4  /data/app/~~S_RKAjXjeLvY6kCSO3epOw==/com.alphatecks.qglide-kd88YUI_MMoYGeW9W09CEg==/oat/arm64/base.vdex (com.twilio.voice.Voice.handleMessage+8)
11-17 17:05:47.909  3518  3518 F DEBUG   :       #29 pc 00000000001e9474  /data/app/~~S_RKAjXjeLvY6kCSO3epOw==/com.alphatecks.qglide-kd88YUI_MMoYGeW9W09CEg==/oat/arm64/base.vdex (com.twilio.voice.flutter.fcm.VoiceFirebaseMessagingService.onMessageReceived+96)
11-17 17:05:47.909  3518  3518 F DEBUG   :       #31 pc 00000000001c6d8e  /data/app/~~S_RKAjXjeLvY6kCSO3epOw==/com.alphatecks.qglide-kd88YUI_MMoYGeW9W09CEg==/oat/arm64/base.vdex (com.google.firebase.messaging.FirebaseMessagingService.dispatchMessage+138)
11-17 17:05:47.909  3518  3518 F DEBUG   :       #33 pc 00000000001c6fd0  /data/app/~~S_RKAjXjeLvY6kCSO3epOw==/com.alphatecks.qglide-kd88YUI_MMoYGeW9W09CEg==/oat/arm64/base.vdex (com.google.firebase.messaging.FirebaseMessagingService.passMessageIntentToSdk+216)
11-17 17:05:47.909  3518  3518 F DEBUG   :       #35 pc 00000000001c6e64  /data/app/~~S_RKAjXjeLvY6kCSO3epOw==/com.alphatecks.qglide-kd88YUI_MMoYGeW9W09CEg==/oat/arm64/base.vdex (com.google.firebase.messaging.FirebaseMessagingService.handleMessageIntent+24)
11-17 17:05:47.909  3518  3518 F DEBUG   :       #37 pc 00000000001c6e32  /data/app/~~S_RKAjXjeLvY6kCSO3epOw==/com.alphatecks.qglide-kd88YUI_MMoYGeW9W09CEg==/oat/arm64/base.vdex (com.google.firebase.messaging.FirebaseMessagingService.handleIntent+126)
11-17 17:05:47.910  3518  3518 F DEBUG   :       #39 pc 00000000001c5bce  /data/app/~~S_RKAjXjeLvY6kCSO3epOw==/com.alphatecks.qglide-kd88YUI_MMoYGeW9W09CEg==/oat/arm64/base.vdex (com.google.firebase.messaging.EnhancedIntentService.lambda$processIntent$0+2)
11-17 17:05:47.910  3518  3518 F DEBUG   :       #41 pc 00000000001c5af8  /data/app/~~S_RKAjXjeLvY6kCSO3epOw==/com.alphatecks.qglide-kd88YUI_MMoYGeW9W09CEg==/oat/arm64/base.vdex (com.google.firebase.messaging.EnhancedIntentService.a+0)
11-17 17:05:47.910  3518  3518 F DEBUG   :       #43 pc 00000000001c58e8  /data/app/~~S_RKAjXjeLvY6kCSO3epOw==/com.alphatecks.qglide-kd88YUI_MMoYGeW9W09CEg==/oat/arm64/base.vdex (com.google.firebase.messaging.a.run+12)
11-17 17:05:47.910  3518  3518 F DEBUG   :       #47 pc 000000000017caec  /data/app/~~S_RKAjXjeLvY6kCSO3epOw==/com.alphatecks.qglide-kd88YUI_MMoYGeW9W09CEg==/oat/arm64/base.vdex (com.google.android.gms.common.util.concurrent.zza.run+12)
11-17 17:05:48.009  1468  3603 W ActivityTaskManager:   Force finishing activity com.alphatecks.qglide/.MainActivity
11-17 17:05:48.018  1468  3603 D ActivityTaskManager: scheduleTopResumedActivityChanged, onTop=false, r=ActivityRecord{ccba446 u0 com.alphatecks.qglide/.MainActivity t8949 f}}, caller=com.android.server.wm.ActivityTaskSupervisor.scheduleTopResumedActivityStateLossIfNeeded:11 com.android.server.wm.ActivityTaskSupervisor.updateTopResumedActivityIfNeeded:19 com.android.server.wm.TaskDisplayArea.positionChildAt:270 com.android.server.wm.WindowContainer.positionChildAt:86 com.android.server.wm.Task.positionChildAt:19 com.android.server.wm.Task.moveToFront:443 
11-17 17:05:48.018  1468  3603 V WindowManager: Collecting in transition 6682: Task{2e67607 #8949 type=standard I=com.alphatecks.qglide/.MainActivity}, caller=com.android.server.wm.Transition.collectExistenceChange:42 com.android.server.wm.Transition.collectClose:7 com.android.server.wm.ActivityRecord.finishIfPossible:46 com.android.server.wm.ActivityRecord.finishIfPossible:1 com.android.server.wm.RootWindowContainer$$ExternalSyntheticLambda29.accept:182 
11-17 17:05:48.018  1468  3603 D WindowManager: prepareSync <SYNC_STATE_WAITING_FOR_DRAW>, mPrepareSyncSeqId=0, win=Window{e72f55c u0 com.alphatecks.qglide/com.alphatecks.qglide.MainActivity}
11-17 17:05:48.018  1468  3603 V WindowManager: Collecting in transition 6682: ActivityRecord{ccba446 u0 com.alphatecks.qglide/.MainActivity t8949 f}}, caller=com.android.server.wm.TransitionController.collect:7 com.android.server.wm.ActivityRecord.setVisibility:189 com.android.server.wm.ActivityRecord.finishIfPossible:85 com.android.server.wm.ActivityRecord.finishIfPossible:1 com.android.server.wm.RootWindowContainer$$ExternalSyntheticLambda29.accept:182 
11-17 17:05:48.050  1468  3608 W ActivityManager: crash : com.alphatecks.qglide,10484
11-17 17:05:48.076  1468  2139 D InputDispatcher: Focus left window (0): e72f55c com.alphatecks.qglide/com.alphatecks.qglide.MainActivity
11-17 17:05:48.142  3923  3923 I SDHMS:BarTender:Gatherer:AppError: update AppError : uid=10484, pkg=com.alphatecks.qglide, errorType=crash
11-17 17:05:48.159  3923  3923 I SDHMS:BarTender:Analyzer:AppError: analyze app error : uid=10484, pkg=com.alphatecks.qglide, appErrorCount=2
11-17 17:05:48.187  1109  2750 I SurfaceFlinger: id=83587 Removed Bounds for - com.alphatecks.qglide/com.alphatecks.qglide.MainActivity@0#83587 (307)
11-17 17:05:48.187  1109  2750 I SurfaceFlinger: id=83588 Removed SurfaceView[com.alphatecks.qglide/com.alphatecks.qglide.MainActivity]@0#83588 (307)
11-17 17:05:48.187  1109  2750 I SurfaceFlinger: id=83589 Removed SurfaceView[com.alphatecks.qglide/com.alphatecks.qglide.MainActivity]@0(BLAST)#83589 (307)
11-17 17:05:48.187  1109  2750 I SurfaceFlinger: id=83590 Removed Background for SurfaceView[com.alphatecks.qglide/com.alphatecks.qglide.MainActivity]@0#83590 (307)
11-17 17:05:48.187  1468  1996 I ActivityManager: Process com.alphatecks.qglide (pid 32232) has died: fg  TOP (372,1843)
11-17 17:05:48.188  1468  1858 D ConnectivityService: releasing NetworkRequest [ REQUEST id=50240, [ Capabilities: INTERNET&NOT_RESTRICTED&TRUSTED&NOT_VCN_MANAGED&NOT_BANDWIDTH_CONSTRAINED Uid: 10484 RequestorUid: 10484 RequestorPkg: com.alphatecks.qglide UnderlyingNetworks: Null] ] (release request)
11-17 17:05:48.190  1468  1996 W ActivityManager: Scheduling restart of crashed service com.alphatecks.qglide/com.twilio.voice.flutter.fcm.VoiceFirebaseMessagingService in 10000ms for start-requested
11-17 17:05:48.190  1468  2139 I WindowManager: WIN DEATH: Window{e72f55c u0 com.alphatecks.qglide/com.alphatecks.qglide.MainActivity}
11-17 17:05:48.192  1468  2139 W InputManager-JNI: Input channel object 'e72f55c com.alphatecks.qglide/com.alphatecks.qglide.MainActivity (client)' was disposed without first being removed with the input manager!
11-17 17:05:48.193  1468  2139 V WindowManager: Remove Window{e72f55c u0 com.alphatecks.qglide/com.alphatecks.qglide.MainActivity}: mSurfaceController=Surface(name=com.alphatecks.qglide/com.alphatecks.qglide.MainActivity$_32232)/@0x5fc1449 mAnimatingExit=false mRemoveOnExit=false mHasSurface=true surfaceShowing=true animating=false app-animation=false mDisplayFrozen=false callers=com.android.server.wm.Session.binderDied:118 android.os.IBinder$DeathRecipient.binderDied:339 android.os.BinderProxy.sendDeathNotice:794 <bottom of call stack> <bottom of call stack> <bottom of call stack> 
11-17 17:05:48.201  1468  3914 I ImeTracker: com.alphatecks.qglide:c94edbe7: onRequestHide at ORIGIN_SERVER reason HIDE_REMOVE_CLIENT fromUser false
11-17 17:05:48.201  1468  3914 I ImeTracker: com.alphatecks.qglide:c94edbe7: onCancelled at PHASE_SERVER_SHOULD_HIDE
11-17 17:05:48.203  1468  2139 D WindowManager: Changing focus from Window{e72f55c u0 com.alphatecks.qglide/com.alphatecks.qglide.MainActivity EXITING} to null displayId=0 Callers=com.android.server.wm.WindowState.removeIfPossible:600 com.android.server.wm.Session.binderDied:118 android.os.IBinder$DeathRecipient.binderDied:339 android.os.BinderProxy.sendDeathNotice:794 
11-17 17:05:48.208  1468  2189 E AppOps  : Operation not started: uid=10484 pkg=com.alphatecks.qglide(null) op=MONITOR_LOCATION
11-17 17:05:48.211  3149  3189 I RequestManager_FLP: onOpChanged, op=0 / packageName=com.alphatecks.qglide
11-17 17:05:48.211  3149  3189 I RequestManager_FLP: onOpChanged, op=0 / packageName=com.alphatecks.qglide
