11-21 13:09:42.793 W/adbd    (20890): timed out while waiting for FUNCTIONFS_BIND, trying again
11-21 13:09:42.973 W/IpClient.wlan0( 2163): [IpReachabilityMonitor] WARN ALERT neighbor went from: NeighborEvent{@654626626,RTM_NEWNEIGH,if=23,fe80::7624:9fff:feac:1ee5,NUD_FAILED,[null]} to: NeighborEvent{@654628925,RTM_NEWNEIGH,if=23,fe80::7624:9fff:feac:1ee5,NUD_FAILED,[null]}
11-21 13:09:43.051 W/ProxyAndroidLoggerBackend(25551): Too many Flogger logs received before configuration. Dropping old logs.
11-21 13:09:43.114 W/ProxyAndroidLoggerBackend(25551): Too many Flogger logs received before configuration. Dropping old logs.
11-21 13:09:43.345 W/DeviceStorageMonitorService( 1468): updateBroadcasts(/data) oldLevel:0, newLevel:0, seq:1
11-21 13:09:43.347 W/DeviceStorageMonitorService( 1468): updateBroadcasts_filenode(/data) fn_oldLevel:0, fn_newLevel:0, seq:1
11-21 13:09:43.399 W/ProxyAndroidLoggerBackend(25551): Too many Flogger logs received before configuration. Dropping old logs.
11-21 13:09:43.402 W/ProxyAndroidLoggerBackend(25551): Too many Flogger logs received before configuration. Dropping old logs.
11-21 13:09:43.690 W/WindowOnBackDispatcher(25551): OnBackInvokedCallback is not enabled for the application.
11-21 13:09:43.690 W/WindowOnBackDispatcher(25551): Set 'android:enableOnBackInvokedCallback="true"' in the application manifest.
11-21 13:09:43.711 W/ProxyAndroidLoggerBackend(25551): Too many Flogger logs received before configuration. Dropping old logs.
11-21 13:09:43.836 W/adbd    (20890): timed out while waiting for FUNCTIONFS_BIND, trying again
11-21 13:09:43.899 W/ProxyAndroidLoggerBackend(25551): Too many Flogger logs received before configuration. Dropping old logs.
11-21 13:09:43.902 W/ProxyAndroidLoggerBackend(25551): Too many Flogger logs received before configuration. Dropping old logs.
11-21 13:09:44.174 W/C2BqBuffer( 1018): last successful dequeue was 4245872498 us ago, 44853 consecutive failures
11-21 13:09:44.720 W/SLocation( 1468): GeopointGeofenceManger - refresh wifi to receive loc
11-21 13:09:44.881 W/adbd    (20890): timed out while waiting for FUNCTIONFS_BIND, trying again
11-21 13:09:45.223 W/SLocation( 1468): WifiBssidMonitor - connected wifi : (64:c3:94:**:**:90/821)
11-21 13:09:45.280 W/IpClient.wlan0( 2163): [IpReachabilityMonitor] WARN ALERT neighbor went from: NeighborEvent{@654628925,RTM_NEWNEIGH,if=23,fe80::7624:9fff:feac:1ee5,NUD_FAILED,[null]} to: NeighborEvent{@654631230,RTM_NEWNEIGH,if=23,fe80::7624:9fff:feac:1ee5,NUD_FAILED,[null]}
11-21 13:09:45.366 W/LogErrorOperation(22034): onLogError callback failed.
11-21 13:09:45.387 W/ParceledListSlice( 1468): Element #33 is 19352 bytes.
11-21 13:09:45.408 E/GlobalSettingsRepoBase( 2409): globalgcsettings No matched key : support_ssac_nr
11-21 13:09:45.408 W/ParceledListSlice( 1468): Element #355 is 20084 bytes.
11-21 13:09:45.417 W/ParceledListSlice( 1468): Element #508 is 16412 bytes.
11-21 13:09:45.441 E/RegiMgr-Utils( 2409): getPendingRegistrationInternal : Invalid phoneId : 1
11-21 13:09:45.441 E/RegiMgr ( 2409): getPendingRegistration : no task return null
11-21 13:09:45.441 E/CmcAccountManager<1>( 2409): getCmcRegisterTask: rtl is null
11-21 13:09:45.448 E/GlobalSettingsRepoBase( 2409): globalgcsettings No matched key : dual_rcs_policy
11-21 13:09:45.452 E/PhoneRestrictionPolicy( 1468): getEmergencyCall >>false
11-21 13:09:45.453 E/PhoneRestrictionPolicy( 1468): getEmergencyCall >>false
11-21 13:09:45.465 W/NSLocationMonitor( 1468): onServiceStateChanged, state=0 / channel=3050
11-21 13:09:45.465 W/NetworkManager_FLP( 3149): updateServiceStateChanged, serviceState=0 / isRegistered=true / channel=3050 / networkTypeName=LTE / nr=false
11-21 13:09:45.467 W/ContextImpl( 1468): Calling a method in the system process without a qualified user: android.app.ContextImpl.sendBroadcastMultiplePermissions:1364 android.content.Context.sendBroadcastMultiplePermissions:2529 com.android.server.TelephonyRegistry.broadcastServiceStateChanged:62 com.android.server.TelephonyRegistry.notifyServiceStateForPhoneId:174 com.android.internal.telephony.ITelephonyRegistry$Stub.onTransact:592 
11-21 13:09:45.468 W/ContextImpl( 1468): Calling a method in the system process without a qualified user: android.app.ContextImpl.sendBroadcastMultiplePermissions:1397 com.android.server.TelephonyRegistry.broadcastServiceStateChanged:89 com.android.server.TelephonyRegistry.notifyServiceStateForPhoneId:174 com.android.internal.telephony.ITelephonyRegistry$Stub.onTransact:592 android.os.Binder.execTransactInternal:1541 
11-21 13:09:45.470 W/ContextImpl( 1468): Calling a method in the system process without a qualified user: android.app.ContextImpl.sendBroadcastMultiplePermissions:1397 com.android.server.TelephonyRegistry.broadcastServiceStateChanged:120 com.android.server.TelephonyRegistry.notifyServiceStateForPhoneId:174 com.android.internal.telephony.ITelephonyRegistry$Stub.onTransact:592 android.os.Binder.execTransactInternal:1541 
11-21 13:09:45.471 W/ContextImpl( 1468): Calling a method in the system process without a qualified user: android.app.ContextImpl.sendBroadcastMultiplePermissions:1397 com.android.server.TelephonyRegistry.broadcastServiceStateChanged:145 com.android.server.TelephonyRegistry.notifyServiceStateForPhoneId:174 com.android.internal.telephony.ITelephonyRegistry$Stub.onTransact:592 android.os.Binder.execTransactInternal:1541 
11-21 13:09:45.472 E/GlobalSettingsRepoBase( 2409): globalgcsettings No matched key : separate_vo5g_icon
11-21 13:09:45.489 E/GlobalSettingsRepoBase( 2409): globalgcsettings No matched key : dual_rcs_policy
11-21 13:09:45.494 E/PhoneRestrictionPolicy( 1468): getEmergencyCall >>false
11-21 13:09:45.494 E/PhoneRestrictionPolicy( 1468): getEmergencyCall >>false
11-21 13:09:45.500 E/GlobalSettingsRepoBase( 2409): globalgcsettings No matched key : dual_rcs_policy
11-21 13:09:45.513 E/PhoneRestrictionPolicy( 1468): getEmergencyCall >>false
11-21 13:09:45.514 E/PhoneRestrictionPolicy( 1468): getEmergencyCall >>false
11-21 13:09:45.522 E/PdnController<0>( 2409): requestStopNetwork: callback not found
11-21 13:09:45.523 E/#IMSCR  ( 2409): 11-21 13:09:45 0x1101000B:0,FILTERED ALL:11
11-21 13:09:45.523 E/#IMSREGI( 2409): (0, Nigeria MTN VoLTE) NOT_TRIGGERED : reason - VOPS_OFF
11-21 13:09:45.524 E/RegiMgr-Utils( 2409): getPendingRegistrationInternal : Invalid phoneId : 1
11-21 13:09:45.524 E/RegiMgr ( 2409): getPendingRegistration : no task return null
11-21 13:09:45.524 E/CmcAccountManager<1>( 2409): getCmcRegisterTask: rtl is null
11-21 13:09:45.532 W/View    ( 2050): requestLayout() improperly called by com.android.systemui.qs.SecQSGradationDrawableView{c67f636 V.E...... ......ID 0,0-1080,332 #7f0a0977 app:id/qs_gradation_view} during layout: running second layout pass
11-21 13:09:45.532 W/View    ( 2050): requestLayout() improperly called by android.widget.FrameLayout{90c7937 V.E...... ......ID 0,148-1080,2358 #7f0a0975 app:id/qs_frame} during layout: running second layout pass
11-21 13:09:45.925 W/adbd    (20890): timed out while waiting for FUNCTIONFS_BIND, trying again
11-21 13:09:46.013 I/flutter (25551):  RIDER - POLLING RIDE STATUS RESPONSE:
11-21 13:09:46.013 I/flutter (25551):    Success: true
11-21 13:09:46.013 I/flutter (25551):    Full Response: {success: true, data: {success: true, data: {ride: {id: d70a2321-5f66-414d-b3e6-dd9a325b8b0d, status: accepted, pickup_address: 7 Saints Ave, Elimbu, Alingbu 500102, Rivers, Nigeria, dropoff_address: Rumuokoro, Port Harcourt, Nigeria, estimated_fare: 3.42, actual_fare: null, requested_at: 2025-11-21T11:49:18.097979+00:00, completed_at: null}}}}
11-21 13:09:46.013 I/flutter (25551):  RIDER - POLLING RIDE STATUS - Ride ID: d70a2321-5f66-414d-b3e6-dd9a325b8b0d
11-21 13:09:46.013 I/flutter (25551):    Data type: _Map<String, dynamic>
11-21 13:09:46.013 I/flutter (25551):    Data keys: [success, data]
11-21 13:09:46.013 I/flutter (25551):  RIDER - RIDE STATUS: accepted - Ride ID: d70a2321-5f66-414d-b3e6-dd9a325b8b0d
11-21 13:09:46.014 I/flutter (25551):    Ride data: {id: d70a2321-5f66-414d-b3e6-dd9a325b8b0d, status: accepted, pickup_address: 7 Saints Ave, Elimbu, Alingbu 500102, Rivers, Nigeria, dropoff_address: Rumuokoro, Port Harcourt, Nigeria, estimated_fare: 3.42, actual_fare: null, requested_at: 2025-11-21T11:49:18.097979+00:00, completed_at: null}
11-21 13:09:46.014 I/flutter (25551):  RIDE_CUBIT - syncFromApiStatus called with: accepted
11-21 13:09:46.014 I/flutter (25551):    Current state: status=RideStatus.driverFound, apiStatus=accepted
11-21 13:09:46.014 I/flutter (25551):  RIDE_CUBIT - Status: accepted  driverFound
11-21 13:09:46.014 I/flutter (25551):    New state: status=RideStatus.driverFound, apiStatus=accepted
11-21 13:09:46.014 I/flutter (25551):  RIDER - RideCubit synced. State: RideStatus.driverFound, apiStatus: accepted
11-21 13:09:46.014 I/flutter (25551):  RIDER - Checking driver assignment: isDriverAssigned=true, _isDriverFound=true
11-21 13:09:46.323 I/flutter (25551):  RIDER - CANCELING RIDE - Ride ID: d70a2321-5f66-414d-b3e6-dd9a325b8b0d, Reason: Taking too long
11-21 13:09:46.973 W/adbd    (20890): timed out while waiting for FUNCTIONFS_BIND, trying again
11-21 13:09:47.233 E/AuthPII (22034): [RequestTokenManager] getToken() -> BAD_AUTHENTICATION. App: com.google.android.gms, Service: oauth2:https://www.googleapis.com/auth/experimentsandconfigs
11-21 13:09:47.233 E/AuthPII (22034): bcim: Long live credential not available.
11-21 13:09:47.233 E/AuthPII (22034): 	at aewv.a(:com.google.android.gms@254534035@25.45.34 (260400-831602148):1301)
11-21 13:09:47.233 E/AuthPII (22034): 	at aexc.b(:com.google.android.gms@254534035@25.45.34 (260400-831602148):26)
11-21 13:09:47.233 E/AuthPII (22034): 	at aexa.a(:com.google.android.gms@254534035@25.45.34 (260400-831602148):734)
11-21 13:09:47.233 E/AuthPII (22034): 	at aewz.b(:com.google.android.gms@254534035@25.45.34 (260400-831602148):141)
11-21 13:09:47.233 E/AuthPII (22034): 	at ymg.d(:com.google.android.gms@254534035@25.45.34 (260400-831602148):624)
11-21 13:09:47.233 E/AuthPII (22034): 	at aeaa.a(:com.google.android.gms@254534035@25.45.34 (260400-831602148):33)
11-21 13:09:47.233 E/AuthPII (22034): 	at aeag.m(:com.google.android.gms@254534035@25.45.34 (260400-831602148):34)
11-21 13:09:47.233 E/AuthPII (22034): 	at aeag.o(:com.google.android.gms@254534035@25.45.34 (260400-831602148):64)
11-21 13:09:47.233 E/AuthPII (22034): 	at aeag.h(:com.google.android.gms@254534035@25.45.34 (260400-831602148):4)
11-21 13:09:47.233 E/AuthPII (22034): 	at aeox.d(:com.google.android.gms@254534035@25.45.34 (260400-831602148):42)
11-21 13:09:47.233 E/AuthPII (22034): 	at enrf.c(:com.google.android.gms@254534035@25.45.34 (260400-831602148):22)
11-21 13:09:47.233 E/AuthPII (22034): 	at enru.z(:com.google.android.gms@254534035@25.45.34 (260400-831602148):7)
11-21 13:09:47.233 E/AuthPII (22034): 	at enru.q(:com.google.android.gms@254534035@25.45.34 (260400-831602148):20)
11-21 13:09:47.233 E/AuthPII (22034): 	at enru.A(:com.google.android.gms@254534035@25.45.34 (260400-831602148):10)
11-21 13:09:47.233 E/AuthPII (22034): 	at enru.p(:com.google.android.gms@254534035@25.45.34 (260400-831602148):11)
11-21 13:09:47.233 E/AuthPII (22034): 	at com.google.android.gms.phenotype.sync.HeterodyneSyncTaskChimeraService.d(:com.google.android.gms@254534035@25.45.34 (260400-831602148):274)
11-21 13:09:47.233 E/AuthPII (22034): 	at com.google.android.gms.phenotype.sync.HeterodyneSyncTaskChimeraService.a(:com.google.android.gms@254534035@25.45.34 (260400-831602148):167)
11-21 13:09:47.233 E/AuthPII (22034): 	at cpjc.call(:com.google.android.gms@254534035@25.45.34 (260400-831602148):30)
11-21 13:09:47.233 E/AuthPII (22034): 	at java.util.concurrent.FutureTask.run(FutureTask.java:317)
11-21 13:09:47.233 E/AuthPII (22034): 	at bdow.c(:com.google.android.gms@254534035@25.45.34 (260400-831602148):50)
11-21 13:09:47.233 E/AuthPII (22034): 	at bdow.run(:com.google.android.gms@254534035@25.45.34 (260400-831602148):73)
11-21 13:09:47.233 E/AuthPII (22034): 	at java.util.concurrent.ThreadPoolExecutor.runWorker(ThreadPoolExecutor.java:1156)
11-21 13:09:47.233 E/AuthPII (22034): 	at java.util.concurrent.ThreadPoolExecutor$Worker.run(ThreadPoolExecutor.java:651)
11-21 13:09:47.233 E/AuthPII (22034): 	at bdun.run(:com.google.android.gms@254534035@25.45.34 (260400-831602148):8)
11-21 13:09:47.233 E/AuthPII (22034): 	at java.lang.Thread.run(Thread.java:1119)
11-21 13:09:47.234 E/AuthPII (22034): Message is Long live credential not available.
11-21 13:09:47.234 E/AuthPII (22034): bcim: Long live credential not available.
11-21 13:09:47.234 E/AuthPII (22034): 	at aewv.a(:com.google.android.gms@254534035@25.45.34 (260400-831602148):1301)
11-21 13:09:47.234 E/AuthPII (22034): 	at aexc.b(:com.google.android.gms@254534035@25.45.34 (260400-831602148):26)
11-21 13:09:47.234 E/AuthPII (22034): 	at aexa.a(:com.google.android.gms@254534035@25.45.34 (260400-831602148):734)
11-21 13:09:47.234 E/AuthPII (22034): 	at aewz.b(:com.google.android.gms@254534035@25.45.34 (260400-831602148):141)
11-21 13:09:47.234 E/AuthPII (22034): 	at ymg.d(:com.google.android.gms@254534035@25.45.34 (260400-831602148):624)
11-21 13:09:47.234 E/AuthPII (22034): 	at aeaa.a(:com.google.android.gms@254534035@25.45.34 (260400-831602148):33)
11-21 13:09:47.234 E/AuthPII (22034): 	at aeag.m(:com.google.android.gms@254534035@25.45.34 (260400-831602148):34)
11-21 13:09:47.234 E/AuthPII (22034): 	at aeag.o(:com.google.android.gms@254534035@25.45.34 (260400-831602148):64)
11-21 13:09:47.234 E/AuthPII (22034): 	at aeag.h(:com.google.android.gms@254534035@25.45.34 (260400-831602148):4)
11-21 13:09:47.234 E/AuthPII (22034): 	at aeox.d(:com.google.android.gms@254534035@25.45.34 (260400-831602148):42)
11-21 13:09:47.234 E/AuthPII (22034): 	at enrf.c(:com.google.android.gms@254534035@25.45.34 (260400-831602148):22)
11-21 13:09:47.234 E/AuthPII (22034): 	at enru.z(:com.google.android.gms@254534035@25.45.34 (260400-831602148):7)
11-21 13:09:47.234 E/AuthPII (22034): 	at enru.q(:com.google.android.gms@254534035@25.45.34 (260400-831602148):20)
11-21 13:09:47.234 E/AuthPII (22034): 	at enru.A(:com.google.android.gms@254534035@25.45.34 (260400-831602148):10)
11-21 13:09:47.234 E/AuthPII (22034): 	at enru.p(:com.google.android.gms@254534035@25.45.34 (260400-831602148):11)
11-21 13:09:47.234 E/AuthPII (22034): 	at com.google.android.gms.phenotype.sync.HeterodyneSyncTaskChimeraService.d(:com.google.android.gms@254534035@25.45.34 (260400-831602148):274)
11-21 13:09:47.234 E/AuthPII (22034): 	at com.google.android.gms.phenotype.sync.HeterodyneSyncTaskChimeraService.a(:com.google.android.gms@254534035@25.45.34 (260400-831602148):167)
11-21 13:09:47.234 E/AuthPII (22034): 	at cpjc.call(:com.google.android.gms@254534035@25.45.34 (260400-831602148):30)
11-21 13:09:47.234 E/AuthPII (22034): 	at java.util.concurrent.FutureTask.run(FutureTask.java:317)
11-21 13:09:47.234 E/AuthPII (22034): 	at bdow.c(:com.google.android.gms@254534035@25.45.34 (260400-831602148):50)
11-21 13:09:47.234 E/AuthPII (22034): 	at bdow.run(:com.google.android.gms@254534035@25.45.34 (260400-831602148):73)
11-21 13:09:47.234 E/AuthPII (22034): 	at java.util.concurrent.ThreadPoolExecutor.runWorker(ThreadPoolExecutor.java:1156)
11-21 13:09:47.234 E/AuthPII (22034): 	at java.util.concurrent.ThreadPoolExecutor$Worker.run(ThreadPoolExecutor.java:651)
11-21 13:09:47.234 E/AuthPII (22034): 	at bdun.run(:com.google.android.gms@254534035@25.45.34 (260400-831602148):8)
11-21 13:09:47.234 E/AuthPII (22034): 	at java.lang.Thread.run(Thread.java:1119)
11-21 13:09:47.255 W/Auth    (22034): [ChimeraGetToken] exception while trying to fetch auth tokens for app=com.google.android.gsf, scope=oauth2:https://www.googleapis.com/auth/experimentsandconfigs [CONTEXT service_id=153 ]
11-21 13:09:47.255 W/Auth    (22034): aewu: GetToken failed with status code and recovery intent: BadAuthentication
11-21 13:09:47.255 W/Auth    (22034): 	at aewz.b(:com.google.android.gms@254534035@25.45.34 (260400-831602148):338)
11-21 13:09:47.255 W/Auth    (22034): 	at ymg.d(:com.google.android.gms@254534035@25.45.34 (260400-831602148):624)
11-21 13:09:47.255 W/Auth    (22034): 	at aeaa.a(:com.google.android.gms@254534035@25.45.34 (260400-831602148):33)
11-21 13:09:47.255 W/Auth    (22034): 	at aeag.m(:com.google.android.gms@254534035@25.45.34 (260400-831602148):34)
11-21 13:09:47.255 W/Auth    (22034): 	at aeag.o(:com.google.android.gms@254534035@25.45.34 (260400-831602148):64)
11-21 13:09:47.255 W/Auth    (22034): 	at aeag.h(:com.google.android.gms@254534035@25.45.34 (260400-831602148):4)
11-21 13:09:47.255 W/Auth    (22034): 	at aeox.d(:com.google.android.gms@254534035@25.45.34 (260400-831602148):42)
11-21 13:09:47.255 W/Auth    (22034): 	at enrf.c(:com.google.android.gms@254534035@25.45.34 (260400-831602148):22)
11-21 13:09:47.255 W/Auth    (22034): 	at enru.z(:com.google.android.gms@254534035@25.45.34 (260400-831602148):7)
11-21 13:09:47.255 W/Auth    (22034): 	at enru.q(:com.google.android.gms@254534035@25.45.34 (260400-831602148):20)
11-21 13:09:47.255 W/Auth    (22034): 	at enru.A(:com.google.android.gms@254534035@25.45.34 (260400-831602148):10)
11-21 13:09:47.255 W/Auth    (22034): 	at enru.p(:com.google.android.gms@254534035@25.45.34 (260400-831602148):11)
11-21 13:09:47.255 W/Auth    (22034): 	at com.google.android.gms.phenotype.sync.HeterodyneSyncTaskChimeraService.d(:com.google.android.gms@254534035@25.45.34 (260400-831602148):274)
11-21 13:09:47.255 W/Auth    (22034): 	at com.google.android.gms.phenotype.sync.HeterodyneSyncTaskChimeraService.a(:com.google.android.gms@254534035@25.45.34 (260400-831602148):167)
11-21 13:09:47.255 W/Auth    (22034): 	at cpjc.call(:com.google.android.gms@254534035@25.45.34 (260400-831602148):30)
11-21 13:09:47.255 W/Auth    (22034): 	at java.util.concurrent.FutureTask.run(FutureTask.java:317)
11-21 13:09:47.255 W/Auth    (22034): 	at bdow.c(:com.google.android.gms@254534035@25.45.34 (260400-831602148):50)
11-21 13:09:47.255 W/Auth    (22034): 	at bdow.run(:com.google.android.gms@254534035@25.45.34 (260400-831602148):73)
11-21 13:09:47.255 W/Auth    (22034): 	at java.util.concurrent.ThreadPoolExecutor.runWorker(ThreadPoolExecutor.java:1156)
11-21 13:09:47.255 W/Auth    (22034): 	at java.util.concurrent.ThreadPoolExecutor$Worker.run(ThreadPoolExecutor.java:651)
11-21 13:09:47.255 W/Auth    (22034): 	at bdun.run(:com.google.android.gms@254534035@25.45.34 (260400-831602148):8)
11-21 13:09:47.255 W/Auth    (22034): 	at java.lang.Thread.run(Thread.java:1119)
11-21 13:09:47.255 W/Auth    (22034): [GoogleAuthUtil] [GoogleAuthUtil] error status:BAD_AUTHENTICATION with method:getTokenWithDetails
11-21 13:09:47.255 E/GmsHeterodyneSyncer(22034): Failed getting auth token [CONTEXT service_id=51 ]
11-21 13:09:47.255 E/GmsHeterodyneSyncer(22034): com.google.android.gms.auth.UserRecoverableAuthException: BadAuthentication
11-21 13:09:47.255 E/GmsHeterodyneSyncer(22034): 	at aeag.l(:com.google.android.gms@254534035@25.45.34 (260400-831602148):34)
11-21 13:09:47.255 E/GmsHeterodyneSyncer(22034): 	at aeaa.a(:com.google.android.gms@254534035@25.45.34 (260400-831602148):122)
11-21 13:09:47.255 E/GmsHeterodyneSyncer(22034): 	at aeag.m(:com.google.android.gms@254534035@25.45.34 (260400-831602148):34)
11-21 13:09:47.255 E/GmsHeterodyneSyncer(22034): 	at aeag.o(:com.google.android.gms@254534035@25.45.34 (260400-831602148):64)
11-21 13:09:47.255 E/GmsHeterodyneSyncer(22034): 	at aeag.h(:com.google.android.gms@254534035@25.45.34 (260400-831602148):4)
11-21 13:09:47.255 E/GmsHeterodyneSyncer(22034): 	at aeox.d(:com.google.android.gms@254534035@25.45.34 (260400-831602148):42)
11-21 13:09:47.255 E/GmsHeterodyneSyncer(22034): 	at enrf.c(:com.google.android.gms@254534035@25.45.34 (260400-831602148):22)
11-21 13:09:47.255 E/GmsHeterodyneSyncer(22034): 	at enru.z(:com.google.android.gms@254534035@25.45.34 (260400-831602148):7)
11-21 13:09:47.255 E/GmsHeterodyneSyncer(22034): 	at enru.q(:com.google.android.gms@254534035@25.45.34 (260400-831602148):20)
11-21 13:09:47.255 E/GmsHeterodyneSyncer(22034): 	at enru.A(:com.google.android.gms@254534035@25.45.34 (260400-831602148):10)
11-21 13:09:47.255 E/GmsHeterodyneSyncer(22034): 	at enru.p(:com.google.android.gms@254534035@25.45.34 (260400-831602148):11)
11-21 13:09:47.255 E/GmsHeterodyneSyncer(22034): 	at com.google.android.gms.phenotype.sync.HeterodyneSyncTaskChimeraService.d(:com.google.android.gms@254534035@25.45.34 (260400-831602148):274)
11-21 13:09:47.255 E/GmsHeterodyneSyncer(22034): 	at com.google.android.gms.phenotype.sync.HeterodyneSyncTaskChimeraService.a(:com.google.android.gms@254534035@25.45.34 (260400-831602148):167)
11-21 13:09:47.255 E/GmsHeterodyneSyncer(22034): 	at cpjc.call(:com.google.android.gms@254534035@25.45.34 (260400-831602148):30)
11-21 13:09:47.255 E/GmsHeterodyneSyncer(22034): 	at java.util.concurrent.FutureTask.run(FutureTask.java:317)
11-21 13:09:47.255 E/GmsHeterodyneSyncer(22034): 	at bdow.c(:com.google.android.gms@254534035@25.45.34 (260400-831602148):50)
11-21 13:09:47.255 E/GmsHeterodyneSyncer(22034): 	at bdow.run(:com.google.android.gms@254534035@25.45.34 (260400-831602148):73)
11-21 13:09:47.255 E/GmsHeterodyneSyncer(22034): 	at java.util.concurrent.ThreadPoolExecutor.runWorker(ThreadPoolExecutor.java:1156)
11-21 13:09:47.255 E/GmsHeterodyneSyncer(22034): 	at java.util.concurrent.ThreadPoolExecutor$Worker.run(ThreadPoolExecutor.java:651)
11-21 13:09:47.255 E/GmsHeterodyneSyncer(22034): 	at bdun.run(:com.google.android.gms@254534035@25.45.34 (260400-831602148):8)
11-21 13:09:47.255 E/GmsHeterodyneSyncer(22034): 	at java.lang.Thread.run(Thread.java:1119)
11-21 13:09:47.326 W/AlarmManager( 2163): Unrecognized alarm listener com.android.networkstack.android.net.ip.IpClientLinkObserver$Dhcp6PdPreferredPrefixAlarmListener@2a3a665
11-21 13:09:47.327 W/AlarmManager( 2163): Unrecognized alarm listener com.android.networkstack.android.net.ip.IpClientLinkObserver$Dhcp6PdPreferredPrefixAlarmListener@2a3a665
11-21 13:09:47.503 I/flutter (25551):  RIDER UI - PANEL STATE: booking=false, started=false, arrived=false, found=true, connecting=false
11-21 13:09:47.503 I/flutter (25551):  RIDER UI - RENDERING: Driver Found Panel
11-21 13:09:47.913 I/flutter (25551):  RIDER - RIDE CANCELED SUCCESSFULLY - Ride ID: d70a2321-5f66-414d-b3e6-dd9a325b8b0d
11-21 13:09:47.914 I/flutter (25551):  RIDE_CUBIT - toJson called with status: RideStatus.none
11-21 13:09:47.914 I/flutter (25551):  RIDE_CUBIT - CLEARING STORAGE (status: RideStatus.none)
11-21 13:09:47.914 I/flutter (25551):  RIDER - Stopping ETA polling
11-21 13:09:47.926 I/flutter (25551):  RIDER UI - PANEL STATE: booking=false, started=false, arrived=false, found=false, connecting=false
11-21 13:09:47.926 I/flutter (25551):  RIDER UI - RENDERING: Default Home Panel
11-21 13:09:48.041 W/adbd    (20890): timed out while waiting for FUNCTIONFS_BIND, trying again
11-21 13:09:48.186 W/JobService( 2282): onNetworkChanged() not implemented in androidx.work.impl.background.systemjob.SystemJobService. Must override in a subclass.
11-21 13:09:49.079 W/adbd    (20890): timed out while waiting for FUNCTIONFS_BIND, trying again
11-21 13:09:49.196 W/C2BqBuffer( 1018): last successful dequeue was 4250894782 us ago, 44898 consecutive failures
11-21 13:09:49.198 I/flutter (25551):  RIDER - POLLING RIDE STATUS RESPONSE:
11-21 13:09:49.198 I/flutter (25551):    Success: true
11-21 13:09:49.199 I/flutter (25551):    Full Response: {success: true, data: {success: true, data: {ride: {id: d70a2321-5f66-414d-b3e6-dd9a325b8b0d, status: cancelled, pickup_address: 7 Saints Ave, Elimbu, Alingbu 500102, Rivers, Nigeria, dropoff_address: Rumuokoro, Port Harcourt, Nigeria, estimated_fare: 3.42, actual_fare: null, requested_at: 2025-11-21T11:49:18.097979+00:00, completed_at: null}}}}
11-21 13:09:49.199 I/flutter (25551):  RIDER - POLLING RIDE STATUS - Ride ID: null
11-21 13:09:49.199 I/flutter (25551):    Data type: _Map<String, dynamic>
11-21 13:09:49.199 I/flutter (25551):    Data keys: [success, data]
11-21 13:09:49.199 I/flutter (25551):  RIDER - RIDE STATUS: cancelled - Ride ID: d70a2321-5f66-414d-b3e6-dd9a325b8b0d
11-21 13:09:49.199 I/flutter (25551):    Ride data: {id: d70a2321-5f66-414d-b3e6-dd9a325b8b0d, status: cancelled, pickup_address: 7 Saints Ave, Elimbu, Alingbu 500102, Rivers, Nigeria, dropoff_address: Rumuokoro, Port Harcourt, Nigeria, estimated_fare: 3.42, actual_fare: null, requested_at: 2025-11-21T11:49:18.097979+00:00, completed_at: null}
11-21 13:09:49.199 I/flutter (25551):  RIDE_CUBIT - syncFromApiStatus called with: cancelled
11-21 13:09:49.199 I/flutter (25551):    Current state: status=RideStatus.none, apiStatus=null
11-21 13:09:49.199 I/flutter (25551):  RIDE_CUBIT - Ride cancelled
11-21 13:09:49.199 I/flutter (25551):    New state: status=RideStatus.none, apiStatus=null
11-21 13:09:49.199 I/flutter (25551):  RIDER - RideCubit synced. State: RideStatus.none, apiStatus: null
11-21 13:09:49.199 I/flutter (25551):  RIDER - RIDE ENDED VIA SYNC (status: RideStatus.none)
11-21 13:09:49.199 I/flutter (25551):  RIDER - SHOWING RIDE COMPLETED SCREEN - Stopping all services
11-21 13:09:49.207 I/flutter (25551):  RIDER UI - PANEL STATE: booking=false, started=false, arrived=false, found=false, connecting=false
11-21 13:09:49.207 I/flutter (25551):  RIDER UI - RENDERING: Default Home Panel
11-21 13:09:49.216 W/WindowOnBackDispatcher(25551): OnBackInvokedCallback is not enabled for the application.
11-21 13:09:49.216 W/WindowOnBackDispatcher(25551): Set 'android:enableOnBackInvokedCallback="true"' in the application manifest.
11-21 13:09:49.279 W/ActivityManager( 1468): pid 22034 com.google.android.gms.persistent sent binder code 2 with flags 1 to frozen apps and got error -32
11-21 13:09:49.280 W/FlagUpdateListenerRegis(22034): Unable to invoke IFlagUpdateListener.onFlagUpdate. App: com.google.android.googlequicksearchbox. Process: com.google.android.googlequicksearchbox:googleapp|255245872. Error: android.os.DeadObjectException. [CONTEXT service_id=51 ]
11-21 13:09:49.280 W/FlagUpdateListenerRegis(22034): Unable to invoke IFlagUpdateListener.onFlagUpdate. App: com.google.android.googlequicksearchbox. Process: com.google.android.googlequicksearchbox:search|203076220. Error: android.os.DeadObjectException. [CONTEXT service_id=51 ]
11-21 13:09:49.281 W/FlagUpdateListenerRegis(22034): Unable to invoke IFlagUpdateListener.onFlagUpdate. App: com.google.android.googlequicksearchbox. Process: com.google.android.googlequicksearchbox:search|130222296. Error: android.os.DeadObjectException. [CONTEXT service_id=51 ]
11-21 13:09:49.281 W/FlagUpdateListenerRegis(22034): Unable to invoke IFlagUpdateListener.onFlagUpdate. App: com.google.android.googlequicksearchbox. Process: com.google.android.googlequicksearchbox:search|180666805. Error: android.os.DeadObjectException. [CONTEXT service_id=51 ]
11-21 13:09:49.282 W/FlagUpdateListenerRegis(22034): Unable to invoke IFlagUpdateListener.onFlagUpdate. App: com.google.android.googlequicksearchbox. Process: com.google.android.googlequicksearchbox:search|65871436. Error: android.os.DeadObjectException. [CONTEXT service_id=51 ]
11-21 13:09:49.282 W/FlagUpdateListenerRegis(22034): Unable to invoke IFlagUpdateListener.onFlagUpdate. App: com.google.android.googlequicksearchbox. Process: com.google.android.googlequicksearchbox:search|149884478. Error: android.os.DeadObjectException. [CONTEXT service_id=51 ]
11-21 13:09:49.282 W/FlagUpdateListenerRegis(22034): Unable to invoke IFlagUpdateListener.onFlagUpdate. App: com.google.android.googlequicksearchbox. Process: com.google.android.googlequicksearchbox:googleapp|94984411. Error: android.os.DeadObjectException. [CONTEXT service_id=51 ]
11-21 13:09:49.284 W/FlagUpdateListenerRegis(22034): Unable to invoke IFlagUpdateListener.onFlagUpdate. App: com.google.android.gms. Process: com.google.android.gms.unstable|64469330. Error: android.os.DeadObjectException. [CONTEXT service_id=51 ]
11-21 13:09:49.284 W/FlagUpdateListenerRegis(22034): Unable to invoke IFlagUpdateListener.onFlagUpdate. App: com.google.android.gms. Process: com.google.android.gms|195958527. Error: android.os.DeadObjectException. [CONTEXT service_id=51 ]
11-21 13:09:49.285 W/FlagUpdateListenerRegis(22034): Unable to invoke IFlagUpdateListener.onFlagUpdate. App: com.google.android.gms. Process: com.google.android.gms|162702133. Error: android.os.DeadObjectException. [CONTEXT service_id=51 ]
11-21 13:09:49.285 W/FlagUpdateListenerRegis(22034): Unable to invoke IFlagUpdateListener.onFlagUpdate. App: com.google.android.gms. Process: com.google.android.gms|170927181. Error: android.os.DeadObjectException. [CONTEXT service_id=51 ]
11-21 13:09:49.285 W/FlagUpdateListenerRegis(22034): Unable to invoke IFlagUpdateListener.onFlagUpdate. App: com.google.android.gms. Process: com.google.android.gms|138614801. Error: android.os.DeadObjectException. [CONTEXT service_id=51 ]
11-21 13:09:49.285 W/FlagUpdateListenerRegis(22034): Unable to invoke IFlagUpdateListener.onFlagUpdate. App: com.google.android.gms. Process: com.google.android.gms|113430399. Error: android.os.DeadObjectException. [CONTEXT service_id=51 ]
11-21 13:09:49.285 W/FlagUpdateListenerRegis(22034): Unable to invoke IFlagUpdateListener.onFlagUpdate. App: com.google.android.gms. Process: com.google.android.gms|9705630. Error: android.os.DeadObjectException. [CONTEXT service_id=51 ]
11-21 13:09:49.286 W/FlagUpdateListenerRegis(22034): Unable to invoke IFlagUpdateListener.onFlagUpdate. App: com.google.android.gms. Process: com.google.android.gms|169445681. Error: android.os.DeadObjectException. [CONTEXT service_id=51 ]
11-21 13:09:49.286 W/FlagUpdateListenerRegis(22034): Unable to invoke IFlagUpdateListener.onFlagUpdate. App: com.google.android.gms. Process: com.google.android.gms.ui|112618784. Error: android.os.DeadObjectException. [CONTEXT service_id=51 ]
11-21 13:09:49.286 W/FlagUpdateListenerRegis(22034): Unable to invoke IFlagUpdateListener.onFlagUpdate. App: com.google.android.gms. Process: com.google.android.gms.ui|138614801. Error: android.os.DeadObjectException. [CONTEXT service_id=51 ]
11-21 13:09:49.286 E/HetSyncTaskChimeraSvc(22034): Sync task failure [CONTEXT service_id=51 ]
11-21 13:09:49.286 E/HetSyncTaskChimeraSvc(22034): enms: 29504: Could not find valid auth token for all requested accounts
11-21 13:09:49.286 E/HetSyncTaskChimeraSvc(22034): 	at enru.q(:com.google.android.gms@254534035@25.45.34 (260400-831602148):155)
11-21 13:09:49.286 E/HetSyncTaskChimeraSvc(22034): 	at enru.A(:com.google.android.gms@254534035@25.45.34 (260400-831602148):10)
11-21 13:09:49.286 E/HetSyncTaskChimeraSvc(22034): 	at enru.p(:com.google.android.gms@254534035@25.45.34 (260400-831602148):11)
11-21 13:09:49.286 E/HetSyncTaskChimeraSvc(22034): 	at com.google.android.gms.phenotype.sync.HeterodyneSyncTaskChimeraService.d(:com.google.android.gms@254534035@25.45.34 (260400-831602148):274)
11-21 13:09:49.286 E/HetSyncTaskChimeraSvc(22034): 	at com.google.android.gms.phenotype.sync.HeterodyneSyncTaskChimeraService.a(:com.google.android.gms@254534035@25.45.34 (260400-831602148):167)
11-21 13:09:49.286 E/HetSyncTaskChimeraSvc(22034): 	at cpjc.call(:com.google.android.gms@254534035@25.45.34 (260400-831602148):30)
11-21 13:09:49.286 E/HetSyncTaskChimeraSvc(22034): 	at java.util.concurrent.FutureTask.run(FutureTask.java:317)
11-21 13:09:49.286 E/HetSyncTaskChimeraSvc(22034): 	at bdow.c(:com.google.android.gms@254534035@25.45.34 (260400-831602148):50)
11-21 13:09:49.286 E/HetSyncTaskChimeraSvc(22034): 	at bdow.run(:com.google.android.gms@254534035@25.45.34 (260400-831602148):73)
11-21 13:09:49.286 E/HetSyncTaskChimeraSvc(22034): 	at java.util.concurrent.ThreadPoolExecutor.runWorker(ThreadPoolExecutor.java:1156)
11-21 13:09:49.286 E/HetSyncTaskChimeraSvc(22034): 	at java.util.concurrent.ThreadPoolExecutor$Worker.run(ThreadPoolExecutor.java:651)
11-21 13:09:49.286 E/HetSyncTaskChimeraSvc(22034): 	at bdun.run(:com.google.android.gms@254534035@25.45.34 (260400-831602148):8)
11-21 13:09:49.286 E/HetSyncTaskChimeraSvc(22034): 	at java.lang.Thread.run(Thread.java:1119)
11-21 13:09:49.294 W/LogErrorOperation(22034): onLogError callback failed.
11-21 13:09:49.449 E/AuthPII (22034): [RequestTokenManager] getToken() -> BAD_AUTHENTICATION. App: com.google.android.gms, Service: oauth2:https://www.googleapis.com/auth/cclog
11-21 13:09:49.449 E/AuthPII (22034): bcim: Long live credential not available.
11-21 13:09:49.449 E/AuthPII (22034): 	at aewv.a(:com.google.android.gms@254534035@25.45.34 (260400-831602148):1301)
11-21 13:09:49.449 E/AuthPII (22034): 	at aexc.b(:com.google.android.gms@254534035@25.45.34 (260400-831602148):26)
11-21 13:09:49.449 E/AuthPII (22034): 	at aexa.a(:com.google.android.gms@254534035@25.45.34 (260400-831602148):734)
11-21 13:09:49.449 E/AuthPII (22034): 	at aewz.b(:com.google.android.gms@254534035@25.45.34 (260400-831602148):141)
11-21 13:09:49.449 E/AuthPII (22034): 	at ymg.d(:com.google.android.gms@254534035@25.45.34 (260400-831602148):624)
11-21 13:09:49.449 E/AuthPII (22034): 	at aeaa.a(:com.google.android.gms@254534035@25.45.34 (260400-831602148):33)
11-21 13:09:49.449 E/AuthPII (22034): 	at aeag.m(:com.google.android.gms@254534035@25.45.34 (260400-831602148):34)
11-21 13:09:49.449 E/AuthPII (22034): 	at aeag.o(:com.google.android.gms@254534035@25.45.34 (260400-831602148):64)
11-21 13:09:49.449 E/AuthPII (22034): 	at aeag.h(:com.google.android.gms@254534035@25.45.34 (260400-831602148):4)
11-21 13:09:49.449 E/AuthPII (22034): 	at aeox.d(:com.google.android.gms@254534035@25.45.34 (260400-831602148):42)
11-21 13:09:49.449 E/AuthPII (22034): 	at bbkg.b(:com.google.android.gms@254534035@25.45.34 (260400-831602148):72)
11-21 13:09:49.449 E/AuthPII (22034): 	at com.google.android.gms.clearcut.uploader.QosUploaderChimeraService.g(:com.google.android.gms@254534035@25.45.34 (260400-831602148):1562)
11-21 13:09:49.449 E/AuthPII (22034): 	at com.google.android.gms.clearcut.uploader.QosUploaderChimeraService.a(:com.google.android.gms@254534035@25.45.34 (260400-831602148):42)
11-21 13:09:49.449 E/AuthPII (22034): 	at cpjc.call(:com.google.android.gms@254534035@25.45.34 (260400-831602148):30)
11-21 13:09:49.449 E/AuthPII (22034): 	at java.util.concurrent.FutureTask.run(FutureTask.java:317)
11-21 13:09:49.449 E/AuthPII (22034): 	at bdow.c(:com.google.android.gms@254534035@25.45.34 (260400-831602148):50)
11-21 13:09:49.449 E/AuthPII (22034): 	at bdow.run(:com.google.android.gms@254534035@25.45.34 (260400-831602148):73)
11-21 13:09:49.449 E/AuthPII (22034): 	at java.util.concurrent.ThreadPoolExecutor.runWorker(ThreadPoolExecutor.java:1156)
11-21 13:09:49.449 E/AuthPII (22034): 	at java.util.concurrent.ThreadPoolExecutor$Worker.run(ThreadPoolExecutor.java:651)
11-21 13:09:49.449 E/AuthPII (22034): 	at bdun.run(:com.google.android.gms@254534035@25.45.34 (260400-831602148):8)
11-21 13:09:49.449 E/AuthPII (22034): 	at java.lang.Thread.run(Thread.java:1119)
11-21 13:09:49.449 E/AuthPII (22034): Message is Long live credential not available.
11-21 13:09:49.449 E/AuthPII (22034): bcim: Long live credential not available.
11-21 13:09:49.449 E/AuthPII (22034): 	at aewv.a(:com.google.android.gms@254534035@25.45.34 (260400-831602148):1301)
11-21 13:09:49.449 E/AuthPII (22034): 	at aexc.b(:com.google.android.gms@254534035@25.45.34 (260400-831602148):26)
11-21 13:09:49.449 E/AuthPII (22034): 	at aexa.a(:com.google.android.gms@254534035@25.45.34 (260400-831602148):734)
11-21 13:09:49.449 E/AuthPII (22034): 	at aewz.b(:com.google.android.gms@254534035@25.45.34 (260400-831602148):141)
11-21 13:09:49.449 E/AuthPII (22034): 	at ymg.d(:com.google.android.gms@254534035@25.45.34 (260400-831602148):624)
11-21 13:09:49.449 E/AuthPII (22034): 	at aeaa.a(:com.google.android.gms@254534035@25.45.34 (260400-831602148):33)
11-21 13:09:49.449 E/AuthPII (22034): 	at aeag.m(:com.google.android.gms@254534035@25.45.34 (260400-831602148):34)
11-21 13:09:49.449 E/AuthPII (22034): 	at aeag.o(:com.google.android.gms@254534035@25.45.34 (260400-831602148):64)
11-21 13:09:49.449 E/AuthPII (22034): 	at aeag.h(:com.google.android.gms@254534035@25.45.34 (260400-831602148):4)
11-21 13:09:49.449 E/AuthPII (22034): 	at aeox.d(:com.google.android.gms@254534035@25.45.34 (260400-831602148):42)
11-21 13:09:49.449 E/AuthPII (22034): 	at bbkg.b(:com.google.android.gms@254534035@25.45.34 (260400-831602148):72)
11-21 13:09:49.449 E/AuthPII (22034): 	at com.google.android.gms.clearcut.uploader.QosUploaderChimeraService.g(:com.google.android.gms@254534035@25.45.34 (260400-831602148):1562)
11-21 13:09:49.449 E/AuthPII (22034): 	at com.google.android.gms.clearcut.uploader.QosUploaderChimeraService.a(:com.google.android.gms@254534035@25.45.34 (260400-831602148):42)
11-21 13:09:49.449 E/AuthPII (22034): 	at cpjc.call(:com.google.android.gms@254534035@25.45.34 (260400-831602148):30)
11-21 13:09:49.449 E/AuthPII (22034): 	at java.util.concurrent.FutureTask.run(FutureTask.java:317)
11-21 13:09:49.449 E/AuthPII (22034): 	at bdow.c(:com.google.android.gms@254534035@25.45.34 (260400-831602148):50)
11-21 13:09:49.449 E/AuthPII (22034): 	at bdow.run(:com.google.android.gms@254534035@25.45.34 (260400-831602148):73)
11-21 13:09:49.449 E/AuthPII (22034): 	at java.util.concurrent.ThreadPoolExecutor.runWorker(ThreadPoolExecutor.java:1156)
11-21 13:09:49.449 E/AuthPII (22034): 	at java.util.concurrent.ThreadPoolExecutor$Worker.run(ThreadPoolExecutor.java:651)
11-21 13:09:49.449 E/AuthPII (22034): 	at bdun.run(:com.google.android.gms@254534035@25.45.34 (260400-831602148):8)
11-21 13:09:49.449 E/AuthPII (22034): 	at java.lang.Thread.run(Thread.java:1119)
11-21 13:09:49.458 W/Auth    (22034): [ChimeraGetToken] exception while trying to fetch auth tokens for app=com.google.android.gsf, scope=oauth2:https://www.googleapis.com/auth/cclog [CONTEXT service_id=153 ]
11-21 13:09:49.458 W/Auth    (22034): aewu: GetToken failed with status code and recovery intent: BadAuthentication
11-21 13:09:49.458 W/Auth    (22034): 	at aewz.b(:com.google.android.gms@254534035@25.45.34 (260400-831602148):338)
11-21 13:09:49.458 W/Auth    (22034): 	at ymg.d(:com.google.android.gms@254534035@25.45.34 (260400-831602148):624)
11-21 13:09:49.458 W/Auth    (22034): 	at aeaa.a(:com.google.android.gms@254534035@25.45.34 (260400-831602148):33)
11-21 13:09:49.458 W/Auth    (22034): 	at aeag.m(:com.google.android.gms@254534035@25.45.34 (260400-831602148):34)
11-21 13:09:49.458 W/Auth    (22034): 	at aeag.o(:com.google.android.gms@254534035@25.45.34 (260400-831602148):64)
11-21 13:09:49.458 W/Auth    (22034): 	at aeag.h(:com.google.android.gms@254534035@25.45.34 (260400-831602148):4)
11-21 13:09:49.458 W/Auth    (22034): 	at aeox.d(:com.google.android.gms@254534035@25.45.34 (260400-831602148):42)
11-21 13:09:49.458 W/Auth    (22034): 	at bbkg.b(:com.google.android.gms@254534035@25.45.34 (260400-831602148):72)
11-21 13:09:49.458 W/Auth    (22034): 	at com.google.android.gms.clearcut.uploader.QosUploaderChimeraService.g(:com.google.android.gms@254534035@25.45.34 (260400-831602148):1562)
11-21 13:09:49.458 W/Auth    (22034): 	at com.google.android.gms.clearcut.uploader.QosUploaderChimeraService.a(:com.google.android.gms@254534035@25.45.34 (260400-831602148):42)
11-21 13:09:49.458 W/Auth    (22034): 	at cpjc.call(:com.google.android.gms@254534035@25.45.34 (260400-831602148):30)
11-21 13:09:49.458 W/Auth    (22034): 	at java.util.concurrent.FutureTask.run(FutureTask.java:317)
11-21 13:09:49.458 W/Auth    (22034): 	at bdow.c(:com.google.android.gms@254534035@25.45.34 (260400-831602148):50)
11-21 13:09:49.458 W/Auth    (22034): 	at bdow.run(:com.google.android.gms@254534035@25.45.34 (260400-831602148):73)
11-21 13:09:49.458 W/Auth    (22034): 	at java.util.concurrent.ThreadPoolExecutor.runWorker(ThreadPoolExecutor.java:1156)
11-21 13:09:49.458 W/Auth    (22034): 	at java.util.concurrent.ThreadPoolExecutor$Worker.run(ThreadPoolExecutor.java:651)
11-21 13:09:49.458 W/Auth    (22034): 	at bdun.run(:com.google.android.gms@254534035@25.45.34 (260400-831602148):8)
11-21 13:09:49.458 W/Auth    (22034): 	at java.lang.Thread.run(Thread.java:1119)
11-21 13:09:49.458 W/Auth    (22034): [GoogleAuthUtil] [GoogleAuthUtil] error status:BAD_AUTHENTICATION with method:getTokenWithDetails
11-21 13:09:49.463 E/AuthPII (22034): [RequestTokenManager] getToken() -> BAD_AUTHENTICATION. App: com.google.android.gms, Service: oauth2:https://www.googleapis.com/auth/cclog
11-21 13:09:49.463 E/AuthPII (22034): bcim: Long live credential not available.
11-21 13:09:49.463 E/AuthPII (22034): 	at aewv.a(:com.google.android.gms@254534035@25.45.34 (260400-831602148):1301)
11-21 13:09:49.463 E/AuthPII (22034): 	at aexc.b(:com.google.android.gms@254534035@25.45.34 (260400-831602148):26)
11-21 13:09:49.463 E/AuthPII (22034): 	at aexa.a(:com.google.android.gms@254534035@25.45.34 (260400-831602148):734)
11-21 13:09:49.463 E/AuthPII (22034): 	at aewz.b(:com.google.android.gms@254534035@25.45.34 (260400-831602148):141)
11-21 13:09:49.463 E/AuthPII (22034): 	at ymg.d(:com.google.android.gms@254534035@25.45.34 (260400-831602148):624)
11-21 13:09:49.463 E/AuthPII (22034): 	at aeaa.a(:com.google.android.gms@254534035@25.45.34 (260400-831602148):33)
11-21 13:09:49.463 E/AuthPII (22034): 	at aeag.m(:com.google.android.gms@254534035@25.45.34 (260400-831602148):34)
11-21 13:09:49.463 E/AuthPII (22034): 	at aeag.o(:com.google.android.gms@254534035@25.45.34 (260400-831602148):64)
11-21 13:09:49.463 E/AuthPII (22034): 	at aeag.h(:com.google.android.gms@254534035@25.45.34 (260400-831602148):4)
11-21 13:09:49.463 E/AuthPII (22034): 	at aeox.d(:com.google.android.gms@254534035@25.45.34 (260400-831602148):42)
11-21 13:09:49.463 E/AuthPII (22034): 	at bbkg.b(:com.google.android.gms@254534035@25.45.34 (260400-831602148):72)
11-21 13:09:49.463 E/AuthPII (22034): 	at com.google.android.gms.clearcut.uploader.QosUploaderChimeraService.g(:com.google.android.gms@254534035@25.45.34 (260400-831602148):1562)
11-21 13:09:49.463 E/AuthPII (22034): 	at com.google.android.gms.clearcut.uploader.QosUploaderChimeraService.a(:com.google.android.gms@254534035@25.45.34 (260400-831602148):42)
11-21 13:09:49.463 E/AuthPII (22034): 	at cpjc.call(:com.google.android.gms@254534035@25.45.34 (260400-831602148):30)
11-21 13:09:49.463 E/AuthPII (22034): 	at java.util.concurrent.FutureTask.run(FutureTask.java:317)
11-21 13:09:49.463 E/AuthPII (22034): 	at bdow.c(:com.google.android.gms@254534035@25.45.34 (260400-831602148):50)
11-21 13:09:49.463 E/AuthPII (22034): 	at bdow.run(:com.google.android.gms@254534035@25.45.34 (260400-831602148):73)
11-21 13:09:49.463 E/AuthPII (22034): 	at java.util.concurrent.ThreadPoolExecutor.runWorker(ThreadPoolExecutor.java:1156)
11-21 13:09:49.463 E/AuthPII (22034): 	at java.util.concurrent.ThreadPoolExecutor$Worker.run(ThreadPoolExecutor.java:651)
11-21 13:09:49.463 E/AuthPII (22034): 	at bdun.run(:com.google.android.gms@254534035@25.45.34 (260400-831602148):8)
11-21 13:09:49.463 E/AuthPII (22034): 	at java.lang.Thread.run(Thread.java:1119)
11-21 13:09:49.463 E/AuthPII (22034): Message is Long live credential not available.
11-21 13:09:49.463 E/AuthPII (22034): bcim: Long live credential not available.
11-21 13:09:49.463 E/AuthPII (22034): 	at aewv.a(:com.google.android.gms@254534035@25.45.34 (260400-831602148):1301)
11-21 13:09:49.463 E/AuthPII (22034): 	at aexc.b(:com.google.android.gms@254534035@25.45.34 (260400-831602148):26)
11-21 13:09:49.463 E/AuthPII (22034): 	at aexa.a(:com.google.android.gms@254534035@25.45.34 (260400-831602148):734)
11-21 13:09:49.463 E/AuthPII (22034): 	at aewz.b(:com.google.android.gms@254534035@25.45.34 (260400-831602148):141)
11-21 13:09:49.463 E/AuthPII (22034): 	at ymg.d(:com.google.android.gms@254534035@25.45.34 (260400-831602148):624)
11-21 13:09:49.463 E/AuthPII (22034): 	at aeaa.a(:com.google.android.gms@254534035@25.45.34 (260400-831602148):33)
11-21 13:09:49.463 E/AuthPII (22034): 	at aeag.m(:com.google.android.gms@254534035@25.45.34 (260400-831602148):34)
11-21 13:09:49.463 E/AuthPII (22034): 	at aeag.o(:com.google.android.gms@254534035@25.45.34 (260400-831602148):64)
11-21 13:09:49.463 E/AuthPII (22034): 	at aeag.h(:com.google.android.gms@254534035@25.45.34 (260400-831602148):4)
11-21 13:09:49.463 E/AuthPII (22034): 	at aeox.d(:com.google.android.gms@254534035@25.45.34 (260400-831602148):42)
11-21 13:09:49.463 E/AuthPII (22034): 	at bbkg.b(:com.google.android.gms@254534035@25.45.34 (260400-831602148):72)
11-21 13:09:49.463 E/AuthPII (22034): 	at com.google.android.gms.clearcut.uploader.QosUploaderChimeraService.g(:com.google.android.gms@254534035@25.45.34 (260400-831602148):1562)
11-21 13:09:49.463 E/AuthPII (22034): 	at com.google.android.gms.clearcut.uploader.QosUploaderChimeraService.a(:com.google.android.gms@254534035@25.45.34 (260400-831602148):42)
11-21 13:09:49.463 E/AuthPII (22034): 	at cpjc.call(:com.google.android.gms@254534035@25.45.34 (260400-831602148):30)
11-21 13:09:49.463 E/AuthPII (22034): 	at java.util.concurrent.FutureTask.run(FutureTask.java:317)
11-21 13:09:49.463 E/AuthPII (22034): 	at bdow.c(:com.google.android.gms@254534035@25.45.34 (260400-831602148):50)
11-21 13:09:49.463 E/AuthPII (22034): 	at bdow.run(:com.google.android.gms@254534035@25.45.34 (260400-831602148):73)
11-21 13:09:49.463 E/AuthPII (22034): 	at java.util.concurrent.ThreadPoolExecutor.runWorker(ThreadPoolExecutor.java:1156)
11-21 13:09:49.463 E/AuthPII (22034): 	at java.util.concurrent.ThreadPoolExecutor$Worker.run(ThreadPoolExecutor.java:651)
11-21 13:09:49.463 E/AuthPII (22034): 	at bdun.run(:com.google.android.gms@254534035@25.45.34 (260400-831602148):8)
11-21 13:09:49.463 E/AuthPII (22034): 	at java.lang.Thread.run(Thread.java:1119)
11-21 13:09:49.472 W/Auth    (22034): [ChimeraGetToken] exception while trying to fetch auth tokens for app=com.google.android.gsf, scope=oauth2:https://www.googleapis.com/auth/cclog [CONTEXT service_id=153 ]
11-21 13:09:49.472 W/Auth    (22034): aewu: GetToken failed with status code and recovery intent: BadAuthentication
11-21 13:09:49.472 W/Auth    (22034): 	at aewz.b(:com.google.android.gms@254534035@25.45.34 (260400-831602148):338)
11-21 13:09:49.472 W/Auth    (22034): 	at ymg.d(:com.google.android.gms@254534035@25.45.34 (260400-831602148):624)
11-21 13:09:49.472 W/Auth    (22034): 	at aeaa.a(:com.google.android.gms@254534035@25.45.34 (260400-831602148):33)
11-21 13:09:49.472 W/Auth    (22034): 	at aeag.m(:com.google.android.gms@254534035@25.45.34 (260400-831602148):34)
11-21 13:09:49.472 W/Auth    (22034): 	at aeag.o(:com.google.android.gms@254534035@25.45.34 (260400-831602148):64)
11-21 13:09:49.472 W/Auth    (22034): 	at aeag.h(:com.google.android.gms@254534035@25.45.34 (260400-831602148):4)
11-21 13:09:49.472 W/Auth    (22034): 	at aeox.d(:com.google.android.gms@254534035@25.45.34 (260400-831602148):42)
11-21 13:09:49.472 W/Auth    (22034): 	at bbkg.b(:com.google.android.gms@254534035@25.45.34 (260400-831602148):72)
11-21 13:09:49.472 W/Auth    (22034): 	at com.google.android.gms.clearcut.uploader.QosUploaderChimeraService.g(:com.google.android.gms@254534035@25.45.34 (260400-831602148):1562)
11-21 13:09:49.472 W/Auth    (22034): 	at com.google.android.gms.clearcut.uploader.QosUploaderChimeraService.a(:com.google.android.gms@254534035@25.45.34 (260400-831602148):42)
11-21 13:09:49.472 W/Auth    (22034): 	at cpjc.call(:com.google.android.gms@254534035@25.45.34 (260400-831602148):30)
11-21 13:09:49.472 W/Auth    (22034): 	at java.util.concurrent.FutureTask.run(FutureTask.java:317)
11-21 13:09:49.472 W/Auth    (22034): 	at bdow.c(:com.google.android.gms@254534035@25.45.34 (260400-831602148):50)
11-21 13:09:49.472 W/Auth    (22034): 	at bdow.run(:com.google.android.gms@254534035@25.45.34 (260400-831602148):73)
11-21 13:09:49.472 W/Auth    (22034): 	at java.util.concurrent.ThreadPoolExecutor.runWorker(ThreadPoolExecutor.java:1156)
11-21 13:09:49.472 W/Auth    (22034): 	at java.util.concurrent.ThreadPoolExecutor$Worker.run(ThreadPoolExecutor.java:651)
11-21 13:09:49.472 W/Auth    (22034): 	at bdun.run(:com.google.android.gms@254534035@25.45.34 (260400-831602148):8)
11-21 13:09:49.472 W/Auth    (22034): 	at java.lang.Thread.run(Thread.java:1119)
11-21 13:09:49.472 W/Auth    (22034): [GoogleAuthUtil] [GoogleAuthUtil] error status:BAD_AUTHENTICATION with method:getTokenWithDetails
11-21 13:09:49.480 E/AuthPII (22034): [RequestTokenManager] getToken() -> BAD_AUTHENTICATION. App: com.google.android.gms, Service: oauth2:https://www.googleapis.com/auth/cclog
11-21 13:09:49.480 E/AuthPII (22034): bcim: Long live credential not available.
11-21 13:09:49.480 E/AuthPII (22034): 	at aewv.a(:com.google.android.gms@254534035@25.45.34 (260400-831602148):1301)
11-21 13:09:49.480 E/AuthPII (22034): 	at aexc.b(:com.google.android.gms@254534035@25.45.34 (260400-831602148):26)
11-21 13:09:49.480 E/AuthPII (22034): 	at aexa.a(:com.google.android.gms@254534035@25.45.34 (260400-831602148):734)
11-21 13:09:49.480 E/AuthPII (22034): 	at aewz.b(:com.google.android.gms@254534035@25.45.34 (260400-831602148):141)
11-21 13:09:49.480 E/AuthPII (22034): 	at ymg.d(:com.google.android.gms@254534035@25.45.34 (260400-831602148):624)
11-21 13:09:49.480 E/AuthPII (22034): 	at aeaa.a(:com.google.android.gms@254534035@25.45.34 (260400-831602148):33)
11-21 13:09:49.480 E/AuthPII (22034): 	at aeag.m(:com.google.android.gms@254534035@25.45.34 (260400-831602148):34)
11-21 13:09:49.480 E/AuthPII (22034): 	at aeag.o(:com.google.android.gms@254534035@25.45.34 (260400-831602148):64)
11-21 13:09:49.480 E/AuthPII (22034): 	at aeag.h(:com.google.android.gms@254534035@25.45.34 (260400-831602148):4)
11-21 13:09:49.480 E/AuthPII (22034): 	at aeox.d(:com.google.android.gms@254534035@25.45.34 (260400-831602148):42)
11-21 13:09:49.480 E/AuthPII (22034): 	at bbkg.b(:com.google.android.gms@254534035@25.45.34 (260400-831602148):72)
