11-21 12:30:26.184 F/phatecks.qglide(23514): runtime.cc:709]   native: #10 pc 00bb470c  /data/app/~~DvVj-sidYSsaRS4xytuqpw==/com.alphatecks.qglide-9XMoZuK5twrr-is9wNFX5g==/base.apk (offset 1b4000) (???) (BuildId: 9fe301bb57b8fc4a5fc3149f5441a489d059ca30)
11-21 12:30:26.184 F/phatecks.qglide(23514): runtime.cc:709]   native: #11 pc 00ca27e8  /data/app/~~DvVj-sidYSsaRS4xytuqpw==/com.alphatecks.qglide-9XMoZuK5twrr-is9wNFX5g==/base.apk (offset 1b4000) (???) (BuildId: 9fe301bb57b8fc4a5fc3149f5441a489d059ca30)
11-21 12:30:26.184 F/phatecks.qglide(23514): runtime.cc:709]   native: #12 pc 00bfe478  /data/app/~~DvVj-sidYSsaRS4xytuqpw==/com.alphatecks.qglide-9XMoZuK5twrr-is9wNFX5g==/base.apk (offset 1b4000) (???) (BuildId: 9fe301bb57b8fc4a5fc3149f5441a489d059ca30)
11-21 12:30:26.184 F/phatecks.qglide(23514): runtime.cc:709]   native: #13 pc 00bfd838  /data/app/~~DvVj-sidYSsaRS4xytuqpw==/com.alphatecks.qglide-9XMoZuK5twrr-is9wNFX5g==/base.apk (offset 1b4000) (???) (BuildId: 9fe301bb57b8fc4a5fc3149f5441a489d059ca30)
11-21 12:30:26.184 F/phatecks.qglide(23514): runtime.cc:709]   native: #14 pc 0086989c  /data/app/~~DvVj-sidYSsaRS4xytuqpw==/com.alphatecks.qglide-9XMoZuK5twrr-is9wNFX5g==/base.apk (offset 1b4000) (???) (BuildId: 9fe301bb57b8fc4a5fc3149f5441a489d059ca30)
11-21 12:30:26.184 F/phatecks.qglide(23514): runtime.cc:709]   native: #15 pc 0087dcb4  /data/app/~~DvVj-sidYSsaRS4xytuqpw==/com.alphatecks.qglide-9XMoZuK5twrr-is9wNFX5g==/base.apk (offset 1b4000) (???) (BuildId: 9fe301bb57b8fc4a5fc3149f5441a489d059ca30)
11-21 12:30:26.184 F/phatecks.qglide(23514): runtime.cc:709]   native: #16 pc 0074abf0  /data/app/~~DvVj-sidYSsaRS4xytuqpw==/com.alphatecks.qglide-9XMoZuK5twrr-is9wNFX5g==/base.apk (offset 1b4000) (???) (BuildId: 9fe301bb57b8fc4a5fc3149f5441a489d059ca30)
11-21 12:30:26.184 F/phatecks.qglide(23514): runtime.cc:709]   native: #17 pc 00866634  /data/app/~~DvVj-sidYSsaRS4xytuqpw==/com.alphatecks.qglide-9XMoZuK5twrr-is9wNFX5g==/base.apk (offset 1b4000) (???) (BuildId: 9fe301bb57b8fc4a5fc3149f5441a489d059ca30)
11-21 12:30:26.184 F/phatecks.qglide(23514): runtime.cc:709]   native: #18 pc 0085ffe0  /data/app/~~DvVj-sidYSsaRS4xytuqpw==/com.alphatecks.qglide-9XMoZuK5twrr-is9wNFX5g==/base.apk (offset 1b4000) (???) (BuildId: 9fe301bb57b8fc4a5fc3149f5441a489d059ca30)
11-21 12:30:26.184 F/phatecks.qglide(23514): runtime.cc:709]   native: #19 pc 00a5608c  /data/app/~~DvVj-sidYSsaRS4xytuqpw==/com.alphatecks.qglide-9XMoZuK5twrr-is9wNFX5g==/base.apk (offset 1b4000) (???) (BuildId: 9fe301bb57b8fc4a5fc3149f5441a489d059ca30)
11-21 12:30:26.184 F/phatecks.qglide(23514): runtime.cc:709]   native: #20 pc 00a46310  /data/app/~~DvVj-sidYSsaRS4xytuqpw==/com.alphatecks.qglide-9XMoZuK5twrr-is9wNFX5g==/base.apk (offset 1b4000) (???) (BuildId: 9fe301bb57b8fc4a5fc3149f5441a489d059ca30)
11-21 12:30:26.184 F/phatecks.qglide(23514): runtime.cc:709]   native: #21 pc 0074aca0  /data/app/~~DvVj-sidYSsaRS4xytuqpw==/com.alphatecks.qglide-9XMoZuK5twrr-is9wNFX5g==/base.apk (offset 1b4000) (???) (BuildId: 9fe301bb57b8fc4a5fc3149f5441a489d059ca30)
11-21 12:30:26.184 F/phatecks.qglide(23514): runtime.cc:709]   native: #22 pc 0069a9b4  /data/app/~~DvVj-sidYSsaRS4xytuqpw==/com.alphatecks.qglide-9XMoZuK5twrr-is9wNFX5g==/base.apk (offset 1b4000) (???) (BuildId: 9fe301bb57b8fc4a5fc3149f5441a489d059ca30)
11-21 12:30:26.184 F/phatecks.qglide(23514): runtime.cc:709]   native: #23 pc 0069c900  /data/app/~~DvVj-sidYSsaRS4xytuqpw==/com.alphatecks.qglide-9XMoZuK5twrr-is9wNFX5g==/base.apk (offset 1b4000) (???) (BuildId: 9fe301bb57b8fc4a5fc3149f5441a489d059ca30)
11-21 12:30:26.184 F/phatecks.qglide(23514): runtime.cc:709]   native: #24 pc 0069c5e8  /data/app/~~DvVj-sidYSsaRS4xytuqpw==/com.alphatecks.qglide-9XMoZuK5twrr-is9wNFX5g==/base.apk (offset 1b4000) (???) (BuildId: 9fe301bb57b8fc4a5fc3149f5441a489d059ca30)
11-21 12:30:26.184 F/phatecks.qglide(23514): runtime.cc:709]   native: #25 pc 0069c374  /data/app/~~DvVj-sidYSsaRS4xytuqpw==/com.alphatecks.qglide-9XMoZuK5twrr-is9wNFX5g==/base.apk (offset 1b4000) (???) (BuildId: 9fe301bb57b8fc4a5fc3149f5441a489d059ca30)
11-21 12:30:26.184 F/phatecks.qglide(23514): runtime.cc:709]   native: #26 pc 00693a38  /data/app/~~DvVj-sidYSsaRS4xytuqpw==/com.alphatecks.qglide-9XMoZuK5twrr-is9wNFX5g==/base.apk (offset 1b4000) (???) (BuildId: 9fe301bb57b8fc4a5fc3149f5441a489d059ca30)
11-21 12:30:26.184 F/phatecks.qglide(23514): runtime.cc:709]   native: #27 pc 0006b0f0  /apex/com.android.runtime/lib64/bionic/libc.so (__pthread_start+196) (BuildId: 3549de9a967b5089252c4ca16436800c)
11-21 12:30:26.184 F/phatecks.qglide(23514): runtime.cc:709]   native: #28 pc 0005e0b4  /apex/com.android.runtime/lib64/bionic/libc.so (__start_thread+64) (BuildId: 3549de9a967b5089252c4ca16436800c)
11-21 12:30:26.184 F/phatecks.qglide(23514): runtime.cc:709]   (no managed stack frames)
11-21 12:30:26.184 F/phatecks.qglide(23514): runtime.cc:709] 
11-21 12:30:26.184 F/phatecks.qglide(23514): runtime.cc:717] JNI DETECTED ERROR IN APPLICATION: java_class == null
11-21 12:30:26.184 F/phatecks.qglide(23514): runtime.cc:717]     in call to RegisterNatives
--------- beginning of crash
11-21 12:30:26.184 F/libc    (23514): Fatal signal 6 (SIGABRT), code -1 (SI_QUEUE) in tid 24250 (mt), pid 23514 (phatecks.qglide)
11-21 12:30:26.320 W/android.system.suspend-service(  687): getWakeLockStats +
11-21 12:30:26.332 W/ImageReader_JNI(23514): Unable to acquire a buffer item, very likely client tried to acquire more than maxImages buffers
11-21 12:30:26.343 W/ImageReader_JNI(23514): Unable to acquire a buffer item, very likely client tried to acquire more than maxImages buffers
11-21 12:30:26.343 E/DEBUG   (24435): failed to readlink /proc/24250/fd/195: No such file or directory
11-21 12:30:26.344 E/DEBUG   (24435): failed to readlink /proc/24250/fd/235: No such file or directory
11-21 12:30:26.345 E/DEBUG   (24435): failed to readlink /proc/24250/fd/318: No such file or directory
11-21 12:30:26.345 E/DEBUG   (24435): failed to readlink /proc/24250/fd/336: No such file or directory
11-21 12:30:26.348 E/crash_dump64(24435): failed to get the guest state header for thread 23514: Bad address
11-21 12:30:26.349 E/crash_dump64(24435): failed to get the guest state header for thread 23516: Bad address
11-21 12:30:26.349 E/crash_dump64(24435): failed to get the guest state header for thread 23517: Bad address
11-21 12:30:26.349 E/crash_dump64(24435): failed to get the guest state header for thread 23518: Bad address
11-21 12:30:26.352 E/crash_dump64(24435): failed to get the guest state header for thread 23519: Bad address
11-21 12:30:26.353 E/crash_dump64(24435): failed to get the guest state header for thread 23520: Bad address
11-21 12:30:26.353 E/crash_dump64(24435): failed to get the guest state header for thread 23521: Bad address
11-21 12:30:26.353 E/crash_dump64(24435): failed to get the guest state header for thread 23522: Bad address
11-21 12:30:26.353 E/crash_dump64(24435): failed to get the guest state header for thread 23523: Bad address
11-21 12:30:26.354 E/crash_dump64(24435): failed to get the guest state header for thread 23524: Bad address
11-21 12:30:26.354 E/crash_dump64(24435): failed to get the guest state header for thread 23526: Bad address
11-21 12:30:26.354 E/crash_dump64(24435): failed to get the guest state header for thread 23528: Bad address
11-21 12:30:26.355 E/crash_dump64(24435): failed to get the guest state header for thread 23529: Bad address
11-21 12:30:26.355 E/crash_dump64(24435): failed to get the guest state header for thread 23530: Bad address
11-21 12:30:26.356 E/crash_dump64(24435): failed to get the guest state header for thread 23531: Bad address
11-21 12:30:26.357 E/crash_dump64(24435): failed to get the guest state header for thread 23538: Bad address
11-21 12:30:26.358 E/crash_dump64(24435): failed to get the guest state header for thread 23539: Bad address
11-21 12:30:26.358 E/crash_dump64(24435): failed to get the guest state header for thread 23541: Bad address
11-21 12:30:26.360 E/crash_dump64(24435): failed to get the guest state header for thread 23545: Bad address
11-21 12:30:26.360 E/crash_dump64(24435): failed to get the guest state header for thread 23546: Bad address
11-21 12:30:26.360 E/crash_dump64(24435): failed to get the guest state header for thread 23548: Bad address
11-21 12:30:26.361 E/crash_dump64(24435): failed to get the guest state header for thread 23553: Bad address
11-21 12:30:26.361 E/crash_dump64(24435): failed to get the guest state header for thread 23554: Bad address
11-21 12:30:26.361 E/crash_dump64(24435): failed to get the guest state header for thread 23556: Bad address
11-21 12:30:26.361 E/crash_dump64(24435): failed to get the guest state header for thread 23557: Bad address
11-21 12:30:26.366 E/crash_dump64(24435): failed to get the guest state header for thread 23558: Bad address
11-21 12:30:26.367 E/crash_dump64(24435): failed to get the guest state header for thread 23559: Bad address
11-21 12:30:26.367 E/crash_dump64(24435): failed to get the guest state header for thread 23560: Bad address
11-21 12:30:26.367 E/crash_dump64(24435): failed to get the guest state header for thread 23561: Bad address
11-21 12:30:26.367 E/crash_dump64(24435): failed to get the guest state header for thread 23562: Bad address
11-21 12:30:26.367 E/crash_dump64(24435): failed to get the guest state header for thread 23568: Bad address
11-21 12:30:26.367 E/crash_dump64(24435): failed to get the guest state header for thread 23569: Bad address
11-21 12:30:26.367 E/crash_dump64(24435): failed to get the guest state header for thread 23571: Bad address
11-21 12:30:26.367 E/crash_dump64(24435): failed to get the guest state header for thread 23572: Bad address
11-21 12:30:26.367 E/crash_dump64(24435): failed to get the guest state header for thread 23573: Bad address
11-21 12:30:26.369 E/crash_dump64(24435): failed to get the guest state header for thread 23574: Bad address
11-21 12:30:26.369 E/crash_dump64(24435): failed to get the guest state header for thread 23575: Bad address
11-21 12:30:26.369 E/crash_dump64(24435): failed to get the guest state header for thread 23576: Bad address
11-21 12:30:26.369 E/crash_dump64(24435): failed to get the guest state header for thread 23577: Bad address
11-21 12:30:26.370 E/crash_dump64(24435): failed to get the guest state header for thread 23578: Bad address
11-21 12:30:26.370 E/crash_dump64(24435): failed to get the guest state header for thread 23579: Bad address
11-21 12:30:26.370 E/crash_dump64(24435): failed to get the guest state header for thread 23583: Bad address
11-21 12:30:26.372 E/crash_dump64(24435): failed to get the guest state header for thread 23584: Bad address
11-21 12:30:26.372 E/crash_dump64(24435): failed to get the guest state header for thread 23585: Bad address
11-21 12:30:26.372 E/crash_dump64(24435): failed to get the guest state header for thread 23586: Bad address
11-21 12:30:26.372 E/crash_dump64(24435): failed to get the guest state header for thread 23587: Bad address
11-21 12:30:26.372 E/crash_dump64(24435): failed to get the guest state header for thread 23588: Bad address
11-21 12:30:26.372 E/crash_dump64(24435): failed to get the guest state header for thread 23589: Bad address
11-21 12:30:26.372 E/crash_dump64(24435): failed to get the guest state header for thread 23590: Bad address
11-21 12:30:26.373 E/crash_dump64(24435): failed to get the guest state header for thread 23594: Bad address
11-21 12:30:26.373 E/crash_dump64(24435): failed to get the guest state header for thread 23596: Bad address
11-21 12:30:26.373 E/crash_dump64(24435): failed to get the guest state header for thread 23597: Bad address
11-21 12:30:26.373 E/crash_dump64(24435): failed to get the guest state header for thread 23598: Bad address
11-21 12:30:26.373 E/crash_dump64(24435): failed to get the guest state header for thread 23599: Bad address
11-21 12:30:26.373 E/crash_dump64(24435): failed to get the guest state header for thread 23600: Bad address
11-21 12:30:26.373 E/crash_dump64(24435): failed to get the guest state header for thread 23601: Bad address
11-21 12:30:26.374 E/crash_dump64(24435): failed to get the guest state header for thread 23650: Bad address
11-21 12:30:26.374 E/crash_dump64(24435): failed to get the guest state header for thread 23651: Bad address
11-21 12:30:26.374 E/crash_dump64(24435): failed to get the guest state header for thread 23652: Bad address
11-21 12:30:26.374 E/crash_dump64(24435): failed to get the guest state header for thread 23653: Bad address
11-21 12:30:26.374 E/crash_dump64(24435): failed to get the guest state header for thread 23654: Bad address
11-21 12:30:26.374 E/crash_dump64(24435): failed to get the guest state header for thread 23655: Bad address
11-21 12:30:26.374 E/crash_dump64(24435): failed to get the guest state header for thread 23658: Bad address
11-21 12:30:26.374 E/crash_dump64(24435): failed to get the guest state header for thread 23659: Bad address
11-21 12:30:26.375 E/crash_dump64(24435): failed to get the guest state header for thread 23660: Bad address
11-21 12:30:26.375 E/crash_dump64(24435): failed to get the guest state header for thread 23661: Bad address
11-21 12:30:26.375 E/crash_dump64(24435): failed to get the guest state header for thread 23662: Bad address
11-21 12:30:26.375 E/crash_dump64(24435): failed to get the guest state header for thread 23663: Bad address
11-21 12:30:26.375 E/crash_dump64(24435): failed to get the guest state header for thread 23664: Bad address
11-21 12:30:26.375 E/crash_dump64(24435): failed to get the guest state header for thread 23665: Bad address
11-21 12:30:26.375 E/crash_dump64(24435): failed to get the guest state header for thread 23735: Bad address
11-21 12:30:26.375 E/crash_dump64(24435): failed to get the guest state header for thread 23748: Bad address
11-21 12:30:26.375 E/crash_dump64(24435): failed to get the guest state header for thread 23749: Bad address
11-21 12:30:26.376 E/crash_dump64(24435): failed to get the guest state header for thread 23750: Bad address
11-21 12:30:26.376 E/crash_dump64(24435): failed to get the guest state header for thread 23771: Bad address
11-21 12:30:26.376 E/crash_dump64(24435): failed to get the guest state header for thread 23772: Bad address
11-21 12:30:26.376 E/crash_dump64(24435): failed to get the guest state header for thread 23773: Bad address
11-21 12:30:26.377 E/crash_dump64(24435): failed to get the guest state header for thread 23774: Bad address
11-21 12:30:26.377 E/crash_dump64(24435): failed to get the guest state header for thread 23783: Bad address
11-21 12:30:26.377 E/crash_dump64(24435): failed to get the guest state header for thread 23981: Bad address
11-21 12:30:26.377 E/crash_dump64(24435): failed to get the guest state header for thread 24096: Bad address
11-21 12:30:26.378 E/crash_dump64(24435): failed to get the guest state header for thread 24153: Bad address
11-21 12:30:26.378 E/crash_dump64(24435): failed to get the guest state header for thread 24188: Bad address
11-21 12:30:26.378 E/crash_dump64(24435): failed to get the guest state header for thread 24189: Bad address
11-21 12:30:26.379 E/crash_dump64(24435): failed to get the guest state header for thread 24199: Bad address
11-21 12:30:26.379 E/crash_dump64(24435): failed to get the guest state header for thread 24248: Bad address
11-21 12:30:26.379 E/crash_dump64(24435): failed to get the guest state header for thread 24249: Bad address
11-21 12:30:26.379 E/crash_dump64(24435): failed to get the guest state header for thread 24250: Bad address
11-21 12:30:26.379 E/crash_dump64(24435): failed to get the guest state header for thread 24251: Bad address
11-21 12:30:26.380 E/crash_dump64(24435): failed to get the guest state header for thread 24252: Bad address
11-21 12:30:26.380 E/crash_dump64(24435): failed to get the guest state header for thread 24253: Bad address
11-21 12:30:26.380 E/crash_dump64(24435): failed to get the guest state header for thread 24257: Bad address
11-21 12:30:26.380 E/crash_dump64(24435): failed to get the guest state header for thread 24258: Bad address
11-21 12:30:26.380 E/crash_dump64(24435): failed to get the guest state header for thread 24259: Bad address
11-21 12:30:26.381 E/crash_dump64(24435): failed to get the guest state header for thread 24260: Bad address
11-21 12:30:26.381 E/crash_dump64(24435): failed to get the guest state header for thread 24261: Bad address
11-21 12:30:26.381 E/crash_dump64(24435): failed to get the guest state header for thread 24265: Bad address
11-21 12:30:26.381 E/crash_dump64(24435): failed to get the guest state header for thread 24267: Bad address
11-21 12:30:26.381 E/crash_dump64(24435): failed to get the guest state header for thread 24273: Bad address
11-21 12:30:26.381 E/crash_dump64(24435): failed to get the guest state header for thread 24277: Bad address
11-21 12:30:26.381 E/crash_dump64(24435): failed to get the guest state header for thread 24278: Bad address
11-21 12:30:26.381 E/crash_dump64(24435): failed to get the guest state header for thread 24279: Bad address
11-21 12:30:26.382 E/crash_dump64(24435): failed to get the guest state header for thread 24281: Bad address
11-21 12:30:26.382 E/crash_dump64(24435): failed to get the guest state header for thread 24299: Bad address
11-21 12:30:26.383 E/crash_dump64(24435): failed to get the guest state header for thread 24318: Bad address
11-21 12:30:26.383 E/crash_dump64(24435): failed to get the guest state header for thread 24320: Bad address
11-21 12:30:26.383 E/crash_dump64(24435): failed to get the guest state header for thread 24321: Bad address
11-21 12:30:26.383 E/crash_dump64(24435): failed to get the guest state header for thread 24323: Bad address
11-21 12:30:26.383 E/crash_dump64(24435): failed to get the guest state header for thread 24324: Bad address
11-21 12:30:26.383 E/crash_dump64(24435): failed to get the guest state header for thread 24325: Bad address
11-21 12:30:26.384 E/crash_dump64(24435): failed to get the guest state header for thread 24328: Bad address
11-21 12:30:26.384 E/crash_dump64(24435): failed to get the guest state header for thread 24329: Bad address
11-21 12:30:26.384 E/crash_dump64(24435): failed to get the guest state header for thread 24330: Bad address
11-21 12:30:26.385 E/crash_dump64(24435): failed to get the guest state header for thread 24331: Bad address
11-21 12:30:26.385 E/crash_dump64(24435): failed to get the guest state header for thread 24332: Bad address
11-21 12:30:26.387 E/crash_dump64(24435): failed to get the guest state header for thread 24333: Bad address
11-21 12:30:26.387 E/crash_dump64(24435): failed to get the guest state header for thread 24338: Bad address
11-21 12:30:26.388 E/crash_dump64(24435): failed to get the guest state header for thread 24339: Bad address
11-21 12:30:26.388 E/crash_dump64(24435): failed to get the guest state header for thread 24341: Bad address
11-21 12:30:26.388 E/crash_dump64(24435): failed to get the guest state header for thread 24353: Bad address
11-21 12:30:26.388 E/crash_dump64(24435): failed to get the guest state header for thread 24354: Bad address
11-21 12:30:26.388 E/crash_dump64(24435): failed to get the guest state header for thread 24355: Bad address
11-21 12:30:26.388 E/crash_dump64(24435): failed to get the guest state header for thread 24356: Bad address
11-21 12:30:26.389 E/crash_dump64(24435): failed to get the guest state header for thread 24357: Bad address
11-21 12:30:26.389 E/crash_dump64(24435): failed to get the guest state header for thread 24358: Bad address
11-21 12:30:26.389 E/crash_dump64(24435): failed to get the guest state header for thread 24359: Bad address
11-21 12:30:26.389 E/crash_dump64(24435): failed to get the guest state header for thread 24360: Bad address
11-21 12:30:26.389 E/crash_dump64(24435): failed to get the guest state header for thread 24361: Bad address
11-21 12:30:26.390 E/crash_dump64(24435): failed to get the guest state header for thread 24383: Bad address
11-21 12:30:26.390 E/crash_dump64(24435): failed to get the guest state header for thread 24384: Bad address
11-21 12:30:26.390 E/crash_dump64(24435): failed to get the guest state header for thread 24385: Bad address
11-21 12:30:26.390 E/crash_dump64(24435): failed to get the guest state header for thread 24386: Bad address
11-21 12:30:26.390 E/crash_dump64(24435): failed to get the guest state header for thread 24387: Bad address
11-21 12:30:26.390 E/crash_dump64(24435): failed to get the guest state header for thread 24388: Bad address
11-21 12:30:26.390 E/crash_dump64(24435): failed to get the guest state header for thread 24389: Bad address
11-21 12:30:26.390 E/crash_dump64(24435): failed to get the guest state header for thread 24390: Bad address
11-21 12:30:26.390 E/crash_dump64(24435): failed to get the guest state header for thread 24391: Bad address
11-21 12:30:26.390 E/crash_dump64(24435): failed to get the guest state header for thread 24392: Bad address
11-21 12:30:26.391 E/crash_dump64(24435): failed to get the guest state header for thread 24393: Bad address
11-21 12:30:26.391 E/crash_dump64(24435): failed to get the guest state header for thread 24394: Bad address
11-21 12:30:26.391 E/crash_dump64(24435): failed to get the guest state header for thread 24395: Bad address
11-21 12:30:26.391 E/crash_dump64(24435): failed to get the guest state header for thread 24409: Bad address
11-21 12:30:26.497 W/android.system.suspend-service(  687): getWakeLockStats -
11-21 12:30:26.520 W/AMessage( 1301): failed to post message as target looper for handler 0 is gone.
11-21 12:30:26.606 W/RealtimeClientManager(25790): Channel state: MqttChannelState{mConnectionState=CONNECTING, mDisconnectionReason=null, mLastConnectionMs=651617733, mLastDisconnectMs=652271556}
11-21 12:30:26.681 W/ImageReader_JNI(23514): Unable to acquire a buffer item, very likely client tried to acquire more than maxImages buffers
11-21 12:30:26.734 W/ImageReader_JNI(23514): Unable to acquire a buffer item, very likely client tried to acquire more than maxImages buffers
11-21 12:30:26.737 W/ImageReader_JNI(23514): Unable to acquire a buffer item, very likely client tried to acquire more than maxImages buffers
11-21 12:30:26.753 W/C2BqBuffer( 1018): last successful dequeue was 2003550859 us ago, 25653 consecutive failures
11-21 12:30:26.790 W/ftpr    (18042): Primes not initialized, returning default (no-op) Primes instance which will ignore all calls. Please call Primes.initialize(...) before using any Primes API.
11-21 12:30:26.799 W/ActivityManager( 1468): Rescheduling restart of crashed service com.osp.app.signin/com.samsung.android.samsungaccount.mobileservice.commonservice.CommonService in 0ms for mem-pressure-event
11-21 12:30:26.878 W/BLASTSyncEngine( 1468): setSyncMethod, id=13504, method=0, caller=com.android.server.wm.TransitionController.moveToCollecting:90 com.android.server.wm.TransitionController.createTransition:47 com.android.server.wm.TransitionController.requestCloseTransitionIfNeeded:72 
11-21 12:30:26.910 E/NativeCustomFrequencyManager( 1109): [NativeCFMS] BpCustomFrequencyManager::acquire()
11-21 12:30:26.916 W/UserManagerService( 1468): Requested status bar icon for non-badged user 0
11-21 12:30:26.935 W/UserManagerService( 1468): Requested status bar icon for non-badged user 0
11-21 12:30:26.943 I/flutter (23514):  RIDER - APP RESUMED
11-21 12:30:26.945 I/flutter (23514):  HOME: FETCHING USER PROFILE...
11-21 12:30:26.946 I/flutter (23514):  RIDER - Profile data refreshed (no setState to avoid flag reset)
11-21 12:30:26.987 W/WindowOnBackDispatcher(22328): sendCancelIfRunning: isInProgress=false callback=android.view.ViewRootImpl$$ExternalSyntheticLambda15@aac00f0
11-21 12:30:26.990 W/InputManager-JNI( 1468): Input channel object 'c069802 com.google.android.permissioncontroller/com.android.permissioncontroller.permission.ui.GrantPermissionsActivity (client)' was disposed without first being removed with the input manager!
11-21 12:30:26.995 E/SurfaceFlinger( 1109): alpha changed 1.000 -> 0.000 - Surface(name=a9cd707 InputMethod)/@0xca95965 - animation-leash of insets_animation#166232
11-21 12:30:27.009 W/ParceledListSlice( 1468): Element #10 is 20900 bytes.
11-21 12:30:27.052 I/flutter (23514):  GET PROFILE RESPONSE: true
11-21 12:30:27.052 I/flutter (23514):  GET PROFILE FULL RESPONSE: {success: true, data: {success: true, data: {profile: {id: 40089537-854f-4896-a004-d3a2a56dfc5c, email: bayo.ashafa@gmail.com, full_name: Bad Guy, phone: 09015565059, user_type: rider, avatar_url: https://bvazoowmmiymbbhxoggo.supabase.co/storage/v1/object/public/avatars/40089537-854f-4896-a004-d3a2a56dfc5c/1763547842255.jpg, rating: 0, total_rides: 0, is_verified: true, is_active: true, created_at: 2025-10-22T04:52:48.809946+00:00}}}}
11-21 12:30:27.052 I/flutter (23514):  PROFILE DATA: {id: 40089537-854f-4896-a004-d3a2a56dfc5c, email: bayo.ashafa@gmail.com, full_name: Bad Guy, phone: 09015565059, user_type: rider, avatar_url: https://bvazoowmmiymbbhxoggo.supabase.co/storage/v1/object/public/avatars/40089537-854f-4896-a004-d3a2a56dfc5c/1763547842255.jpg, rating: 0, total_rides: 0, is_verified: true, is_active: true, created_at: 2025-10-22T04:52:48.809946+00:00}
11-21 12:30:27.052 I/flutter (23514):  PROFILE PHOTO URL: https://bvazoowmmiymbbhxoggo.supabase.co/storage/v1/object/public/avatars/40089537-854f-4896-a004-d3a2a56dfc5c/1763547842255.jpg
11-21 12:30:27.064 E/AtomicFile( 4311): Failed to rename /data/user_de/0/com.samsung.android.honeyboard/files/selected.json.new to /data/user_de/0/com.samsung.android.honeyboard/files/selected.json
11-21 12:30:27.066 E/AtomicFile( 4311): Failed to rename /data/user_de/0/com.samsung.android.honeyboard/files/selected.json.new to /data/user_de/0/com.samsung.android.honeyboard/files/selected.json
11-21 12:30:27.071 W/martsuggestions( 3839): Reducing the number of considered missed Gc histogram windows from 107 to 100
11-21 12:30:27.086 W/adbd    (20890): timed out while waiting for FUNCTIONFS_BIND, trying again
11-21 12:30:27.089 I/flutter (23514):  HOME: FULL RESPONSE: {success: true, data: {success: true, data: {profile: {id: 40089537-854f-4896-a004-d3a2a56dfc5c, email: bayo.ashafa@gmail.com, full_name: Bad Guy, phone: 09015565059, user_type: rider, avatar_url: https://bvazoowmmiymbbhxoggo.supabase.co/storage/v1/object/public/avatars/40089537-854f-4896-a004-d3a2a56dfc5c/1763547842255.jpg, rating: 0, total_rides: 0, is_verified: true, is_active: true, created_at: 2025-10-22T04:52:48.809946+00:00}}}}
11-21 12:30:27.090 I/flutter (23514):  HOME: PROFILE DATA: {id: 40089537-854f-4896-a004-d3a2a56dfc5c, email: bayo.ashafa@gmail.com, full_name: Bad Guy, phone: 09015565059, user_type: rider, avatar_url: https://bvazoowmmiymbbhxoggo.supabase.co/storage/v1/object/public/avatars/40089537-854f-4896-a004-d3a2a56dfc5c/1763547842255.jpg, rating: 0, total_rides: 0, is_verified: true, is_active: true, created_at: 2025-10-22T04:52:48.809946+00:00}
11-21 12:30:27.090 I/flutter (23514):  HOME: PROFILE PHOTO URL: https://bvazoowmmiymbbhxoggo.supabase.co/storage/v1/object/public/avatars/40089537-854f-4896-a004-d3a2a56dfc5c/1763547842255.jpg
11-21 12:30:27.090 I/flutter (23514):  HOME: USER NAME: Full=Bad Guy, First=null
11-21 12:30:27.090 I/flutter (23514):  HOME: SET USERNAME TO: Bad
11-21 12:30:27.099 I/flutter (23514):  RIDER UI - PANEL STATE: booking=false, started=false, arrived=false, found=false, connecting=false
11-21 12:30:27.099 I/flutter (23514):  RIDER UI - RENDERING: Default Home Panel
11-21 12:30:27.139 W/View    ( 2050): requestLayout() improperly called by com.android.systemui.qs.SecQSGradationDrawableView{c67f636 V.E...... ......ID 0,0-1080,332 #7f0a0977 app:id/qs_gradation_view} during layout: running second layout pass
11-21 12:30:27.139 W/View    ( 2050): requestLayout() improperly called by android.widget.FrameLayout{90c7937 V.E...... ......ID 0,148-1080,2358 #7f0a0975 app:id/qs_frame} during layout: running second layout pass
11-21 12:30:27.148 E/RequestManager_FLP( 3149): [LocationManager] Location request 3A03520E(Listener) gps interval=5000ms (min=0ms) from com.google.android.gms.persistent[com.alphatecks.qglide] (10231_FINE_fg_true_foreground)
11-21 12:30:27.165 E/RequestManager_FLP( 3149): [LocationManager] Location request 71D1B5F9(Listener) passive (min=0ms) from com.google.android.gms.persistent[com.google.android.gms] (10231_FINE_fg_true_foreground)
11-21 12:30:27.188 W/LogErrorOperation(22034): onLogError callback failed.
11-21 12:30:27.212 W/JobService( 2282): onNetworkChanged() not implemented in androidx.work.impl.background.systemjob.SystemJobService. Must override in a subclass.
11-21 12:30:27.222 W/ImageReader_JNI(23514): Unable to acquire a buffer item, very likely client tried to acquire more than maxImages buffers
11-21 12:30:27.224 E/JavaBinder( 1468): *** Uncaught remote exception! Exceptions are not yet supported across processes. Client PID 22034 UID 10231.
11-21 12:30:27.224 E/JavaBinder( 1468): java.lang.RuntimeException: android.os.RemoteException: Couldn't get targetSdkVersion for package com.android.accelerometergraph
11-21 12:30:27.224 E/JavaBinder( 1468): 	at android.os.Parcel.writeException(Parcel.java:3027)
11-21 12:30:27.224 E/JavaBinder( 1468): 	at android.os.Binder.execTransactInternal(Binder.java:1560)
11-21 12:30:27.224 E/JavaBinder( 1468): 	at android.os.Binder.execTransact(Binder.java:1480)
11-21 12:30:27.224 E/JavaBinder( 1468): Caused by: android.os.RemoteException: Couldn't get targetSdkVersion for package com.android.accelerometergraph
11-21 12:30:27.224 E/JavaBinder( 1468): 	at com.android.server.pm.PackageManagerNative.getTargetSdkVersionForPackage(qb/99323245 147331c3f593555230048f1951233b624d28de1bc69667cb1c9f7e756ba791a6:23)
11-21 12:30:27.224 E/JavaBinder( 1468): 	at android.content.pm.IPackageManagerNative$Stub.onTransact(IPackageManagerNative.java:266)
11-21 12:30:27.224 E/JavaBinder( 1468): 	at android.os.Binder.execTransactInternal(Binder.java:1541)
11-21 12:30:27.224 E/JavaBinder( 1468): 	... 1 more
11-21 12:30:27.228 W/Looper  (22034): Looper already prepared for this thread with a different value for the LOOPER_PREPARE_ALLOW_NON_CALLBACKS option.
11-21 12:30:27.229 E/SurfaceFlinger( 1109): alpha changed 0.017 -> 0.000 - Dim Layer for - Task=9353#166227
11-21 12:30:27.238 W/Settings(22034): Setting airplane_mode_on has moved from android.provider.Settings.System to android.provider.Settings.Global, returning read-only value.
11-21 12:30:27.259 E/Sensors (  991): Sensor : Meta event
11-21 12:30:27.279 I/flutter (23514):  RIDER - BACKEND CHECK RESPONSE:
11-21 12:30:27.279 I/flutter (23514):    Success: true
11-21 12:30:27.279 I/flutter (23514):    Full Response: {success: true, data: {success: true, data: {ride: {id: 4462a34c-a3dc-43d5-94ba-3ed0538349af, status: started, pickup_address: 7 Saints Ave, Elimbu, Alingbu 500102, Rivers, Nigeria, dropoff_address: Rumuokoro, Port Harcourt, Nigeria, estimated_fare: 3.42, actual_fare: null, requested_at: 2025-11-20T11:22:17.241539+00:00, completed_at: null}}}}
11-21 12:30:27.279 I/flutter (23514):  RIDER - BACKEND CHECK DATA:
11-21 12:30:27.279 I/flutter (23514):    Data type: _Map<String, dynamic>
11-21 12:30:27.279 I/flutter (23514):    Data keys: [success, data]
11-21 12:30:27.279 I/flutter (23514):  RIDER - Backend ride status: started, rideId: 4462a34c-a3dc-43d5-94ba-3ed0538349af
11-21 12:30:27.279 I/flutter (23514):    Ride data: {id: 4462a34c-a3dc-43d5-94ba-3ed0538349af, status: started, pickup_address: 7 Saints Ave, Elimbu, Alingbu 500102, Rivers, Nigeria, dropoff_address: Rumuokoro, Port Harcourt, Nigeria, estimated_fare: 3.42, actual_fare: null, requested_at: 2025-11-20T11:22:17.241539+00:00, completed_at: null}
11-21 12:30:27.279 I/flutter (23514):  RIDER - Found active ride on backend! Restoring...
11-21 12:30:27.279 I/flutter (23514):  RIDE_CUBIT - syncFromApiStatus called with: started
11-21 12:30:27.279 I/flutter (23514):    Current state: status=RideStatus.none, apiStatus=null
11-21 12:30:27.279 I/flutter (23514):  RIDE_CUBIT - Status: started  rideStarted
11-21 12:30:27.279 I/flutter (23514):  RIDE_CUBIT - toJson called with status: RideStatus.rideStarted
11-21 12:30:27.279 I/flutter (23514):  RIDE_CUBIT - SAVING STATE to storage
11-21 12:30:27.279 I/flutter (23514):  RIDE_CUBIT - Updated to rideStarted
11-21 12:30:27.279 I/flutter (23514):    New state: status=RideStatus.rideStarted, apiStatus=started
11-21 12:30:27.279 I/flutter (23514):  RIDER - DRIVER DATA FROM BACKEND: null
11-21 12:30:27.287 I/flutter (23514):  RIDER UI - PANEL STATE: booking=false, started=false, arrived=false, found=false, connecting=false
11-21 12:30:27.287 I/flutter (23514):  RIDER UI - RENDERING: Default Home Panel
11-21 12:30:27.299 E/RegiMgr-Utils( 2409): getPendingRegistrationInternal : Invalid phoneId : 1
11-21 12:30:27.299 E/RegiMgr ( 2409): getPendingRegistration : no task return null
11-21 12:30:27.299 E/CmcAccountManager<1>( 2409): getCmcRegisterTask: rtl is null
11-21 12:30:27.301 W/wificond( 1305): Failed to get NL80211_ATTR_MAX_NUM_AKM_SUITES
11-21 12:30:27.302 W/wificond( 1305): Failed to get NL80211_ATTR_MAX_NUM_AKM_SUITES
11-21 12:30:27.309 E/GlobalSettingsRepoBase( 2409): globalgcsettings No matched key : dual_rcs_policy
11-21 12:30:27.314 E/PhoneRestrictionPolicy( 1468): getEmergencyCall >>false
11-21 12:30:27.314 E/PhoneRestrictionPolicy( 1468): getEmergencyCall >>false
11-21 12:30:27.315 W/wificond( 1305): Failed to get NL80211_ATTR_MAX_NUM_AKM_SUITES
11-21 12:30:27.326 I/flutter (23514):  RIDER - BACKEND CHECK RESPONSE:
11-21 12:30:27.326 I/flutter (23514):    Success: true
11-21 12:30:27.326 I/flutter (23514):    Full Response: {success: true, data: {success: true, data: {ride: {id: 4462a34c-a3dc-43d5-94ba-3ed0538349af, status: started, pickup_address: 7 Saints Ave, Elimbu, Alingbu 500102, Rivers, Nigeria, dropoff_address: Rumuokoro, Port Harcourt, Nigeria, estimated_fare: 3.42, actual_fare: null, requested_at: 2025-11-20T11:22:17.241539+00:00, completed_at: null}}}}
11-21 12:30:27.326 I/flutter (23514):  RIDER - BACKEND CHECK DATA:
11-21 12:30:27.326 I/flutter (23514):    Data type: _Map<String, dynamic>
11-21 12:30:27.326 I/flutter (23514):    Data keys: [success, data]
11-21 12:30:27.326 I/flutter (23514):  RIDER - Backend ride status: started, rideId: 4462a34c-a3dc-43d5-94ba-3ed0538349af
11-21 12:30:27.326 I/flutter (23514):    Ride data: {id: 4462a34c-a3dc-43d5-94ba-3ed0538349af, status: started, pickup_address: 7 Saints Ave, Elimbu, Alingbu 500102, Rivers, Nigeria, dropoff_address: Rumuokoro, Port Harcourt, Nigeria, estimated_fare: 3.42, actual_fare: null, requested_at: 2025-11-20T11:22:17.241539+00:00, completed_at: null}
11-21 12:30:27.326 I/flutter (23514):  RIDER - Found active ride on backend! Restoring...
11-21 12:30:27.326 I/flutter (23514):  RIDE_CUBIT - syncFromApiStatus called with: started
11-21 12:30:27.326 I/flutter (23514):    Current state: status=RideStatus.rideStarted, apiStatus=started
11-21 12:30:27.326 I/flutter (23514):  RIDE_CUBIT - Status: started  rideStarted
11-21 12:30:27.326 I/flutter (23514):    New state: status=RideStatus.rideStarted, apiStatus=started
11-21 12:30:27.326 I/flutter (23514):  RIDER - DRIVER DATA FROM BACKEND: null
11-21 12:30:27.331 E/GlobalSettingsRepoBase( 2409): globalgcsettings No matched key : dual_rcs_policy
11-21 12:30:27.333 I/flutter (23514):  RIDER UI - PANEL STATE: booking=false, started=false, arrived=false, found=false, connecting=false
11-21 12:30:27.333 I/flutter (23514):  RIDER UI - RENDERING: Default Home Panel
11-21 12:30:27.336 E/PhoneRestrictionPolicy( 1468): getEmergencyCall >>false
11-21 12:30:27.336 E/PhoneRestrictionPolicy( 1468): getEmergencyCall >>false
11-21 12:30:27.344 E/GlobalSettingsRepoBase( 2409): globalgcsettings No matched key : dual_rcs_policy
11-21 12:30:27.349 W/ImageReader_JNI(23514): Unable to acquire a buffer item, very likely client tried to acquire more than maxImages buffers
11-21 12:30:27.363 E/PhoneRestrictionPolicy( 1468): getEmergencyCall >>false
11-21 12:30:27.363 E/PhoneRestrictionPolicy( 1468): getEmergencyCall >>false
11-21 12:30:27.366 W/ImageReader_JNI(23514): Unable to acquire a buffer item, very likely client tried to acquire more than maxImages buffers
11-21 12:30:27.371 W/ImageReader_JNI(23514): Unable to acquire a buffer item, very likely client tried to acquire more than maxImages buffers
11-21 12:30:27.372 E/PdnController<0>( 2409): requestStopNetwork: callback not found
11-21 12:30:27.372 E/#IMSCR  ( 2409): 11-21 12:30:27 0x1101000B:0,FILTERED ALL:11
11-21 12:30:27.372 E/#IMSREGI( 2409): (0, Nigeria MTN VoLTE) NOT_TRIGGERED : reason - VOPS_OFF
11-21 12:30:27.374 E/RegiMgr-Utils( 2409): getPendingRegistrationInternal : Invalid phoneId : 1
11-21 12:30:27.374 E/RegiMgr ( 2409): getPendingRegistration : no task return null
11-21 12:30:27.374 E/CmcAccountManager<1>( 2409): getCmcRegisterTask: rtl is null
11-21 12:30:27.416 F/DEBUG   (24435): *** *** *** *** *** *** *** *** *** *** *** *** *** *** *** ***
11-21 12:30:27.416 F/DEBUG   (24435): Build fingerprint: 'samsung/o1sksx/o1s:15/AP3A.240905.015.A2/G991NKSSAHYH5:user/release-keys'
11-21 12:30:27.416 F/DEBUG   (24435): Revision: '22'
11-21 12:30:27.416 F/DEBUG   (24435): ABI: 'arm64'
11-21 12:30:27.416 F/DEBUG   (24435): Processor: '4'
11-21 12:30:27.416 F/DEBUG   (24435): Timestamp: 2025-11-21 12:30:26.477529792+0100
11-21 12:30:27.416 F/DEBUG   (24435): Process uptime: 59s
11-21 12:30:27.416 F/DEBUG   (24435): Cmdline: com.alphatecks.qglide
11-21 12:30:27.416 F/DEBUG   (24435): pid: 23514, tid: 24250, name: mt  >>> com.alphatecks.qglide <<<
11-21 12:30:27.416 F/DEBUG   (24435): uid: 10495
11-21 12:30:27.416 F/DEBUG   (24435): signal 6 (SIGABRT), code -1 (SI_QUEUE), fault addr --------
11-21 12:30:27.416 F/DEBUG   (24435): Abort message: 'JNI DETECTED ERROR IN APPLICATION: java_class == null
11-21 12:30:27.416 F/DEBUG   (24435):     in call to RegisterNatives'
11-21 12:30:27.416 F/DEBUG   (24435):     x0  0000000000000000  x1  0000000000005eba  x2  0000000000000006  x3  00000074c8ff5660
11-21 12:30:27.416 F/DEBUG   (24435):     x4  5151441f43445342  x5  5151441f43445342  x6  5151441f43445342  x7  7f7f7f7f7f7f7f7f
11-21 12:30:27.416 F/DEBUG   (24435):     x8  00000000000000f0  x9  000000798fb26498  x10 ffffff80fffffbdf  x11 0000000000000000
11-21 12:30:27.416 F/DEBUG   (24435):     x12 00000074c8ff43a0  x13 0000000000000000  x14 00000074c8ff4450  x15 0000000026762762
11-21 12:30:27.417 F/DEBUG   (24435):     x16 000000798fbd2fe0  x17 000000798fbbefc0  x18 00000074bb904000  x19 0000000000005bda
11-21 12:30:27.417 F/DEBUG   (24435):     x20 0000000000005eba  x21 00000000ffffffff  x22 000000769c80d000  x23 000000769c80ee20
11-21 12:30:27.417 F/DEBUG   (24435):     x24 00000074c8ff6940  x25 00000074c8ff6940  x26 00000074c8ff6940  x27 b40000784f5c9aa8
11-21 12:30:27.417 F/DEBUG   (24435):     x28 b4000074c33c1208  x29 00000074c8ff56e0
11-21 12:30:27.417 F/DEBUG   (24435):     lr  000000798fb5de34  sp  00000074c8ff5640  pc  000000798fb5de64  pst 0000000000001000
11-21 12:30:27.417 F/DEBUG   (24435): 25 total frames
11-21 12:30:27.417 F/DEBUG   (24435): backtrace:
11-21 12:30:27.417 F/DEBUG   (24435):       #00 pc 000000000005ae64  /apex/com.android.runtime/lib64/bionic/libc.so (abort+168) (BuildId: 3549de9a967b5089252c4ca16436800c)
11-21 12:30:27.417 F/DEBUG   (24435):       #01 pc 00000000008a0f04  /apex/com.android.art/lib64/libart.so (art::Runtime::Abort(char const*)+476) (BuildId: eb4ec0f1d1c7267591d83fa87cb36390)
11-21 12:30:27.417 F/DEBUG   (24435):       #02 pc 0000000000016188  /apex/com.android.art/lib64/libbase.so (android::base::SetAborter(std::__1::function<void (char const*)>&&)::$_0::__invoke(char const*)+80) (BuildId: 8aca1185566f3990ce9d6c61841c18af)
11-21 12:30:27.417 F/DEBUG   (24435):       #03 pc 0000000000015730  /apex/com.android.art/lib64/libbase.so (android::base::LogMessage::~LogMessage()+544) (BuildId: 8aca1185566f3990ce9d6c61841c18af)
11-21 12:30:27.417 F/DEBUG   (24435):       #04 pc 00000000002f6200  /apex/com.android.art/lib64/libart.so (art::JavaVMExt::JniAbort(char const*, char const*)+804) (BuildId: eb4ec0f1d1c7267591d83fa87cb36390)
11-21 12:30:27.417 F/DEBUG   (24435):       #05 pc 00000000003bf3b0  /apex/com.android.art/lib64/libart.so (art::JNI<false>::RegisterNatives(_JNIEnv*, _jclass*, JNINativeMethod const*, int)+2220) (BuildId: eb4ec0f1d1c7267591d83fa87cb36390)
11-21 12:30:27.417 F/DEBUG   (24435):       #06 pc 0000000000bb470c  /data/app/~~DvVj-sidYSsaRS4xytuqpw==/com.alphatecks.qglide-9XMoZuK5twrr-is9wNFX5g==/base.apk!libZegoExpressEngine.so (offset 0x1b4000) (BuildId: 9fe301bb57b8fc4a5fc3149f5441a489d059ca30)
11-21 12:30:27.417 F/DEBUG   (24435):       #07 pc 0000000000ca27e8  /data/app/~~DvVj-sidYSsaRS4xytuqpw==/com.alphatecks.qglide-9XMoZuK5twrr-is9wNFX5g==/base.apk!libZegoExpressEngine.so (offset 0x1b4000) (BuildId: 9fe301bb57b8fc4a5fc3149f5441a489d059ca30)
11-21 12:30:27.417 F/DEBUG   (24435):       #08 pc 0000000000bfe478  /data/app/~~DvVj-sidYSsaRS4xytuqpw==/com.alphatecks.qglide-9XMoZuK5twrr-is9wNFX5g==/base.apk!libZegoExpressEngine.so (offset 0x1b4000) (BuildId: 9fe301bb57b8fc4a5fc3149f5441a489d059ca30)
11-21 12:30:27.417 F/DEBUG   (24435):       #09 pc 0000000000bfd838  /data/app/~~DvVj-sidYSsaRS4xytuqpw==/com.alphatecks.qglide-9XMoZuK5twrr-is9wNFX5g==/base.apk!libZegoExpressEngine.so (offset 0x1b4000) (BuildId: 9fe301bb57b8fc4a5fc3149f5441a489d059ca30)
11-21 12:30:27.417 F/DEBUG   (24435):       #10 pc 000000000086989c  /data/app/~~DvVj-sidYSsaRS4xytuqpw==/com.alphatecks.qglide-9XMoZuK5twrr-is9wNFX5g==/base.apk!libZegoExpressEngine.so (offset 0x1b4000) (BuildId: 9fe301bb57b8fc4a5fc3149f5441a489d059ca30)
11-21 12:30:27.417 F/DEBUG   (24435):       #11 pc 000000000087dcb4  /data/app/~~DvVj-sidYSsaRS4xytuqpw==/com.alphatecks.qglide-9XMoZuK5twrr-is9wNFX5g==/base.apk!libZegoExpressEngine.so (offset 0x1b4000) (BuildId: 9fe301bb57b8fc4a5fc3149f5441a489d059ca30)
11-21 12:30:27.417 F/DEBUG   (24435):       #12 pc 000000000074abf0  /data/app/~~DvVj-sidYSsaRS4xytuqpw==/com.alphatecks.qglide-9XMoZuK5twrr-is9wNFX5g==/base.apk!libZegoExpressEngine.so (offset 0x1b4000) (BuildId: 9fe301bb57b8fc4a5fc3149f5441a489d059ca30)
11-21 12:30:27.417 F/DEBUG   (24435):       #13 pc 0000000000866634  /data/app/~~DvVj-sidYSsaRS4xytuqpw==/com.alphatecks.qglide-9XMoZuK5twrr-is9wNFX5g==/base.apk!libZegoExpressEngine.so (offset 0x1b4000) (BuildId: 9fe301bb57b8fc4a5fc3149f5441a489d059ca30)
11-21 12:30:27.417 F/DEBUG   (24435):       #14 pc 000000000085ffe0  /data/app/~~DvVj-sidYSsaRS4xytuqpw==/com.alphatecks.qglide-9XMoZuK5twrr-is9wNFX5g==/base.apk!libZegoExpressEngine.so (offset 0x1b4000) (BuildId: 9fe301bb57b8fc4a5fc3149f5441a489d059ca30)
11-21 12:30:27.417 F/DEBUG   (24435):       #15 pc 0000000000a5608c  /data/app/~~DvVj-sidYSsaRS4xytuqpw==/com.alphatecks.qglide-9XMoZuK5twrr-is9wNFX5g==/base.apk!libZegoExpressEngine.so (offset 0x1b4000) (BuildId: 9fe301bb57b8fc4a5fc3149f5441a489d059ca30)
11-21 12:30:27.417 F/DEBUG   (24435):       #16 pc 0000000000a46310  /data/app/~~DvVj-sidYSsaRS4xytuqpw==/com.alphatecks.qglide-9XMoZuK5twrr-is9wNFX5g==/base.apk!libZegoExpressEngine.so (offset 0x1b4000) (BuildId: 9fe301bb57b8fc4a5fc3149f5441a489d059ca30)
11-21 12:30:27.417 F/DEBUG   (24435):       #17 pc 000000000074aca0  /data/app/~~DvVj-sidYSsaRS4xytuqpw==/com.alphatecks.qglide-9XMoZuK5twrr-is9wNFX5g==/base.apk!libZegoExpressEngine.so (offset 0x1b4000) (BuildId: 9fe301bb57b8fc4a5fc3149f5441a489d059ca30)
11-21 12:30:27.417 F/DEBUG   (24435):       #18 pc 000000000069a9b4  /data/app/~~DvVj-sidYSsaRS4xytuqpw==/com.alphatecks.qglide-9XMoZuK5twrr-is9wNFX5g==/base.apk!libZegoExpressEngine.so (offset 0x1b4000) (BuildId: 9fe301bb57b8fc4a5fc3149f5441a489d059ca30)
11-21 12:30:27.417 F/DEBUG   (24435):       #19 pc 000000000069c900  /data/app/~~DvVj-sidYSsaRS4xytuqpw==/com.alphatecks.qglide-9XMoZuK5twrr-is9wNFX5g==/base.apk!libZegoExpressEngine.so (offset 0x1b4000) (BuildId: 9fe301bb57b8fc4a5fc3149f5441a489d059ca30)
11-21 12:30:27.417 F/DEBUG   (24435):       #20 pc 000000000069c5e8  /data/app/~~DvVj-sidYSsaRS4xytuqpw==/com.alphatecks.qglide-9XMoZuK5twrr-is9wNFX5g==/base.apk!libZegoExpressEngine.so (offset 0x1b4000) (BuildId: 9fe301bb57b8fc4a5fc3149f5441a489d059ca30)
11-21 12:30:27.417 F/DEBUG   (24435):       #21 pc 000000000069c374  /data/app/~~DvVj-sidYSsaRS4xytuqpw==/com.alphatecks.qglide-9XMoZuK5twrr-is9wNFX5g==/base.apk!libZegoExpressEngine.so (offset 0x1b4000) (BuildId: 9fe301bb57b8fc4a5fc3149f5441a489d059ca30)
11-21 12:30:27.417 F/DEBUG   (24435):       #22 pc 0000000000693a38  /data/app/~~DvVj-sidYSsaRS4xytuqpw==/com.alphatecks.qglide-9XMoZuK5twrr-is9wNFX5g==/base.apk!libZegoExpressEngine.so (offset 0x1b4000) (BuildId: 9fe301bb57b8fc4a5fc3149f5441a489d059ca30)
11-21 12:30:27.417 F/DEBUG   (24435):       #23 pc 000000000006b0f0  /apex/com.android.runtime/lib64/bionic/libc.so (__pthread_start(void*)+196) (BuildId: 3549de9a967b5089252c4ca16436800c)
11-21 12:30:27.417 F/DEBUG   (24435):       #24 pc 000000000005e0b4  /apex/com.android.runtime/lib64/bionic/libc.so (__start_thread+64) (BuildId: 3549de9a967b5089252c4ca16436800c)
11-21 12:30:27.454 E/tombstoned(  764): Tombstone written to: tombstone_08
11-21 12:30:27.466 W/ActivityManager( 1468): crash : com.alphatecks.qglide,10495
11-21 12:30:27.471 W/ActivityTaskManager( 1468):   Force finishing activity com.alphatecks.qglide/.MainActivity
11-21 12:30:27.472 W/BLASTSyncEngine( 1468): setSyncMethod, id=13505, method=0, caller=com.android.server.wm.TransitionController.moveToCollecting:90 com.android.server.wm.TransitionController.createTransition:47 com.android.server.wm.TransitionController.requestTransitionIfNeeded:48 
11-21 12:30:27.493 W/ParceledListSlice( 1468): Element #10 is 20900 bytes.
11-21 12:30:27.556 E/FrameworkListener(  956): read() failed (Connection reset by peer)
11-21 12:30:27.560 W/InputManager-JNI( 1468): Input channel object 'dd16c1e com.alphatecks.qglide/com.alphatecks.qglide.MainActivity (client)' was disposed without first being removed with the input manager!
11-21 12:30:27.565 W/View    ( 2050): requestLayout() improperly called by com.android.systemui.qs.SecQSGradationDrawableView{c67f636 V.E...... ......ID 0,0-1080,332 #7f0a0977 app:id/qs_gradation_view} during layout: running second layout pass
11-21 12:30:27.565 W/View    ( 2050): requestLayout() improperly called by android.widget.FrameLayout{90c7937 V.E...... ......ID 0,148-1080,2358 #7f0a0975 app:id/qs_frame} during layout: running second layout pass
11-21 12:30:27.567 E/AppOps  ( 1468): Operation not started: uid=10495 pkg=com.alphatecks.qglide(null) op=MONITOR_LOCATION
11-21 12:30:27.577 E/RequestManager_FLP( 3149): [LocationManager] Location remove 3A03520E from com.google.android.gms.persistent
11-21 12:30:27.578 E/AppOps  ( 1468): Operation not started: uid=10495 pkg=com.alphatecks.qglide(null) op=GPS
11-21 12:30:27.581 W/ProcessStats( 1468): Tracking association SourceState{6bb3aaf com.sec.android.app.launcher/10138 BTop #1813892} whose proc state 2 is better than process ProcessState{1fd3ec9 com.sec.android.provider.badge/10048 pkg=com.sec.android.provider.badge} proc state 4 (2 skipped)
11-21 12:30:27.581 W/ActivityManager( 1468): setHasOverlayUi called on unknown pid: 23514
11-21 12:30:27.586 W/UserManagerService( 1468): Requested status bar icon for non-badged user 0
11-21 12:30:27.599 E/RequestManager_FLP( 3149): [LocationManager] Location remove 71D1B5F9 from com.google.android.gms.persistent
11-21 12:30:27.599 W/LocationRequestData_FLP( 3149): Not registered using location provider, 71D1B5F9
11-21 12:30:27.601 W/AlarmManager( 1468): Unrecognized alarm listener com.android.server.location.gnss.GnssLocationProvider$$ExternalSyntheticLambda7@5c33fb2
11-21 12:30:27.601 W/AlarmManager( 1468): Unrecognized alarm listener com.android.server.location.gnss.GnssLocationProvider$$ExternalSyntheticLambda7@7368b03
11-21 12:30:27.602 W/LogErrorOperation(22034): onLogError callback failed.
11-21 12:30:27.644 E/SurfaceFlinger( 1109): alpha changed 1.000 -> 0.000 - Surface(name=Task=1)/@0x87a10dd_transition-leash#166237
11-21 12:30:27.648 W/ParceledListSlice( 1468): Element #10 is 20900 bytes.
11-21 12:30:27.668 E/SurfaceFlinger( 1109): alpha changed 0.000 -> 1.000 - Surface(name=Task=1)/@0x87a10dd_transition-leash#166237
11-21 12:30:27.688 W/ServiceManagerCppClient(  688): Failed to get isDeclared for android.hardware.security.keymint.IRemotelyProvisionedComponent/strongbox: Status(-1, EX_SECURITY): 'SELinux denied.'
11-21 12:30:27.690 W/keystore2(  688): system/security/keystore2/src/remote_provisioning.rs:98 - Error occurred: system/security/keystore2/src/remote_provisioning.rs:131: Trying to get IRPC name.
11-21 12:30:27.690 W/keystore2(  688): 
11-21 12:30:27.690 W/keystore2(  688): Caused by:
11-21 12:30:27.690 W/keystore2(  688):     0: system/security/keystore2/src/globals.rs:531: Failed to get rpc for sec level r#STRONGBOX
11-21 12:30:27.690 W/keystore2(  688):     1: Error::Km(r#HARDWARE_TYPE_UNAVAILABLE)
11-21 12:30:27.702 E/SurfaceFlinger( 1109): alpha changed 1.000 -> 0.000 - Surface(name=a9cd707 InputMethod)/@0xca95965 - animation-leash of insets_animation#166240
11-21 12:30:27.771 E/AppIconSolution( 2540): Couldn't get theme package resources, package is null
11-21 12:30:27.782 W/IpClient.wlan0( 2163): [IpReachabilityMonitor] WARN ALERT neighbor went from: NeighborEvent{@652271266,RTM_NEWNEIGH,if=23,fe80::7624:9fff:feac:1ee5,NUD_FAILED,[null]} to: NeighborEvent{@652273733,RTM_NEWNEIGH,if=23,fe80::7624:9fff:feac:1ee5,NUD_FAILED,[null]}
11-21 12:30:27.830 E/PocketModeEvent( 1468): PocketModeSetting is off 
11-21 12:30:27.835 W/samsung_keystore_utils(  688): duplicate data log
11-21 12:30:27.879 W/LogErrorOperation(22034): onLogError callback failed.
