11-21 13:09:02.107 E/Sensors (  991): inject_scontext_data: New ssp_data_injection_fd(44)
11-21 13:09:02.292 W/Finsky  ( 3799): [2] STU: Failed to get storage stats for package 'com.android.apex.cts.shim' (1601: Error getting stats: android.content.pm.PackageManager.NameNotFoundException)
11-21 13:09:02.419 W/JobService(10078): onNetworkChanged() not implemented in com.google.android.libraries.notifications.entrypoints.scheduled.ScheduledTaskService. Must override in a subclass.
11-21 13:09:02.420 W/JobService( 3799): onNetworkChanged() not implemented in com.google.android.finsky.scheduler.process.mainimpl.PhoneskyJobServiceMain. Must override in a subclass.
11-21 13:09:02.420 W/JobService( 2282): onNetworkChanged() not implemented in androidx.work.impl.background.systemjob.SystemJobService. Must override in a subclass.
11-21 13:09:02.450 W/Finsky  ( 3799): [2] STU: Failed to get storage stats for package 'com.google.android.appsearch' (1601: Error getting stats: android.content.pm.PackageManager.NameNotFoundException)
11-21 13:09:02.457 W/Finsky  ( 3799): [2] STU: Failed to get storage stats for package 'com.google.android.art' (1601: Error getting stats: android.content.pm.PackageManager.NameNotFoundException)
11-21 13:09:02.674 W/Finsky  ( 3799): [2] STU: Failed to get storage stats for package 'com.google.android.mediaprovider' (1601: Error getting stats: android.content.pm.PackageManager.NameNotFoundException)
11-21 13:09:02.698 W/Binder  (10078): Caught a RuntimeException from the binder stub implementation.
11-21 13:09:02.698 W/Binder  (10078): java.lang.UnsupportedOperationException
11-21 13:09:02.698 W/Binder  (10078): 	at caah.a(PG:3)
11-21 13:09:02.698 W/Binder  (10078): 	at caah.dispatchTransaction(PG:33)
11-21 13:09:02.698 W/Binder  (10078): 	at pxa.onTransact(PG:13)
11-21 13:09:02.698 W/Binder  (10078): 	at android.os.Binder.execTransactInternal(Binder.java:1541)
11-21 13:09:02.698 W/Binder  (10078): 	at android.os.Binder.execTransact(Binder.java:1480)
11-21 13:09:02.781 W/IpClient.wlan0( 2163): [IpReachabilityMonitor] WARN ALERT neighbor went from: NeighborEvent{@654537213,RTM_NEWNEIGH,if=23,fda7:7b67:5592:8::1,NUD_FAILED,[null]} to: NeighborEvent{@654588733,RTM_NEWNEIGH,if=23,fda7:7b67:5592:8::1,NUD_FAILED,[null]}
11-21 13:09:02.781 W/adbd    (20890): timed out while waiting for FUNCTIONFS_BIND, trying again
11-21 13:09:02.799 W/Finsky  ( 3799): [2] STU: Failed to get storage stats for package 'com.android.virt' (1601: Error getting stats: android.content.pm.PackageManager.NameNotFoundException)
11-21 13:09:02.813 W/Finsky  ( 3799): [2] STU: Failed to get storage stats for package 'com.android.btservices' (1601: Error getting stats: android.content.pm.PackageManager.NameNotFoundException)
11-21 13:09:02.835 W/artd    (25146): Could not get dex checksums for location /data/app/~~G7J5mArrme7e7pKyNAUq5w==/com.yahoo.mobile.client.android.mail-IgE8imRZJOsv5RbtMX0NHw==/base.apk, fd=-1
11-21 13:09:02.836 E/ArtService( 1468): Failed to get dexopt status [packageName = com.yahoo.mobile.client.android.mail, dexPath = /data/user/0/com.yahoo.mobile.client.android.mail/app_pccache/5/FDFFAF1835DBEDC691602F4FD7FCF27E0E4E7649/pcam.jar, isa = arm64, classLoaderContext = PCL[];PCL[/data/app/~~G7J5mArrme7e7pKyNAUq5w==/com.yahoo.mobile.client.android.mail-IgE8imRZJOsv5RbtMX0NHw==/base.apk]{PCL[/system/framework/org.apache.http.legacy.jar]#PCL[/system_ext/framework/androidx.window.extensions.jar]#PCL[/system_ext/framework/androidx.window.sidecar.jar]}]
11-21 13:09:02.836 E/ArtService( 1468): android.os.ServiceSpecificException: Failed to create OatFileAssistant: Failed to load class loader context files for '/data/user/0/com.yahoo.mobile.client.android.mail/app_pccache/5/FDFFAF1835DBEDC691602F4FD7FCF27E0E4E7649/pcam.jar' with context 'PCL[];PCL[/data/app/~~G7J5mArrme7e7pKyNAUq5w==/com.yahoo.mobile.client.android.mail-IgE8imRZJOsv5RbtMX0NHw==/base.apk]{PCL[/system/framework/org.apache.http.legacy.jar]#PCL[/system_ext/framework/androidx.window.extensions.jar]#PCL[/system_ext/framework/androidx.window.sidecar.jar]}' (code 1)
11-21 13:09:02.836 E/ArtService( 1468): 	at android.os.Parcel.createExceptionOrNull(Parcel.java:3271)
11-21 13:09:02.836 E/ArtService( 1468): 	at android.os.Parcel.createException(Parcel.java:3241)
11-21 13:09:02.836 E/ArtService( 1468): 	at android.os.Parcel.readException(Parcel.java:3224)
11-21 13:09:02.836 E/ArtService( 1468): 	at android.os.Parcel.readException(Parcel.java:3166)
11-21 13:09:02.836 E/ArtService( 1468): 	at com.android.server.art.IArtd$Stub$Proxy.getDexoptStatus(IArtd.java:880)
11-21 13:09:02.836 E/ArtService( 1468): 	at com.android.server.art.ArtFileManager.getUsableArtifacts(ArtFileManager.java:153)
11-21 13:09:02.836 E/ArtService( 1468): 	at com.android.server.art.ArtManagerLocal.getArtManagedFileStats(ArtManagerLocal.java:1056)
11-21 13:09:02.836 E/ArtService( 1468): 	at com.android.server.usage.StorageStatsService.computeAppStatsByDataTypes(qb/99323245 147331c3f593555230048f1951233b624d28de1bc69667cb1c9f7e756ba791a6:75)
11-21 13:09:02.836 E/ArtService( 1468): 	at com.android.server.usage.StorageStatsService.queryStatsForUid(qb/99323245 147331c3f593555230048f1951233b624d28de1bc69667cb1c9f7e756ba791a6:138)
11-21 13:09:02.836 E/ArtService( 1468): 	at com.android.server.usage.StorageStatsService.queryStatsForPackage(qb/99323245 147331c3f593555230048f1951233b624d28de1bc69667cb1c9f7e756ba791a6:83)
11-21 13:09:02.836 E/ArtService( 1468): 	at android.app.usage.IStorageStatsManager$Stub.onTransact(IStorageStatsManager.java:265)
11-21 13:09:02.836 E/ArtService( 1468): 	at android.os.Binder.execTransactInternal(Binder.java:1536)
11-21 13:09:02.836 E/ArtService( 1468): 	at android.os.Binder.execTransact(Binder.java:1480)
11-21 13:09:02.839 W/Finsky  ( 3799): [2] STU: Failed to get storage stats for package 'com.google.android.resolv' (1601: Error getting stats: android.content.pm.PackageManager.NameNotFoundException)
11-21 13:09:02.880 W/chbox:googleapp(10078): Reducing the number of considered missed Gc histogram windows from 128 to 100
11-21 13:09:02.884 W/chbox:googleapp(10078): ApkAssets: Deleting an ApkAssets object '<empty> and /data/app/~~kUkxgsiA4t9q_wnZqIIXnw==/com.google.android.webview-9VE9HHu3ywYYuQ4g1O44bg==/base.apk' with 2 weak references
11-21 13:09:02.917 W/Finsky  ( 3799): [2] STU: Failed to get storage stats for package 'com.google.android.configinfrastructure' (1601: Error getting stats: android.content.pm.PackageManager.NameNotFoundException)
11-21 13:09:02.918 W/Finsky  ( 3799): [2] STU: Failed to get storage stats for package 'com.google.android.media' (1601: Error getting stats: android.content.pm.PackageManager.NameNotFoundException)
11-21 13:09:02.981 W/Finsky  ( 3799): [2] STU: Failed to get storage stats for package 'com.android.vndk.v30' (1601: Error getting stats: android.content.pm.PackageManager.NameNotFoundException)
11-21 13:09:03.038 W/artd    (25146): Could not get dex checksums for location /data/app/~~-aS6JR0w3NuwcOODjAM1Hw==/com.chelseafc.the5thstand-Eeep0yZC2ULrBQKpz-J0xQ==/base.apk, fd=-1
11-21 13:09:03.039 E/ArtService( 1468): Failed to get dexopt status [packageName = com.chelseafc.the5thstand, dexPath = /data/user/0/com.chelseafc.the5thstand/app_pccache/5/0DB12F04482D5EE6F1C4FAFDFA9C30C300995A35/pcam.jar, isa = arm64, classLoaderContext = PCL[];PCL[/data/app/~~-aS6JR0w3NuwcOODjAM1Hw==/com.chelseafc.the5thstand-Eeep0yZC2ULrBQKpz-J0xQ==/base.apk]{PCL[/system/framework/org.apache.http.legacy.jar]}]
11-21 13:09:03.039 E/ArtService( 1468): android.os.ServiceSpecificException: Failed to create OatFileAssistant: Failed to load class loader context files for '/data/user/0/com.chelseafc.the5thstand/app_pccache/5/0DB12F04482D5EE6F1C4FAFDFA9C30C300995A35/pcam.jar' with context 'PCL[];PCL[/data/app/~~-aS6JR0w3NuwcOODjAM1Hw==/com.chelseafc.the5thstand-Eeep0yZC2ULrBQKpz-J0xQ==/base.apk]{PCL[/system/framework/org.apache.http.legacy.jar]}' (code 1)
11-21 13:09:03.039 E/ArtService( 1468): 	at android.os.Parcel.createExceptionOrNull(Parcel.java:3271)
11-21 13:09:03.039 E/ArtService( 1468): 	at android.os.Parcel.createException(Parcel.java:3241)
11-21 13:09:03.039 E/ArtService( 1468): 	at android.os.Parcel.readException(Parcel.java:3224)
11-21 13:09:03.039 E/ArtService( 1468): 	at android.os.Parcel.readException(Parcel.java:3166)
11-21 13:09:03.039 E/ArtService( 1468): 	at com.android.server.art.IArtd$Stub$Proxy.getDexoptStatus(IArtd.java:880)
11-21 13:09:03.039 E/ArtService( 1468): 	at com.android.server.art.ArtFileManager.getUsableArtifacts(ArtFileManager.java:153)
11-21 13:09:03.039 E/ArtService( 1468): 	at com.android.server.art.ArtManagerLocal.getArtManagedFileStats(ArtManagerLocal.java:1056)
11-21 13:09:03.039 E/ArtService( 1468): 	at com.android.server.usage.StorageStatsService.computeAppStatsByDataTypes(qb/99323245 147331c3f593555230048f1951233b624d28de1bc69667cb1c9f7e756ba791a6:75)
11-21 13:09:03.039 E/ArtService( 1468): 	at com.android.server.usage.StorageStatsService.queryStatsForUid(qb/99323245 147331c3f593555230048f1951233b624d28de1bc69667cb1c9f7e756ba791a6:138)
11-21 13:09:03.039 E/ArtService( 1468): 	at com.android.server.usage.StorageStatsService.queryStatsForPackage(qb/99323245 147331c3f593555230048f1951233b624d28de1bc69667cb1c9f7e756ba791a6:83)
11-21 13:09:03.039 E/ArtService( 1468): 	at android.app.usage.IStorageStatsManager$Stub.onTransact(IStorageStatsManager.java:265)
11-21 13:09:03.039 E/ArtService( 1468): 	at android.os.Binder.execTransactInternal(Binder.java:1536)
11-21 13:09:03.039 E/ArtService( 1468): 	at android.os.Binder.execTransact(Binder.java:1480)
11-21 13:09:03.039 W/artd    (25146): Could not get dex checksums for location /data/app/~~-aS6JR0w3NuwcOODjAM1Hw==/com.chelseafc.the5thstand-Eeep0yZC2ULrBQKpz-J0xQ==/base.apk, fd=-1
11-21 13:09:03.039 E/ArtService( 1468): Failed to get dexopt status [packageName = com.chelseafc.the5thstand, dexPath = /data/user/0/com.chelseafc.the5thstand/app_pccache/5/D7D1E9E551FA5048DADDB196C587F167ECD42C92/pcam.jar, isa = arm64, classLoaderContext = PCL[];PCL[/data/app/~~-aS6JR0w3NuwcOODjAM1Hw==/com.chelseafc.the5thstand-Eeep0yZC2ULrBQKpz-J0xQ==/base.apk]{PCL[/system/framework/org.apache.http.legacy.jar]}]
11-21 13:09:03.039 E/ArtService( 1468): android.os.ServiceSpecificException: Failed to create OatFileAssistant: Failed to load class loader context files for '/data/user/0/com.chelseafc.the5thstand/app_pccache/5/D7D1E9E551FA5048DADDB196C587F167ECD42C92/pcam.jar' with context 'PCL[];PCL[/data/app/~~-aS6JR0w3NuwcOODjAM1Hw==/com.chelseafc.the5thstand-Eeep0yZC2ULrBQKpz-J0xQ==/base.apk]{PCL[/system/framework/org.apache.http.legacy.jar]}' (code 1)
11-21 13:09:03.039 E/ArtService( 1468): 	at android.os.Parcel.createExceptionOrNull(Parcel.java:3271)
11-21 13:09:03.039 E/ArtService( 1468): 	at android.os.Parcel.createException(Parcel.java:3241)
11-21 13:09:03.039 E/ArtService( 1468): 	at android.os.Parcel.readException(Parcel.java:3224)
11-21 13:09:03.039 E/ArtService( 1468): 	at android.os.Parcel.readException(Parcel.java:3166)
11-21 13:09:03.039 E/ArtService( 1468): 	at com.android.server.art.IArtd$Stub$Proxy.getDexoptStatus(IArtd.java:880)
11-21 13:09:03.039 E/ArtService( 1468): 	at com.android.server.art.ArtFileManager.getUsableArtifacts(ArtFileManager.java:153)
11-21 13:09:03.039 E/ArtService( 1468): 	at com.android.server.art.ArtManagerLocal.getArtManagedFileStats(ArtManagerLocal.java:1056)
11-21 13:09:03.039 E/ArtService( 1468): 	at com.android.server.usage.StorageStatsService.computeAppStatsByDataTypes(qb/99323245 147331c3f593555230048f1951233b624d28de1bc69667cb1c9f7e756ba791a6:75)
11-21 13:09:03.039 E/ArtService( 1468): 	at com.android.server.usage.StorageStatsService.queryStatsForUid(qb/99323245 147331c3f593555230048f1951233b624d28de1bc69667cb1c9f7e756ba791a6:138)
11-21 13:09:03.039 E/ArtService( 1468): 	at com.android.server.usage.StorageStatsService.queryStatsForPackage(qb/99323245 147331c3f593555230048f1951233b624d28de1bc69667cb1c9f7e756ba791a6:83)
11-21 13:09:03.039 E/ArtService( 1468): 	at android.app.usage.IStorageStatsManager$Stub.onTransact(IStorageStatsManager.java:265)
11-21 13:09:03.039 E/ArtService( 1468): 	at android.os.Binder.execTransactInternal(Binder.java:1536)
11-21 13:09:03.039 E/ArtService( 1468): 	at android.os.Binder.execTransact(Binder.java:1480)
11-21 13:09:03.083 W/Finsky  ( 3799): [2] STU: Failed to get storage stats for package 'com.google.android.sdkext' (1601: Error getting stats: android.content.pm.PackageManager.NameNotFoundException)
11-21 13:09:03.124 W/Finsky  ( 3799): [2] STU: Failed to get storage stats for package 'com.samsung.android.biometrics.face' (1601: Error getting stats: android.content.pm.PackageManager.NameNotFoundException)
11-21 13:09:03.131 W/Finsky  ( 3799): [2] STU: Failed to get storage stats for package 'com.google.android.adservices' (1601: Error getting stats: android.content.pm.PackageManager.NameNotFoundException)
11-21 13:09:03.146 W/Finsky  ( 3799): [2] STU: Failed to get storage stats for package 'com.google.android.tethering' (1601: Error getting stats: android.content.pm.PackageManager.NameNotFoundException)
11-21 13:09:03.307 W/Finsky  ( 3799): [2] STU: Failed to get storage stats for package 'com.android.runtime' (1601: Error getting stats: android.content.pm.PackageManager.NameNotFoundException)
11-21 13:09:03.404 W/Finsky  ( 3799): [2] STU: Failed to get storage stats for package 'com.google.android.cellbroadcast' (1601: Error getting stats: android.content.pm.PackageManager.NameNotFoundException)
11-21 13:09:03.724 W/Finsky  ( 3799): [2] STU: Failed to get storage stats for package 'com.google.android.tzdata6' (1601: Error getting stats: android.content.pm.PackageManager.NameNotFoundException)
11-21 13:09:03.762 W/Finsky  ( 3799): [2] STU: Failed to get storage stats for package 'com.google.android.permission' (1601: Error getting stats: android.content.pm.PackageManager.NameNotFoundException)
11-21 13:09:03.831 W/adbd    (20890): timed out while waiting for FUNCTIONFS_BIND, trying again
11-21 13:09:03.850 W/C2BqBuffer( 1018): last successful dequeue was 4205548510 us ago, 44491 consecutive failures
11-21 13:09:03.869 W/IpClient.wlan0( 2163): [IpReachabilityMonitor] WARN ALERT neighbor went from: NeighborEvent{@654587486,RTM_NEWNEIGH,if=23,fe80::7624:9fff:feac:1ee5,NUD_FAILED,[null]} to: NeighborEvent{@654589821,RTM_NEWNEIGH,if=23,fe80::7624:9fff:feac:1ee5,NUD_FAILED,[null]}
11-21 13:09:04.081 W/Finsky  ( 3799): [2] STU: Failed to get storage stats for package 'com.samsung.android.biometrics.fingerprint' (1601: Error getting stats: android.content.pm.PackageManager.NameNotFoundException)
11-21 13:09:04.756 W/Finsky  ( 3799): [2] STU: Failed to get storage stats for package 'com.google.android.media.swcodec' (1601: Error getting stats: android.content.pm.PackageManager.NameNotFoundException)
11-21 13:09:04.798 W/Finsky  ( 3799): [2] STU: Failed to get storage stats for package 'com.android.profiling' (1601: Error getting stats: android.content.pm.PackageManager.NameNotFoundException)
11-21 13:09:04.879 W/adbd    (20890): timed out while waiting for FUNCTIONFS_BIND, trying again
11-21 13:09:04.935 W/artd    (25146): Could not get dex checksums for location /data/app/~~DpHnj-pHH1BJdrMih4kzsA==/com.twitter.android-3KpyVxJvsx6TAjhmecdW0A==/base.apk, fd=-1
11-21 13:09:04.936 E/ArtService( 1468): Failed to get dexopt status [packageName = com.twitter.android, dexPath = /data/user/0/com.twitter.android/app_pccache/5/0C27F8F29F18E5FB9C36CBB9EA9B2F06C1974D7B/pcam.jar, isa = arm64, classLoaderContext = PCL[];PCL[/data/app/~~DpHnj-pHH1BJdrMih4kzsA==/com.twitter.android-3KpyVxJvsx6TAjhmecdW0A==/base.apk]{PCL[/system/framework/org.apache.http.legacy.jar]#PCL[/system_ext/framework/androidx.window.extensions.jar]#PCL[/system_ext/framework/androidx.window.sidecar.jar]}]
11-21 13:09:04.936 E/ArtService( 1468): android.os.ServiceSpecificException: Failed to create OatFileAssistant: Failed to load class loader context files for '/data/user/0/com.twitter.android/app_pccache/5/0C27F8F29F18E5FB9C36CBB9EA9B2F06C1974D7B/pcam.jar' with context 'PCL[];PCL[/data/app/~~DpHnj-pHH1BJdrMih4kzsA==/com.twitter.android-3KpyVxJvsx6TAjhmecdW0A==/base.apk]{PCL[/system/framework/org.apache.http.legacy.jar]#PCL[/system_ext/framework/androidx.window.extensions.jar]#PCL[/system_ext/framework/androidx.window.sidecar.jar]}' (code 1)
11-21 13:09:04.936 E/ArtService( 1468): 	at android.os.Parcel.createExceptionOrNull(Parcel.java:3271)
11-21 13:09:04.936 E/ArtService( 1468): 	at android.os.Parcel.createException(Parcel.java:3241)
11-21 13:09:04.936 E/ArtService( 1468): 	at android.os.Parcel.readException(Parcel.java:3224)
11-21 13:09:04.936 E/ArtService( 1468): 	at android.os.Parcel.readException(Parcel.java:3166)
11-21 13:09:04.936 E/ArtService( 1468): 	at com.android.server.art.IArtd$Stub$Proxy.getDexoptStatus(IArtd.java:880)
11-21 13:09:04.936 E/ArtService( 1468): 	at com.android.server.art.ArtFileManager.getUsableArtifacts(ArtFileManager.java:153)
11-21 13:09:04.936 E/ArtService( 1468): 	at com.android.server.art.ArtManagerLocal.getArtManagedFileStats(ArtManagerLocal.java:1056)
11-21 13:09:04.936 E/ArtService( 1468): 	at com.android.server.usage.StorageStatsService.computeAppStatsByDataTypes(qb/99323245 147331c3f593555230048f1951233b624d28de1bc69667cb1c9f7e756ba791a6:75)
11-21 13:09:04.936 E/ArtService( 1468): 	at com.android.server.usage.StorageStatsService.queryStatsForUid(qb/99323245 147331c3f593555230048f1951233b624d28de1bc69667cb1c9f7e756ba791a6:138)
11-21 13:09:04.936 E/ArtService( 1468): 	at com.android.server.usage.StorageStatsService.queryStatsForPackage(qb/99323245 147331c3f593555230048f1951233b624d28de1bc69667cb1c9f7e756ba791a6:83)
11-21 13:09:04.936 E/ArtService( 1468): 	at android.app.usage.IStorageStatsManager$Stub.onTransact(IStorageStatsManager.java:265)
11-21 13:09:04.936 E/ArtService( 1468): 	at android.os.Binder.execTransactInternal(Binder.java:1536)
11-21 13:09:04.936 E/ArtService( 1468): 	at android.os.Binder.execTransact(Binder.java:1480)
11-21 13:09:04.936 W/artd    (25146): Could not get dex checksums for location /data/app/~~3vAIzZS-4Eg6yKBxVVdhKA==/com.twitter.android-wauVEaTZp5Z9JEC1gvWSow==/base.apk, fd=-1
11-21 13:09:04.936 E/ArtService( 1468): Failed to get dexopt status [packageName = com.twitter.android, dexPath = /data/user/0/com.twitter.android/app_pccache/5/0DB12F04482D5EE6F1C4FAFDFA9C30C300995A35/pcam.jar, isa = arm64, classLoaderContext = PCL[];PCL[/data/app/~~3vAIzZS-4Eg6yKBxVVdhKA==/com.twitter.android-wauVEaTZp5Z9JEC1gvWSow==/base.apk]{PCL[/system/framework/org.apache.http.legacy.jar]#PCL[/system_ext/framework/androidx.window.extensions.jar]#PCL[/system_ext/framework/androidx.window.sidecar.jar]}]
11-21 13:09:04.936 E/ArtService( 1468): android.os.ServiceSpecificException: Failed to create OatFileAssistant: Failed to load class loader context files for '/data/user/0/com.twitter.android/app_pccache/5/0DB12F04482D5EE6F1C4FAFDFA9C30C300995A35/pcam.jar' with context 'PCL[];PCL[/data/app/~~3vAIzZS-4Eg6yKBxVVdhKA==/com.twitter.android-wauVEaTZp5Z9JEC1gvWSow==/base.apk]{PCL[/system/framework/org.apache.http.legacy.jar]#PCL[/system_ext/framework/androidx.window.extensions.jar]#PCL[/system_ext/framework/androidx.window.sidecar.jar]}' (code 1)
11-21 13:09:04.936 E/ArtService( 1468): 	at android.os.Parcel.createExceptionOrNull(Parcel.java:3271)
11-21 13:09:04.936 E/ArtService( 1468): 	at android.os.Parcel.createException(Parcel.java:3241)
11-21 13:09:04.936 E/ArtService( 1468): 	at android.os.Parcel.readException(Parcel.java:3224)
11-21 13:09:04.936 E/ArtService( 1468): 	at android.os.Parcel.readException(Parcel.java:3166)
11-21 13:09:04.936 E/ArtService( 1468): 	at com.android.server.art.IArtd$Stub$Proxy.getDexoptStatus(IArtd.java:880)
11-21 13:09:04.936 E/ArtService( 1468): 	at com.android.server.art.ArtFileManager.getUsableArtifacts(ArtFileManager.java:153)
11-21 13:09:04.936 E/ArtService( 1468): 	at com.android.server.art.ArtManagerLocal.getArtManagedFileStats(ArtManagerLocal.java:1056)
11-21 13:09:04.936 E/ArtService( 1468): 	at com.android.server.usage.StorageStatsService.computeAppStatsByDataTypes(qb/99323245 147331c3f593555230048f1951233b624d28de1bc69667cb1c9f7e756ba791a6:75)
11-21 13:09:04.936 E/ArtService( 1468): 	at com.android.server.usage.StorageStatsService.queryStatsForUid(qb/99323245 147331c3f593555230048f1951233b624d28de1bc69667cb1c9f7e756ba791a6:138)
11-21 13:09:04.936 E/ArtService( 1468): 	at com.android.server.usage.StorageStatsService.queryStatsForPackage(qb/99323245 147331c3f593555230048f1951233b624d28de1bc69667cb1c9f7e756ba791a6:83)
11-21 13:09:04.936 E/ArtService( 1468): 	at android.app.usage.IStorageStatsManager$Stub.onTransact(IStorageStatsManager.java:265)
11-21 13:09:04.936 E/ArtService( 1468): 	at android.os.Binder.execTransactInternal(Binder.java:1536)
11-21 13:09:04.936 E/ArtService( 1468): 	at android.os.Binder.execTransact(Binder.java:1480)
11-21 13:09:04.975 W/Finsky  ( 3799): [2] STU: Failed to get storage stats for package 'com.google.android.adbd' (1601: Error getting stats: android.content.pm.PackageManager.NameNotFoundException)
11-21 13:09:05.003 W/Finsky  ( 3799): [2] STU: Failed to get storage stats for package 'com.android.i18n' (1601: Error getting stats: android.content.pm.PackageManager.NameNotFoundException)
11-21 13:09:05.014 W/Finsky  ( 3799): [2] STU: Failed to get storage stats for package 'com.samsung.android.spqr' (1601: Error getting stats: android.content.pm.PackageManager.NameNotFoundException)
11-21 13:09:05.014 W/Finsky  ( 3799): [2] STU: Failed to get storage stats for package 'com.google.android.conscrypt' (1601: Error getting stats: android.content.pm.PackageManager.NameNotFoundException)
11-21 13:09:05.198 W/Finsky  ( 3799): [2] STU: Failed to get storage stats for package 'com.google.android.neuralnetworks' (1601: Error getting stats: android.content.pm.PackageManager.NameNotFoundException)
11-21 13:09:05.257 W/Finsky  ( 3799): [2] STU: Failed to get storage stats for package 'com.google.android.ipsec' (1601: Error getting stats: android.content.pm.PackageManager.NameNotFoundException)
11-21 13:09:05.278 W/Finsky  ( 3799): [2] STU: Failed to get storage stats for package 'com.android.devicelock' (1601: Error getting stats: android.content.pm.PackageManager.NameNotFoundException)
11-21 13:09:05.287 W/artd    (25146): Could not get dex checksums for location /data/app/~~KVGRRXRtpvlMHPK1tZ9NTg==/com.truecaller-xu_q53WIPRr-JNQlJqPJ7A==/base.apk, fd=-1
11-21 13:09:05.287 W/artd    (25146): Could not get dex checksums for location /data/app/~~KVGRRXRtpvlMHPK1tZ9NTg==/com.truecaller-xu_q53WIPRr-JNQlJqPJ7A==/split_insights_category_model.apk, fd=-1
11-21 13:09:05.288 E/ArtService( 1468): Failed to get dexopt status [packageName = com.truecaller, dexPath = /data/user/0/com.truecaller/app_pccache/5/0C27F8F29F18E5FB9C36CBB9EA9B2F06C1974D7B/pcam.jar, isa = arm64, classLoaderContext = PCL[];PCL[/data/app/~~KVGRRXRtpvlMHPK1tZ9NTg==/com.truecaller-xu_q53WIPRr-JNQlJqPJ7A==/base.apk:/data/app/~~KVGRRXRtpvlMHPK1tZ9NTg==/com.truecaller-xu_q53WIPRr-JNQlJqPJ7A==/split_insights_category_model.apk]{PCL[/system/framework/org.apache.http.legacy.jar]#PCL[/system_ext/framework/androidx.window.extensions.jar]#PCL[/system_ext/framework/androidx.window.sidecar.jar]}]
11-21 13:09:05.288 E/ArtService( 1468): android.os.ServiceSpecificException: Failed to create OatFileAssistant: Failed to load class loader context files for '/data/user/0/com.truecaller/app_pccache/5/0C27F8F29F18E5FB9C36CBB9EA9B2F06C1974D7B/pcam.jar' with context 'PCL[];PCL[/data/app/~~KVGRRXRtpvlMHPK1tZ9NTg==/com.truecaller-xu_q53WIPRr-JNQlJqPJ7A==/base.apk:/data/app/~~KVGRRXRtpvlMHPK1tZ9NTg==/com.truecaller-xu_q53WIPRr-JNQlJqPJ7A==/split_insights_category_model.apk]{PCL[/system/framework/org.apache.http.legacy.jar]#PCL[/system_ext/framework/androidx.window.extensions.jar]#PCL[/system_ext/framework/androidx.window.sidecar.jar]}' (code 1)
11-21 13:09:05.288 E/ArtService( 1468): 	at android.os.Parcel.createExceptionOrNull(Parcel.java:3271)
11-21 13:09:05.288 E/ArtService( 1468): 	at android.os.Parcel.createException(Parcel.java:3241)
11-21 13:09:05.288 E/ArtService( 1468): 	at android.os.Parcel.readException(Parcel.java:3224)
11-21 13:09:05.288 E/ArtService( 1468): 	at android.os.Parcel.readException(Parcel.java:3166)
11-21 13:09:05.288 E/ArtService( 1468): 	at com.android.server.art.IArtd$Stub$Proxy.getDexoptStatus(IArtd.java:880)
11-21 13:09:05.288 E/ArtService( 1468): 	at com.android.server.art.ArtFileManager.getUsableArtifacts(ArtFileManager.java:153)
11-21 13:09:05.288 E/ArtService( 1468): 	at com.android.server.art.ArtManagerLocal.getArtManagedFileStats(ArtManagerLocal.java:1056)
11-21 13:09:05.288 E/ArtService( 1468): 	at com.android.server.usage.StorageStatsService.computeAppStatsByDataTypes(qb/99323245 147331c3f593555230048f1951233b624d28de1bc69667cb1c9f7e756ba791a6:75)
11-21 13:09:05.288 E/ArtService( 1468): 	at com.android.server.usage.StorageStatsService.queryStatsForUid(qb/99323245 147331c3f593555230048f1951233b624d28de1bc69667cb1c9f7e756ba791a6:138)
11-21 13:09:05.288 E/ArtService( 1468): 	at com.android.server.usage.StorageStatsService.queryStatsForPackage(qb/99323245 147331c3f593555230048f1951233b624d28de1bc69667cb1c9f7e756ba791a6:83)
11-21 13:09:05.288 E/ArtService( 1468): 	at android.app.usage.IStorageStatsManager$Stub.onTransact(IStorageStatsManager.java:265)
11-21 13:09:05.288 E/ArtService( 1468): 	at android.os.Binder.execTransactInternal(Binder.java:1536)
11-21 13:09:05.288 E/ArtService( 1468): 	at android.os.Binder.execTransact(Binder.java:1480)
11-21 13:09:05.313 W/Finsky  ( 3799): [2] STU: Failed to get storage stats for package 'com.google.android.ondevicepersonalization' (1601: Error getting stats: android.content.pm.PackageManager.NameNotFoundException)
11-21 13:09:05.327 W/Finsky  ( 3799): [2] STU: Failed to get storage stats for package 'com.google.android.healthfitness' (1601: Error getting stats: android.content.pm.PackageManager.NameNotFoundException)
11-21 13:09:05.384 W/Finsky  ( 3799): [2] STU: Failed to get storage stats for package 'com.android.uwb' (1601: Error getting stats: android.content.pm.PackageManager.NameNotFoundException)
11-21 13:09:05.384 W/Finsky  ( 3799): [2] STU: Failed to get storage stats for package 'com.google.android.extservices' (1601: Error getting stats: android.content.pm.PackageManager.NameNotFoundException)
11-21 13:09:05.403 W/artd    (25146): Could not get dex checksums for location /data/app/~~ZGh1PbwjOQu9gBMcDbFRyA==/com.android.vending-7uYoxTI094akbw_Gmftc9A==/base.apk, fd=-1
11-21 13:09:05.404 E/ArtService( 1468): Failed to get dexopt status [packageName = com.android.vending, dexPath = /data/user/0/com.android.vending/app_dg_cache/A74929BDA53F98D7A44C93037B41435D08995FDD/the.apk, isa = arm64, classLoaderContext = PCL[];PCL[/data/app/~~ZGh1PbwjOQu9gBMcDbFRyA==/com.android.vending-7uYoxTI094akbw_Gmftc9A==/base.apk]{PCL[/system/framework/org.apache.http.legacy.jar]#PCL[/system_ext/framework/androidx.window.extensions.jar]#PCL[/system_ext/framework/androidx.window.sidecar.jar]}]
11-21 13:09:05.404 E/ArtService( 1468): android.os.ServiceSpecificException: Failed to create OatFileAssistant: Failed to load class loader context files for '/data/user/0/com.android.vending/app_dg_cache/A74929BDA53F98D7A44C93037B41435D08995FDD/the.apk' with context 'PCL[];PCL[/data/app/~~ZGh1PbwjOQu9gBMcDbFRyA==/com.android.vending-7uYoxTI094akbw_Gmftc9A==/base.apk]{PCL[/system/framework/org.apache.http.legacy.jar]#PCL[/system_ext/framework/androidx.window.extensions.jar]#PCL[/system_ext/framework/androidx.window.sidecar.jar]}' (code 1)
11-21 13:09:05.404 E/ArtService( 1468): 	at android.os.Parcel.createExceptionOrNull(Parcel.java:3271)
11-21 13:09:05.404 E/ArtService( 1468): 	at android.os.Parcel.createException(Parcel.java:3241)
11-21 13:09:05.404 E/ArtService( 1468): 	at android.os.Parcel.readException(Parcel.java:3224)
11-21 13:09:05.404 E/ArtService( 1468): 	at android.os.Parcel.readException(Parcel.java:3166)
11-21 13:09:05.404 E/ArtService( 1468): 	at com.android.server.art.IArtd$Stub$Proxy.getDexoptStatus(IArtd.java:880)
11-21 13:09:05.404 E/ArtService( 1468): 	at com.android.server.art.ArtFileManager.getUsableArtifacts(ArtFileManager.java:153)
11-21 13:09:05.404 E/ArtService( 1468): 	at com.android.server.art.ArtManagerLocal.getArtManagedFileStats(ArtManagerLocal.java:1056)
11-21 13:09:05.404 E/ArtService( 1468): 	at com.android.server.usage.StorageStatsService.computeAppStatsByDataTypes(qb/99323245 147331c3f593555230048f1951233b624d28de1bc69667cb1c9f7e756ba791a6:75)
11-21 13:09:05.404 E/ArtService( 1468): 	at com.android.server.usage.StorageStatsService.queryStatsForUid(qb/99323245 147331c3f593555230048f1951233b624d28de1bc69667cb1c9f7e756ba791a6:138)
11-21 13:09:05.404 E/ArtService( 1468): 	at com.android.server.usage.StorageStatsService.queryStatsForPackage(qb/99323245 147331c3f593555230048f1951233b624d28de1bc69667cb1c9f7e756ba791a6:83)
11-21 13:09:05.404 E/ArtService( 1468): 	at android.app.usage.IStorageStatsManager$Stub.onTransact(IStorageStatsManager.java:265)
11-21 13:09:05.404 E/ArtService( 1468): 	at android.os.Binder.execTransactInternal(Binder.java:1536)
11-21 13:09:05.404 E/ArtService( 1468): 	at android.os.Binder.execTransact(Binder.java:1480)
11-21 13:09:05.405 W/artd    (25146): Could not get dex checksums for location /data/app/~~OwiuXLrWX8bdZuuwqi-CQw==/com.android.vending-Mbp5-r83qLT2QDxsQXjSaw==/base.apk, fd=-1
11-21 13:09:05.406 E/ArtService( 1468): Failed to get dexopt status [packageName = com.android.vending, dexPath = /data/user/0/com.android.vending/app_dg_cache/89D9E2E43748CA05B189D46BEA8B2D6C5C01D255/the.apk, isa = arm64, classLoaderContext = PCL[];PCL[/data/app/~~OwiuXLrWX8bdZuuwqi-CQw==/com.android.vending-Mbp5-r83qLT2QDxsQXjSaw==/base.apk]{PCL[/system/framework/org.apache.http.legacy.jar]#PCL[/system_ext/framework/androidx.window.extensions.jar]#PCL[/system_ext/framework/androidx.window.sidecar.jar]}]
11-21 13:09:05.406 E/ArtService( 1468): android.os.ServiceSpecificException: Failed to create OatFileAssistant: Failed to load class loader context files for '/data/user/0/com.android.vending/app_dg_cache/89D9E2E43748CA05B189D46BEA8B2D6C5C01D255/the.apk' with context 'PCL[];PCL[/data/app/~~OwiuXLrWX8bdZuuwqi-CQw==/com.android.vending-Mbp5-r83qLT2QDxsQXjSaw==/base.apk]{PCL[/system/framework/org.apache.http.legacy.jar]#PCL[/system_ext/framework/androidx.window.extensions.jar]#PCL[/system_ext/framework/androidx.window.sidecar.jar]}' (code 1)
11-21 13:09:05.406 E/ArtService( 1468): 	at android.os.Parcel.createExceptionOrNull(Parcel.java:3271)
11-21 13:09:05.406 E/ArtService( 1468): 	at android.os.Parcel.createException(Parcel.java:3241)
11-21 13:09:05.406 E/ArtService( 1468): 	at android.os.Parcel.readException(Parcel.java:3224)
11-21 13:09:05.406 E/ArtService( 1468): 	at android.os.Parcel.readException(Parcel.java:3166)
11-21 13:09:05.406 E/ArtService( 1468): 	at com.android.server.art.IArtd$Stub$Proxy.getDexoptStatus(IArtd.java:880)
11-21 13:09:05.406 E/ArtService( 1468): 	at com.android.server.art.ArtFileManager.getUsableArtifacts(ArtFileManager.java:153)
11-21 13:09:05.406 E/ArtService( 1468): 	at com.android.server.art.ArtManagerLocal.getArtManagedFileStats(ArtManagerLocal.java:1056)
11-21 13:09:05.406 E/ArtService( 1468): 	at com.android.server.usage.StorageStatsService.computeAppStatsByDataTypes(qb/99323245 147331c3f593555230048f1951233b624d28de1bc69667cb1c9f7e756ba791a6:75)
11-21 13:09:05.406 E/ArtService( 1468): 	at com.android.server.usage.StorageStatsService.queryStatsForUid(qb/99323245 147331c3f593555230048f1951233b624d28de1bc69667cb1c9f7e756ba791a6:138)
11-21 13:09:05.406 E/ArtService( 1468): 	at com.android.server.usage.StorageStatsService.queryStatsForPackage(qb/99323245 147331c3f593555230048f1951233b624d28de1bc69667cb1c9f7e756ba791a6:83)
11-21 13:09:05.406 E/ArtService( 1468): 	at android.app.usage.IStorageStatsManager$Stub.onTransact(IStorageStatsManager.java:265)
11-21 13:09:05.406 E/ArtService( 1468): 	at android.os.Binder.execTransactInternal(Binder.java:1536)
11-21 13:09:05.406 E/ArtService( 1468): 	at android.os.Binder.execTransact(Binder.java:1480)
11-21 13:09:05.469 W/JobService( 3799): onNetworkChanged() not implemented in com.google.android.finsky.scheduler.process.mainimpl.PhoneskyJobServiceMain. Must override in a subclass.
11-21 13:09:05.483 W/artd    (25146): Could not get dex checksums for location /data/app/~~Za9IYB2hVVlxciy2y0hL8g==/com.google.android.youtube-JJtYx8Vfsc7LsokC9GYRiQ==/base.apk, fd=-1
11-21 13:09:05.484 E/ArtService( 1468): Failed to get dexopt status [packageName = com.google.android.youtube, dexPath = /data/user/0/com.google.android.youtube/app_dg_cache/8DDAF89CA525EACF24C43471CA97FA2B3A367DFE/the.apk, isa = arm64, classLoaderContext = PCL[];PCL[/data/app/~~Za9IYB2hVVlxciy2y0hL8g==/com.google.android.youtube-JJtYx8Vfsc7LsokC9GYRiQ==/base.apk]{PCL[/system/framework/org.apache.http.legacy.jar]#PCL[/system_ext/framework/androidx.window.extensions.jar]#PCL[/system_ext/framework/androidx.window.sidecar.jar]}]
11-21 13:09:05.484 E/ArtService( 1468): android.os.ServiceSpecificException: Failed to create OatFileAssistant: Failed to load class loader context files for '/data/user/0/com.google.android.youtube/app_dg_cache/8DDAF89CA525EACF24C43471CA97FA2B3A367DFE/the.apk' with context 'PCL[];PCL[/data/app/~~Za9IYB2hVVlxciy2y0hL8g==/com.google.android.youtube-JJtYx8Vfsc7LsokC9GYRiQ==/base.apk]{PCL[/system/framework/org.apache.http.legacy.jar]#PCL[/system_ext/framework/androidx.window.extensions.jar]#PCL[/system_ext/framework/androidx.window.sidecar.jar]}' (code 1)
11-21 13:09:05.484 E/ArtService( 1468): 	at android.os.Parcel.createExceptionOrNull(Parcel.java:3271)
11-21 13:09:05.484 E/ArtService( 1468): 	at android.os.Parcel.createException(Parcel.java:3241)
11-21 13:09:05.484 E/ArtService( 1468): 	at android.os.Parcel.readException(Parcel.java:3224)
11-21 13:09:05.484 E/ArtService( 1468): 	at android.os.Parcel.readException(Parcel.java:3166)
11-21 13:09:05.484 E/ArtService( 1468): 	at com.android.server.art.IArtd$Stub$Proxy.getDexoptStatus(IArtd.java:880)
11-21 13:09:05.484 E/ArtService( 1468): 	at com.android.server.art.ArtFileManager.getUsableArtifacts(ArtFileManager.java:153)
11-21 13:09:05.484 E/ArtService( 1468): 	at com.android.server.art.ArtManagerLocal.getArtManagedFileStats(ArtManagerLocal.java:1056)
11-21 13:09:05.484 E/ArtService( 1468): 	at com.android.server.usage.StorageStatsService.computeAppStatsByDataTypes(qb/99323245 147331c3f593555230048f1951233b624d28de1bc69667cb1c9f7e756ba791a6:75)
11-21 13:09:05.484 E/ArtService( 1468): 	at com.android.server.usage.StorageStatsService.queryStatsForUid(qb/99323245 147331c3f593555230048f1951233b624d28de1bc69667cb1c9f7e756ba791a6:138)
11-21 13:09:05.484 E/ArtService( 1468): 	at com.android.server.usage.StorageStatsService.queryStatsForPackage(qb/99323245 147331c3f593555230048f1951233b624d28de1bc69667cb1c9f7e756ba791a6:83)
11-21 13:09:05.484 E/ArtService( 1468): 	at android.app.usage.IStorageStatsManager$Stub.onTransact(IStorageStatsManager.java:265)
11-21 13:09:05.484 E/ArtService( 1468): 	at android.os.Binder.execTransactInternal(Binder.java:1536)
11-21 13:09:05.484 E/ArtService( 1468): 	at android.os.Binder.execTransact(Binder.java:1480)
11-21 13:09:05.484 W/artd    (25146): Could not get dex checksums for location /data/app/~~Za9IYB2hVVlxciy2y0hL8g==/com.google.android.youtube-JJtYx8Vfsc7LsokC9GYRiQ==/base.apk, fd=-1
11-21 13:09:05.485 E/ArtService( 1468): Failed to get dexopt status [packageName = com.google.android.youtube, dexPath = /data/user/0/com.google.android.youtube/app_pccache/5/0C27F8F29F18E5FB9C36CBB9EA9B2F06C1974D7B/pcam.jar, isa = arm64, classLoaderContext = PCL[];PCL[/data/app/~~Za9IYB2hVVlxciy2y0hL8g==/com.google.android.youtube-JJtYx8Vfsc7LsokC9GYRiQ==/base.apk]{PCL[/system/framework/org.apache.http.legacy.jar]#PCL[/system_ext/framework/androidx.window.extensions.jar]#PCL[/system_ext/framework/androidx.window.sidecar.jar]}]
11-21 13:09:05.485 E/ArtService( 1468): android.os.ServiceSpecificException: Failed to create OatFileAssistant: Failed to load class loader context files for '/data/user/0/com.google.android.youtube/app_pccache/5/0C27F8F29F18E5FB9C36CBB9EA9B2F06C1974D7B/pcam.jar' with context 'PCL[];PCL[/data/app/~~Za9IYB2hVVlxciy2y0hL8g==/com.google.android.youtube-JJtYx8Vfsc7LsokC9GYRiQ==/base.apk]{PCL[/system/framework/org.apache.http.legacy.jar]#PCL[/system_ext/framework/androidx.window.extensions.jar]#PCL[/system_ext/framework/androidx.window.sidecar.jar]}' (code 1)
11-21 13:09:05.485 E/ArtService( 1468): 	at android.os.Parcel.createExceptionOrNull(Parcel.java:3271)
11-21 13:09:05.485 E/ArtService( 1468): 	at android.os.Parcel.createException(Parcel.java:3241)
11-21 13:09:05.485 E/ArtService( 1468): 	at android.os.Parcel.readException(Parcel.java:3224)
11-21 13:09:05.485 E/ArtService( 1468): 	at android.os.Parcel.readException(Parcel.java:3166)
11-21 13:09:05.485 E/ArtService( 1468): 	at com.android.server.art.IArtd$Stub$Proxy.getDexoptStatus(IArtd.java:880)
11-21 13:09:05.485 E/ArtService( 1468): 	at com.android.server.art.ArtFileManager.getUsableArtifacts(ArtFileManager.java:153)
11-21 13:09:05.485 E/ArtService( 1468): 	at com.android.server.art.ArtManagerLocal.getArtManagedFileStats(ArtManagerLocal.java:1056)
11-21 13:09:05.485 E/ArtService( 1468): 	at com.android.server.usage.StorageStatsService.computeAppStatsByDataTypes(qb/99323245 147331c3f593555230048f1951233b624d28de1bc69667cb1c9f7e756ba791a6:75)
11-21 13:09:05.485 E/ArtService( 1468): 	at com.android.server.usage.StorageStatsService.queryStatsForUid(qb/99323245 147331c3f593555230048f1951233b624d28de1bc69667cb1c9f7e756ba791a6:138)
11-21 13:09:05.485 E/ArtService( 1468): 	at com.android.server.usage.StorageStatsService.queryStatsForPackage(qb/99323245 147331c3f593555230048f1951233b624d28de1bc69667cb1c9f7e756ba791a6:83)
11-21 13:09:05.485 E/ArtService( 1468): 	at android.app.usage.IStorageStatsManager$Stub.onTransact(IStorageStatsManager.java:265)
11-21 13:09:05.485 E/ArtService( 1468): 	at android.os.Binder.execTransactInternal(Binder.java:1536)
11-21 13:09:05.485 E/ArtService( 1468): 	at android.os.Binder.execTransact(Binder.java:1480)
11-21 13:09:05.486 W/artd    (25146): Could not get dex checksums for location /data/app/~~r7BnPyW6kW4CljMCmYBP3Q==/com.google.android.youtube-dvIisuEtRPhw_zXdzo7rrw==/base.apk, fd=-1
11-21 13:09:05.487 E/ArtService( 1468): Failed to get dexopt status [packageName = com.google.android.youtube, dexPath = /data/user/0/com.google.android.youtube/app_dg_cache/ED48A77328F42A82BD9FA493E1DC9A627DAADB59/the.apk, isa = arm64, classLoaderContext = PCL[];PCL[/data/app/~~r7BnPyW6kW4CljMCmYBP3Q==/com.google.android.youtube-dvIisuEtRPhw_zXdzo7rrw==/base.apk]{PCL[/system/framework/org.apache.http.legacy.jar]#PCL[/system_ext/framework/androidx.window.extensions.jar]#PCL[/system_ext/framework/androidx.window.sidecar.jar]}]
11-21 13:09:05.487 E/ArtService( 1468): android.os.ServiceSpecificException: Failed to create OatFileAssistant: Failed to load class loader context files for '/data/user/0/com.google.android.youtube/app_dg_cache/ED48A77328F42A82BD9FA493E1DC9A627DAADB59/the.apk' with context 'PCL[];PCL[/data/app/~~r7BnPyW6kW4CljMCmYBP3Q==/com.google.android.youtube-dvIisuEtRPhw_zXdzo7rrw==/base.apk]{PCL[/system/framework/org.apache.http.legacy.jar]#PCL[/system_ext/framework/androidx.window.extensions.jar]#PCL[/system_ext/framework/androidx.window.sidecar.jar]}' (code 1)
11-21 13:09:05.487 E/ArtService( 1468): 	at android.os.Parcel.createExceptionOrNull(Parcel.java:3271)
11-21 13:09:05.487 E/ArtService( 1468): 	at android.os.Parcel.createException(Parcel.java:3241)
11-21 13:09:05.487 E/ArtService( 1468): 	at android.os.Parcel.readException(Parcel.java:3224)
11-21 13:09:05.487 E/ArtService( 1468): 	at android.os.Parcel.readException(Parcel.java:3166)
11-21 13:09:05.487 E/ArtService( 1468): 	at com.android.server.art.IArtd$Stub$Proxy.getDexoptStatus(IArtd.java:880)
11-21 13:09:05.487 E/ArtService( 1468): 	at com.android.server.art.ArtFileManager.getUsableArtifacts(ArtFileManager.java:153)
11-21 13:09:05.487 E/ArtService( 1468): 	at com.android.server.art.ArtManagerLocal.getArtManagedFileStats(ArtManagerLocal.java:1056)
11-21 13:09:05.487 E/ArtService( 1468): 	at com.android.server.usage.StorageStatsService.computeAppStatsByDataTypes(qb/99323245 147331c3f593555230048f1951233b624d28de1bc69667cb1c9f7e756ba791a6:75)
11-21 13:09:05.487 E/ArtService( 1468): 	at com.android.server.usage.StorageStatsService.queryStatsForUid(qb/99323245 147331c3f593555230048f1951233b624d28de1bc69667cb1c9f7e756ba791a6:138)
11-21 13:09:05.487 E/ArtService( 1468): 	at com.android.server.usage.StorageStatsService.queryStatsForPackage(qb/99323245 147331c3f593555230048f1951233b624d28de1bc69667cb1c9f7e756ba791a6:83)
11-21 13:09:05.487 E/ArtService( 1468): 	at android.app.usage.IStorageStatsManager$Stub.onTransact(IStorageStatsManager.java:265)
11-21 13:09:05.487 E/ArtService( 1468): 	at android.os.Binder.execTransactInternal(Binder.java:1536)
11-21 13:09:05.487 E/ArtService( 1468): 	at android.os.Binder.execTransact(Binder.java:1480)
11-21 13:09:05.505 W/Finsky  ( 3799): [2] STU: Failed to get storage stats for package 'com.google.android.os.statsd' (1601: Error getting stats: android.content.pm.PackageManager.NameNotFoundException)
11-21 13:09:05.522 W/artd    (25146): Could not get dex checksums for location /data/app/~~z_ztJeOhSiAedwX4A3VdNQ==/com.afmobi.boomplayer-szlqKe35SfwKx2H9whDuRA==/base.apk, fd=-1
11-21 13:09:05.522 E/ArtService( 1468): Failed to get dexopt status [packageName = com.afmobi.boomplayer, dexPath = /data/user/0/com.afmobi.boomplayer/app_pccache/5/B6EA2E920DF34AD079952BEB09AEEF53F19B467E/pcam.jar, isa = arm64, classLoaderContext = PCL[];PCL[/data/app/~~z_ztJeOhSiAedwX4A3VdNQ==/com.afmobi.boomplayer-szlqKe35SfwKx2H9whDuRA==/base.apk]{PCL[/system/framework/org.apache.http.legacy.jar]#PCL[/system_ext/framework/androidx.window.extensions.jar]#PCL[/system_ext/framework/androidx.window.sidecar.jar]}]
11-21 13:09:05.522 E/ArtService( 1468): android.os.ServiceSpecificException: Failed to create OatFileAssistant: Failed to load class loader context files for '/data/user/0/com.afmobi.boomplayer/app_pccache/5/B6EA2E920DF34AD079952BEB09AEEF53F19B467E/pcam.jar' with context 'PCL[];PCL[/data/app/~~z_ztJeOhSiAedwX4A3VdNQ==/com.afmobi.boomplayer-szlqKe35SfwKx2H9whDuRA==/base.apk]{PCL[/system/framework/org.apache.http.legacy.jar]#PCL[/system_ext/framework/androidx.window.extensions.jar]#PCL[/system_ext/framework/androidx.window.sidecar.jar]}' (code 1)
11-21 13:09:05.522 E/ArtService( 1468): 	at android.os.Parcel.createExceptionOrNull(Parcel.java:3271)
11-21 13:09:05.522 E/ArtService( 1468): 	at android.os.Parcel.createException(Parcel.java:3241)
11-21 13:09:05.522 E/ArtService( 1468): 	at android.os.Parcel.readException(Parcel.java:3224)
11-21 13:09:05.522 E/ArtService( 1468): 	at android.os.Parcel.readException(Parcel.java:3166)
11-21 13:09:05.522 E/ArtService( 1468): 	at com.android.server.art.IArtd$Stub$Proxy.getDexoptStatus(IArtd.java:880)
11-21 13:09:05.522 E/ArtService( 1468): 	at com.android.server.art.ArtFileManager.getUsableArtifacts(ArtFileManager.java:153)
11-21 13:09:05.522 E/ArtService( 1468): 	at com.android.server.art.ArtManagerLocal.getArtManagedFileStats(ArtManagerLocal.java:1056)
11-21 13:09:05.522 E/ArtService( 1468): 	at com.android.server.usage.StorageStatsService.computeAppStatsByDataTypes(qb/99323245 147331c3f593555230048f1951233b624d28de1bc69667cb1c9f7e756ba791a6:75)
11-21 13:09:05.522 E/ArtService( 1468): 	at com.android.server.usage.StorageStatsService.queryStatsForUid(qb/99323245 147331c3f593555230048f1951233b624d28de1bc69667cb1c9f7e756ba791a6:138)
11-21 13:09:05.522 E/ArtService( 1468): 	at com.android.server.usage.StorageStatsService.queryStatsForPackage(qb/99323245 147331c3f593555230048f1951233b624d28de1bc69667cb1c9f7e756ba791a6:83)
11-21 13:09:05.522 E/ArtService( 1468): 	at android.app.usage.IStorageStatsManager$Stub.onTransact(IStorageStatsManager.java:265)
11-21 13:09:05.522 E/ArtService( 1468): 	at android.os.Binder.execTransactInternal(Binder.java:1536)
11-21 13:09:05.522 E/ArtService( 1468): 	at android.os.Binder.execTransact(Binder.java:1480)
11-21 13:09:05.523 W/artd    (25146): Could not get dex checksums for location /data/app/~~ag-Xgmc4gcnCd5L3bswW1A==/com.afmobi.boomplayer-AMnuu8MiURcccuD8tYyQvA==/base.apk, fd=-1
11-21 13:09:05.524 E/ArtService( 1468): Failed to get dexopt status [packageName = com.afmobi.boomplayer, dexPath = /data/user/0/com.afmobi.boomplayer/app_pccache/5/93C3DCFD0867095FE4406F170E27CC60B68F10CD/pcam.jar, isa = arm64, classLoaderContext = PCL[];PCL[/data/app/~~ag-Xgmc4gcnCd5L3bswW1A==/com.afmobi.boomplayer-AMnuu8MiURcccuD8tYyQvA==/base.apk]{PCL[/system/framework/org.apache.http.legacy.jar]#PCL[/system_ext/framework/androidx.window.extensions.jar]#PCL[/system_ext/framework/androidx.window.sidecar.jar]}]
11-21 13:09:05.524 E/ArtService( 1468): android.os.ServiceSpecificException: Failed to create OatFileAssistant: Failed to load class loader context files for '/data/user/0/com.afmobi.boomplayer/app_pccache/5/93C3DCFD0867095FE4406F170E27CC60B68F10CD/pcam.jar' with context 'PCL[];PCL[/data/app/~~ag-Xgmc4gcnCd5L3bswW1A==/com.afmobi.boomplayer-AMnuu8MiURcccuD8tYyQvA==/base.apk]{PCL[/system/framework/org.apache.http.legacy.jar]#PCL[/system_ext/framework/androidx.window.extensions.jar]#PCL[/system_ext/framework/androidx.window.sidecar.jar]}' (code 1)
11-21 13:09:05.524 E/ArtService( 1468): 	at android.os.Parcel.createExceptionOrNull(Parcel.java:3271)
11-21 13:09:05.524 E/ArtService( 1468): 	at android.os.Parcel.createException(Parcel.java:3241)
11-21 13:09:05.524 E/ArtService( 1468): 	at android.os.Parcel.readException(Parcel.java:3224)
11-21 13:09:05.524 E/ArtService( 1468): 	at android.os.Parcel.readException(Parcel.java:3166)
11-21 13:09:05.524 E/ArtService( 1468): 	at com.android.server.art.IArtd$Stub$Proxy.getDexoptStatus(IArtd.java:880)
11-21 13:09:05.524 E/ArtService( 1468): 	at com.android.server.art.ArtFileManager.getUsableArtifacts(ArtFileManager.java:153)
11-21 13:09:05.524 E/ArtService( 1468): 	at com.android.server.art.ArtManagerLocal.getArtManagedFileStats(ArtManagerLocal.java:1056)
11-21 13:09:05.524 E/ArtService( 1468): 	at com.android.server.usage.StorageStatsService.computeAppStatsByDataTypes(qb/99323245 147331c3f593555230048f1951233b624d28de1bc69667cb1c9f7e756ba791a6:75)
11-21 13:09:05.524 E/ArtService( 1468): 	at com.android.server.usage.StorageStatsService.queryStatsForUid(qb/99323245 147331c3f593555230048f1951233b624d28de1bc69667cb1c9f7e756ba791a6:138)
11-21 13:09:05.524 E/ArtService( 1468): 	at com.android.server.usage.StorageStatsService.queryStatsForPackage(qb/99323245 147331c3f593555230048f1951233b624d28de1bc69667cb1c9f7e756ba791a6:83)
11-21 13:09:05.524 E/ArtService( 1468): 	at android.app.usage.IStorageStatsManager$Stub.onTransact(IStorageStatsManager.java:265)
11-21 13:09:05.524 E/ArtService( 1468): 	at android.os.Binder.execTransactInternal(Binder.java:1536)
11-21 13:09:05.524 E/ArtService( 1468): 	at android.os.Binder.execTransact(Binder.java:1480)
11-21 13:09:05.581 W/Finsky  ( 3799): [2] STU: Failed to get storage stats for package 'com.samsung.android.authfw.ta' (1601: Error getting stats: android.content.pm.PackageManager.NameNotFoundException)
11-21 13:09:05.618 W/Finsky  ( 3799): [2] STU: Failed to get storage stats for package 'com.samsung.android.wifi.broadcom' (1601: Error getting stats: android.content.pm.PackageManager.NameNotFoundException)
11-21 13:09:05.643 W/Finsky  ( 3799): [2] STU: Failed to get storage stats for package 'com.android.rkpd' (1601: Error getting stats: android.content.pm.PackageManager.NameNotFoundException)
11-21 13:09:05.706 W/Finsky  ( 3799): [2] STU: Failed to get storage stats for package 'com.google.android.scheduling' (1601: Error getting stats: android.content.pm.PackageManager.NameNotFoundException)
11-21 13:09:05.733 W/Finsky  ( 3799): [2] STU: Failed to get storage stats for package 'com.samsung.android.lifeguard' (1601: Error getting stats: android.content.pm.PackageManager.NameNotFoundException)
11-21 13:09:05.864 E/AuthPII (22034): [RequestTokenManager] getToken() -> BAD_AUTHENTICATION. App: com.android.vending, Service: oauth2:https://www.googleapis.com/auth/googleplay
11-21 13:09:05.864 E/AuthPII (22034): bcim: Long live credential not available.
11-21 13:09:05.864 E/AuthPII (22034): 	at aewv.a(:com.google.android.gms@254534035@25.45.34 (260400-831602148):1301)
11-21 13:09:05.864 E/AuthPII (22034): 	at aexc.b(:com.google.android.gms@254534035@25.45.34 (260400-831602148):26)
11-21 13:09:05.864 E/AuthPII (22034): 	at aexa.a(:com.google.android.gms@254534035@25.45.34 (260400-831602148):734)
11-21 13:09:05.864 E/AuthPII (22034): 	at aewz.b(:com.google.android.gms@254534035@25.45.34 (260400-831602148):141)
11-21 13:09:05.864 E/AuthPII (22034): 	at ymg.d(:com.google.android.gms@254534035@25.45.34 (260400-831602148):624)
11-21 13:09:05.864 E/AuthPII (22034): 	at aeqn.getAuthToken(:com.google.android.gms@254534035@25.45.34 (260400-831602148):412)
11-21 13:09:05.864 E/AuthPII (22034): 	at android.accounts.AbstractAccountAuthenticator$Transport.getAuthToken(AbstractAccountAuthenticator.java:248)
11-21 13:09:05.864 E/AuthPII (22034): 	at android.accounts.IAccountAuthenticator$Stub.onTransact(IAccountAuthenticator.java:250)
11-21 13:09:05.864 E/AuthPII (22034): 	at android.os.Binder.transact(Binder.java:1381)
11-21 13:09:05.864 E/AuthPII (22034): 	at cfru.onTransact(:com.google.android.gms@254534035@25.45.34 (260400-831602148):10)
11-21 13:09:05.864 E/AuthPII (22034): 	at android.os.Binder.transact(Binder.java:1381)
11-21 13:09:05.864 E/AuthPII (22034): 	at buig.onTransact(:com.google.android.gms@254534035@25.45.34 (260400-831602148):161)
