11-21 13:08:32.568 E/ArtService( 1468): 	at com.android.server.usage.StorageStatsService.computeAppStatsByDataTypes(qb/99323245 147331c3f593555230048f1951233b624d28de1bc69667cb1c9f7e756ba791a6:75)
11-21 13:08:32.568 E/ArtService( 1468): 	at com.android.server.usage.StorageStatsService.queryStatsForUid(qb/99323245 147331c3f593555230048f1951233b624d28de1bc69667cb1c9f7e756ba791a6:138)
11-21 13:08:32.568 E/ArtService( 1468): 	at com.android.server.usage.StorageStatsService.queryStatsForPackage(qb/99323245 147331c3f593555230048f1951233b624d28de1bc69667cb1c9f7e756ba791a6:83)
11-21 13:08:32.568 E/ArtService( 1468): 	at android.app.usage.IStorageStatsManager$Stub.onTransact(IStorageStatsManager.java:265)
11-21 13:08:32.568 E/ArtService( 1468): 	at android.os.Binder.execTransactInternal(Binder.java:1536)
11-21 13:08:32.568 E/ArtService( 1468): 	at android.os.Binder.execTransact(Binder.java:1480)
11-21 13:08:32.620 W/LocationManagerService( 1468): onFreezeStateChanged, uid[10217]=false
11-21 13:08:32.666 W/artd    (25146): Could not get dex checksums for location /data/app/~~Za9IYB2hVVlxciy2y0hL8g==/com.google.android.youtube-JJtYx8Vfsc7LsokC9GYRiQ==/base.apk, fd=-1
11-21 13:08:32.666 E/ArtService( 1468): Failed to get dexopt status [packageName = com.google.android.youtube, dexPath = /data/user/0/com.google.android.youtube/app_dg_cache/8DDAF89CA525EACF24C43471CA97FA2B3A367DFE/the.apk, isa = arm64, classLoaderContext = PCL[];PCL[/data/app/~~Za9IYB2hVVlxciy2y0hL8g==/com.google.android.youtube-JJtYx8Vfsc7LsokC9GYRiQ==/base.apk]{PCL[/system/framework/org.apache.http.legacy.jar]#PCL[/system_ext/framework/androidx.window.extensions.jar]#PCL[/system_ext/framework/androidx.window.sidecar.jar]}]
11-21 13:08:32.666 E/ArtService( 1468): android.os.ServiceSpecificException: Failed to create OatFileAssistant: Failed to load class loader context files for '/data/user/0/com.google.android.youtube/app_dg_cache/8DDAF89CA525EACF24C43471CA97FA2B3A367DFE/the.apk' with context 'PCL[];PCL[/data/app/~~Za9IYB2hVVlxciy2y0hL8g==/com.google.android.youtube-JJtYx8Vfsc7LsokC9GYRiQ==/base.apk]{PCL[/system/framework/org.apache.http.legacy.jar]#PCL[/system_ext/framework/androidx.window.extensions.jar]#PCL[/system_ext/framework/androidx.window.sidecar.jar]}' (code 1)
11-21 13:08:32.666 E/ArtService( 1468): 	at android.os.Parcel.createExceptionOrNull(Parcel.java:3271)
11-21 13:08:32.666 E/ArtService( 1468): 	at android.os.Parcel.createException(Parcel.java:3241)
11-21 13:08:32.666 E/ArtService( 1468): 	at android.os.Parcel.readException(Parcel.java:3224)
11-21 13:08:32.666 E/ArtService( 1468): 	at android.os.Parcel.readException(Parcel.java:3166)
11-21 13:08:32.666 E/ArtService( 1468): 	at com.android.server.art.IArtd$Stub$Proxy.getDexoptStatus(IArtd.java:880)
11-21 13:08:32.666 E/ArtService( 1468): 	at com.android.server.art.ArtFileManager.getUsableArtifacts(ArtFileManager.java:153)
11-21 13:08:32.666 E/ArtService( 1468): 	at com.android.server.art.ArtManagerLocal.getArtManagedFileStats(ArtManagerLocal.java:1056)
11-21 13:08:32.666 E/ArtService( 1468): 	at com.android.server.usage.StorageStatsService.computeAppStatsByDataTypes(qb/99323245 147331c3f593555230048f1951233b624d28de1bc69667cb1c9f7e756ba791a6:75)
11-21 13:08:32.666 E/ArtService( 1468): 	at com.android.server.usage.StorageStatsService.queryStatsForUid(qb/99323245 147331c3f593555230048f1951233b624d28de1bc69667cb1c9f7e756ba791a6:138)
11-21 13:08:32.666 E/ArtService( 1468): 	at com.android.server.usage.StorageStatsService.queryStatsForPackage(qb/99323245 147331c3f593555230048f1951233b624d28de1bc69667cb1c9f7e756ba791a6:83)
11-21 13:08:32.666 E/ArtService( 1468): 	at android.app.usage.IStorageStatsManager$Stub.onTransact(IStorageStatsManager.java:265)
11-21 13:08:32.666 E/ArtService( 1468): 	at android.os.Binder.execTransactInternal(Binder.java:1536)
11-21 13:08:32.666 E/ArtService( 1468): 	at android.os.Binder.execTransact(Binder.java:1480)
11-21 13:08:32.666 W/artd    (25146): Could not get dex checksums for location /data/app/~~Za9IYB2hVVlxciy2y0hL8g==/com.google.android.youtube-JJtYx8Vfsc7LsokC9GYRiQ==/base.apk, fd=-1
11-21 13:08:32.667 E/ArtService( 1468): Failed to get dexopt status [packageName = com.google.android.youtube, dexPath = /data/user/0/com.google.android.youtube/app_pccache/5/0C27F8F29F18E5FB9C36CBB9EA9B2F06C1974D7B/pcam.jar, isa = arm64, classLoaderContext = PCL[];PCL[/data/app/~~Za9IYB2hVVlxciy2y0hL8g==/com.google.android.youtube-JJtYx8Vfsc7LsokC9GYRiQ==/base.apk]{PCL[/system/framework/org.apache.http.legacy.jar]#PCL[/system_ext/framework/androidx.window.extensions.jar]#PCL[/system_ext/framework/androidx.window.sidecar.jar]}]
11-21 13:08:32.667 E/ArtService( 1468): android.os.ServiceSpecificException: Failed to create OatFileAssistant: Failed to load class loader context files for '/data/user/0/com.google.android.youtube/app_pccache/5/0C27F8F29F18E5FB9C36CBB9EA9B2F06C1974D7B/pcam.jar' with context 'PCL[];PCL[/data/app/~~Za9IYB2hVVlxciy2y0hL8g==/com.google.android.youtube-JJtYx8Vfsc7LsokC9GYRiQ==/base.apk]{PCL[/system/framework/org.apache.http.legacy.jar]#PCL[/system_ext/framework/androidx.window.extensions.jar]#PCL[/system_ext/framework/androidx.window.sidecar.jar]}' (code 1)
11-21 13:08:32.667 E/ArtService( 1468): 	at android.os.Parcel.createExceptionOrNull(Parcel.java:3271)
11-21 13:08:32.667 E/ArtService( 1468): 	at android.os.Parcel.createException(Parcel.java:3241)
11-21 13:08:32.667 E/ArtService( 1468): 	at android.os.Parcel.readException(Parcel.java:3224)
11-21 13:08:32.667 E/ArtService( 1468): 	at android.os.Parcel.readException(Parcel.java:3166)
11-21 13:08:32.667 E/ArtService( 1468): 	at com.android.server.art.IArtd$Stub$Proxy.getDexoptStatus(IArtd.java:880)
11-21 13:08:32.667 E/ArtService( 1468): 	at com.android.server.art.ArtFileManager.getUsableArtifacts(ArtFileManager.java:153)
11-21 13:08:32.667 E/ArtService( 1468): 	at com.android.server.art.ArtManagerLocal.getArtManagedFileStats(ArtManagerLocal.java:1056)
11-21 13:08:32.667 E/ArtService( 1468): 	at com.android.server.usage.StorageStatsService.computeAppStatsByDataTypes(qb/99323245 147331c3f593555230048f1951233b624d28de1bc69667cb1c9f7e756ba791a6:75)
11-21 13:08:32.667 E/ArtService( 1468): 	at com.android.server.usage.StorageStatsService.queryStatsForUid(qb/99323245 147331c3f593555230048f1951233b624d28de1bc69667cb1c9f7e756ba791a6:138)
11-21 13:08:32.667 E/ArtService( 1468): 	at com.android.server.usage.StorageStatsService.queryStatsForPackage(qb/99323245 147331c3f593555230048f1951233b624d28de1bc69667cb1c9f7e756ba791a6:83)
11-21 13:08:32.667 E/ArtService( 1468): 	at android.app.usage.IStorageStatsManager$Stub.onTransact(IStorageStatsManager.java:265)
11-21 13:08:32.667 E/ArtService( 1468): 	at android.os.Binder.execTransactInternal(Binder.java:1536)
11-21 13:08:32.667 E/ArtService( 1468): 	at android.os.Binder.execTransact(Binder.java:1480)
11-21 13:08:32.667 W/ActivityManager( 1468): Rescheduling restart of crashed service com.osp.app.signin/com.samsung.android.samsungaccount.mobileservice.commonservice.CommonService in 0ms for mem-pressure-event
11-21 13:08:32.671 W/artd    (25146): Could not get dex checksums for location /data/app/~~r7BnPyW6kW4CljMCmYBP3Q==/com.google.android.youtube-dvIisuEtRPhw_zXdzo7rrw==/base.apk, fd=-1
11-21 13:08:32.671 E/ArtService( 1468): Failed to get dexopt status [packageName = com.google.android.youtube, dexPath = /data/user/0/com.google.android.youtube/app_dg_cache/ED48A77328F42A82BD9FA493E1DC9A627DAADB59/the.apk, isa = arm64, classLoaderContext = PCL[];PCL[/data/app/~~r7BnPyW6kW4CljMCmYBP3Q==/com.google.android.youtube-dvIisuEtRPhw_zXdzo7rrw==/base.apk]{PCL[/system/framework/org.apache.http.legacy.jar]#PCL[/system_ext/framework/androidx.window.extensions.jar]#PCL[/system_ext/framework/androidx.window.sidecar.jar]}]
11-21 13:08:32.671 E/ArtService( 1468): android.os.ServiceSpecificException: Failed to create OatFileAssistant: Failed to load class loader context files for '/data/user/0/com.google.android.youtube/app_dg_cache/ED48A77328F42A82BD9FA493E1DC9A627DAADB59/the.apk' with context 'PCL[];PCL[/data/app/~~r7BnPyW6kW4CljMCmYBP3Q==/com.google.android.youtube-dvIisuEtRPhw_zXdzo7rrw==/base.apk]{PCL[/system/framework/org.apache.http.legacy.jar]#PCL[/system_ext/framework/androidx.window.extensions.jar]#PCL[/system_ext/framework/androidx.window.sidecar.jar]}' (code 1)
11-21 13:08:32.671 E/ArtService( 1468): 	at android.os.Parcel.createExceptionOrNull(Parcel.java:3271)
11-21 13:08:32.671 E/ArtService( 1468): 	at android.os.Parcel.createException(Parcel.java:3241)
11-21 13:08:32.671 E/ArtService( 1468): 	at android.os.Parcel.readException(Parcel.java:3224)
11-21 13:08:32.671 E/ArtService( 1468): 	at android.os.Parcel.readException(Parcel.java:3166)
11-21 13:08:32.671 E/ArtService( 1468): 	at com.android.server.art.IArtd$Stub$Proxy.getDexoptStatus(IArtd.java:880)
11-21 13:08:32.671 E/ArtService( 1468): 	at com.android.server.art.ArtFileManager.getUsableArtifacts(ArtFileManager.java:153)
11-21 13:08:32.671 E/ArtService( 1468): 	at com.android.server.art.ArtManagerLocal.getArtManagedFileStats(ArtManagerLocal.java:1056)
11-21 13:08:32.671 E/ArtService( 1468): 	at com.android.server.usage.StorageStatsService.computeAppStatsByDataTypes(qb/99323245 147331c3f593555230048f1951233b624d28de1bc69667cb1c9f7e756ba791a6:75)
11-21 13:08:32.671 E/ArtService( 1468): 	at com.android.server.usage.StorageStatsService.queryStatsForUid(qb/99323245 147331c3f593555230048f1951233b624d28de1bc69667cb1c9f7e756ba791a6:138)
11-21 13:08:32.671 E/ArtService( 1468): 	at com.android.server.usage.StorageStatsService.queryStatsForPackage(qb/99323245 147331c3f593555230048f1951233b624d28de1bc69667cb1c9f7e756ba791a6:83)
11-21 13:08:32.671 E/ArtService( 1468): 	at android.app.usage.IStorageStatsManager$Stub.onTransact(IStorageStatsManager.java:265)
11-21 13:08:32.671 E/ArtService( 1468): 	at android.os.Binder.execTransactInternal(Binder.java:1536)
11-21 13:08:32.671 E/ArtService( 1468): 	at android.os.Binder.execTransact(Binder.java:1480)
11-21 13:08:32.695 W/Finsky  ( 3799): [2] STU: Failed to get storage stats for package 'com.google.android.os.statsd' (1601: Error getting stats: android.content.pm.PackageManager.NameNotFoundException)
11-21 13:08:32.720 W/artd    (25146): Could not get dex checksums for location /data/app/~~z_ztJeOhSiAedwX4A3VdNQ==/com.afmobi.boomplayer-szlqKe35SfwKx2H9whDuRA==/base.apk, fd=-1
11-21 13:08:32.721 E/ArtService( 1468): Failed to get dexopt status [packageName = com.afmobi.boomplayer, dexPath = /data/user/0/com.afmobi.boomplayer/app_pccache/5/B6EA2E920DF34AD079952BEB09AEEF53F19B467E/pcam.jar, isa = arm64, classLoaderContext = PCL[];PCL[/data/app/~~z_ztJeOhSiAedwX4A3VdNQ==/com.afmobi.boomplayer-szlqKe35SfwKx2H9whDuRA==/base.apk]{PCL[/system/framework/org.apache.http.legacy.jar]#PCL[/system_ext/framework/androidx.window.extensions.jar]#PCL[/system_ext/framework/androidx.window.sidecar.jar]}]
11-21 13:08:32.721 E/ArtService( 1468): android.os.ServiceSpecificException: Failed to create OatFileAssistant: Failed to load class loader context files for '/data/user/0/com.afmobi.boomplayer/app_pccache/5/B6EA2E920DF34AD079952BEB09AEEF53F19B467E/pcam.jar' with context 'PCL[];PCL[/data/app/~~z_ztJeOhSiAedwX4A3VdNQ==/com.afmobi.boomplayer-szlqKe35SfwKx2H9whDuRA==/base.apk]{PCL[/system/framework/org.apache.http.legacy.jar]#PCL[/system_ext/framework/androidx.window.extensions.jar]#PCL[/system_ext/framework/androidx.window.sidecar.jar]}' (code 1)
11-21 13:08:32.721 E/ArtService( 1468): 	at android.os.Parcel.createExceptionOrNull(Parcel.java:3271)
11-21 13:08:32.721 E/ArtService( 1468): 	at android.os.Parcel.createException(Parcel.java:3241)
11-21 13:08:32.721 E/ArtService( 1468): 	at android.os.Parcel.readException(Parcel.java:3224)
11-21 13:08:32.721 E/ArtService( 1468): 	at android.os.Parcel.readException(Parcel.java:3166)
11-21 13:08:32.721 E/ArtService( 1468): 	at com.android.server.art.IArtd$Stub$Proxy.getDexoptStatus(IArtd.java:880)
11-21 13:08:32.721 E/ArtService( 1468): 	at com.android.server.art.ArtFileManager.getUsableArtifacts(ArtFileManager.java:153)
11-21 13:08:32.721 E/ArtService( 1468): 	at com.android.server.art.ArtManagerLocal.getArtManagedFileStats(ArtManagerLocal.java:1056)
11-21 13:08:32.721 E/ArtService( 1468): 	at com.android.server.usage.StorageStatsService.computeAppStatsByDataTypes(qb/99323245 147331c3f593555230048f1951233b624d28de1bc69667cb1c9f7e756ba791a6:75)
11-21 13:08:32.721 E/ArtService( 1468): 	at com.android.server.usage.StorageStatsService.queryStatsForUid(qb/99323245 147331c3f593555230048f1951233b624d28de1bc69667cb1c9f7e756ba791a6:138)
11-21 13:08:32.721 E/ArtService( 1468): 	at com.android.server.usage.StorageStatsService.queryStatsForPackage(qb/99323245 147331c3f593555230048f1951233b624d28de1bc69667cb1c9f7e756ba791a6:83)
11-21 13:08:32.721 E/ArtService( 1468): 	at android.app.usage.IStorageStatsManager$Stub.onTransact(IStorageStatsManager.java:265)
11-21 13:08:32.721 E/ArtService( 1468): 	at android.os.Binder.execTransactInternal(Binder.java:1536)
11-21 13:08:32.721 E/ArtService( 1468): 	at android.os.Binder.execTransact(Binder.java:1480)
11-21 13:08:32.721 W/artd    (25146): Could not get dex checksums for location /data/app/~~ag-Xgmc4gcnCd5L3bswW1A==/com.afmobi.boomplayer-AMnuu8MiURcccuD8tYyQvA==/base.apk, fd=-1
11-21 13:08:32.722 E/ArtService( 1468): Failed to get dexopt status [packageName = com.afmobi.boomplayer, dexPath = /data/user/0/com.afmobi.boomplayer/app_pccache/5/93C3DCFD0867095FE4406F170E27CC60B68F10CD/pcam.jar, isa = arm64, classLoaderContext = PCL[];PCL[/data/app/~~ag-Xgmc4gcnCd5L3bswW1A==/com.afmobi.boomplayer-AMnuu8MiURcccuD8tYyQvA==/base.apk]{PCL[/system/framework/org.apache.http.legacy.jar]#PCL[/system_ext/framework/androidx.window.extensions.jar]#PCL[/system_ext/framework/androidx.window.sidecar.jar]}]
11-21 13:08:32.722 E/ArtService( 1468): android.os.ServiceSpecificException: Failed to create OatFileAssistant: Failed to load class loader context files for '/data/user/0/com.afmobi.boomplayer/app_pccache/5/93C3DCFD0867095FE4406F170E27CC60B68F10CD/pcam.jar' with context 'PCL[];PCL[/data/app/~~ag-Xgmc4gcnCd5L3bswW1A==/com.afmobi.boomplayer-AMnuu8MiURcccuD8tYyQvA==/base.apk]{PCL[/system/framework/org.apache.http.legacy.jar]#PCL[/system_ext/framework/androidx.window.extensions.jar]#PCL[/system_ext/framework/androidx.window.sidecar.jar]}' (code 1)
11-21 13:08:32.722 E/ArtService( 1468): 	at android.os.Parcel.createExceptionOrNull(Parcel.java:3271)
11-21 13:08:32.722 E/ArtService( 1468): 	at android.os.Parcel.createException(Parcel.java:3241)
11-21 13:08:32.722 E/ArtService( 1468): 	at android.os.Parcel.readException(Parcel.java:3224)
11-21 13:08:32.722 E/ArtService( 1468): 	at android.os.Parcel.readException(Parcel.java:3166)
11-21 13:08:32.722 E/ArtService( 1468): 	at com.android.server.art.IArtd$Stub$Proxy.getDexoptStatus(IArtd.java:880)
11-21 13:08:32.722 E/ArtService( 1468): 	at com.android.server.art.ArtFileManager.getUsableArtifacts(ArtFileManager.java:153)
11-21 13:08:32.722 E/ArtService( 1468): 	at com.android.server.art.ArtManagerLocal.getArtManagedFileStats(ArtManagerLocal.java:1056)
11-21 13:08:32.722 E/ArtService( 1468): 	at com.android.server.usage.StorageStatsService.computeAppStatsByDataTypes(qb/99323245 147331c3f593555230048f1951233b624d28de1bc69667cb1c9f7e756ba791a6:75)
11-21 13:08:32.722 E/ArtService( 1468): 	at com.android.server.usage.StorageStatsService.queryStatsForUid(qb/99323245 147331c3f593555230048f1951233b624d28de1bc69667cb1c9f7e756ba791a6:138)
11-21 13:08:32.722 E/ArtService( 1468): 	at com.android.server.usage.StorageStatsService.queryStatsForPackage(qb/99323245 147331c3f593555230048f1951233b624d28de1bc69667cb1c9f7e756ba791a6:83)
11-21 13:08:32.722 E/ArtService( 1468): 	at android.app.usage.IStorageStatsManager$Stub.onTransact(IStorageStatsManager.java:265)
11-21 13:08:32.722 E/ArtService( 1468): 	at android.os.Binder.execTransactInternal(Binder.java:1536)
11-21 13:08:32.722 E/ArtService( 1468): 	at android.os.Binder.execTransact(Binder.java:1480)
11-21 13:08:32.774 W/Finsky  ( 3799): [2] STU: Failed to get storage stats for package 'com.samsung.android.authfw.ta' (1601: Error getting stats: android.content.pm.PackageManager.NameNotFoundException)
11-21 13:08:32.808 W/Finsky  ( 3799): [2] STU: Failed to get storage stats for package 'com.samsung.android.wifi.broadcom' (1601: Error getting stats: android.content.pm.PackageManager.NameNotFoundException)
11-21 13:08:32.825 W/Finsky  ( 3799): [2] STU: Failed to get storage stats for package 'com.android.rkpd' (1601: Error getting stats: android.content.pm.PackageManager.NameNotFoundException)
11-21 13:08:32.856 W/Finsky  ( 3799): [2] STU: Failed to get storage stats for package 'com.google.android.scheduling' (1601: Error getting stats: android.content.pm.PackageManager.NameNotFoundException)
11-21 13:08:32.872 W/Finsky  ( 3799): [2] STU: Failed to get storage stats for package 'com.samsung.android.lifeguard' (1601: Error getting stats: android.content.pm.PackageManager.NameNotFoundException)
11-21 13:08:32.908 W/ActivityManager( 1468): Rescheduling restart of crashed service com.osp.app.signin/com.samsung.android.samsungaccount.mobileservice.commonservice.CommonService in 0ms for mem-pressure-event
11-21 13:08:32.981 E/AuthPII (22034): [RequestTokenManager] getToken() -> BAD_AUTHENTICATION. App: com.android.vending, Service: oauth2:https://www.googleapis.com/auth/googleplay
11-21 13:08:32.981 E/AuthPII (22034): bcim: Long live credential not available.
11-21 13:08:32.981 E/AuthPII (22034): 	at aewv.a(:com.google.android.gms@254534035@25.45.34 (260400-831602148):1301)
11-21 13:08:32.981 E/AuthPII (22034): 	at aexc.b(:com.google.android.gms@254534035@25.45.34 (260400-831602148):26)
11-21 13:08:32.981 E/AuthPII (22034): 	at aexa.a(:com.google.android.gms@254534035@25.45.34 (260400-831602148):734)
11-21 13:08:32.981 E/AuthPII (22034): 	at aewz.b(:com.google.android.gms@254534035@25.45.34 (260400-831602148):141)
11-21 13:08:32.981 E/AuthPII (22034): 	at ymg.d(:com.google.android.gms@254534035@25.45.34 (260400-831602148):624)
11-21 13:08:32.981 E/AuthPII (22034): 	at aeqn.getAuthToken(:com.google.android.gms@254534035@25.45.34 (260400-831602148):412)
11-21 13:08:32.981 E/AuthPII (22034): 	at android.accounts.AbstractAccountAuthenticator$Transport.getAuthToken(AbstractAccountAuthenticator.java:248)
11-21 13:08:32.981 E/AuthPII (22034): 	at android.accounts.IAccountAuthenticator$Stub.onTransact(IAccountAuthenticator.java:250)
11-21 13:08:32.981 E/AuthPII (22034): 	at android.os.Binder.transact(Binder.java:1381)
11-21 13:08:32.981 E/AuthPII (22034): 	at cfru.onTransact(:com.google.android.gms@254534035@25.45.34 (260400-831602148):10)
11-21 13:08:32.981 E/AuthPII (22034): 	at android.os.Binder.transact(Binder.java:1381)
11-21 13:08:32.981 E/AuthPII (22034): 	at buig.onTransact(:com.google.android.gms@254534035@25.45.34 (260400-831602148):161)
11-21 13:08:32.981 E/AuthPII (22034): 	at android.os.Binder.execTransactInternal(Binder.java:1541)
11-21 13:08:32.981 E/AuthPII (22034): 	at android.os.Binder.execTransact(Binder.java:1480)
11-21 13:08:32.981 E/AuthPII (22034): Message is Long live credential not available.
11-21 13:08:32.981 E/AuthPII (22034): bcim: Long live credential not available.
11-21 13:08:32.981 E/AuthPII (22034): 	at aewv.a(:com.google.android.gms@254534035@25.45.34 (260400-831602148):1301)
11-21 13:08:32.981 E/AuthPII (22034): 	at aexc.b(:com.google.android.gms@254534035@25.45.34 (260400-831602148):26)
11-21 13:08:32.981 E/AuthPII (22034): 	at aexa.a(:com.google.android.gms@254534035@25.45.34 (260400-831602148):734)
11-21 13:08:32.981 E/AuthPII (22034): 	at aewz.b(:com.google.android.gms@254534035@25.45.34 (260400-831602148):141)
11-21 13:08:32.981 E/AuthPII (22034): 	at ymg.d(:com.google.android.gms@254534035@25.45.34 (260400-831602148):624)
11-21 13:08:32.981 E/AuthPII (22034): 	at aeqn.getAuthToken(:com.google.android.gms@254534035@25.45.34 (260400-831602148):412)
11-21 13:08:32.981 E/AuthPII (22034): 	at android.accounts.AbstractAccountAuthenticator$Transport.getAuthToken(AbstractAccountAuthenticator.java:248)
11-21 13:08:32.981 E/AuthPII (22034): 	at android.accounts.IAccountAuthenticator$Stub.onTransact(IAccountAuthenticator.java:250)
11-21 13:08:32.981 E/AuthPII (22034): 	at android.os.Binder.transact(Binder.java:1381)
11-21 13:08:32.981 E/AuthPII (22034): 	at cfru.onTransact(:com.google.android.gms@254534035@25.45.34 (260400-831602148):10)
11-21 13:08:32.981 E/AuthPII (22034): 	at android.os.Binder.transact(Binder.java:1381)
11-21 13:08:32.981 E/AuthPII (22034): 	at buig.onTransact(:com.google.android.gms@254534035@25.45.34 (260400-831602148):161)
11-21 13:08:32.981 E/AuthPII (22034): 	at android.os.Binder.execTransactInternal(Binder.java:1541)
11-21 13:08:32.981 E/AuthPII (22034): 	at android.os.Binder.execTransact(Binder.java:1480)
11-21 13:08:32.990 W/Auth    (22034): [ChimeraGetToken] exception while trying to fetch auth tokens for app=com.google.android.gsf, scope=oauth2:https://www.googleapis.com/auth/googleplay [CONTEXT service_id=153 ]
11-21 13:08:32.990 W/Auth    (22034): aewu: GetToken failed with status code and recovery intent: BadAuthentication
11-21 13:08:32.990 W/Auth    (22034): 	at aewz.b(:com.google.android.gms@254534035@25.45.34 (260400-831602148):338)
11-21 13:08:32.990 W/Auth    (22034): 	at ymg.d(:com.google.android.gms@254534035@25.45.34 (260400-831602148):624)
11-21 13:08:32.990 W/Auth    (22034): 	at aeqn.getAuthToken(:com.google.android.gms@254534035@25.45.34 (260400-831602148):412)
11-21 13:08:32.990 W/Auth    (22034): 	at android.accounts.AbstractAccountAuthenticator$Transport.getAuthToken(AbstractAccountAuthenticator.java:248)
11-21 13:08:32.990 W/Auth    (22034): 	at android.accounts.IAccountAuthenticator$Stub.onTransact(IAccountAuthenticator.java:250)
11-21 13:08:32.990 W/Auth    (22034): 	at android.os.Binder.transact(Binder.java:1381)
11-21 13:08:32.990 W/Auth    (22034): 	at cfru.onTransact(:com.google.android.gms@254534035@25.45.34 (260400-831602148):10)
11-21 13:08:32.990 W/Auth    (22034): 	at android.os.Binder.transact(Binder.java:1381)
11-21 13:08:32.990 W/Auth    (22034): 	at buig.onTransact(:com.google.android.gms@254534035@25.45.34 (260400-831602148):161)
11-21 13:08:32.990 W/Auth    (22034): 	at android.os.Binder.execTransactInternal(Binder.java:1541)
11-21 13:08:32.990 W/Auth    (22034): 	at android.os.Binder.execTransact(Binder.java:1480)
11-21 13:08:32.990 W/GLSActivity(22034): [GmsAccountAuthenticatorImpl] error status while fetching token:BadAuthentication
11-21 13:08:33.191 W/android.vending( 3799): ApkAssets: Deleting an ApkAssets object '<empty> and /data/app/~~kuq8SRBmxQToLmlIfpaEsg==/com.lemon.lvoverseas-qkHwB3_HR-YXqsvpqE7g7Q==/base.apk' with 1 weak references
11-21 13:08:33.192 W/android.vending( 3799): ApkAssets: Deleting an ApkAssets object '<empty> and /data/app/~~kuq8SRBmxQToLmlIfpaEsg==/com.lemon.lvoverseas-qkHwB3_HR-YXqsvpqE7g7Q==/split_config.arm64_v8a.apk' with 1 weak references
11-21 13:08:33.192 W/android.vending( 3799): ApkAssets: Deleting an ApkAssets object '<empty> and /data/app/~~kuq8SRBmxQToLmlIfpaEsg==/com.lemon.lvoverseas-qkHwB3_HR-YXqsvpqE7g7Q==/split_config.en.apk' with 1 weak references
11-21 13:08:33.192 W/android.vending( 3799): ApkAssets: Deleting an ApkAssets object '<empty> and /data/app/~~kuq8SRBmxQToLmlIfpaEsg==/com.lemon.lvoverseas-qkHwB3_HR-YXqsvpqE7g7Q==/split_config.xxhdpi.apk' with 1 weak references
11-21 13:08:33.194 W/android.vending( 3799): ApkAssets: Deleting an ApkAssets object '<empty> and /data/app/~~LfUzSuw9j8c4h1IzZkc1Uw==/com.linkedin.android-jw9H_XPWoSN0LMSC4g5zpg==/base.apk' with 1 weak references
11-21 13:08:33.195 W/android.vending( 3799): ApkAssets: Deleting an ApkAssets object '<empty> and /data/app/~~LfUzSuw9j8c4h1IzZkc1Uw==/com.linkedin.android-jw9H_XPWoSN0LMSC4g5zpg==/split_config.arm64_v8a.apk' with 1 weak references
11-21 13:08:33.195 W/android.vending( 3799): ApkAssets: Deleting an ApkAssets object '<empty> and /data/app/~~LfUzSuw9j8c4h1IzZkc1Uw==/com.linkedin.android-jw9H_XPWoSN0LMSC4g5zpg==/split_config.en.apk' with 1 weak references
11-21 13:08:33.195 W/android.vending( 3799): ApkAssets: Deleting an ApkAssets object '<empty> and /data/app/~~LfUzSuw9j8c4h1IzZkc1Uw==/com.linkedin.android-jw9H_XPWoSN0LMSC4g5zpg==/split_config.xxhdpi.apk' with 1 weak references
11-21 13:08:33.195 W/android.vending( 3799): ApkAssets: Deleting an ApkAssets object '<empty> and /data/app/~~Gafk0Mh0vOXHLzzPb06RIQ==/com.litanopro.user-hrc2Ma3V4DqUaqgQnFunOg==/base.apk' with 1 weak references
11-21 13:08:33.195 W/android.vending( 3799): ApkAssets: Deleting an ApkAssets object '<empty> and /data/app/~~Gafk0Mh0vOXHLzzPb06RIQ==/com.litanopro.user-hrc2Ma3V4DqUaqgQnFunOg==/split_config.en.apk' with 1 weak references
11-21 13:08:33.196 W/android.vending( 3799): ApkAssets: Deleting an ApkAssets object '<empty> and /data/app/~~Gafk0Mh0vOXHLzzPb06RIQ==/com.litanopro.user-hrc2Ma3V4DqUaqgQnFunOg==/split_config.xxhdpi.apk' with 1 weak references
11-21 13:08:33.196 W/android.vending( 3799): ApkAssets: Deleting an ApkAssets object '<empty> and /data/app/~~PN0lw8dakkDVV_toE-LzWw==/com.litefinance.cabinet-_nqdwt_AE6-jFdhQu96VhA==/base.apk' with 1 weak references
11-21 13:08:33.196 W/android.vending( 3799): ApkAssets: Deleting an ApkAssets object '<empty> and /data/app/~~PN0lw8dakkDVV_toE-LzWw==/com.litefinance.cabinet-_nqdwt_AE6-jFdhQu96VhA==/split_config.en.apk' with 1 weak references
11-21 13:08:33.197 W/android.vending( 3799): ApkAssets: Deleting an ApkAssets object '<empty> and /data/app/~~PN0lw8dakkDVV_toE-LzWw==/com.litefinance.cabinet-_nqdwt_AE6-jFdhQu96VhA==/split_config.xxhdpi.apk' with 1 weak references
11-21 13:08:33.197 W/android.vending( 3799): ApkAssets: Deleting an ApkAssets object '<empty> and /data/app/~~NUag1HOM-BqJMzyIFGB88g==/com.mckinsey.mckinseyaccelerate-dj0AUhvNS7Qh6DmhRKV6Tg==/base.apk' with 1 weak references
11-21 13:08:33.197 W/android.vending( 3799): ApkAssets: Deleting an ApkAssets object '<empty> and /data/app/~~QEJjlqNr7SeBcUg0Ki6iUA==/com.microsoft.office.officehubrow-KzQtd1Cc-4GRZ_hSeKmAxg==/base.apk' with 1 weak references
11-21 13:08:33.198 W/android.vending( 3799): ApkAssets: Deleting an ApkAssets object '<empty> and /data/app/~~QEJjlqNr7SeBcUg0Ki6iUA==/com.microsoft.office.officehubrow-KzQtd1Cc-4GRZ_hSeKmAxg==/split_config.en.apk' with 1 weak references
11-21 13:08:33.198 W/android.vending( 3799): ApkAssets: Deleting an ApkAssets object '<empty> and /data/app/~~QEJjlqNr7SeBcUg0Ki6iUA==/com.microsoft.office.officehubrow-KzQtd1Cc-4GRZ_hSeKmAxg==/split_config.xxhdpi.apk' with 1 weak references
11-21 13:08:33.199 W/android.vending( 3799): ApkAssets: Deleting an ApkAssets object '<empty> and /data/app/~~QEJjlqNr7SeBcUg0Ki6iUA==/com.microsoft.office.officehubrow-KzQtd1Cc-4GRZ_hSeKmAxg==/split_lenssampledoc.apk' with 1 weak references
11-21 13:08:33.199 W/android.vending( 3799): ApkAssets: Deleting an ApkAssets object '<empty> and /data/app/~~QEJjlqNr7SeBcUg0Ki6iUA==/com.microsoft.office.officehubrow-KzQtd1Cc-4GRZ_hSeKmAxg==/split_mainassetpack.apk' with 1 weak references
11-21 13:08:33.199 W/android.vending( 3799): ApkAssets: Deleting an ApkAssets object '<empty> and /data/app/~~SA1s9fb1ku8bdtQIyyJX5g==/com.microsoft.office.word-TPgRSH0x76oOhZr24IniBA==/base.apk' with 1 weak references
11-21 13:08:33.200 W/android.vending( 3799): ApkAssets: Deleting an ApkAssets object '<empty> and /data/app/~~j6DEiei0lA13LYM3auzftg==/com.netflix.mediaclient-8QCrC912eZQgXxbl545Gyw==/base.apk' with 1 weak references
11-21 13:08:33.202 W/android.vending( 3799): ApkAssets: Deleting an ApkAssets object '<empty> and /data/app/~~JNFC9-Hd73lxIEAzOIFzGg==/com.nimcmobile-eFfnLMV3jIwvLRrOAFQM1g==/base.apk' with 1 weak references
11-21 13:08:33.202 W/android.vending( 3799): ApkAssets: Deleting an ApkAssets object '<empty> and /data/app/~~JNFC9-Hd73lxIEAzOIFzGg==/com.nimcmobile-eFfnLMV3jIwvLRrOAFQM1g==/split_config.arm64_v8a.apk' with 1 weak references
11-21 13:08:33.202 W/android.vending( 3799): ApkAssets: Deleting an ApkAssets object '<empty> and /data/app/~~JNFC9-Hd73lxIEAzOIFzGg==/com.nimcmobile-eFfnLMV3jIwvLRrOAFQM1g==/split_config.en.apk' with 1 weak references
11-21 13:08:33.202 W/android.vending( 3799): ApkAssets: Deleting an ApkAssets object '<empty> and /data/app/~~JNFC9-Hd73lxIEAzOIFzGg==/com.nimcmobile-eFfnLMV3jIwvLRrOAFQM1g==/split_config.xxhdpi.apk' with 1 weak references
11-21 13:08:33.202 W/android.vending( 3799): ApkAssets: Deleting an ApkAssets object '<empty> and /data/app/~~M7Z1BGLB41HlCNvc42OZ1Q==/com.openai.chatgpt-9zTm2pwrZ7o2_NNfbuymYA==/base.apk' with 1 weak references
11-21 13:08:33.203 W/android.vending( 3799): ApkAssets: Deleting an ApkAssets object '<empty> and /data/app/~~M7Z1BGLB41HlCNvc42OZ1Q==/com.openai.chatgpt-9zTm2pwrZ7o2_NNfbuymYA==/split_config.arm64_v8a.apk' with 1 weak references
11-21 13:08:33.203 W/android.vending( 3799): ApkAssets: Deleting an ApkAssets object '<empty> and /data/app/~~M7Z1BGLB41HlCNvc42OZ1Q==/com.openai.chatgpt-9zTm2pwrZ7o2_NNfbuymYA==/split_config.en.apk' with 1 weak references
11-21 13:08:33.203 W/android.vending( 3799): ApkAssets: Deleting an ApkAssets object '<empty> and /data/app/~~M7Z1BGLB41HlCNvc42OZ1Q==/com.openai.chatgpt-9zTm2pwrZ7o2_NNfbuymYA==/split_config.xxhdpi.apk' with 1 weak references
11-21 13:08:33.203 W/android.vending( 3799): ApkAssets: Deleting an ApkAssets object '<empty> and /data/app/~~0v-j0v5YHP8stxM0EyMABQ==/com.piggybankng.piggy-Nwz_7MxLbOO5xJecDQvMcA==/base.apk' with 1 weak references
11-21 13:08:33.204 W/android.vending( 3799): ApkAssets: Deleting an ApkAssets object '<empty> and /data/app/~~0v-j0v5YHP8stxM0EyMABQ==/com.piggybankng.piggy-Nwz_7MxLbOO5xJecDQvMcA==/split_config.arm64_v8a.apk' with 1 weak references
11-21 13:08:33.204 W/android.vending( 3799): ApkAssets: Deleting an ApkAssets object '<empty> and /data/app/~~0v-j0v5YHP8stxM0EyMABQ==/com.piggybankng.piggy-Nwz_7MxLbOO5xJecDQvMcA==/split_config.en.apk' with 1 weak references
11-21 13:08:33.204 W/android.vending( 3799): ApkAssets: Deleting an ApkAssets object '<empty> and /data/app/~~0v-j0v5YHP8stxM0EyMABQ==/com.piggybankng.piggy-Nwz_7MxLbOO5xJecDQvMcA==/split_config.xxhdpi.apk' with 1 weak references
11-21 13:08:33.204 W/android.vending( 3799): ApkAssets: Deleting an ApkAssets object '<empty> and /data/app/~~NT6xAyS43scSxuznIuBr0w==/com.privateinternetaccess.android--gBKHASg_Y5pKr6tUR9pxw==/base.apk' with 1 weak references
11-21 13:08:33.204 W/android.vending( 3799): ApkAssets: Deleting an ApkAssets object '<empty> and /data/app/~~NT6xAyS43scSxuznIuBr0w==/com.privateinternetaccess.android--gBKHASg_Y5pKr6tUR9pxw==/split_config.arm64_v8a.apk' with 1 weak references
11-21 13:08:33.205 W/android.vending( 3799): ApkAssets: Deleting an ApkAssets object '<empty> and /data/app/~~NT6xAyS43scSxuznIuBr0w==/com.privateinternetaccess.android--gBKHASg_Y5pKr6tUR9pxw==/split_config.en.apk' with 1 weak references
11-21 13:08:33.205 W/android.vending( 3799): ApkAssets: Deleting an ApkAssets object '<empty> and /data/app/~~NT6xAyS43scSxuznIuBr0w==/com.privateinternetaccess.android--gBKHASg_Y5pKr6tUR9pxw==/split_config.xxhdpi.apk' with 1 weak references
11-21 13:08:33.205 W/android.vending( 3799): ApkAssets: Deleting an ApkAssets object '<empty> and /data/app/~~hbLQ8QVjMYU8DT6GL2i4MA==/com.samsung.android.app.notes-DUct-87S8wx7C-697fN9fQ==/base.apk' with 1 weak references
11-21 13:08:33.207 W/android.vending( 3799): ApkAssets: Deleting an ApkAssets object '<empty> and /data/app/~~_UB_uP_h4wXwYPMXUzotog==/com.samsung.android.app.watchmanager-RF8229zToxswW26iQ6pz1A==/base.apk' with 1 weak references
11-21 13:08:33.208 W/android.vending( 3799): ApkAssets: Deleting an ApkAssets object '<empty> and /data/app/~~2KbuA6ovtjDAF2tJ9KuLkw==/com.samsung.android.voc-2i-mwE3KRXNopLP36aklIw==/base.apk' with 1 weak references
11-21 13:08:33.209 W/android.vending( 3799): ApkAssets: Deleting an ApkAssets object '<empty> and /data/app/~~fykdjQYGFh62dlT6SXh3_Q==/com.samsung.sree-D8fxAh_DZuW6ebrElPvYXw==/base.apk' with 1 weak references
11-21 13:08:33.210 W/android.vending( 3799): ApkAssets: Deleting an ApkAssets object '<empty> and /data/app/~~5mu-0kShc4i_gKTTM2-ZWA==/com.sec.android.app.popupcalculator-9LWun7coPXzVbCzdIo48sQ==/base.apk' with 1 weak references
11-21 13:08:33.211 W/android.vending( 3799): ApkAssets: Deleting an ApkAssets object '<empty> and /data/app/~~NAdgNo3iGEPktuMfvuQINg==/com.sec.android.app.voicenote-x5RcQU5Qn9Ein8i9sfq-XQ==/base.apk' with 1 weak references
11-21 13:08:33.212 W/android.vending( 3799): ApkAssets: Deleting an ApkAssets object '<empty> and /data/app/~~fuW2nf0MSwxVUvUhlAbFOw==/com.sparklesix.ollieridedriver-2UFdslQVPyow028xqqbVXA==/base.apk' with 1 weak references
11-21 13:08:33.213 W/android.vending( 3799): ApkAssets: Deleting an ApkAssets object '<empty> and /data/app/~~cFSRkWOfAbsGaIMhXii3vA==/com.stripe.android.dashboard-9JgUiS01HTU8zYwUkjAr3Q==/base.apk' with 1 weak references
11-21 13:08:33.213 W/android.vending( 3799): ApkAssets: Deleting an ApkAssets object '<empty> and /data/app/~~cFSRkWOfAbsGaIMhXii3vA==/com.stripe.android.dashboard-9JgUiS01HTU8zYwUkjAr3Q==/split_config.arm64_v8a.apk' with 1 weak references
11-21 13:08:33.213 W/android.vending( 3799): ApkAssets: Deleting an ApkAssets object '<empty> and /data/app/~~cFSRkWOfAbsGaIMhXii3vA==/com.stripe.android.dashboard-9JgUiS01HTU8zYwUkjAr3Q==/split_config.en.apk' with 1 weak references
11-21 13:08:33.213 W/android.vending( 3799): ApkAssets: Deleting an ApkAssets object '<empty> and /data/app/~~cFSRkWOfAbsGaIMhXii3vA==/com.stripe.android.dashboard-9JgUiS01HTU8zYwUkjAr3Q==/split_config.xxhdpi.apk' with 1 weak references
11-21 13:08:33.213 W/android.vending( 3799): ApkAssets: Deleting an ApkAssets object '<empty> and /data/app/~~QyfpBUi5U85j-5I2MVuglg==/com.transsion.oraimohealth-DDJUtWI2jhvz8VwdDkRbDA==/base.apk' with 1 weak references
11-21 13:08:33.214 W/android.vending( 3799): ApkAssets: Deleting an ApkAssets object '<empty> and /data/app/~~QyfpBUi5U85j-5I2MVuglg==/com.transsion.oraimohealth-DDJUtWI2jhvz8VwdDkRbDA==/split_config.arm64_v8a.apk' with 1 weak references
11-21 13:08:33.214 W/android.vending( 3799): ApkAssets: Deleting an ApkAssets object '<empty> and /data/app/~~QyfpBUi5U85j-5I2MVuglg==/com.transsion.oraimohealth-DDJUtWI2jhvz8VwdDkRbDA==/split_config.en.apk' with 1 weak references
11-21 13:08:33.214 W/android.vending( 3799): ApkAssets: Deleting an ApkAssets object '<empty> and /data/app/~~QyfpBUi5U85j-5I2MVuglg==/com.transsion.oraimohealth-DDJUtWI2jhvz8VwdDkRbDA==/split_config.xxhdpi.apk' with 1 weak references
11-21 13:08:33.215 W/android.vending( 3799): ApkAssets: Deleting an ApkAssets object '<empty> and /data/app/~~IxwcM9QPNWSP-Ytl7Ozfpg==/com.transsnet.palmpay-LT--Lk8FusmnjSSDYvUPhw==/base.apk' with 1 weak references
11-21 13:08:33.215 W/android.vending( 3799): ApkAssets: Deleting an ApkAssets object '<empty> and /data/app/~~IxwcM9QPNWSP-Ytl7Ozfpg==/com.transsnet.palmpay-LT--Lk8FusmnjSSDYvUPhw==/split_config.arm64_v8a.apk' with 1 weak references
11-21 13:08:33.215 W/android.vending( 3799): ApkAssets: Deleting an ApkAssets object '<empty> and /data/app/~~IxwcM9QPNWSP-Ytl7Ozfpg==/com.transsnet.palmpay-LT--Lk8FusmnjSSDYvUPhw==/split_config.en.apk' with 1 weak references
11-21 13:08:33.215 W/android.vending( 3799): ApkAssets: Deleting an ApkAssets object '<empty> and /data/app/~~IxwcM9QPNWSP-Ytl7Ozfpg==/com.transsnet.palmpay-LT--Lk8FusmnjSSDYvUPhw==/split_config.xxhdpi.apk' with 1 weak references
11-21 13:08:33.215 W/android.vending( 3799): ApkAssets: Deleting an ApkAssets object '<empty> and /data/app/~~fKYs9hBmCi2pyHTesMyGJg==/com.twitter.android-rwoDXOM-S3gMlLd-P2hryw==/base.apk' with 1 weak references
11-21 13:08:33.216 W/android.vending( 3799): ApkAssets: Deleting an ApkAssets object '<empty> and /data/app/~~fKYs9hBmCi2pyHTesMyGJg==/com.twitter.android-rwoDXOM-S3gMlLd-P2hryw==/split_config.arm64_v8a.apk' with 1 weak references
11-21 13:08:33.216 W/android.vending( 3799): ApkAssets: Deleting an ApkAssets object '<empty> and /data/app/~~fKYs9hBmCi2pyHTesMyGJg==/com.twitter.android-rwoDXOM-S3gMlLd-P2hryw==/split_config.en.apk' with 1 weak references
11-21 13:08:33.216 W/android.vending( 3799): ApkAssets: Deleting an ApkAssets object '<empty> and /data/app/~~fKYs9hBmCi2pyHTesMyGJg==/com.twitter.android-rwoDXOM-S3gMlLd-P2hryw==/split_config.xxhdpi.apk' with 1 weak references
11-21 13:08:33.217 W/android.vending( 3799): ApkAssets: Deleting an ApkAssets object '<empty> and /data/app/~~xfg5mJho5IXYhEvuNFQI8Q==/com.vyke.vtl-Ay1rSlCoVidaScTvJyKEkg==/base.apk' with 1 weak references
11-21 13:08:33.217 W/android.vending( 3799): ApkAssets: Deleting an ApkAssets object '<empty> and /data/app/~~xfg5mJho5IXYhEvuNFQI8Q==/com.vyke.vtl-Ay1rSlCoVidaScTvJyKEkg==/split_config.arm64_v8a.apk' with 1 weak references
11-21 13:08:33.217 W/android.vending( 3799): ApkAssets: Deleting an ApkAssets object '<empty> and /data/app/~~xfg5mJho5IXYhEvuNFQI8Q==/com.vyke.vtl-Ay1rSlCoVidaScTvJyKEkg==/split_config.en.apk' with 1 weak references
11-21 13:08:33.217 W/android.vending( 3799): ApkAssets: Deleting an ApkAssets object '<empty> and /data/app/~~xfg5mJho5IXYhEvuNFQI8Q==/com.vyke.vtl-Ay1rSlCoVidaScTvJyKEkg==/split_config.xxhdpi.apk' with 1 weak references
11-21 13:08:33.217 W/android.vending( 3799): ApkAssets: Deleting an ApkAssets object '<empty> and /data/app/~~nCbJ2gIhKSatlzSZD7HGIA==/com.wallet.crypto.trustapp-femT2hNwUF9zKPEf1fNHfw==/base.apk' with 1 weak references
11-21 13:08:33.218 W/android.vending( 3799): ApkAssets: Deleting an ApkAssets object '<empty> and /data/app/~~nCbJ2gIhKSatlzSZD7HGIA==/com.wallet.crypto.trustapp-femT2hNwUF9zKPEf1fNHfw==/split_config.arm64_v8a.apk' with 1 weak references
11-21 13:08:33.218 W/android.vending( 3799): ApkAssets: Deleting an ApkAssets object '<empty> and /data/app/~~nCbJ2gIhKSatlzSZD7HGIA==/com.wallet.crypto.trustapp-femT2hNwUF9zKPEf1fNHfw==/split_config.en.apk' with 1 weak references
11-21 13:08:33.218 W/android.vending( 3799): ApkAssets: Deleting an ApkAssets object '<empty> and /data/app/~~nCbJ2gIhKSatlzSZD7HGIA==/com.wallet.crypto.trustapp-femT2hNwUF9zKPEf1fNHfw==/split_config.xxhdpi.apk' with 1 weak references
11-21 13:08:33.218 W/android.vending( 3799): ApkAssets: Deleting an ApkAssets object '<empty> and /data/app/~~iavUPXVeTGjy3aYSJgkGHA==/com.whatsapp-XXKhS2oJQuo5R1PWy8Xd1w==/base.apk' with 1 weak references
11-21 13:08:33.219 W/android.vending( 3799): ApkAssets: Deleting an ApkAssets object '<empty> and /data/app/~~iavUPXVeTGjy3aYSJgkGHA==/com.whatsapp-XXKhS2oJQuo5R1PWy8Xd1w==/split_config.arm64_v8a.apk' with 1 weak references
11-21 13:08:33.220 W/android.vending( 3799): ApkAssets: Deleting an ApkAssets object '<empty> and /data/app/~~iavUPXVeTGjy3aYSJgkGHA==/com.whatsapp-XXKhS2oJQuo5R1PWy8Xd1w==/split_config.xxhdpi.apk' with 1 weak references
11-21 13:08:33.220 W/android.vending( 3799): ApkAssets: Deleting an ApkAssets object '<empty> and /data/app/~~bGFUWVwWw-Bp8eyfjAqoDg==/com.yahoo.mobile.client.android.mail-VyyjxYo-AdOubRoZB3_92A==/base.apk' with 1 weak references
11-21 13:08:33.220 W/android.vending( 3799): ApkAssets: Deleting an ApkAssets object '<empty> and /data/app/~~bGFUWVwWw-Bp8eyfjAqoDg==/com.yahoo.mobile.client.android.mail-VyyjxYo-AdOubRoZB3_92A==/split_config.arm64_v8a.apk' with 1 weak references
11-21 13:08:33.221 W/android.vending( 3799): ApkAssets: Deleting an ApkAssets object '<empty> and /data/app/~~bGFUWVwWw-Bp8eyfjAqoDg==/com.yahoo.mobile.client.android.mail-VyyjxYo-AdOubRoZB3_92A==/split_config.en.apk' with 1 weak references
11-21 13:08:33.221 W/android.vending( 3799): ApkAssets: Deleting an ApkAssets object '<empty> and /data/app/~~bGFUWVwWw-Bp8eyfjAqoDg==/com.yahoo.mobile.client.android.mail-VyyjxYo-AdOubRoZB3_92A==/split_config.xxhdpi.apk' with 1 weak references
11-21 13:08:33.221 W/android.vending( 3799): ApkAssets: Deleting an ApkAssets object '<empty> and /data/app/~~3XovBlT6MBQXjDjBO6W2Dg==/com.zenith.etoken.app-4CLx4Cd4ITNK-8BS541cgw==/base.apk' with 1 weak references
11-21 13:08:33.221 W/android.vending( 3799): ApkAssets: Deleting an ApkAssets object '<empty> and /data/app/~~3XovBlT6MBQXjDjBO6W2Dg==/com.zenith.etoken.app-4CLx4Cd4ITNK-8BS541cgw==/split_config.en.apk' with 1 weak references
11-21 13:08:33.221 W/android.vending( 3799): ApkAssets: Deleting an ApkAssets object '<empty> and /data/app/~~3XovBlT6MBQXjDjBO6W2Dg==/com.zenith.etoken.app-4CLx4Cd4ITNK-8BS541cgw==/split_config.xxhdpi.apk' with 1 weak references
11-21 13:08:33.222 W/android.vending( 3799): ApkAssets: Deleting an ApkAssets object '<empty> and /data/app/~~4P6NK1H4TspNn-IIcG5qnQ==/com.zenithBank.eazymoney-fCdG21rJNgJruVcw6CFzOQ==/base.apk' with 1 weak references
11-21 13:08:33.222 W/android.vending( 3799): ApkAssets: Deleting an ApkAssets object '<empty> and /data/app/~~LA3t7XGV1JgBneJeuP460g==/com.zenithbank.zenithetoken-kgPmBCKF23Dj15ecdaD87A==/base.apk' with 1 weak references
11-21 13:08:33.223 W/android.vending( 3799): ApkAssets: Deleting an ApkAssets object '<empty> and /data/app/~~6_JJOoA9vvmfHVKMQPg7mw==/com.zhiliaoapp.musically-zg_gC5-4OdEttNzA-KASBQ==/base.apk' with 1 weak references
11-21 13:08:33.223 W/android.vending( 3799): ApkAssets: Deleting an ApkAssets object '<empty> and /data/app/~~6_JJOoA9vvmfHVKMQPg7mw==/com.zhiliaoapp.musically-zg_gC5-4OdEttNzA-KASBQ==/split_config.arm64_v8a.apk' with 1 weak references
11-21 13:08:33.223 W/android.vending( 3799): ApkAssets: Deleting an ApkAssets object '<empty> and /data/app/~~6_JJOoA9vvmfHVKMQPg7mw==/com.zhiliaoapp.musically-zg_gC5-4OdEttNzA-KASBQ==/split_config.en.apk' with 1 weak references
11-21 13:08:33.224 W/android.vending( 3799): ApkAssets: Deleting an ApkAssets object '<empty> and /data/app/~~6_JJOoA9vvmfHVKMQPg7mw==/com.zhiliaoapp.musically-zg_gC5-4OdEttNzA-KASBQ==/split_config.xxhdpi.apk' with 1 weak references
11-21 13:08:33.224 W/android.vending( 3799): ApkAssets: Deleting an ApkAssets object '<empty> and /data/app/~~6_JJOoA9vvmfHVKMQPg7mw==/com.zhiliaoapp.musically-zg_gC5-4OdEttNzA-KASBQ==/split_df_ccdc_impl_ocr.apk' with 1 weak references
11-21 13:08:33.224 W/android.vending( 3799): ApkAssets: Deleting an ApkAssets object '<empty> and /data/app/~~6_JJOoA9vvmfHVKMQPg7mw==/com.zhiliaoapp.musically-zg_gC5-4OdEttNzA-KASBQ==/split_df_ccdc_impl_ocr.config.arm64_v8a.apk' with 1 weak references
11-21 13:08:33.224 W/android.vending( 3799): ApkAssets: Deleting an ApkAssets object '<empty> and /data/app/~~6_JJOoA9vvmfHVKMQPg7mw==/com.zhiliaoapp.musically-zg_gC5-4OdEttNzA-KASBQ==/split_df_ccdc_impl_ocr.config.xxhdpi.apk' with 1 weak references
11-21 13:08:33.224 W/android.vending( 3799): ApkAssets: Deleting an ApkAssets object '<empty> and /data/app/~~6_JJOoA9vvmfHVKMQPg7mw==/com.zhiliaoapp.musically-zg_gC5-4OdEttNzA-KASBQ==/split_df_kakao.apk' with 1 weak references
11-21 13:08:33.224 W/android.vending( 3799): ApkAssets: Deleting an ApkAssets object '<empty> and /data/app/~~6_JJOoA9vvmfHVKMQPg7mw==/com.zhiliaoapp.musically-zg_gC5-4OdEttNzA-KASBQ==/split_df_kakao.config.arm64_v8a.apk' with 1 weak references
11-21 13:08:33.224 W/android.vending( 3799): ApkAssets: Deleting an ApkAssets object '<empty> and /data/app/~~6_JJOoA9vvmfHVKMQPg7mw==/com.zhiliaoapp.musically-zg_gC5-4OdEttNzA-KASBQ==/split_df_kids_mode.apk' with 1 weak references
11-21 13:08:33.224 W/android.vending( 3799): ApkAssets: Deleting an ApkAssets object '<empty> and /data/app/~~6_JJOoA9vvmfHVKMQPg7mw==/com.zhiliaoapp.musically-zg_gC5-4OdEttNzA-KASBQ==/split_df_line.apk' with 1 weak references
11-21 13:08:33.225 W/android.vending( 3799): ApkAssets: Deleting an ApkAssets object '<empty> and /data/app/~~6_JJOoA9vvmfHVKMQPg7mw==/com.zhiliaoapp.musically-zg_gC5-4OdEttNzA-KASBQ==/split_df_line.config.arm64_v8a.apk' with 1 weak references
11-21 13:08:33.225 W/android.vending( 3799): ApkAssets: Deleting an ApkAssets object '<empty> and /data/app/~~6_JJOoA9vvmfHVKMQPg7mw==/com.zhiliaoapp.musically-zg_gC5-4OdEttNzA-KASBQ==/split_df_line_nonus.apk' with 1 weak references
11-21 13:08:33.225 W/android.vending( 3799): ApkAssets: Deleting an ApkAssets object '<empty> and /data/app/~~6_JJOoA9vvmfHVKMQPg7mw==/com.zhiliaoapp.musically-zg_gC5-4OdEttNzA-KASBQ==/split_df_live_cast.apk' with 1 weak references
11-21 13:08:33.225 W/android.vending( 3799): ApkAssets: Deleting an ApkAssets object '<empty> and /data/app/~~6_JJOoA9vvmfHVKMQPg7mw==/com.zhiliaoapp.musically-zg_gC5-4OdEttNzA-KASBQ==/split_df_live_cast.config.arm64_v8a.apk' with 1 weak references
11-21 13:08:33.225 W/android.vending( 3799): ApkAssets: Deleting an ApkAssets object '<empty> and /data/app/~~6_JJOoA9vvmfHVKMQPg7mw==/com.zhiliaoapp.musically-zg_gC5-4OdEttNzA-KASBQ==/split_df_live_cast.config.en.apk' with 1 weak references
11-21 13:08:33.225 W/android.vending( 3799): ApkAssets: Deleting an ApkAssets object '<empty> and /data/app/~~6_JJOoA9vvmfHVKMQPg7mw==/com.zhiliaoapp.musically-zg_gC5-4OdEttNzA-KASBQ==/split_df_live_cast.config.xxhdpi.apk' with 1 weak references
11-21 13:08:33.225 W/android.vending( 3799): ApkAssets: Deleting an ApkAssets object '<empty> and /data/app/~~6_JJOoA9vvmfHVKMQPg7mw==/com.zhiliaoapp.musically-zg_gC5-4OdEttNzA-KASBQ==/split_df_live_quic.apk' with 1 weak references
11-21 13:08:33.225 W/android.vending( 3799): ApkAssets: Deleting an ApkAssets object '<empty> and /data/app/~~6_JJOoA9vvmfHVKMQPg7mw==/com.zhiliaoapp.musically-zg_gC5-4OdEttNzA-KASBQ==/split_df_live_quic.config.arm64_v8a.apk' with 1 weak references
11-21 13:08:33.225 W/android.vending( 3799): ApkAssets: Deleting an ApkAssets object '<empty> and /data/app/~~6_JJOoA9vvmfHVKMQPg7mw==/com.zhiliaoapp.musically-zg_gC5-4OdEttNzA-KASBQ==/split_df_location.apk' with 1 weak references
11-21 13:08:33.225 W/android.vending( 3799): ApkAssets: Deleting an ApkAssets object '<empty> and /data/app/~~6_JJOoA9vvmfHVKMQPg7mw==/com.zhiliaoapp.musically-zg_gC5-4OdEttNzA-KASBQ==/split_df_location.config.arm64_v8a.apk' with 1 weak references
11-21 13:08:33.225 W/android.vending( 3799): ApkAssets: Deleting an ApkAssets object '<empty> and /data/app/~~6_JJOoA9vvmfHVKMQPg7mw==/com.zhiliaoapp.musically-zg_gC5-4OdEttNzA-KASBQ==/split_df_music_dsp.apk' with 1 weak references
11-21 13:08:33.225 W/android.vending( 3799): ApkAssets: Deleting an ApkAssets object '<empty> and /data/app/~~6_JJOoA9vvmfHVKMQPg7mw==/com.zhiliaoapp.musically-zg_gC5-4OdEttNzA-KASBQ==/split_df_music_dsp.config.arm64_v8a.apk' with 1 weak references
11-21 13:08:33.225 W/android.vending( 3799): ApkAssets: Deleting an ApkAssets object '<empty> and /data/app/~~6_JJOoA9vvmfHVKMQPg7mw==/com.zhiliaoapp.musically-zg_gC5-4OdEttNzA-KASBQ==/split_df_music_dsp.config.en.apk' with 1 weak references
11-21 13:08:33.226 W/android.vending( 3799): ApkAssets: Deleting an ApkAssets object '<empty> and /data/app/~~6_JJOoA9vvmfHVKMQPg7mw==/com.zhiliaoapp.musically-zg_gC5-4OdEttNzA-KASBQ==/split_df_music_dsp.config.xxhdpi.apk' with 1 weak references
11-21 13:08:33.226 W/android.vending( 3799): ApkAssets: Deleting an ApkAssets object '<empty> and /data/app/~~6_JJOoA9vvmfHVKMQPg7mw==/com.zhiliaoapp.musically-zg_gC5-4OdEttNzA-KASBQ==/split_df_oppo_hyperboost.apk' with 1 weak references
11-21 13:08:33.226 W/android.vending( 3799): ApkAssets: Deleting an ApkAssets object '<empty> and /data/app/~~6_JJOoA9vvmfHVKMQPg7mw==/com.zhiliaoapp.musically-zg_gC5-4OdEttNzA-KASBQ==/split_df_oppo_push.apk' with 1 weak references
11-21 13:08:33.226 W/android.vending( 3799): ApkAssets: Deleting an ApkAssets object '<empty> and /data/app/~~6_JJOoA9vvmfHVKMQPg7mw==/com.zhiliaoapp.musically-zg_gC5-4OdEttNzA-KASBQ==/split_df_pitaya.apk' with 1 weak references
11-21 13:08:33.226 W/android.vending( 3799): ApkAssets: Deleting an ApkAssets object '<empty> and /data/app/~~6_JJOoA9vvmfHVKMQPg7mw==/com.zhiliaoapp.musically-zg_gC5-4OdEttNzA-KASBQ==/split_df_pitaya.config.arm64_v8a.apk' with 1 weak references
11-21 13:08:33.226 W/android.vending( 3799): ApkAssets: Deleting an ApkAssets object '<empty> and /data/app/~~6_JJOoA9vvmfHVKMQPg7mw==/com.zhiliaoapp.musically-zg_gC5-4OdEttNzA-KASBQ==/split_df_search_adblock.apk' with 1 weak references
11-21 13:08:33.226 W/android.vending( 3799): ApkAssets: Deleting an ApkAssets object '<empty> and /data/app/~~6_JJOoA9vvmfHVKMQPg7mw==/com.zhiliaoapp.musically-zg_gC5-4OdEttNzA-KASBQ==/split_df_ship.apk' with 1 weak references
11-21 13:08:33.226 W/android.vending( 3799): ApkAssets: Deleting an ApkAssets object '<empty> and /data/app/~~6_JJOoA9vvmfHVKMQPg7mw==/com.zhiliaoapp.musically-zg_gC5-4OdEttNzA-KASBQ==/split_df_ship.config.arm64_v8a.apk' with 1 weak references
11-21 13:08:33.226 W/android.vending( 3799): ApkAssets: Deleting an ApkAssets object '<empty> and /data/app/~~6_JJOoA9vvmfHVKMQPg7mw==/com.zhiliaoapp.musically-zg_gC5-4OdEttNzA-KASBQ==/split_df_ship.config.en.apk' with 1 weak references
11-21 13:08:33.226 W/android.vending( 3799): ApkAssets: Deleting an ApkAssets object '<empty> and /data/app/~~6_JJOoA9vvmfHVKMQPg7mw==/com.zhiliaoapp.musically-zg_gC5-4OdEttNzA-KASBQ==/split_df_tiktok_font.apk' with 1 weak references
11-21 13:08:33.226 W/android.vending( 3799): ApkAssets: Deleting an ApkAssets object '<empty> and /data/app/~~6_JJOoA9vvmfHVKMQPg7mw==/com.zhiliaoapp.musically-zg_gC5-4OdEttNzA-KASBQ==/split_df_transsion.apk' with 1 weak references
11-21 13:08:33.226 W/android.vending( 3799): ApkAssets: Deleting an ApkAssets object '<empty> and /data/app/~~6_JJOoA9vvmfHVKMQPg7mw==/com.zhiliaoapp.musically-zg_gC5-4OdEttNzA-KASBQ==/split_df_ve_enc8.apk' with 1 weak references
11-21 13:08:33.226 W/android.vending( 3799): ApkAssets: Deleting an ApkAssets object '<empty> and /data/app/~~6_JJOoA9vvmfHVKMQPg7mw==/com.zhiliaoapp.musically-zg_gC5-4OdEttNzA-KASBQ==/split_df_ve_enc8.config.arm64_v8a.apk' with 1 weak references
11-21 13:08:33.226 W/android.vending( 3799): ApkAssets: Deleting an ApkAssets object '<empty> and /data/app/~~6_JJOoA9vvmfHVKMQPg7mw==/com.zhiliaoapp.musically-zg_gC5-4OdEttNzA-KASBQ==/split_df_vmsdk.apk' with 1 weak references
