11-21 12:30:25.403 W/System.err(23514): 	at java.lang.ClassLoader.loadClass(ClassLoader.java:637)
11-21 12:30:25.403 W/System.err(23514): 	at java.lang.ClassLoader.loadClass(ClassLoader.java:573)
11-21 12:30:25.403 W/System.err(23514): java.lang.ClassNotFoundException: Didn't find class "com/zego/zegoavkit2/utils/ZegoLogUtil" on path: DexPathList[[zip file "/data/app/~~DvVj-sidYSsaRS4xytuqpw==/com.alphatecks.qglide-9XMoZuK5twrr-is9wNFX5g==/base.apk"],nativeLibraryDirectories=[/data/app/~~DvVj-sidYSsaRS4xytuqpw==/com.alphatecks.qglide-9XMoZuK5twrr-is9wNFX5g==/lib/arm64, /data/app/~~DvVj-sidYSsaRS4xytuqpw==/com.alphatecks.qglide-9XMoZuK5twrr-is9wNFX5g==/base.apk!/lib/arm64-v8a, /system/lib64]]
11-21 12:30:25.403 W/System.err(23514): 	at dalvik.system.BaseDexClassLoader.findClass(BaseDexClassLoader.java:259)
11-21 12:30:25.403 W/System.err(23514): 	at java.lang.ClassLoader.loadClass(ClassLoader.java:637)
11-21 12:30:25.403 W/System.err(23514): 	at java.lang.ClassLoader.loadClass(ClassLoader.java:573)
11-21 12:30:25.404 W/System.err(23514): java.lang.ClassNotFoundException: Didn't find class "com/zego/zegoavkit2/utils/ZegoLogUtil" on path: DexPathList[[zip file "/data/app/~~DvVj-sidYSsaRS4xytuqpw==/com.alphatecks.qglide-9XMoZuK5twrr-is9wNFX5g==/base.apk"],nativeLibraryDirectories=[/data/app/~~DvVj-sidYSsaRS4xytuqpw==/com.alphatecks.qglide-9XMoZuK5twrr-is9wNFX5g==/lib/arm64, /data/app/~~DvVj-sidYSsaRS4xytuqpw==/com.alphatecks.qglide-9XMoZuK5twrr-is9wNFX5g==/base.apk!/lib/arm64-v8a, /system/lib64]]
11-21 12:30:25.404 W/System.err(23514): 	at dalvik.system.BaseDexClassLoader.findClass(BaseDexClassLoader.java:259)
11-21 12:30:25.404 W/System.err(23514): 	at java.lang.ClassLoader.loadClass(ClassLoader.java:637)
11-21 12:30:25.404 W/System.err(23514): 	at java.lang.ClassLoader.loadClass(ClassLoader.java:573)
11-21 12:30:25.404 I/flutter (23514):  FETCHING USER PROFILE...
11-21 12:30:25.405 W/System.err(23514): java.lang.ClassNotFoundException: Didn't find class "com/zego/zegoavkit2/utils/SysUtil" on path: DexPathList[[zip file "/data/app/~~DvVj-sidYSsaRS4xytuqpw==/com.alphatecks.qglide-9XMoZuK5twrr-is9wNFX5g==/base.apk"],nativeLibraryDirectories=[/data/app/~~DvVj-sidYSsaRS4xytuqpw==/com.alphatecks.qglide-9XMoZuK5twrr-is9wNFX5g==/lib/arm64, /data/app/~~DvVj-sidYSsaRS4xytuqpw==/com.alphatecks.qglide-9XMoZuK5twrr-is9wNFX5g==/base.apk!/lib/arm64-v8a, /system/lib64]]
11-21 12:30:25.405 W/System.err(23514): 	at dalvik.system.BaseDexClassLoader.findClass(BaseDexClassLoader.java:259)
11-21 12:30:25.405 W/System.err(23514): 	at java.lang.ClassLoader.loadClass(ClassLoader.java:637)
11-21 12:30:25.405 W/System.err(23514): 	at java.lang.ClassLoader.loadClass(ClassLoader.java:573)
11-21 12:30:25.405 W/System.err(23514): java.lang.ClassNotFoundException: Didn't find class "com/zego/zegoavkit2/utils/SysUtil" on path: DexPathList[[zip file "/data/app/~~DvVj-sidYSsaRS4xytuqpw==/com.alphatecks.qglide-9XMoZuK5twrr-is9wNFX5g==/base.apk"],nativeLibraryDirectories=[/data/app/~~DvVj-sidYSsaRS4xytuqpw==/com.alphatecks.qglide-9XMoZuK5twrr-is9wNFX5g==/lib/arm64, /data/app/~~DvVj-sidYSsaRS4xytuqpw==/com.alphatecks.qglide-9XMoZuK5twrr-is9wNFX5g==/base.apk!/lib/arm64-v8a, /system/lib64]]
11-21 12:30:25.405 W/System.err(23514): 	at dalvik.system.BaseDexClassLoader.findClass(BaseDexClassLoader.java:259)
11-21 12:30:25.405 W/System.err(23514): 	at java.lang.ClassLoader.loadClass(ClassLoader.java:637)
11-21 12:30:25.405 W/System.err(23514): 	at java.lang.ClassLoader.loadClass(ClassLoader.java:573)
11-21 12:30:25.405 W/System.err(23514): java.lang.ClassNotFoundException: Didn't find class "com/zego/zegoavkit2/utils/SysUtil" on path: DexPathList[[zip file "/data/app/~~DvVj-sidYSsaRS4xytuqpw==/com.alphatecks.qglide-9XMoZuK5twrr-is9wNFX5g==/base.apk"],nativeLibraryDirectories=[/data/app/~~DvVj-sidYSsaRS4xytuqpw==/com.alphatecks.qglide-9XMoZuK5twrr-is9wNFX5g==/lib/arm64, /data/app/~~DvVj-sidYSsaRS4xytuqpw==/com.alphatecks.qglide-9XMoZuK5twrr-is9wNFX5g==/base.apk!/lib/arm64-v8a, /system/lib64]]
11-21 12:30:25.405 W/System.err(23514): 	at dalvik.system.BaseDexClassLoader.findClass(BaseDexClassLoader.java:259)
11-21 12:30:25.405 W/System.err(23514): 	at java.lang.ClassLoader.loadClass(ClassLoader.java:637)
11-21 12:30:25.405 W/System.err(23514): 	at java.lang.ClassLoader.loadClass(ClassLoader.java:573)
11-21 12:30:25.405 W/System.err(23514): java.lang.ClassNotFoundException: Didn't find class "com/zego/zegoavkit2/utils/SysUtil" on path: DexPathList[[zip file "/data/app/~~DvVj-sidYSsaRS4xytuqpw==/com.alphatecks.qglide-9XMoZuK5twrr-is9wNFX5g==/base.apk"],nativeLibraryDirectories=[/data/app/~~DvVj-sidYSsaRS4xytuqpw==/com.alphatecks.qglide-9XMoZuK5twrr-is9wNFX5g==/lib/arm64, /data/app/~~DvVj-sidYSsaRS4xytuqpw==/com.alphatecks.qglide-9XMoZuK5twrr-is9wNFX5g==/base.apk!/lib/arm64-v8a, /system/lib64]]
11-21 12:30:25.405 W/System.err(23514): 	at dalvik.system.BaseDexClassLoader.findClass(BaseDexClassLoader.java:259)
11-21 12:30:25.405 W/System.err(23514): 	at java.lang.ClassLoader.loadClass(ClassLoader.java:637)
11-21 12:30:25.405 W/System.err(23514): 	at java.lang.ClassLoader.loadClass(ClassLoader.java:573)
11-21 12:30:25.415 F/phatecks.qglide(23514): java_vm_ext.cc:616] JNI DETECTED ERROR IN APPLICATION: java_class == null
11-21 12:30:25.415 F/phatecks.qglide(23514): java_vm_ext.cc:616]     in call to RegisterNatives
11-21 12:30:25.430 I/flutter (23514):  RIDER - _restoreSavedRideState called
11-21 12:30:25.430 I/flutter (23514):    RideCubit state: RideStatus.none
11-21 12:30:25.430 I/flutter (23514):    Ride ID: null
11-21 12:30:25.430 I/flutter (23514):  RIDER - No active ride in RideCubit, checking backend...
11-21 12:30:25.430 I/flutter (23514):  RIDER - Checking backend for active rides...
11-21 12:30:25.431 I/flutter (23514):  RIDER - Checking backend for active rides...
11-21 12:30:25.469 W/phatecks.qglide(23514): ClassLoaderContext classpath size mismatch. expected=1, found=0 (DLC[];PCL[base.apk*1653684527]{PCL[/system/framework/org.apache.http.legacy.jar*3637333363]#PCL[/system/framework/com.android.media.remotedisplay.jar*2042759013]#PCL[/system/framework/com.android.location.provider.jar*3414091812]#PCL[/system/system_ext/framework/org.carconnectivity.android.digitalkey.rangingintent.jar*560278203]#PCL[/system/system_ext/framework/org.carconnectivity.android.digitalkey.secureelement.jar*3277496667]#PCL[/system_ext/framework/androidx.window.extensions.jar*393752484]#PCL[/system_ext/framework/androidx.window.sidecar.jar*3240773605]} | DLC[];PCL[])
11-21 12:30:25.476 W/System  (23514): ClassLoader referenced unknown path: 
11-21 12:30:25.497 E/msys    (25790): E[N mccw.liger]onReadError(732)=>read/error - ex: AsyncSocketException: recv() failed (peer=102.132.101.175:5222), type = Internal error, errno = 103 (Software caused connection abort), errno: 103
11-21 12:30:25.506 E/msys    (25790): E[N WA]_WCCXMPPStreamDisconnectHandler(330)=>xmpp/disconnect - WCIStreamStateErrorCode: 2, domain: WCIStreamState, subdomain: MCCWLigerStream: Error Domain=WCIStreamState Code=2 UserInfo=0xb4000078ff9ba260 {MCFErrorDirectUnderlyingErrorKey=0xb40000787f601e50 "Error Domain=MCCWLigerStream Code=2 UserInfo=0xb4000078ff7e5610 {MCFErrorDirectLocalizedFailureReasonKey=AsyncSocketException: recv() failed (peer=102.132.101.175:5222), type = Internal error, errno = 103 (Software caused connection abort)}"}
11-21 12:30:25.506 E/msys    (25790): E[N WA]_WCCConnectionDefaultLifecycleEventHandler(2076)=>[INFO] connection/xmpp/lifecycle_event/not-connected, [653.4850s]
11-21 12:30:25.507 E/msys    (25790): E[N WA]_WCCXMPPStreamDoDisconnect(1185)=>xmpp/disconnect - flags: 256
11-21 12:30:25.507 E/msys    (25790): E[N WA]_WCCConnectionDefaultDisconnectHandler(2182)=>connection/disconnected, peer reset
11-21 12:30:25.507 E/msys    (25790): E[N WA]_WCCConnectionDefaultEmitStateChange(3059)=>[INFO] connection/new_state/not-connected [connection_id=363440677, wcc_source=1, wcc_reason=18]
11-21 12:30:25.525 E/msys    (25790): E[C 1]MCCLogErrorWithTraceOrQPL(280)=>8/374/3970/65536
11-21 12:30:25.525 E/msys    (25790): E[C 1]MCCLogErrorWithTraceOrQPL(280)=>8/374/3972/18
11-21 12:30:25.525 E/msys    (25790): E[C mem.context]_LogConnectFailure(4969)=>Establishing connection failure reason and flags: disconnect/Doze/-1/reason/18/flags/65536/[-, -, -, -, -, -, -, -, -, peer_reset, -, -, -, -]
11-21 12:30:25.526 E/msys    (25790): E[C mem.context]_LogConnectFailure(5001)=>[Happy Eyeball] Connect failed with source=1, winner stream ip=102.132.101.175, port=5222, dnsResolutionMethod=1, combined_ip_addresses=2a03:2880:f377:24:face:b00c:0:6e2e, 102.132.101.175
11-21 12:30:25.532 E/msys    (25790): E[N WA]_WCCConnectionDefaultDisconnectHandler(2207)=>[INFO] connection/disconnected/[did-connect, did-read-bytes]
11-21 12:30:25.536 E/msys    (25790): E[N WA]_WCCConnectionDefaultEmitStateChange(3059)=>[INFO] connection/new_state/connecting [connection_id=363440678, wcc_source=1, wcc_reason=18]
11-21 12:30:25.536 E/msys    (25790): E[N MQTT]readErr(151)=>TCPStreamTransport readErr
11-21 12:30:25.536 E/msys    (25790): E[N MQTT]onReadError(657)=>Read Error: AsyncSocketException: recv() failed (peer=57.144.238.144:443), type = Internal error, errno = 103 (Software caused connection abort)
11-21 12:30:25.565 W/RealtimeClientManager(25790): Channel state: MqttChannelState{mConnectionState=DISCONNECTED, mDisconnectionReason=null, mLastConnectionMs=651617733, mLastDisconnectMs=652271517}
11-21 12:30:25.576 W/x       (23514): Suppressed StrictMode policy violation: StrictModeDiskReadViolation
11-21 12:30:25.578 W/x       (23514): Suppressed StrictMode policy violation: StrictModeDiskReadViolation
11-21 12:30:25.578 W/x       (23514): Suppressed StrictMode policy violation: StrictModeDiskWriteViolation
11-21 12:30:25.585 W/RealtimeClientManager(25790): Channel state: MqttChannelState{mConnectionState=CONNECTING, mDisconnectionReason=null, mLastConnectionMs=651617733, mLastDisconnectMs=652271517}
11-21 12:30:25.586 W/GetConfigSnapshotOp(22034): Succeeded but not registered: com.google.android.gms.maps#com.alphatecks.qglide [CONTEXT service_id=51 ]
11-21 12:30:25.591 W/LogErrorOperation(22034): onLogError callback failed.
11-21 12:30:25.596 E/msys    (25790): E[N MQTT]onOSNetworkDisconnected(740)=>LigerBasedStreamTransport onOSNetworkDisconnected
11-21 12:30:25.598 W/LogErrorOperation(22034): onLogError callback failed.
11-21 12:30:25.598 E/msys    (25790): E[N WA]_WCCConnectionDefaultDoConnectWithAuthKeys(1494)=>[INFO] connection/connect/start/[host=z-p42-chat-e2ee-ig.facebook.com port=5222]/[157.240.212.175:5222]
11-21 12:30:25.600 W/x       (23514): Suppressed StrictMode policy violation: StrictModeDiskReadViolation
11-21 12:30:25.600 W/x       (23514): Suppressed StrictMode policy violation: StrictModeDiskWriteViolation
11-21 12:30:25.600 E/msys    (25790): E[N WA]_WCCConnectionDefaultLifecycleEventHandler(2068)=>[INFO] connection/xmpp/lifecycle_event/will-connect
11-21 12:30:25.600 E/msys    (25790): E[A WA]WCCHandshakeCreate(159)=>handshake/create, pq mode:0
11-21 12:30:25.600 W/x       (23514): Suppressed StrictMode policy violation: StrictModeDiskReadViolation
11-21 12:30:25.604 W/x       (23514): Suppressed StrictMode policy violation: StrictModeDiskReadViolation
11-21 12:30:25.604 W/RealtimeClientManager(25790): Channel state: MqttChannelState{mConnectionState=DISCONNECTED, mDisconnectionReason=null, mLastConnectionMs=651617733, mLastDisconnectMs=652271556}
11-21 12:30:25.614 W/secondary_dns(25790): I/O Exception while trying to resolve z-p42-chat-e2ee-ig.facebook.com
11-21 12:30:25.614 W/secondary_dns(25790): java.io.IOException: sendto failed: EPERM (Operation not permitted)
11-21 12:30:25.614 W/secondary_dns(25790): 	at libcore.io.IoBridge.maybeThrowAfterSendto(IoBridge.java:721)
11-21 12:30:25.614 W/secondary_dns(25790): 	at libcore.io.IoBridge.sendto(IoBridge.java:688)
11-21 12:30:25.614 W/secondary_dns(25790): 	at java.net.PlainDatagramSocketImpl.send(PlainDatagramSocketImpl.java:126)
11-21 12:30:25.614 W/secondary_dns(25790): 	at java.net.DatagramSocket.send(DatagramSocket.java:723)
11-21 12:30:25.614 W/secondary_dns(25790): 	at X.3PX.A00(Unknown Source:532)
11-21 12:30:25.614 W/secondary_dns(25790): 	at X.H4U.call(Unknown Source:86)
11-21 12:30:25.614 W/secondary_dns(25790): 	at java.util.concurrent.FutureTask.run(FutureTask.java:317)
11-21 12:30:25.614 W/secondary_dns(25790): 	at X.0JF.run(Unknown Source:2)
11-21 12:30:25.614 W/secondary_dns(25790): 	at X.1nx.run(:25)
11-21 12:30:25.614 W/secondary_dns(25790): 	at java.util.concurrent.ThreadPoolExecutor.runWorker(ThreadPoolExecutor.java:1156)
11-21 12:30:25.614 W/secondary_dns(25790): 	at java.util.concurrent.ThreadPoolExecutor$Worker.run(ThreadPoolExecutor.java:651)
11-21 12:30:25.614 W/secondary_dns(25790): 	at X.1ob.run(:113)
11-21 12:30:25.614 W/secondary_dns(25790): 	at java.lang.Thread.run(Thread.java:1119)
11-21 12:30:25.614 W/secondary_dns(25790): 	at X.1od.run(:8)
11-21 12:30:25.614 W/secondary_dns(25790): Caused by: android.system.ErrnoException: sendto failed: EPERM (Operation not permitted)
11-21 12:30:25.614 W/secondary_dns(25790): 	at libcore.io.Linux.sendtoBytes(Native Method)
11-21 12:30:25.614 W/secondary_dns(25790): 	at libcore.io.Linux.sendto(Linux.java:274)
11-21 12:30:25.614 W/secondary_dns(25790): 	at libcore.io.ForwardingOs.sendto(ForwardingOs.java:723)
11-21 12:30:25.614 W/secondary_dns(25790): 	at libcore.io.BlockGuardOs.sendto(BlockGuardOs.java:398)
11-21 12:30:25.614 W/secondary_dns(25790): 	at libcore.io.ForwardingOs.sendto(ForwardingOs.java:723)
11-21 12:30:25.614 W/secondary_dns(25790): 	at libcore.io.IoBridge.sendto(IoBridge.java:686)
11-21 12:30:25.614 W/secondary_dns(25790): 	... 12 more
11-21 12:30:25.617 W/secondary_dns(25790): I/O Exception while trying to resolve z-p42-chat-e2ee-ig.facebook.com
11-21 12:30:25.617 W/secondary_dns(25790): java.io.IOException: sendto failed: EPERM (Operation not permitted)
11-21 12:30:25.617 W/secondary_dns(25790): 	at libcore.io.IoBridge.maybeThrowAfterSendto(IoBridge.java:721)
11-21 12:30:25.617 W/secondary_dns(25790): 	at libcore.io.IoBridge.sendto(IoBridge.java:688)
11-21 12:30:25.617 W/secondary_dns(25790): 	at java.net.PlainDatagramSocketImpl.send(PlainDatagramSocketImpl.java:126)
11-21 12:30:25.617 W/secondary_dns(25790): 	at java.net.DatagramSocket.send(DatagramSocket.java:723)
11-21 12:30:25.617 W/secondary_dns(25790): 	at X.3PX.A00(Unknown Source:532)
11-21 12:30:25.617 W/secondary_dns(25790): 	at X.H4U.call(Unknown Source:86)
11-21 12:30:25.617 W/secondary_dns(25790): 	at java.util.concurrent.FutureTask.run(FutureTask.java:317)
11-21 12:30:25.617 W/secondary_dns(25790): 	at X.0JF.run(Unknown Source:2)
11-21 12:30:25.617 W/secondary_dns(25790): 	at X.1nx.run(:25)
11-21 12:30:25.617 W/secondary_dns(25790): 	at java.util.concurrent.ThreadPoolExecutor.runWorker(ThreadPoolExecutor.java:1156)
11-21 12:30:25.617 W/secondary_dns(25790): 	at java.util.concurrent.ThreadPoolExecutor$Worker.run(ThreadPoolExecutor.java:651)
11-21 12:30:25.617 W/secondary_dns(25790): 	at X.1ob.run(:113)
11-21 12:30:25.617 W/secondary_dns(25790): 	at java.lang.Thread.run(Thread.java:1119)
11-21 12:30:25.617 W/secondary_dns(25790): 	at X.1od.run(:8)
11-21 12:30:25.617 W/secondary_dns(25790): Caused by: android.system.ErrnoException: sendto failed: EPERM (Operation not permitted)
11-21 12:30:25.617 W/secondary_dns(25790): 	at libcore.io.Linux.sendtoBytes(Native Method)
11-21 12:30:25.617 W/secondary_dns(25790): 	at libcore.io.Linux.sendto(Linux.java:274)
11-21 12:30:25.617 W/secondary_dns(25790): 	at libcore.io.ForwardingOs.sendto(ForwardingOs.java:723)
11-21 12:30:25.617 W/secondary_dns(25790): 	at libcore.io.BlockGuardOs.sendto(BlockGuardOs.java:398)
11-21 12:30:25.617 W/secondary_dns(25790): 	at libcore.io.ForwardingOs.sendto(ForwardingOs.java:723)
11-21 12:30:25.617 W/secondary_dns(25790): 	at libcore.io.IoBridge.sendto(IoBridge.java:686)
11-21 12:30:25.617 W/secondary_dns(25790): 	... 12 more
11-21 12:30:25.624 W/X.3QR   (25790): Exception thrown during refresh
11-21 12:30:25.624 W/X.3QR   (25790): java.util.concurrent.ExecutionException: java.net.UnknownHostException: I/O Exception while trying to resolve z-p42-chat-e2ee-ig.facebook.com
11-21 12:30:25.624 W/X.3QR   (25790): 	at X.6DH.A01(Unknown Source:21)
11-21 12:30:25.624 W/X.3QR   (25790): 	at X.6DH.get(:268435506)
11-21 12:30:25.624 W/X.3QR   (25790): 	at X.2zA.A00(:1)
11-21 12:30:25.624 W/X.3QR   (25790): 	at X.3Iu.A06(Unknown Source:0)
11-21 12:30:25.624 W/X.3QR   (25790): 	at X.3FS.run(Unknown Source:10)
11-21 12:30:25.624 W/X.3QR   (25790): 	at X.3AZ.execute(:0)
11-21 12:30:25.624 W/X.3QR   (25790): 	at X.6DH.A05(Unknown Source:0)
11-21 12:30:25.624 W/X.3QR   (25790): 	at X.6DH.A04(Unknown Source:88)
11-21 12:30:25.624 W/X.3QR   (25790): 	at X.6DH.setException(Unknown Source:20)
11-21 12:30:25.624 W/X.3QR   (25790): 	at X.20L.run(Unknown Source:90)
11-21 12:30:25.624 W/X.3QR   (25790): 	at X.3AZ.execute(:0)
11-21 12:30:25.624 W/X.3QR   (25790): 	at X.3SR.A00(Unknown Source:0)
11-21 12:30:25.624 W/X.3QR   (25790): 	at X.3SR.A01(Unknown Source:31)
11-21 12:30:25.624 W/X.3QR   (25790): 	at X.20J.done(Unknown Source:2)
11-21 12:30:25.624 W/X.3QR   (25790): 	at java.util.concurrent.FutureTask.finishCompletion(FutureTask.java:434)
11-21 12:30:25.624 W/X.3QR   (25790): 	at java.util.concurrent.FutureTask.setException(FutureTask.java:303)
11-21 12:30:25.624 W/X.3QR   (25790): 	at java.util.concurrent.FutureTask.run(FutureTask.java:322)
11-21 12:30:25.624 W/X.3QR   (25790): 	at X.0JF.run(Unknown Source:2)
11-21 12:30:25.624 W/X.3QR   (25790): 	at X.1nx.run(:25)
11-21 12:30:25.624 W/X.3QR   (25790): 	at java.util.concurrent.ThreadPoolExecutor.runWorker(ThreadPoolExecutor.java:1156)
11-21 12:30:25.624 W/X.3QR   (25790): 	at java.util.concurrent.ThreadPoolExecutor$Worker.run(ThreadPoolExecutor.java:651)
11-21 12:30:25.624 W/X.3QR   (25790): 	at X.1ob.run(:113)
11-21 12:30:25.624 W/X.3QR   (25790): 	at java.lang.Thread.run(Thread.java:1119)
11-21 12:30:25.624 W/X.3QR   (25790): 	at X.1od.run(:8)
11-21 12:30:25.624 W/X.3QR   (25790): Caused by: java.net.UnknownHostException: I/O Exception while trying to resolve z-p42-chat-e2ee-ig.facebook.com
11-21 12:30:25.624 W/X.3QR   (25790): 	at X.3PX.A00(Unknown Source:1313)
11-21 12:30:25.624 W/X.3QR   (25790): 	at X.H4U.call(Unknown Source:86)
11-21 12:30:25.624 W/X.3QR   (25790): 	at java.util.concurrent.FutureTask.run(FutureTask.java:317)
11-21 12:30:25.624 W/X.3QR   (25790): 	... 7 more
11-21 12:30:25.640 W/ProxyAndroidLoggerBackend(23514): Too many Flogger logs received before configuration. Dropping old logs.
11-21 12:30:25.640 W/Settings(23514): Setting device_provisioned has moved from android.provider.Settings.System to android.provider.Settings.Global, returning read-only value.
11-21 12:30:25.641 W/ProxyAndroidLoggerBackend(23514): Too many Flogger logs received before configuration. Dropping old logs.
11-21 12:30:25.641 W/ProxyAndroidLoggerBackend(23514): Too many Flogger logs received before configuration. Dropping old logs.
11-21 12:30:25.641 W/ProxyAndroidLoggerBackend(23514): Too many Flogger logs received before configuration. Dropping old logs.
11-21 12:30:25.643 W/ProxyAndroidLoggerBackend(23514): Too many Flogger logs received before configuration. Dropping old logs.
11-21 12:30:25.643 W/GMM-SatelliteConnectivity(23514): WIFI  isActiveNetworkSatellite: false
11-21 12:30:25.650 W/ProxyAndroidLoggerBackend(23514): Too many Flogger logs received before configuration. Dropping old logs.
11-21 12:30:25.657 W/ProxyAndroidLoggerBackend(23514): Too many Flogger logs received before configuration. Dropping old logs.
11-21 12:30:25.658 W/ProxyAndroidLoggerBackend(23514): Too many Flogger logs received before configuration. Dropping old logs.
11-21 12:30:25.662 W/ProxyAndroidLoggerBackend(23514): Too many Flogger logs received before configuration. Dropping old logs.
11-21 12:30:25.669 W/JavaCronetEngine(23514): using the fallback Cronet Engine implementation. Performance will suffer and many HTTP client features, including caching, will not work.
11-21 12:30:25.669 W/ProxyAndroidLoggerBackend(23514): Too many Flogger logs received before configuration. Dropping old logs.
11-21 12:30:25.670 W/ProxyAndroidLoggerBackend(23514): Too many Flogger logs received before configuration. Dropping old logs.
11-21 12:30:25.670 W/ProxyAndroidLoggerBackend(23514): Too many Flogger logs received before configuration. Dropping old logs.
11-21 12:30:25.670 W/ProxyAndroidLoggerBackend(23514): Too many Flogger logs received before configuration. Dropping old logs.
11-21 12:30:25.706 W/ProxyAndroidLoggerBackend(23514): Too many Flogger logs received before configuration. Dropping old logs.
11-21 12:30:25.707 W/ProxyAndroidLoggerBackend(23514): Too many Flogger logs received before configuration. Dropping old logs.
11-21 12:30:25.707 W/ProxyAndroidLoggerBackend(23514): Too many Flogger logs received before configuration. Dropping old logs.
11-21 12:30:25.707 W/ProxyAndroidLoggerBackend(23514): Too many Flogger logs received before configuration. Dropping old logs.
11-21 12:30:25.708 W/ProxyAndroidLoggerBackend(23514): Too many Flogger logs received before configuration. Dropping old logs.
11-21 12:30:25.708 W/ProxyAndroidLoggerBackend(23514): Too many Flogger logs received before configuration. Dropping old logs.
11-21 12:30:25.708 W/ProxyAndroidLoggerBackend(23514): Too many Flogger logs received before configuration. Dropping old logs.
11-21 12:30:25.709 W/ProxyAndroidLoggerBackend(23514): Too many Flogger logs received before configuration. Dropping old logs.
11-21 12:30:25.709 W/ProxyAndroidLoggerBackend(23514): Too many Flogger logs received before configuration. Dropping old logs.
11-21 12:30:25.709 W/ProxyAndroidLoggerBackend(23514): Too many Flogger logs received before configuration. Dropping old logs.
11-21 12:30:25.709 W/ProxyAndroidLoggerBackend(23514): Too many Flogger logs received before configuration. Dropping old logs.
11-21 12:30:25.709 W/ProxyAndroidLoggerBackend(23514): Too many Flogger logs received before configuration. Dropping old logs.
11-21 12:30:25.709 W/ProxyAndroidLoggerBackend(23514): Too many Flogger logs received before configuration. Dropping old logs.
11-21 12:30:25.720 W/ProxyAndroidLoggerBackend(23514): Too many Flogger logs received before configuration. Dropping old logs.
11-21 12:30:25.721 W/ProxyAndroidLoggerBackend(23514): Too many Flogger logs received before configuration. Dropping old logs.
11-21 12:30:25.721 W/ProxyAndroidLoggerBackend(23514): Too many Flogger logs received before configuration. Dropping old logs.
11-21 12:30:25.740 W/WindowOnBackDispatcher(23514): OnBackInvokedCallback is not enabled for the application.
11-21 12:30:25.740 W/WindowOnBackDispatcher(23514): Set 'android:enableOnBackInvokedCallback="true"' in the application manifest.
11-21 12:30:25.743 W/ProxyAndroidLoggerBackend(23514): Too many Flogger logs received before configuration. Dropping old logs.
11-21 12:30:25.766 W/System  (18042): ClassLoader referenced unknown path: 
11-21 12:30:25.772 W/ProxyAndroidLoggerBackend(23514): Too many Flogger logs received before configuration. Dropping old logs.
11-21 12:30:25.773 W/ProxyAndroidLoggerBackend(23514): Too many Flogger logs received before configuration. Dropping old logs.
11-21 12:30:25.773 W/ProxyAndroidLoggerBackend(23514): Too many Flogger logs received before configuration. Dropping old logs.
11-21 12:30:25.774 E/GoogleMapController(23514): Cannot enable MyLocation layer as location permissions are not granted
11-21 12:30:25.806 W/OptProp ( 1468): Cannot read opt property android.window.PROPERTY_COMPAT_ALLOW_ORIENTATION_OVERRIDE
11-21 12:30:25.806 W/BLASTSyncEngine( 1468): setSyncMethod, id=13503, method=0, caller=com.android.server.wm.TransitionController.moveToCollecting:90 com.android.server.wm.ActivityStarter.startActivityUnchecked:333 com.android.server.wm.ActivityStarter.executeRequest:3361 
11-21 12:30:25.807 W/OptProp ( 1468): Cannot read opt property android.window.PROPERTY_COMPAT_ALLOW_MIN_ASPECT_RATIO_OVERRIDE
11-21 12:30:25.807 W/OptProp ( 1468): Cannot read opt property android.window.PROPERTY_COMPAT_ALLOW_RESIZEABLE_ACTIVITY_OVERRIDES
11-21 12:30:25.818 E/pageboostd( 3203): Received HALT command code 2
11-21 12:30:25.845 W/UserManagerService( 1468): Requested status bar icon for non-badged user 0
11-21 12:30:25.898 W/FreecessController( 1468): getAllRunningPackagePids: Failed to read pid from /sys/fs/cgroup/uid_10067/pid_20335/cgroup.procs
11-21 12:30:25.899 W/FreecessController( 1468): getAllRunningPackagePids: Failed to read pid from /sys/fs/cgroup/uid_10085/pid_25478/cgroup.procs
11-21 12:30:25.909 W/UserManagerService( 1468): Requested status bar icon for non-badged user 0
11-21 12:30:25.909 E/SurfaceFlinger( 1109): alpha changed 1.000 -> 0.000 - ActivityRecord{6e5b143 u0 com.google.android.permissioncontroller/com.android.permissioncontroller.permission.ui.GrantPermissionsActivity t9353}#166218
11-21 12:30:25.909 E/SurfaceFlinger( 1109): alpha changed 0.000 -> 1.000 - ActivityRecord{6e5b143 u0 com.google.android.permissioncontroller/com.android.permissioncontroller.permission.ui.GrantPermissionsActivity t9353}#166218
11-21 12:30:25.919 W/UserManagerService( 1468): Requested status bar icon for non-badged user 0
11-21 12:30:25.932 W/ParceledListSlice( 1468): Element #10 is 20900 bytes.
11-21 12:30:25.941 E/pageboostd( 3203): Received HALT command code 2
11-21 12:30:25.967 E/SurfaceFlinger( 1109): alpha changed 1.000 -> 0.000 - Surface(name=a9cd707 InputMethod)/@0xca95965 - animation-leash of insets_animation#166225
11-21 12:30:25.984 E/SurfaceFlinger( 1109): alpha changed 1.000 -> 0.000 - Dim Layer for - Task=9353#166227
11-21 12:30:25.989 W/LocationManagerService( 1468): onFreezeStateChanged, uid[10076]=true
11-21 12:30:26.001 E/SurfaceFlinger( 1109): alpha changed 0.000 -> 0.029 - Dim Layer for - Task=9353#166227
11-21 12:30:26.033 W/adbd    (20890): timed out while waiting for FUNCTIONFS_BIND, trying again
11-21 12:30:26.113 W/ImageReader_JNI(23514): Unable to acquire a buffer item, very likely client tried to acquire more than maxImages buffers
11-21 12:30:26.119 W/ImageReader_JNI(23514): Unable to acquire a buffer item, very likely client tried to acquire more than maxImages buffers
11-21 12:30:26.142 W/Choreographer( 1468): Frame time is 0.095679 ms in the future!  Check that graphics HAL is generating vsync timestamps using the correct timebase.
11-21 12:30:26.183 F/phatecks.qglide(23514): runtime.cc:709] Runtime aborting...
11-21 12:30:26.183 F/phatecks.qglide(23514): runtime.cc:709] Dumping all threads without mutator lock held
11-21 12:30:26.183 F/phatecks.qglide(23514): runtime.cc:709] All threads:
11-21 12:30:26.183 F/phatecks.qglide(23514): runtime.cc:709] DALVIK THREADS (79):
11-21 12:30:26.183 F/phatecks.qglide(23514): runtime.cc:709] "main" prio=10 tid=1 Native
11-21 12:30:26.183 F/phatecks.qglide(23514): runtime.cc:709]   | group="" sCount=1 ucsCount=0 flags=1 obj=0x738489e0 self=0xb4000077ef549380
11-21 12:30:26.183 F/phatecks.qglide(23514): runtime.cc:709]   | sysTid=23514 nice=-10 cgrp=top-app sched=0/0 handle=0x79c9d08d28
11-21 12:30:26.183 F/phatecks.qglide(23514): runtime.cc:709]   | state=R schedstat=( 4205807234 603893871 7118 ) utm=270 stm=150 core=5 HZ=100
11-21 12:30:26.183 F/phatecks.qglide(23514): runtime.cc:709]   | stack=0x7fc1e5f000-0x7fc1e61000 stackSize=8188KB
11-21 12:30:26.183 F/phatecks.qglide(23514): runtime.cc:709]   | held mutexes=
11-21 12:30:26.183 F/phatecks.qglide(23514): runtime.cc:709]   native: #00 pc 0008029c  /apex/com.android.runtime/lib64/bionic/libc.so (syscall+28) (BuildId: 3549de9a967b5089252c4ca16436800c)
11-21 12:30:26.183 F/phatecks.qglide(23514): runtime.cc:709]   native: #01 pc 00201230  /apex/com.android.art/lib64/libart.so (art::ConditionVariable::WaitHoldingLocks+136) (BuildId: eb4ec0f1d1c7267591d83fa87cb36390)
11-21 12:30:26.183 F/phatecks.qglide(23514): runtime.cc:709]   native: #02 pc 005de264  /apex/com.android.art/lib64/libart.so (artJniMethodEnd+120) (BuildId: eb4ec0f1d1c7267591d83fa87cb36390)
11-21 12:30:26.183 F/phatecks.qglide(23514): runtime.cc:709]   native: #03 pc 0068f68c  /apex/com.android.art/lib64/libart.so (art_jni_method_end+12) (BuildId: eb4ec0f1d1c7267591d83fa87cb36390)
11-21 12:30:26.183 F/phatecks.qglide(23514): runtime.cc:709]   at android.os.MessageQueue.nativePollOnce(Native method)
11-21 12:30:26.183 F/phatecks.qglide(23514): runtime.cc:709]   at android.os.MessageQueue.next(MessageQueue.java:346)
11-21 12:30:26.183 F/phatecks.qglide(23514): runtime.cc:709]   at android.os.Looper.loopOnce(Looper.java:214)
11-21 12:30:26.183 F/phatecks.qglide(23514): runtime.cc:709]   at android.os.Looper.loop(Looper.java:342)
11-21 12:30:26.183 F/phatecks.qglide(23514): runtime.cc:709]   at android.app.ActivityThread.main(ActivityThread.java:9634)
11-21 12:30:26.183 F/phatecks.qglide(23514): runtime.cc:709]   at java.lang.reflect.Method.invoke(Native method)
11-21 12:30:26.183 F/phatecks.qglide(23514): runtime.cc:709]   at com.android.internal.os.RuntimeInit$MethodAndArgsCaller.run(RuntimeInit.java:619)
11-21 12:30:26.183 F/phatecks.qglide(23514): runtime.cc:709]   at com.android.internal.os.ZygoteInit.main(ZygoteInit.java:929)
11-21 12:30:26.183 F/phatecks.qglide(23514): runtime.cc:709] 
11-21 12:30:26.183 F/phatecks.qglide(23514): runtime.cc:709] "FinalizerDaemon" prio=5 tid=6 Waiting
11-21 12:30:26.183 F/phatecks.qglide(23514): runtime.cc:709]   | group="" sCount=1 ucsCount=0 flags=1 obj=0x2ec0378 self=0xb4000077ef544010
11-21 12:30:26.183 F/phatecks.qglide(23514): runtime.cc:709]   | sysTid=23521 nice=4 cgrp=top-app sched=0/0 handle=0x76865195f0
11-21 12:30:26.183 F/phatecks.qglide(23514): runtime.cc:709]   | state=S schedstat=( 739346 272615 3 ) utm=0 stm=0 core=4 HZ=100
11-21 12:30:26.183 F/phatecks.qglide(23514): runtime.cc:709]   | stack=0x7686116000-0x7686118000 stackSize=4109KB
11-21 12:30:26.183 F/phatecks.qglide(23514): runtime.cc:709]   | held mutexes=
11-21 12:30:26.183 F/phatecks.qglide(23514): runtime.cc:709]   native: #00 pc 0008029c  /apex/com.android.runtime/lib64/bionic/libc.so (syscall+28) (BuildId: 3549de9a967b5089252c4ca16436800c)
11-21 12:30:26.183 F/phatecks.qglide(23514): runtime.cc:709]   native: #01 pc 00201230  /apex/com.android.art/lib64/libart.so (art::ConditionVariable::WaitHoldingLocks+136) (BuildId: eb4ec0f1d1c7267591d83fa87cb36390)
11-21 12:30:26.183 F/phatecks.qglide(23514): runtime.cc:709]   native: #02 pc 004af4ec  /apex/com.android.art/lib64/libart.so (art::Monitor::Wait+1088) (BuildId: eb4ec0f1d1c7267591d83fa87cb36390)
11-21 12:30:26.183 F/phatecks.qglide(23514): runtime.cc:709]   at java.lang.Object.wait(Native method)
11-21 12:30:26.183 F/phatecks.qglide(23514): runtime.cc:709]   - waiting on <0x0f370465> (a java.lang.Object)
11-21 12:30:26.183 F/phatecks.qglide(23514): runtime.cc:709]   at java.lang.Object.wait(Object.java:405)
11-21 12:30:26.183 F/phatecks.qglide(23514): runtime.cc:709]   at java.lang.ref.ReferenceQueue.remove(ReferenceQueue.java:207)
11-21 12:30:26.183 F/phatecks.qglide(23514): runtime.cc:709]   - locked <0x0f370465> (a java.lang.Object)
11-21 12:30:26.183 F/phatecks.qglide(23514): runtime.cc:709]   at java.lang.ref.ReferenceQueue.remove(ReferenceQueue.java:228)
11-21 12:30:26.183 F/phatecks.qglide(23514): runtime.cc:709]   at java.lang.Daemons$FinalizerDaemon.runInternal(Daemons.java:348)
11-21 12:30:26.183 F/phatecks.qglide(23514): runtime.cc:709]   at java.lang.Daemons$Daemon.run(Daemons.java:132)
11-21 12:30:26.183 F/phatecks.qglide(23514): runtime.cc:709]   at java.lang.Thread.run(Thread.java:1119)
11-21 12:30:26.183 F/phatecks.qglide(23514): runtime.cc:709] 
11-21 12:30:26.183 F/phatecks.qglide(23514): runtime.cc:709] "FinalizerWatchdogDaemon" prio=5 tid=7 Sleeping
11-21 12:30:26.183 F/phatecks.qglide(23514): runtime.cc:709]   | group="" sCount=1 ucsCount=0 flags=1 obj=0x2ec03f0 self=0xb4000077ef56db90
11-21 12:30:26.183 F/phatecks.qglide(23514): runtime.cc:709]   | sysTid=23522 nice=4 cgrp=foreground sched=0/0 handle=0x768610f5f0
11-21 12:30:26.183 F/phatecks.qglide(23514): runtime.cc:709]   | state=S schedstat=( 608193 438961 4 ) utm=0 stm=0 core=5 HZ=100
11-21 12:30:26.183 F/phatecks.qglide(23514): runtime.cc:709]   | stack=0x7685d0c000-0x7685d0e000 stackSize=4109KB
11-21 12:30:26.183 F/phatecks.qglide(23514): runtime.cc:709]   | held mutexes=
11-21 12:30:26.183 F/phatecks.qglide(23514): runtime.cc:709]   native: #00 pc 000802a0  /apex/com.android.runtime/lib64/bionic/libc.so (syscall+32) (BuildId: 3549de9a967b5089252c4ca16436800c)
11-21 12:30:26.183 F/phatecks.qglide(23514): runtime.cc:709]   native: #01 pc 0020a20c  /apex/com.android.art/lib64/libart.so (art::ConditionVariable::TimedWait+296) (BuildId: eb4ec0f1d1c7267591d83fa87cb36390)
11-21 12:30:26.183 F/phatecks.qglide(23514): runtime.cc:709]   native: #02 pc 004af344  /apex/com.android.art/lib64/libart.so (art::Monitor::Wait+664) (BuildId: eb4ec0f1d1c7267591d83fa87cb36390)
11-21 12:30:26.183 F/phatecks.qglide(23514): runtime.cc:709]   at java.lang.Thread.sleep(Native method)
11-21 12:30:26.183 F/phatecks.qglide(23514): runtime.cc:709]   - sleeping on <0x08e1d53a> (a java.lang.Object)
11-21 12:30:26.183 F/phatecks.qglide(23514): runtime.cc:709]   at java.lang.Thread.sleep(Thread.java:451)
11-21 12:30:26.183 F/phatecks.qglide(23514): runtime.cc:709]   - locked <0x08e1d53a> (a java.lang.Object)
11-21 12:30:26.183 F/phatecks.qglide(23514): runtime.cc:709]   at java.lang.Thread.sleep(Thread.java:356)
11-21 12:30:26.183 F/phatecks.qglide(23514): runtime.cc:709]   at java.lang.Daemons$FinalizerWatchdogDaemon.sleepForNanos(Daemons.java:534)
11-21 12:30:26.183 F/phatecks.qglide(23514): runtime.cc:709]   at java.lang.Daemons$FinalizerWatchdogDaemon.waitForProgress(Daemons.java:610)
11-21 12:30:26.183 F/phatecks.qglide(23514): runtime.cc:709]   at java.lang.Daemons$FinalizerWatchdogDaemon.runInternal(Daemons.java:465)
11-21 12:30:26.183 F/phatecks.qglide(23514): runtime.cc:709]   at java.lang.Daemons$Daemon.run(Daemons.java:132)
11-21 12:30:26.183 F/phatecks.qglide(23514): runtime.cc:709]   at java.lang.Thread.run(Thread.java:1119)
11-21 12:30:26.183 F/phatecks.qglide(23514): runtime.cc:709] 
11-21 12:30:26.183 F/phatecks.qglide(23514): runtime.cc:709] "ReferenceQueueDaemon" prio=5 tid=8 Waiting
11-21 12:30:26.183 F/phatecks.qglide(23514): runtime.cc:709]   | group="" sCount=1 ucsCount=0 flags=1 obj=0x2ec0468 self=0xb4000077ef55e140
11-21 12:30:26.183 F/phatecks.qglide(23514): runtime.cc:709]   | sysTid=23520 nice=4 cgrp=foreground sched=0/0 handle=0x76869235f0
11-21 12:30:26.183 F/phatecks.qglide(23514): runtime.cc:709]   | state=S schedstat=( 1035193 1703461 2 ) utm=0 stm=0 core=4 HZ=100
11-21 12:30:26.183 F/phatecks.qglide(23514): runtime.cc:709]   | stack=0x7686520000-0x7686522000 stackSize=4109KB
11-21 12:30:26.183 F/phatecks.qglide(23514): runtime.cc:709]   | held mutexes=
11-21 12:30:26.183 F/phatecks.qglide(23514): runtime.cc:709]   native: #00 pc 0008029c  /apex/com.android.runtime/lib64/bionic/libc.so (syscall+28) (BuildId: 3549de9a967b5089252c4ca16436800c)
11-21 12:30:26.183 F/phatecks.qglide(23514): runtime.cc:709]   native: #01 pc 00201230  /apex/com.android.art/lib64/libart.so (art::ConditionVariable::WaitHoldingLocks+136) (BuildId: eb4ec0f1d1c7267591d83fa87cb36390)
11-21 12:30:26.183 F/phatecks.qglide(23514): runtime.cc:709]   native: #02 pc 004af4ec  /apex/com.android.art/lib64/libart.so (art::Monitor::Wait+1088) (BuildId: eb4ec0f1d1c7267591d83fa87cb36390)
11-21 12:30:26.183 F/phatecks.qglide(23514): runtime.cc:709]   at java.lang.Object.wait(Native method)
11-21 12:30:26.183 F/phatecks.qglide(23514): runtime.cc:709]   - waiting on <0x0bfba5eb> (a java.lang.Class<java.lang.ref.ReferenceQueue>)
11-21 12:30:26.183 F/phatecks.qglide(23514): runtime.cc:709]   at java.lang.Object.wait(Object.java:405)
11-21 12:30:26.183 F/phatecks.qglide(23514): runtime.cc:709]   at java.lang.Object.wait(Object.java:543)
11-21 12:30:26.183 F/phatecks.qglide(23514): runtime.cc:709]   at java.lang.Daemons$ReferenceQueueDaemon.runInternal(Daemons.java:260)
11-21 12:30:26.183 F/phatecks.qglide(23514): runtime.cc:709]   - locked <0x0bfba5eb> (a java.lang.Class<java.lang.ref.ReferenceQueue>)
11-21 12:30:26.183 F/phatecks.qglide(23514): runtime.cc:709]   at java.lang.Daemons$Daemon.run(Daemons.java:132)
11-21 12:30:26.183 F/phatecks.qglide(23514): runtime.cc:709]   at java.lang.Thread.run(Thread.java:1119)
11-21 12:30:26.183 F/phatecks.qglide(23514): runtime.cc:709] 
11-21 12:30:26.183 F/phatecks.qglide(23514): runtime.cc:709] "Okio Watchdog" prio=5 tid=16 Waiting
11-21 12:30:26.183 F/phatecks.qglide(23514): runtime.cc:709]   | group="" sCount=1 ucsCount=0 flags=1 obj=0x2115918 self=0xb4000077ef690040
11-21 12:30:26.183 F/phatecks.qglide(23514): runtime.cc:709]   | sysTid=23735 nice=0 cgrp=foreground sched=0/0 handle=0x762a8a15f0
11-21 12:30:26.183 F/phatecks.qglide(23514): runtime.cc:709]   | state=S schedstat=( 539578 0 3 ) utm=0 stm=0 core=4 HZ=100
11-21 12:30:26.183 F/phatecks.qglide(23514): runtime.cc:709]   | stack=0x762a49e000-0x762a4a0000 stackSize=4109KB
11-21 12:30:26.183 F/phatecks.qglide(23514): runtime.cc:709]   | held mutexes=
11-21 12:30:26.183 F/phatecks.qglide(23514): runtime.cc:709]   native: #00 pc 0008029c  /apex/com.android.runtime/lib64/bionic/libc.so (syscall+28) (BuildId: 3549de9a967b5089252c4ca16436800c)
11-21 12:30:26.183 F/phatecks.qglide(23514): runtime.cc:709]   native: #01 pc 00201230  /apex/com.android.art/lib64/libart.so (art::ConditionVariable::WaitHoldingLocks+136) (BuildId: eb4ec0f1d1c7267591d83fa87cb36390)
11-21 12:30:26.183 F/phatecks.qglide(23514): runtime.cc:709]   native: #02 pc 004af4ec  /apex/com.android.art/lib64/libart.so (art::Monitor::Wait+1088) (BuildId: eb4ec0f1d1c7267591d83fa87cb36390)
11-21 12:30:26.183 F/phatecks.qglide(23514): runtime.cc:709]   at java.lang.Object.wait(Native method)
11-21 12:30:26.183 F/phatecks.qglide(23514): runtime.cc:709]   - waiting on <0x0ef4e763> (a java.lang.Class<com.android.okhttp.okio.AsyncTimeout>)
11-21 12:30:26.183 F/phatecks.qglide(23514): runtime.cc:709]   at java.lang.Object.wait(Object.java:405)
11-21 12:30:26.183 F/phatecks.qglide(23514): runtime.cc:709]   at java.lang.Object.wait(Object.java:543)
11-21 12:30:26.183 F/phatecks.qglide(23514): runtime.cc:709]   at com.android.okhttp.okio.AsyncTimeout.awaitTimeout(AsyncTimeout.java:313)
11-21 12:30:26.183 F/phatecks.qglide(23514): runtime.cc:709]   - locked <0x0ef4e763> (a java.lang.Class<com.android.okhttp.okio.AsyncTimeout>)
11-21 12:30:26.183 F/phatecks.qglide(23514): runtime.cc:709]   at com.android.okhttp.okio.AsyncTimeout.access$000(AsyncTimeout.java:42)
11-21 12:30:26.183 F/phatecks.qglide(23514): runtime.cc:709]   at com.android.okhttp.okio.AsyncTimeout$Watchdog.run(AsyncTimeout.java:288)
11-21 12:30:26.183 F/phatecks.qglide(23514): runtime.cc:709] 
11-21 12:30:26.183 F/phatecks.qglide(23514): runtime.cc:709] "OkHttp ConnectionPool" prio=5 tid=27 TimedWaiting
11-21 12:30:26.183 F/phatecks.qglide(23514): runtime.cc:709]   | group="" sCount=1 ucsCount=0 flags=1 obj=0x2ec1f70 self=0xb4000077ef5a1df0
11-21 12:30:26.183 F/phatecks.qglide(23514): runtime.cc:709]   | sysTid=23572 nice=0 cgrp=foreground sched=0/0 handle=0x76102a85f0
11-21 12:30:26.183 F/phatecks.qglide(23514): runtime.cc:709]   | state=S schedstat=( 663384 0 3 ) utm=0 stm=0 core=4 HZ=100
11-21 12:30:26.183 F/phatecks.qglide(23514): runtime.cc:709]   | stack=0x760fea5000-0x760fea7000 stackSize=4109KB
11-21 12:30:26.183 F/phatecks.qglide(23514): runtime.cc:709]   | held mutexes=
11-21 12:30:26.183 F/phatecks.qglide(23514): runtime.cc:709]   native: #00 pc 000802a0  /apex/com.android.runtime/lib64/bionic/libc.so (syscall+32) (BuildId: 3549de9a967b5089252c4ca16436800c)
11-21 12:30:26.183 F/phatecks.qglide(23514): runtime.cc:709]   native: #01 pc 0020a20c  /apex/com.android.art/lib64/libart.so (art::ConditionVariable::TimedWait+296) (BuildId: eb4ec0f1d1c7267591d83fa87cb36390)
11-21 12:30:26.183 F/phatecks.qglide(23514): runtime.cc:709]   native: #02 pc 004af344  /apex/com.android.art/lib64/libart.so (art::Monitor::Wait+664) (BuildId: eb4ec0f1d1c7267591d83fa87cb36390)
11-21 12:30:26.183 F/phatecks.qglide(23514): runtime.cc:709]   at java.lang.Object.wait(Native method)
11-21 12:30:26.183 F/phatecks.qglide(23514): runtime.cc:709]   - waiting on <0x01880b06> (a com.android.okhttp.ConnectionPool)
11-21 12:30:26.183 F/phatecks.qglide(23514): runtime.cc:709]   at com.android.okhttp.ConnectionPool$1.run(ConnectionPool.java:106)
11-21 12:30:26.183 F/phatecks.qglide(23514): runtime.cc:709]   - locked <0x01880b06> (a com.android.okhttp.ConnectionPool)
11-21 12:30:26.183 F/phatecks.qglide(23514): runtime.cc:709]   at java.util.concurrent.ThreadPoolExecutor.runWorker(ThreadPoolExecutor.java:1156)
11-21 12:30:26.183 F/phatecks.qglide(23514): runtime.cc:709]   at java.util.concurrent.ThreadPoolExecutor$Worker.run(ThreadPoolExecutor.java:651)
11-21 12:30:26.183 F/phatecks.qglide(23514): runtime.cc:709]   at java.lang.Thread.run(Thread.java:1119)
11-21 12:30:26.183 F/phatecks.qglide(23514): runtime.cc:709] 
11-21 12:30:26.183 F/phatecks.qglide(23514): runtime.cc:709] "GmsDynamite" prio=1 tid=47 Waiting
11-21 12:30:26.183 F/phatecks.qglide(23514): runtime.cc:709]   | group="" sCount=1 ucsCount=0 flags=1 obj=0x2c99a28 self=0xb4000077ef804020
11-21 12:30:26.183 F/phatecks.qglide(23514): runtime.cc:709]   | sysTid=24318 nice=19 cgrp=foreground sched=0/0 handle=0x74aad445f0
11-21 12:30:26.183 F/phatecks.qglide(23514): runtime.cc:709]   | state=S schedstat=( 118654 0 1 ) utm=0 stm=0 core=6 HZ=100
11-21 12:30:26.183 F/phatecks.qglide(23514): runtime.cc:709]   | stack=0x74aa941000-0x74aa943000 stackSize=4109KB
11-21 12:30:26.183 F/phatecks.qglide(23514): runtime.cc:709]   | held mutexes=
11-21 12:30:26.183 F/phatecks.qglide(23514): runtime.cc:709]   native: #00 pc 0008029c  /apex/com.android.runtime/lib64/bionic/libc.so (syscall+28) (BuildId: 3549de9a967b5089252c4ca16436800c)
11-21 12:30:26.183 F/phatecks.qglide(23514): runtime.cc:709]   native: #01 pc 00201230  /apex/com.android.art/lib64/libart.so (art::ConditionVariable::WaitHoldingLocks+136) (BuildId: eb4ec0f1d1c7267591d83fa87cb36390)
11-21 12:30:26.183 F/phatecks.qglide(23514): runtime.cc:709]   native: #02 pc 004af4ec  /apex/com.android.art/lib64/libart.so (art::Monitor::Wait+1088) (BuildId: eb4ec0f1d1c7267591d83fa87cb36390)
11-21 12:30:26.183 F/phatecks.qglide(23514): runtime.cc:709]   at java.lang.Object.wait(Native method)
11-21 12:30:26.183 F/phatecks.qglide(23514): runtime.cc:709]   - waiting on <0x055c918c> (a com.google.android.gms.dynamite.zza)
11-21 12:30:26.183 F/phatecks.qglide(23514): runtime.cc:709]   at java.lang.Object.wait(Object.java:405)
11-21 12:30:26.183 F/phatecks.qglide(23514): runtime.cc:709]   at java.lang.Object.wait(Object.java:543)
11-21 12:30:26.183 F/phatecks.qglide(23514): runtime.cc:709]   at com.google.android.gms.dynamite.zza.run(SourceFile:7)
11-21 12:30:26.183 F/phatecks.qglide(23514): runtime.cc:709]   - locked <0x055c918c> (a com.google.android.gms.dynamite.zza)
11-21 12:30:26.183 F/phatecks.qglide(23514): runtime.cc:709] 
11-21 12:30:26.183 F/phatecks.qglide(23514): runtime.cc:709] "androidmapsapi-ula-1" prio=5 tid=50 Sleeping
11-21 12:30:26.183 F/phatecks.qglide(23514): runtime.cc:709]   | group="" sCount=1 ucsCount=0 flags=1 obj=0x2daac88 self=0xb4000077ef8102d0
11-21 12:30:26.183 F/phatecks.qglide(23514): runtime.cc:709]   | sysTid=24323 nice=0 cgrp=foreground sched=0/0 handle=0x749f06f5f0
11-21 12:30:26.183 F/phatecks.qglide(23514): runtime.cc:709]   | state=S schedstat=( 199307 0 1 ) utm=0 stm=0 core=3 HZ=100
11-21 12:30:26.183 F/phatecks.qglide(23514): runtime.cc:709]   | stack=0x749ec6c000-0x749ec6e000 stackSize=4109KB
11-21 12:30:26.183 F/phatecks.qglide(23514): runtime.cc:709]   | held mutexes=
11-21 12:30:26.183 F/phatecks.qglide(23514): runtime.cc:709]   native: #00 pc 000802a0  /apex/com.android.runtime/lib64/bionic/libc.so (syscall+32) (BuildId: 3549de9a967b5089252c4ca16436800c)
11-21 12:30:26.183 F/phatecks.qglide(23514): runtime.cc:709]   native: #01 pc 0020a20c  /apex/com.android.art/lib64/libart.so (art::ConditionVariable::TimedWait+296) (BuildId: eb4ec0f1d1c7267591d83fa87cb36390)
11-21 12:30:26.183 F/phatecks.qglide(23514): runtime.cc:709]   native: #02 pc 004af344  /apex/com.android.art/lib64/libart.so (art::Monitor::Wait+664) (BuildId: eb4ec0f1d1c7267591d83fa87cb36390)
11-21 12:30:26.183 F/phatecks.qglide(23514): runtime.cc:709]   at java.lang.Thread.sleep(Native method)
11-21 12:30:26.183 F/phatecks.qglide(23514): runtime.cc:709]   - sleeping on <0x0b0ad0d5> (a java.lang.Object)
11-21 12:30:26.183 F/phatecks.qglide(23514): runtime.cc:709]   at java.lang.Thread.sleep(Thread.java:451)
11-21 12:30:26.184 F/phatecks.qglide(23514): runtime.cc:709]   - locked <0x0b0ad0d5> (a java.lang.Object)
11-21 12:30:26.184 F/phatecks.qglide(23514): runtime.cc:709]   at java.lang.Thread.sleep(Thread.java:356)
11-21 12:30:26.184 F/phatecks.qglide(23514): runtime.cc:709]   at com.google.maps.api.android.lib6.impl.hr.run(:com.google.android.gms.policy_maps_core_dynamite@254125201@254125200025.815771884.815771884:6)
11-21 12:30:26.184 F/phatecks.qglide(23514): runtime.cc:709]   at java.util.concurrent.ThreadPoolExecutor.runWorker(ThreadPoolExecutor.java:1156)
11-21 12:30:26.184 F/phatecks.qglide(23514): runtime.cc:709]   at java.util.concurrent.ThreadPoolExecutor$Worker.run(ThreadPoolExecutor.java:651)
11-21 12:30:26.184 F/phatecks.qglide(23514): runtime.cc:709]   at java.lang.Thread.run(Thread.java:1119)
11-21 12:30:26.184 F/phatecks.qglide(23514): runtime.cc:709] 
11-21 12:30:26.184 F/phatecks.qglide(23514): runtime.cc:709] "GL-Map" prio=5 tid=75 Waiting
11-21 12:30:26.184 F/phatecks.qglide(23514): runtime.cc:709]   | group="" sCount=1 ucsCount=0 flags=1 obj=0x35b70c8 self=0xb4000077ef82dba0
11-21 12:30:26.184 F/phatecks.qglide(23514): runtime.cc:709]   | sysTid=24387 nice=0 cgrp=foreground sched=0/0 handle=0x747fd445f0
11-21 12:30:26.184 F/phatecks.qglide(23514): runtime.cc:709]   | state=R schedstat=( 76306270 42154892 145 ) utm=6 stm=1 core=6 HZ=100
11-21 12:30:26.184 F/phatecks.qglide(23514): runtime.cc:709]   | stack=0x747f941000-0x747f943000 stackSize=4109KB
11-21 12:30:26.184 F/phatecks.qglide(23514): runtime.cc:709]   | held mutexes=
11-21 12:30:26.184 F/phatecks.qglide(23514): runtime.cc:709]   native: #00 pc 000802a0  /apex/com.android.runtime/lib64/bionic/libc.so (syscall+32) (BuildId: 3549de9a967b5089252c4ca16436800c)
11-21 12:30:26.184 F/phatecks.qglide(23514): runtime.cc:709]   native: #01 pc 00201230  /apex/com.android.art/lib64/libart.so (art::ConditionVariable::WaitHoldingLocks+136) (BuildId: eb4ec0f1d1c7267591d83fa87cb36390)
11-21 12:30:26.184 F/phatecks.qglide(23514): runtime.cc:709]   native: #02 pc 004af4ec  /apex/com.android.art/lib64/libart.so (art::Monitor::Wait+1088) (BuildId: eb4ec0f1d1c7267591d83fa87cb36390)
11-21 12:30:26.184 F/phatecks.qglide(23514): runtime.cc:709]   at java.lang.Object.wait(Native method)
11-21 12:30:26.184 F/phatecks.qglide(23514): runtime.cc:709]   - waiting on <0x06ef41b6> (a m140.fdm)
11-21 12:30:26.184 F/phatecks.qglide(23514): runtime.cc:709]   at java.lang.Object.wait(Object.java:405)
11-21 12:30:26.184 F/phatecks.qglide(23514): runtime.cc:709]   at java.lang.Object.wait(Object.java:543)
11-21 12:30:26.184 F/phatecks.qglide(23514): runtime.cc:709]   at m140.fdj.run(:com.google.android.gms.policy_maps_core_dynamite@254125201@254125200025.815771884.815771884:961)
11-21 12:30:26.184 F/phatecks.qglide(23514): runtime.cc:709]   - locked <0x06ef41b6> (a m140.fdm)
11-21 12:30:26.184 F/phatecks.qglide(23514): runtime.cc:709] 
11-21 12:30:26.184 F/phatecks.qglide(23514): runtime.cc:709] "glide-active-resources" prio=4 tid=76 Waiting
11-21 12:30:26.184 F/phatecks.qglide(23514): runtime.cc:709]   | group="" sCount=1 ucsCount=0 flags=1 obj=0x32874e8 self=0xb4000077ef839e50
11-21 12:30:26.184 F/phatecks.qglide(23514): runtime.cc:709]   | sysTid=24388 nice=10 cgrp=foreground sched=0/0 handle=0x747e93a5f0
11-21 12:30:26.184 F/phatecks.qglide(23514): runtime.cc:709]   | state=S schedstat=( 83038 0 1 ) utm=0 stm=0 core=6 HZ=100
11-21 12:30:26.184 F/phatecks.qglide(23514): runtime.cc:709]   | stack=0x747e537000-0x747e539000 stackSize=4109KB
11-21 12:30:26.184 F/phatecks.qglide(23514): runtime.cc:709]   | held mutexes=
11-21 12:30:26.184 F/phatecks.qglide(23514): runtime.cc:709]   native: #00 pc 0008029c  /apex/com.android.runtime/lib64/bionic/libc.so (syscall+28) (BuildId: 3549de9a967b5089252c4ca16436800c)
11-21 12:30:26.184 F/phatecks.qglide(23514): runtime.cc:709]   native: #01 pc 00201230  /apex/com.android.art/lib64/libart.so (art::ConditionVariable::WaitHoldingLocks+136) (BuildId: eb4ec0f1d1c7267591d83fa87cb36390)
11-21 12:30:26.184 F/phatecks.qglide(23514): runtime.cc:709]   native: #02 pc 004af4ec  /apex/com.android.art/lib64/libart.so (art::Monitor::Wait+1088) (BuildId: eb4ec0f1d1c7267591d83fa87cb36390)
11-21 12:30:26.184 F/phatecks.qglide(23514): runtime.cc:709]   at java.lang.Object.wait(Native method)
11-21 12:30:26.184 F/phatecks.qglide(23514): runtime.cc:709]   - waiting on <0x02a89eb7> (a java.lang.Object)
11-21 12:30:26.184 F/phatecks.qglide(23514): runtime.cc:709]   at java.lang.Object.wait(Object.java:405)
11-21 12:30:26.184 F/phatecks.qglide(23514): runtime.cc:709]   at java.lang.ref.ReferenceQueue.remove(ReferenceQueue.java:207)
11-21 12:30:26.184 F/phatecks.qglide(23514): runtime.cc:709]   - locked <0x02a89eb7> (a java.lang.Object)
11-21 12:30:26.184 F/phatecks.qglide(23514): runtime.cc:709]   at java.lang.ref.ReferenceQueue.remove(ReferenceQueue.java:228)
11-21 12:30:26.184 F/phatecks.qglide(23514): runtime.cc:709]   at m140.akf.run(:com.google.android.gms.policy_maps_core_dynamite@254125201@254125200025.815771884.815771884:7)
