11-21 12:30:04.097 W/MediaProvider( 3827): isAppCloneUserPair for user 0: false
11-21 12:30:04.131 W/MediaProvider( 3827): isAppCloneUserPair failed. Users: 0 and 0
11-21 12:30:04.131 W/MediaProvider( 3827): isAppCloneUserPair for user 0: false
11-21 12:30:04.151 W/SQLiteLog( 3827): (28) walCheckpoint: eMode(0), mxFrame(256), /data/data/com.google.android.providers.media.module/databases/external.db-wal
11-21 12:30:04.308 W/MediaProvider( 3827): isAppCloneUserPair failed. Users: 0 and 0
11-21 12:30:04.308 W/MediaProvider( 3827): isAppCloneUserPair for user 0: false
11-21 12:30:04.332 W/MediaProvider( 3827): isAppCloneUserPair failed. Users: 0 and 0
11-21 12:30:04.332 W/MediaProvider( 3827): isAppCloneUserPair for user 0: false
11-21 12:30:04.819 W/PackageManager( 1468): Not removing package com.google.android.trichromelibrary hosting lib com.google.android.trichromelibrary version 744410233 used by [VersionedPackage[com.google.android.webview/744410233]] for user 0
11-21 12:30:04.837 W/MediaProvider( 3827): isAppCloneUserPair failed. Users: 0 and 0
11-21 12:30:04.837 W/MediaProvider( 3827): isAppCloneUserPair for user 0: false
11-21 12:30:04.857 W/MediaProvider( 3827): isAppCloneUserPair failed. Users: 0 and 0
11-21 12:30:04.857 W/MediaProvider( 3827): isAppCloneUserPair for user 0: false
11-21 12:30:04.905 E/ShortcutService( 1468): Invalid icon type in shortcut 2349151144748@s.whatsapp.net. Bitmaps are not allowed in long-lived shortcuts. Use Resource icons, or Uri-based icons instead.
11-21 12:30:04.955 W/MediaProvider( 3827): isAppCloneUserPair failed. Users: 0 and 0
11-21 12:30:04.955 W/MediaProvider( 3827): isAppCloneUserPair for user 0: false
11-21 12:30:05.009 W/MediaProvider( 3827): isAppCloneUserPair failed. Users: 0 and 0
11-21 12:30:05.009 W/MediaProvider( 3827): isAppCloneUserPair for user 0: false
11-21 12:30:05.030 W/MediaProvider( 3827): isAppCloneUserPair failed. Users: 0 and 0
11-21 12:30:05.030 W/MediaProvider( 3827): isAppCloneUserPair for user 0: false
11-21 12:30:05.093 W/adbd    (20890): timed out while waiting for FUNCTIONFS_BIND, trying again
11-21 12:30:05.103 W/MediaProvider( 3827): isAppCloneUserPair failed. Users: 0 and 0
11-21 12:30:05.103 W/MediaProvider( 3827): isAppCloneUserPair for user 0: false
11-21 12:30:05.444 W/SQLiteLog( 3827): (28) walCheckpoint: eMode(0), mxFrame(256), /data/data/com.google.android.providers.media.module/databases/external.db-wal
11-21 12:30:05.800 W/JobService( 2282): onNetworkChanged() not implemented in androidx.work.impl.background.systemjob.SystemJobService. Must override in a subclass.
11-21 12:30:05.845 W/LocationManagerService( 1468): onFreezeStateChanged, uid[10076]=false
11-21 12:30:05.858 W/GameLauncher(14803): NotificationListener Ignore non game notification: com.whatsapp
11-21 12:30:05.860 E/SensorManager( 1468): sensor or listener is null
11-21 12:30:05.875 W/MediaPlayer( 2050): Error setting data source via ContentResolver
11-21 12:30:05.875 W/MediaPlayer( 2050): java.io.FileNotFoundException: open failed: ENOENT (No such file or directory)
11-21 12:30:05.875 W/MediaPlayer( 2050): 	at android.database.DatabaseUtils.readExceptionWithFileNotFoundExceptionFromParcel(DatabaseUtils.java:164)
11-21 12:30:05.875 W/MediaPlayer( 2050): 	at android.content.ContentProviderProxy.openTypedAssetFile(ContentProviderNative.java:814)
11-21 12:30:05.875 W/MediaPlayer( 2050): 	at android.content.ContentResolver.openTypedAssetFileDescriptor(ContentResolver.java:2056)
11-21 12:30:05.875 W/MediaPlayer( 2050): 	at android.content.ContentResolver.openAssetFileDescriptor(ContentResolver.java:1871)
11-21 12:30:05.875 W/MediaPlayer( 2050): 	at android.content.ContentResolver.openAssetFileDescriptor(ContentResolver.java:1786)
11-21 12:30:05.875 W/MediaPlayer( 2050): 	at android.media.MediaPlayer.attemptDataSource(MediaPlayer.java:1199)
11-21 12:30:05.875 W/MediaPlayer( 2050): 	at android.media.MediaPlayer.setDataSource(MediaPlayer.java:1156)
11-21 12:30:05.875 W/MediaPlayer( 2050): 	at android.media.MediaPlayer.setDataSource(MediaPlayer.java:1093)
11-21 12:30:05.875 W/MediaPlayer( 2050): 	at com.android.systemui.media.NotificationPlayer$CreationAndCompletionThread.run(qb/99323245 10b43abae24c844a190fd97dd8dec24c9e285525b6b4f22eb78bfede421a744f:79)
11-21 12:30:05.891 W/MediaProvider( 3827): Didn't find any volume for getVolume(/system/media/audio/notifications/SoundTheme/Galaxy/Spaceline.ogg)
11-21 12:30:05.900 E/ui:edgelighting(23891): Not starting debugger since process cannot load the jdwp agent.
11-21 12:30:05.959 E/SEC_DRM_PLUGIN_Omafl( 1185): OmaPlugin::onOpenDecryptSession(fd)::Drm2IsDrmFileByExtFd::file is NOT DRM by extension
11-21 12:30:05.996 W/MediaPlayerNative( 2050): info/warning (10973, 0)
11-21 12:30:06.088 W/FeatureUtil(23891): files does not exist from /omr/carrier/0/customer_carrier_feature.json
11-21 12:30:06.089 W/FeatureUtil(23891): files does not exist from /omr/carrier/0/customer_carrier_feature.json
11-21 12:30:06.089 W/FeatureUtil(23891): files does not exist from /omr/carrier/0/last_customer_carrier_feature.json
11-21 12:30:06.137 E/Sensors (  991): inject_scontext_data: New ssp_data_injection_fd(44)
11-21 12:30:06.144 W/adbd    (20890): timed out while waiting for FUNCTIONFS_BIND, trying again
11-21 12:30:06.195 W/Settings(23891): Setting remove_animations has moved from android.provider.Settings.System to android.provider.Settings.Global, returning read-only value.
11-21 12:30:06.196 E/ActivityThread(23891): Failed to find provider info for com.samsung.android.systemui.edgelighting.plus.provider
11-21 12:30:06.263 E/PocketModeEvent( 1468): PocketModeSetting is off 
11-21 12:30:06.338 E/VibratorController( 1468): vibratorSetIntensity setAmplitude successfully
11-21 12:30:06.340 E/SecVibrator-HAL-AIDL-EXT( 1061): V_3_0: setAmplitude 10000
11-21 12:30:06.340 E/SecVibrator-HAL-AIDL-CORE( 1061): HW_API: >> writeNode node:/timed_output/vibrator/intensity val:10000
11-21 12:30:06.342 E/SecVibrator-HAL-AIDL-CORE( 1061): HW_API: << writeNode node OK : 6
11-21 12:30:06.344 E/SecVibrator-HAL-AIDL-EXT( 1061): V_3_0: setFrequencyType0
11-21 12:30:06.344 E/SecVibrator-HAL-AIDL-CORE( 1061): HW_API: >> writeNode node:/timed_output/vibrator/multi_freq val:0
11-21 12:30:06.345 E/SecVibrator-HAL-AIDL-CORE( 1061): HW_API: << writeNode node OK : 2
11-21 12:30:06.346 E/SecVibrator-HAL-AIDL-CORE( 1061): V_1_0: Vibrator on for timeoutMs: 300
11-21 12:30:06.346 E/SecVibrator-HAL-AIDL-CORE( 1061): HW_API: do_on for timeoutMs: 300
11-21 12:30:06.346 E/SecVibrator-HAL-AIDL-CORE( 1061): HW_API: >> writeNode node:/timed_output/vibrator/enable val:300
11-21 12:30:06.347 E/SecVibrator-HAL-AIDL-CORE( 1061): HW_API: << writeNode node OK : 4
11-21 12:30:06.383 E/NativeCustomFrequencyManager( 1109): [NativeCFMS] BpCustomFrequencyManager::acquire()
11-21 12:30:06.387 E/Sensors (  991): inject_scontext_data: New ssp_data_injection_fd(44)
11-21 12:30:06.416 W/C2BqBuffer( 1018): last successful dequeue was 1983214266 us ago, 25470 consecutive failures
11-21 12:30:06.574 W/Codec2Client( 1301): query -- param skipped: index = 1107298332.
11-21 12:30:06.581 W/ContextImpl( 1468): Calling a method in the system process without a qualified user: android.app.ContextImpl.sendBroadcast:1314 vendor.samsung.frameworks.codecsolution.Logging.insertDiagmonLog:14 vendor.samsung.frameworks.codecsolution.Logging.insertLog:6 vendor.samsung.frameworks.codecsolution.Logging.insertLog:1 vendor.samsung.frameworks.codecsolution.SehCodecSolutionService$1.handleMessage:24 
11-21 12:30:06.583 W/Codec2Client( 1301): query -- param skipped: index = 1342179345.
11-21 12:30:06.583 W/Codec2Client( 1301): query -- param skipped: index = 2415921170.
11-21 12:30:06.588 W/ContextImpl( 3863): Calling a method in the system process without a qualified user: android.app.ContextImpl.startService:1993 android.content.ContextWrapper.startService:844 android.content.ContextWrapper.startService:844 com.sec.android.diagmonagent.sa.receiver.CFLogReceiver.onReceive:56 android.app.ActivityThread.handleReceiver:5377 
11-21 12:30:06.590 E/Codec2-ComponentInterface( 1336): We have a failed config
11-21 12:30:06.690 E/EffectsConfig( 1082): Invalid <stream|device> type sec_voice_communication: <stream type="sec_voice_communication">
11-21 12:30:06.690 E/EffectsConfig( 1082):     <apply effect="aec"/>
11-21 12:30:06.690 E/EffectsConfig( 1082): </stream>
11-21 12:30:06.841 W/AudioTrack( 1301): getTimestamp_l(16177): retrograde timestamp time corrected, 540898506951809 < 540898738730809
11-21 12:30:06.845 E/SecVibrator-HAL-AIDL-CORE( 1061): V_1_0: Vibrator on for timeoutMs: 300
11-21 12:30:06.845 E/SecVibrator-HAL-AIDL-CORE( 1061): HW_API: do_on for timeoutMs: 300
11-21 12:30:06.845 E/SecVibrator-HAL-AIDL-CORE( 1061): HW_API: >> writeNode node:/timed_output/vibrator/enable val:300
11-21 12:30:06.848 E/SecVibrator-HAL-AIDL-CORE( 1061): HW_API: << writeNode node OK : 4
11-21 12:30:06.986 E/MvfstCallbacks.cpp(23039): readError: streamid=3; error=TransportError: Internal Error, Error on socket write Operation not permitted, 
11-21 12:30:06.987 E/MvfstCallbacks.cpp(23039): readError: streamid=7; error=TransportError: Internal Error, Error on socket write Operation not permitted, 
11-21 12:30:06.987 E/MvfstCallbacks.cpp(23039): readError: streamid=11; error=TransportError: Internal Error, Error on socket write Operation not permitted, 
11-21 12:30:06.987 E/MvfstCallbacks.cpp(23039): onConnectionError: error=TransportError: Internal Error, Error on socket write Operation not permitted, 
11-21 12:30:07.192 W/adbd    (20890): timed out while waiting for FUNCTIONFS_BIND, trying again
11-21 12:30:07.345 E/SecVibrator-HAL-AIDL-CORE( 1061): V_1_0: Vibrator off
11-21 12:30:07.345 E/SecVibrator-HAL-AIDL-CORE( 1061): HW_API: >> writeNode node:/timed_output/vibrator/enable val:0
11-21 12:30:07.348 E/SecVibrator-HAL-AIDL-CORE( 1061): HW_API: << writeNode node OK : 2
11-21 12:30:07.541 W/AlarmManager( 2163): Unrecognized alarm listener com.android.networkstack.android.net.ip.IpClientLinkObserver$Dhcp6PdPreferredPrefixAlarmListener@2a3a665
11-21 12:30:07.546 W/AlarmManager( 2163): Unrecognized alarm listener com.android.networkstack.android.net.ip.IpClientLinkObserver$Dhcp6PdPreferredPrefixAlarmListener@2a3a665
11-21 12:30:08.230 W/adbd    (20890): timed out while waiting for FUNCTIONFS_BIND, trying again
11-21 12:30:08.302 W/AMessage( 1301): failed to post message as target looper for handler 0 is gone.
11-21 12:30:08.306 E/PocketModeEvent( 1468): PocketModeSetting is off 
11-21 12:30:08.311 E/NativeCustomFrequencyManager( 1109): [NativeCFMS] BpCustomFrequencyManager::acquire()
11-21 12:30:09.273 W/adbd    (20890): timed out while waiting for FUNCTIONFS_BIND, trying again
11-21 12:30:09.287 W/WindowOnBackDispatcher(23891): sendCancelIfRunning: isInProgress=false callback=android.view.ViewRootImpl$$ExternalSyntheticLambda15@65d6876
11-21 12:30:09.294 W/InputManager-JNI( 1468): Input channel object 'cea6e10 EdgeLightingWindow (client)' was disposed without first being removed with the input manager!
11-21 12:30:09.352 W/ui:edgelighting(23891): Cleared Reference was only reachable from finalizer (only reported once)
11-21 12:30:09.376 W/ui:edgelighting(23891): ApkAssets: Deleting an ApkAssets object '<empty> and /data/app/~~iavUPXVeTGjy3aYSJgkGHA==/com.whatsapp-XXKhS2oJQuo5R1PWy8Xd1w==/base.apk' with 1 weak references
11-21 12:30:09.378 W/ui:edgelighting(23891): ApkAssets: Deleting an ApkAssets object '<empty> and /data/app/~~iavUPXVeTGjy3aYSJgkGHA==/com.whatsapp-XXKhS2oJQuo5R1PWy8Xd1w==/split_config.arm64_v8a.apk' with 1 weak references
11-21 12:30:09.378 W/ui:edgelighting(23891): ApkAssets: Deleting an ApkAssets object '<empty> and /data/app/~~iavUPXVeTGjy3aYSJgkGHA==/com.whatsapp-XXKhS2oJQuo5R1PWy8Xd1w==/split_config.xxhdpi.apk' with 1 weak references
11-21 12:30:09.783 W/HBD     ( 4311): d1 Engine Sync Finished by onStartInputView, check InputKey timing 
11-21 12:30:09.791 E/msys    (23039): E[N mns]_OnDiskCacheGetData(632)=>Start post callback cache refresh DNS resolution
11-21 12:30:09.792 W/LibevQuicAsyncUDPSocket.h(23039): setTosOrTrafficClass not implemented in LibevQuicAsyncUDPSocket
11-21 12:30:09.800 E/MvfstCallbacks.cpp(23039): onConnectionSetupError: error=TransportError: Internal Error, Error on socket write Operation not permitted, 
11-21 12:30:09.800 W/LibevQuicAsyncUDPSocket.h(23039): setTosOrTrafficClass not implemented in LibevQuicAsyncUDPSocket
11-21 12:30:09.806 E/MvfstCallbacks.cpp(23039): onConnectionSetupError: error=TransportError: Internal Error, Error on socket write Operation not permitted, 
11-21 12:30:09.807 E/msys    (23039): E[N mns]_LogError(228)=>Failed to resolve using system DNS resolver, getaddrinfo(): No address associated with hostname
11-21 12:30:09.807 E/msys    (23039): E[N mns]_OnDiskCacheGetData(632)=>Start post callback cache refresh DNS resolution
11-21 12:30:09.809 E/msys    (23039): E[N mns]_LogError(228)=>Failed to resolve using system DNS resolver, getaddrinfo(): No address associated with hostname
11-21 12:30:09.868 W/aomm    (22034): Failed to retrieve prediction data. [CONTEXT service_id=177 ]
11-21 12:30:09.868 W/aomm    (22034): java.util.concurrent.ExecutionException: fqhs: No data was found for the table autofill-domain-predictions-prod-spanner.
11-21 12:30:09.868 W/aomm    (22034): 	at gryb.j(:com.google.android.gms@254534035@25.45.34 (260400-831602148):21)
11-21 12:30:09.868 W/aomm    (22034): 	at gryk.v(:com.google.android.gms@254534035@25.45.34 (260400-831602148):107)
11-21 12:30:09.868 W/aomm    (22034): 	at gryb.get(:com.google.android.gms@254534035@25.45.34 (260400-831602148):6)
11-21 12:30:09.868 W/aomm    (22034): 	at aomm.e(:com.google.android.gms@254534035@25.45.34 (260400-831602148):81)
11-21 12:30:09.868 W/aomm    (22034): 	at aomm.a(:com.google.android.gms@254534035@25.45.34 (260400-831602148):124)
11-21 12:30:09.868 W/aomm    (22034): 	at aojw.call(:com.google.android.gms@254534035@25.45.34 (260400-831602148):5)
11-21 12:30:09.868 W/aomm    (22034): 	at java.util.concurrent.FutureTask.run(FutureTask.java:317)
11-21 12:30:09.868 W/aomm    (22034): 	at bdow.c(:com.google.android.gms@254534035@25.45.34 (260400-831602148):50)
11-21 12:30:09.868 W/aomm    (22034): 	at bdow.run(:com.google.android.gms@254534035@25.45.34 (260400-831602148):73)
11-21 12:30:09.868 W/aomm    (22034): 	at java.util.concurrent.ThreadPoolExecutor.runWorker(ThreadPoolExecutor.java:1156)
11-21 12:30:09.868 W/aomm    (22034): 	at java.util.concurrent.ThreadPoolExecutor$Worker.run(ThreadPoolExecutor.java:651)
11-21 12:30:09.868 W/aomm    (22034): 	at bdun.run(:com.google.android.gms@254534035@25.45.34 (260400-831602148):8)
11-21 12:30:09.868 W/aomm    (22034): 	at java.lang.Thread.run(Thread.java:1119)
11-21 12:30:09.868 W/aomm    (22034): Caused by: fqhs: No data was found for the table autofill-domain-predictions-prod-spanner.
11-21 12:30:09.868 W/aomm    (22034): 	at fqij.a(:com.google.android.gms@254534035@25.45.34 (260400-831602148):217)
11-21 12:30:09.868 W/aomm    (22034): 	at grym.d(:com.google.android.gms@254534035@25.45.34 (260400-831602148):3)
11-21 12:30:09.868 W/aomm    (22034): 	at gryo.run(:com.google.android.gms@254534035@25.45.34 (260400-831602148):38)
11-21 12:30:09.868 W/aomm    (22034): 	at gsaa.execute(:com.google.android.gms@254534035@25.45.34 (260400-831602148):1)
11-21 12:30:09.868 W/aomm    (22034): 	at gryb.f(:com.google.android.gms@254534035@25.45.34 (260400-831602148):1)
11-21 12:30:09.868 W/aomm    (22034): 	at gryb.m(:com.google.android.gms@254534035@25.45.34 (260400-831602148):99)
11-21 12:30:09.868 W/aomm    (22034): 	at gryb.q(:com.google.android.gms@254534035@25.45.34 (260400-831602148):13)
11-21 12:30:09.868 W/aomm    (22034): 	at gryn.e(:com.google.android.gms@254534035@25.45.34 (260400-831602148):1)
11-21 12:30:09.868 W/aomm    (22034): 	at gryo.run(:com.google.android.gms@254534035@25.45.34 (260400-831602148):44)
11-21 12:30:09.868 W/aomm    (22034): 	at gsaa.execute(:com.google.android.gms@254534035@25.45.34 (260400-831602148):1)
11-21 12:30:09.868 W/aomm    (22034): 	at gryb.f(:com.google.android.gms@254534035@25.45.34 (260400-831602148):1)
11-21 12:30:09.868 W/aomm    (22034): 	at gryb.m(:com.google.android.gms@254534035@25.45.34 (260400-831602148):99)
11-21 12:30:09.868 W/aomm    (22034): 	at gryb.t(:com.google.android.gms@254534035@25.45.34 (260400-831602148):26)
11-21 12:30:09.868 W/aomm    (22034): 	at grym.e(:com.google.android.gms@254534035@25.45.34 (260400-831602148):3)
11-21 12:30:09.868 W/aomm    (22034): 	at gryo.run(:com.google.android.gms@254534035@25.45.34 (260400-831602148):44)
11-21 12:30:09.868 W/aomm    (22034): 	at gsaa.execute(:com.google.android.gms@254534035@25.45.34 (260400-831602148):1)
11-21 12:30:09.868 W/aomm    (22034): 	at gryb.f(:com.google.android.gms@254534035@25.45.34 (260400-831602148):1)
11-21 12:30:09.868 W/aomm    (22034): 	at gryb.m(:com.google.android.gms@254534035@25.45.34 (260400-831602148):99)
11-21 12:30:09.868 W/aomm    (22034): 	at gryb.t(:com.google.android.gms@254534035@25.45.34 (260400-831602148):26)
11-21 12:30:09.868 W/aomm    (22034): 	at grym.e(:com.google.android.gms@254534035@25.45.34 (260400-831602148):3)
11-21 12:30:09.868 W/aomm    (22034): 	at gryo.run(:com.google.android.gms@254534035@25.45.34 (260400-831602148):44)
11-21 12:30:09.868 W/aomm    (22034): 	at gsaa.execute(:com.google.android.gms@254534035@25.45.34 (260400-831602148):1)
11-21 12:30:09.868 W/aomm    (22034): 	at gryb.f(:com.google.android.gms@254534035@25.45.34 (260400-831602148):1)
11-21 12:30:09.868 W/aomm    (22034): 	at gryb.m(:com.google.android.gms@254534035@25.45.34 (260400-831602148):99)
11-21 12:30:09.868 W/aomm    (22034): 	at gryb.q(:com.google.android.gms@254534035@25.45.34 (260400-831602148):13)
11-21 12:30:09.868 W/aomm    (22034): 	at grxt.run(:com.google.android.gms@254534035@25.45.34 (260400-831602148):120)
11-21 12:30:09.868 W/aomm    (22034): 	at gsaa.execute(:com.google.android.gms@254534035@25.45.34 (260400-831602148):1)
11-21 12:30:09.868 W/aomm    (22034): 	at gryb.f(:com.google.android.gms@254534035@25.45.34 (260400-831602148):1)
11-21 12:30:09.868 W/aomm    (22034): 	at gryb.m(:com.google.android.gms@254534035@25.45.34 (260400-831602148):99)
11-21 12:30:09.868 W/aomm    (22034): 	at gryb.q(:com.google.android.gms@254534035@25.45.34 (260400-831602148):13)
11-21 12:30:09.868 W/aomm    (22034): 	at gryn.e(:com.google.android.gms@254534035@25.45.34 (260400-831602148):1)
11-21 12:30:09.868 W/aomm    (22034): 	at gryo.run(:com.google.android.gms@254534035@25.45.34 (260400-831602148):44)
11-21 12:30:09.868 W/aomm    (22034): 	at gsaa.execute(:com.google.android.gms@254534035@25.45.34 (260400-831602148):1)
11-21 12:30:09.868 W/aomm    (22034): 	at gryb.f(:com.google.android.gms@254534035@25.45.34 (260400-831602148):1)
11-21 12:30:09.868 W/aomm    (22034): 	at gryb.m(:com.google.android.gms@254534035@25.45.34 (260400-831602148):99)
11-21 12:30:09.869 W/aomm    (22034): 	at grxv.run(:com.google.android.gms@254534035@25.45.34 (260400-831602148):25)
11-21 12:30:09.869 W/aomm    (22034): 	at gsaa.execute(:com.google.android.gms@254534035@25.45.34 (260400-831602148):1)
11-21 12:30:09.869 W/aomm    (22034): 	at gsae.c(:com.google.android.gms@254534035@25.45.34 (260400-831602148):1)
11-21 12:30:09.869 W/aomm    (22034): 	at gsae.b(:com.google.android.gms@254534035@25.45.34 (260400-831602148):32)
11-21 12:30:09.869 W/aomm    (22034): 	at gsbp.done(:com.google.android.gms@254534035@25.45.34 (260400-831602148):3)
11-21 12:30:09.869 W/aomm    (22034): 	at java.util.concurrent.FutureTask.finishCompletion(FutureTask.java:434)
11-21 12:30:09.869 W/aomm    (22034): 	at java.util.concurrent.FutureTask.set(FutureTask.java:285)
11-21 12:30:09.869 W/aomm    (22034): 	at java.util.concurrent.FutureTask.run(FutureTask.java:325)
11-21 12:30:09.869 W/aomm    (22034): 	at gscd.run(:com.google.android.gms@254534035@25.45.34 (260400-831602148):64)
11-21 12:30:09.869 W/aomm    (22034): 	... 6 more
11-21 12:30:09.894 W/InteractionJankMonitor(23514): Initializing without READ_DEVICE_CONFIG permission. enabled=false, interval=1, missedFrameThreshold=3, frameTimeThreshold=64, package=com.alphatecks.qglide
11-21 12:30:09.901 E/SurfaceFlinger( 1109): alpha changed 0.000 -> 1.000 - Surface(name=a9cd707 InputMethod)/@0xca95965 - animation-leash of insets_animation#166157
11-21 12:30:09.907 W/LogErrorOperation(22034): onLogError callback failed.
11-21 12:30:09.914 E/SamsungAccount(27045): [FamilyGroupUtil] getCountryCodeListWithRegionMcc - no country code with region mcc
11-21 12:30:09.918 W/LogErrorOperation(22034): onLogError callback failed.
11-21 12:30:09.919 W/HBD     ( 4311): d [SKE_KPM] -400 was not included in KPM.
11-21 12:30:09.919 W/HBD     ( 4311): d [SKE_KPM] -5 was not included in KPM.
11-21 12:30:09.919 W/HBD     ( 4311): d [SKE_KPM] -102 was not included in KPM.
11-21 12:30:09.919 W/HBD     ( 4311): d [SKE_KPM] -108 was not included in KPM.
11-21 12:30:09.921 W/HBD     ( 4311): d [SKE_KPM] -117 was not included in KPM.
11-21 12:30:09.921 W/HBD     ( 4311): d [SKE_KPM] -122 was not included in KPM.
11-21 12:30:09.921 W/HBD     ( 4311): d [SKE_KPM] -114 was not included in KPM.
11-21 12:30:09.921 W/HBD     ( 4311): d [SKE_KPM] 10 was not included in KPM.
11-21 12:30:09.931 W/LogErrorOperation(22034): onLogError callback failed.
11-21 12:30:09.956 E/.android.gms.ui(23982): Not starting debugger since process cannot load the jdwp agent.
11-21 12:30:10.103 W/SQLiteCompatibilityWalFlags(23982): Cannot read global setting sqlite_compatibility_wal_flags - Application state not available
11-21 12:30:10.139 W/ProviderHelper(23982): Unknown dynamite feature providerinstaller.dynamite
11-21 12:30:10.147 W/LogErrorOperation(22034): onLogError callback failed.
11-21 12:30:10.147 W/LogErrorOperation(22034): onLogError callback failed.
11-21 12:30:10.148 W/LogErrorOperation(22034): onLogError callback failed.
11-21 12:30:10.165 W/LogErrorOperation(22034): onLogError callback failed.
11-21 12:30:10.199 W/LogErrorOperation(22034): onLogError callback failed.
11-21 12:30:10.214 W/LogErrorOperation(22034): onLogError callback failed.
11-21 12:30:10.224 W/InlineSuggestionFactory( 1468): InlinePresentation not found in dataset
11-21 12:30:10.257 E/LoadedApk(22034): Exception : java.lang.NullPointerException: Attempt to invoke virtual method 'boolean android.os.Looper.isPerfLogEnable()' on a null object reference
11-21 12:30:10.259 E/LoadedApk(23982): Exception : java.lang.NullPointerException: Attempt to invoke virtual method 'boolean android.os.Looper.isPerfLogEnable()' on a null object reference
11-21 12:30:10.264 E/LoadedApk(23982): Exception : java.lang.NullPointerException: Attempt to invoke virtual method 'boolean android.os.Looper.isPerfLogEnable()' on a null object reference
11-21 12:30:10.280 W/WindowManager( 1468): Requires INTERNAL_SYSTEM_WINDOW permission if assign type to input. New type will be 0.
11-21 12:30:10.292 W/TracingHelper(23982): No RequestContext found in the trace or trace not available. [CONTEXT service_id=259 ratelimit_count=100000 ]
11-21 12:30:10.297 W/WindowManager( 1468): Requires INTERNAL_SYSTEM_WINDOW permission if assign type to input. New type will be 0.
11-21 12:30:10.329 W/adbd    (20890): timed out while waiting for FUNCTIONFS_BIND, trying again
11-21 12:30:10.346 E/.android.gms.ui(23982): hiddenapi: Accessing hidden method Landroid/net/ConnectivityManager;->isNetworkSupported(I)Z (runtime_flags=0, domain=platform, api=max-target-p) from Lbdsx; (domain=app) using reflection: denied
11-21 12:30:11.375 W/adbd    (20890): timed out while waiting for FUNCTIONFS_BIND, trying again
11-21 12:30:11.527 W/C2BqBuffer( 1018): last successful dequeue was 1988325434 us ago, 25516 consecutive failures
11-21 12:30:12.439 W/adbd    (20890): timed out while waiting for FUNCTIONFS_BIND, trying again
11-21 12:30:12.486 E/LoadedApk(22034): Exception : java.lang.NullPointerException: Attempt to invoke virtual method 'boolean android.os.Looper.isPerfLogEnable()' on a null object reference
11-21 12:30:12.490 E/LoadedApk(23982): Exception : java.lang.NullPointerException: Attempt to invoke virtual method 'boolean android.os.Looper.isPerfLogEnable()' on a null object reference
11-21 12:30:12.491 E/LoadedApk(22034): Exception : java.lang.NullPointerException: Attempt to invoke virtual method 'boolean android.os.Looper.isPerfLogEnable()' on a null object reference
11-21 12:30:12.518 E/Sensors (  991): inject_scontext_data: New ssp_data_injection_fd(44)
11-21 12:30:12.624 W/SecAudioParamPolicy( 1082): g_volume_situation_key: did not support legacy situation volumes
11-21 12:30:12.626 E/VibratorController( 1468): vibratorSetIntensity setAmplitude successfully
11-21 12:30:12.629 E/NativeCustomFrequencyManager( 1082): [NativeCFMS] BpCustomFrequencyManager::acquire()
11-21 12:30:12.630 E/EffectsConfig( 1082): Invalid <stream|device> type sec_voice_communication: <stream type="sec_voice_communication">
11-21 12:30:12.630 E/EffectsConfig( 1082):     <apply effect="aec"/>
11-21 12:30:12.630 E/EffectsConfig( 1082): </stream>
11-21 12:30:12.636 E/SecVibrator-HAL-AIDL-EXT( 1061): V_3_0: setAmplitude 4000
11-21 12:30:12.636 E/SecVibrator-HAL-AIDL-CORE( 1061): HW_API: >> writeNode node:/timed_output/vibrator/intensity val:4000
11-21 12:30:12.637 W/AS.PlaybackActivityMon( 1468): No piid assigned for invalid/internal port id 16164
11-21 12:30:12.637 E/SecVibrator-HAL-AIDL-CORE( 1061): HW_API: << writeNode node OK : 5
11-21 12:30:12.641 E/SecVibrator-HAL-AIDL-EXT( 1061): V_3_0: setFrequencyType0
11-21 12:30:12.641 E/SecVibrator-HAL-AIDL-CORE( 1061): HW_API: >> writeNode node:/timed_output/vibrator/multi_freq val:0
11-21 12:30:12.642 E/SecVibrator-HAL-AIDL-CORE( 1061): HW_API: << writeNode node OK : 2
11-21 12:30:12.643 E/SecVibrator-HAL-AIDL-CORE( 1061): V_1_0: Vibrator on for timeoutMs: 7
11-21 12:30:12.643 E/SecVibrator-HAL-AIDL-CORE( 1061): HW_API: do_on for timeoutMs: 7
11-21 12:30:12.643 E/SecVibrator-HAL-AIDL-CORE( 1061): HW_API: >> writeNode node:/timed_output/vibrator/enable val:7
11-21 12:30:12.645 E/SecVibrator-HAL-AIDL-CORE( 1061): HW_API: << writeNode node OK : 2
11-21 12:30:12.650 E/SecVibrator-HAL-AIDL-CORE( 1061): V_1_0: Vibrator off
11-21 12:30:12.651 E/SecVibrator-HAL-AIDL-CORE( 1061): HW_API: >> writeNode node:/timed_output/vibrator/enable val:0
11-21 12:30:12.652 E/SecVibrator-HAL-AIDL-CORE( 1061): HW_API: << writeNode node OK : 2
11-21 12:30:12.678 W/PresentationStatsEventLogger( 1468): Bad view state for: -1
11-21 12:30:12.835 E/VibratorController( 1468): vibratorSetIntensity setAmplitude successfully
11-21 12:30:12.839 E/SecVibrator-HAL-AIDL-EXT( 1061): V_3_0: setAmplitude 4000
11-21 12:30:12.839 E/SecVibrator-HAL-AIDL-CORE( 1061): HW_API: >> writeNode node:/timed_output/vibrator/intensity val:4000
11-21 12:30:12.839 E/SecVibrator-HAL-AIDL-CORE( 1061): HW_API: << writeNode node OK : 5
11-21 12:30:12.843 W/SecAudioParamPolicy( 1082): g_volume_situation_key: did not support legacy situation volumes
11-21 12:30:12.843 E/SecVibrator-HAL-AIDL-EXT( 1061): V_3_0: setFrequencyType0
11-21 12:30:12.843 E/SecVibrator-HAL-AIDL-CORE( 1061): HW_API: >> writeNode node:/timed_output/vibrator/multi_freq val:0
11-21 12:30:12.843 W/WindowManager( 1468): Failed looking up window session=Session{ef8c348 3135:u0a10270} callers=com.android.server.wm.Session.remove:10 android.view.IWindowSession$Stub.onTransact:794 com.android.server.wm.Session.onTransact:1 
11-21 12:30:12.843 E/SecVibrator-HAL-AIDL-CORE( 1061): HW_API: << writeNode node OK : 2
11-21 12:30:12.844 E/EffectsConfig( 1082): Invalid <stream|device> type sec_voice_communication: <stream type="sec_voice_communication">
11-21 12:30:12.844 E/EffectsConfig( 1082):     <apply effect="aec"/>
11-21 12:30:12.844 E/EffectsConfig( 1082): </stream>
11-21 12:30:12.845 W/InputManager-JNI( 1468): Input channel object 'Embedded{-InputMethod} (client)' was disposed without first being removed with the input manager!
11-21 12:30:12.846 W/AS.PlaybackActivityMon( 1468): No piid assigned for invalid/internal port id 16159
11-21 12:30:12.847 E/SecVibrator-HAL-AIDL-CORE( 1061): V_1_0: Vibrator on for timeoutMs: 7
11-21 12:30:12.847 E/SecVibrator-HAL-AIDL-CORE( 1061): HW_API: do_on for timeoutMs: 7
11-21 12:30:12.847 E/SecVibrator-HAL-AIDL-CORE( 1061): HW_API: >> writeNode node:/timed_output/vibrator/enable val:7
11-21 12:30:12.848 E/SecVibrator-HAL-AIDL-CORE( 1061): HW_API: << writeNode node OK : 2
11-21 12:30:12.851 E/SecVibrator-HAL-AIDL-CORE( 1061): V_1_0: Vibrator off
11-21 12:30:12.851 E/SecVibrator-HAL-AIDL-CORE( 1061): HW_API: >> writeNode node:/timed_output/vibrator/enable val:0
11-21 12:30:12.853 E/SecVibrator-HAL-AIDL-CORE( 1061): HW_API: << writeNode node OK : 2
11-21 12:30:12.854 W/WindowManager( 1468): Failed looking up window session=Session{ef8c348 3135:u0a10270} callers=com.android.server.wm.Session.remove:10 android.view.IWindowSession$Stub.onTransact:794 com.android.server.wm.Session.onTransact:1 
11-21 12:30:12.854 W/InputManager-JNI( 1468): Input channel object 'Embedded{-InputMethod} (client)' was disposed without first being removed with the input manager!
11-21 12:30:12.917 W/PresentationStatsEventLogger( 1468): Bad view state for: -1
11-21 12:30:13.038 E/VibratorController( 1468): vibratorSetIntensity setAmplitude successfully
11-21 12:30:13.041 W/SecAudioParamPolicy( 1082): g_volume_situation_key: did not support legacy situation volumes
11-21 12:30:13.041 E/SecVibrator-HAL-AIDL-EXT( 1061): V_3_0: setAmplitude 4000
11-21 12:30:13.041 E/SecVibrator-HAL-AIDL-CORE( 1061): HW_API: >> writeNode node:/timed_output/vibrator/intensity val:4000
11-21 12:30:13.042 E/EffectsConfig( 1082): Invalid <stream|device> type sec_voice_communication: <stream type="sec_voice_communication">
11-21 12:30:13.042 E/EffectsConfig( 1082):     <apply effect="aec"/>
11-21 12:30:13.042 E/EffectsConfig( 1082): </stream>
11-21 12:30:13.043 E/SecVibrator-HAL-AIDL-CORE( 1061): HW_API: << writeNode node OK : 5
11-21 12:30:13.046 W/AS.PlaybackActivityMon( 1468): No piid assigned for invalid/internal port id 16159
11-21 12:30:13.048 E/SecVibrator-HAL-AIDL-EXT( 1061): V_3_0: setFrequencyType0
11-21 12:30:13.048 E/SecVibrator-HAL-AIDL-CORE( 1061): HW_API: >> writeNode node:/timed_output/vibrator/multi_freq val:0
11-21 12:30:13.049 E/SecVibrator-HAL-AIDL-CORE( 1061): HW_API: << writeNode node OK : 2
11-21 12:30:13.049 E/SecVibrator-HAL-AIDL-CORE( 1061): V_1_0: Vibrator on for timeoutMs: 7
11-21 12:30:13.049 E/SecVibrator-HAL-AIDL-CORE( 1061): HW_API: do_on for timeoutMs: 7
11-21 12:30:13.050 E/SecVibrator-HAL-AIDL-CORE( 1061): HW_API: >> writeNode node:/timed_output/vibrator/enable val:7
11-21 12:30:13.051 E/SecVibrator-HAL-AIDL-CORE( 1061): HW_API: << writeNode node OK : 2
11-21 12:30:13.056 E/SecVibrator-HAL-AIDL-CORE( 1061): V_1_0: Vibrator off
11-21 12:30:13.056 E/SecVibrator-HAL-AIDL-CORE( 1061): HW_API: >> writeNode node:/timed_output/vibrator/enable val:0
11-21 12:30:13.058 E/SecVibrator-HAL-AIDL-CORE( 1061): HW_API: << writeNode node OK : 2
11-21 12:30:13.102 W/PresentationStatsEventLogger( 1468): Bad view state for: -1
11-21 12:30:13.355 W/SecAudioParamPolicy( 1082): g_volume_situation_key: did not support legacy situation volumes
11-21 12:30:13.355 E/VibratorController( 1468): vibratorSetIntensity setAmplitude successfully
11-21 12:30:13.356 E/EffectsConfig( 1082): Invalid <stream|device> type sec_voice_communication: <stream type="sec_voice_communication">
11-21 12:30:13.356 E/EffectsConfig( 1082):     <apply effect="aec"/>
11-21 12:30:13.356 E/EffectsConfig( 1082): </stream>
11-21 12:30:13.361 E/SecVibrator-HAL-AIDL-EXT( 1061): V_3_0: setAmplitude 4000
11-21 12:30:13.361 E/SecVibrator-HAL-AIDL-CORE( 1061): HW_API: >> writeNode node:/timed_output/vibrator/intensity val:4000
11-21 12:30:13.361 W/AS.PlaybackActivityMon( 1468): No piid assigned for invalid/internal port id 16159
11-21 12:30:13.361 E/SecVibrator-HAL-AIDL-CORE( 1061): HW_API: << writeNode node OK : 5
11-21 12:30:13.367 E/SecVibrator-HAL-AIDL-EXT( 1061): V_3_0: setFrequencyType0
11-21 12:30:13.367 E/SecVibrator-HAL-AIDL-CORE( 1061): HW_API: >> writeNode node:/timed_output/vibrator/multi_freq val:0
11-21 12:30:13.368 E/SecVibrator-HAL-AIDL-CORE( 1061): HW_API: << writeNode node OK : 2
11-21 12:30:13.369 E/SecVibrator-HAL-AIDL-CORE( 1061): V_1_0: Vibrator on for timeoutMs: 7
11-21 12:30:13.369 E/SecVibrator-HAL-AIDL-CORE( 1061): HW_API: do_on for timeoutMs: 7
11-21 12:30:13.369 E/SecVibrator-HAL-AIDL-CORE( 1061): HW_API: >> writeNode node:/timed_output/vibrator/enable val:7
11-21 12:30:13.371 E/SecVibrator-HAL-AIDL-CORE( 1061): HW_API: << writeNode node OK : 2
11-21 12:30:13.374 E/MvfstCallbacks.cpp(23039): readError: streamid=3; error=TransportError: Internal Error, Error on socket write Operation not permitted, 
11-21 12:30:13.374 E/MvfstCallbacks.cpp(23039): readError: streamid=7; error=TransportError: Internal Error, Error on socket write Operation not permitted, 
11-21 12:30:13.374 E/MvfstCallbacks.cpp(23039): readError: streamid=11; error=TransportError: Internal Error, Error on socket write Operation not permitted, 
11-21 12:30:13.374 E/MvfstCallbacks.cpp(23039): onConnectionError: error=TransportError: Internal Error, Error on socket write Operation not permitted, 
11-21 12:30:13.375 E/SecVibrator-HAL-AIDL-CORE( 1061): V_1_0: Vibrator off
11-21 12:30:13.375 E/SecVibrator-HAL-AIDL-CORE( 1061): HW_API: >> writeNode node:/timed_output/vibrator/enable val:0
11-21 12:30:13.378 E/SecVibrator-HAL-AIDL-CORE( 1061): HW_API: << writeNode node OK : 2
11-21 12:30:13.438 W/PresentationStatsEventLogger( 1468): Bad view state for: -1
11-21 12:30:13.509 W/adbd    (20890): timed out while waiting for FUNCTIONFS_BIND, trying again
11-21 12:30:14.093 W/PresentationStatsEventLogger( 1468): Bad view state for: -1
11-21 12:30:14.109 W/SecAudioParamPolicy( 1082): g_volume_situation_key: did not support legacy situation volumes
11-21 12:30:14.111 E/VibratorController( 1468): vibratorSetIntensity setAmplitude successfully
11-21 12:30:14.113 E/EffectsConfig( 1082): Invalid <stream|device> type sec_voice_communication: <stream type="sec_voice_communication">
11-21 12:30:14.113 E/EffectsConfig( 1082):     <apply effect="aec"/>
11-21 12:30:14.113 E/EffectsConfig( 1082): </stream>
11-21 12:30:14.114 E/SecVibrator-HAL-AIDL-EXT( 1061): V_3_0: setAmplitude 4000
11-21 12:30:14.114 E/SecVibrator-HAL-AIDL-CORE( 1061): HW_API: >> writeNode node:/timed_output/vibrator/intensity val:4000
11-21 12:30:14.116 E/SecVibrator-HAL-AIDL-CORE( 1061): HW_API: << writeNode node OK : 5
11-21 12:30:14.118 W/AS.PlaybackActivityMon( 1468): No piid assigned for invalid/internal port id 16159
11-21 12:30:14.119 E/SecVibrator-HAL-AIDL-EXT( 1061): V_3_0: setFrequencyType0
11-21 12:30:14.119 E/SecVibrator-HAL-AIDL-CORE( 1061): HW_API: >> writeNode node:/timed_output/vibrator/multi_freq val:0
11-21 12:30:14.119 E/SecVibrator-HAL-AIDL-CORE( 1061): HW_API: << writeNode node OK : 2
11-21 12:30:14.120 E/SecVibrator-HAL-AIDL-CORE( 1061): V_1_0: Vibrator on for timeoutMs: 7
11-21 12:30:14.120 E/SecVibrator-HAL-AIDL-CORE( 1061): HW_API: do_on for timeoutMs: 7
11-21 12:30:14.120 E/SecVibrator-HAL-AIDL-CORE( 1061): HW_API: >> writeNode node:/timed_output/vibrator/enable val:7
11-21 12:30:14.122 E/SecVibrator-HAL-AIDL-CORE( 1061): HW_API: << writeNode node OK : 2
11-21 12:30:14.127 E/SecVibrator-HAL-AIDL-CORE( 1061): V_1_0: Vibrator off
11-21 12:30:14.127 E/SecVibrator-HAL-AIDL-CORE( 1061): HW_API: >> writeNode node:/timed_output/vibrator/enable val:0
11-21 12:30:14.128 E/SecVibrator-HAL-AIDL-CORE( 1061): HW_API: << writeNode node OK : 2
11-21 12:30:14.549 W/adbd    (20890): timed out while waiting for FUNCTIONFS_BIND, trying again
11-21 12:30:15.037 W/JobService( 2282): onNetworkChanged() not implemented in androidx.work.impl.background.systemjob.SystemJobService. Must override in a subclass.
11-21 12:30:15.103 W/HoneySpace.RecentsAnimationState( 2540): canStartSystemGesture, return true by !isHomeDisabled
11-21 12:30:15.130 E/Sensors (  991): inject_scontext_data: New ssp_data_injection_fd(44)
11-21 12:30:15.141 E/VibratorController( 1468): vibratorSetIntensity setAmplitude successfully
11-21 12:30:15.147 E/SecVibrator-HAL-AIDL-EXT( 1061): V_3_0: setAmplitude 4000
11-21 12:30:15.147 E/SecVibrator-HAL-AIDL-CORE( 1061): HW_API: >> writeNode node:/timed_output/vibrator/intensity val:4000
11-21 12:30:15.147 E/SecVibrator-HAL-AIDL-CORE( 1061): HW_API: << writeNode node OK : 5
11-21 12:30:15.151 E/SecVibrator-HAL-AIDL-EXT( 1061): V_3_0: setFrequencyType0
11-21 12:30:15.151 E/SecVibrator-HAL-AIDL-CORE( 1061): HW_API: >> writeNode node:/timed_output/vibrator/multi_freq val:0
11-21 12:30:15.152 E/SecVibrator-HAL-AIDL-CORE( 1061): HW_API: << writeNode node OK : 2
11-21 12:30:15.153 E/SecVibrator-HAL-AIDL-CORE( 1061): V_1_0: Vibrator on for timeoutMs: 7
11-21 12:30:15.153 E/SecVibrator-HAL-AIDL-CORE( 1061): HW_API: do_on for timeoutMs: 7
11-21 12:30:15.153 E/SecVibrator-HAL-AIDL-CORE( 1061): HW_API: >> writeNode node:/timed_output/vibrator/enable val:7
11-21 12:30:15.155 E/SecVibrator-HAL-AIDL-CORE( 1061): HW_API: << writeNode node OK : 2
11-21 12:30:15.160 E/SecVibrator-HAL-AIDL-CORE( 1061): V_1_0: Vibrator off
11-21 12:30:15.160 E/SecVibrator-HAL-AIDL-CORE( 1061): HW_API: >> writeNode node:/timed_output/vibrator/enable val:0
11-21 12:30:15.163 E/SecVibrator-HAL-AIDL-CORE( 1061): HW_API: << writeNode node OK : 2
11-21 12:30:15.544 E/WindowManager( 1468): win=Window{a9cd707 u0 InputMethod} destroySurfaces: appStopped=true cleanupOnResume=false win.mWindowRemovalAllowed=false win.mRemoveOnExit=false win.mViewVisibility=8 caller=com.android.server.wm.WindowManagerService.tryStartExitingAnimation:147 com.android.server.wm.WindowManagerService.relayoutWindowInner:112 com.android.server.wm.WindowManagerService.relayoutWindow:6 com.android.server.wm.Session.relayout:27 android.view.IWindowSession$Stub.onTransact:861 com.android.server.wm.Session.onTransact:1 android.os.Binder.execTransactInternal:1536 
11-21 12:30:15.598 W/adbd    (20890): timed out while waiting for FUNCTIONFS_BIND, trying again
11-21 12:30:15.910 W/aomm    (22034): Failed to retrieve prediction data. [CONTEXT service_id=177 ]
11-21 12:30:15.910 W/aomm    (22034): java.util.concurrent.ExecutionException: fqhs: No data was found for the table autofill-domain-predictions-prod-spanner.
11-21 12:30:15.910 W/aomm    (22034): 	at gryb.j(:com.google.android.gms@254534035@25.45.34 (260400-831602148):21)
11-21 12:30:15.910 W/aomm    (22034): 	at gryk.v(:com.google.android.gms@254534035@25.45.34 (260400-831602148):31)
11-21 12:30:15.910 W/aomm    (22034): 	at gryb.get(:com.google.android.gms@254534035@25.45.34 (260400-831602148):6)
11-21 12:30:15.910 W/aomm    (22034): 	at aomm.e(:com.google.android.gms@254534035@25.45.34 (260400-831602148):81)
11-21 12:30:15.910 W/aomm    (22034): 	at aomm.a(:com.google.android.gms@254534035@25.45.34 (260400-831602148):124)
11-21 12:30:15.910 W/aomm    (22034): 	at aojw.call(:com.google.android.gms@254534035@25.45.34 (260400-831602148):5)
11-21 12:30:15.910 W/aomm    (22034): 	at java.util.concurrent.FutureTask.run(FutureTask.java:317)
11-21 12:30:15.910 W/aomm    (22034): 	at bdow.c(:com.google.android.gms@254534035@25.45.34 (260400-831602148):50)
11-21 12:30:15.910 W/aomm    (22034): 	at bdow.run(:com.google.android.gms@254534035@25.45.34 (260400-831602148):73)
11-21 12:30:15.910 W/aomm    (22034): 	at java.util.concurrent.ThreadPoolExecutor.runWorker(ThreadPoolExecutor.java:1156)
11-21 12:30:15.910 W/aomm    (22034): 	at java.util.concurrent.ThreadPoolExecutor$Worker.run(ThreadPoolExecutor.java:651)
11-21 12:30:15.910 W/aomm    (22034): 	at bdun.run(:com.google.android.gms@254534035@25.45.34 (260400-831602148):8)
11-21 12:30:15.910 W/aomm    (22034): 	at java.lang.Thread.run(Thread.java:1119)
11-21 12:30:15.910 W/aomm    (22034): Caused by: fqhs: No data was found for the table autofill-domain-predictions-prod-spanner.
11-21 12:30:15.910 W/aomm    (22034): 	at fqij.a(:com.google.android.gms@254534035@25.45.34 (260400-831602148):217)
11-21 12:30:15.910 W/aomm    (22034): 	at grym.d(:com.google.android.gms@254534035@25.45.34 (260400-831602148):3)
11-21 12:30:15.910 W/aomm    (22034): 	at gryo.run(:com.google.android.gms@254534035@25.45.34 (260400-831602148):38)
11-21 12:30:15.910 W/aomm    (22034): 	at gsaa.execute(:com.google.android.gms@254534035@25.45.34 (260400-831602148):1)
11-21 12:30:15.910 W/aomm    (22034): 	at gryb.f(:com.google.android.gms@254534035@25.45.34 (260400-831602148):1)
11-21 12:30:15.910 W/aomm    (22034): 	at gryb.m(:com.google.android.gms@254534035@25.45.34 (260400-831602148):99)
11-21 12:30:15.910 W/aomm    (22034): 	at gryb.t(:com.google.android.gms@254534035@25.45.34 (260400-831602148):26)
11-21 12:30:15.910 W/aomm    (22034): 	at grym.e(:com.google.android.gms@254534035@25.45.34 (260400-831602148):3)
11-21 12:30:15.910 W/aomm    (22034): 	at gryo.run(:com.google.android.gms@254534035@25.45.34 (260400-831602148):44)
11-21 12:30:15.910 W/aomm    (22034): 	at gsaa.execute(:com.google.android.gms@254534035@25.45.34 (260400-831602148):1)
11-21 12:30:15.910 W/aomm    (22034): 	at gryb.f(:com.google.android.gms@254534035@25.45.34 (260400-831602148):1)
11-21 12:30:15.910 W/aomm    (22034): 	at gryb.m(:com.google.android.gms@254534035@25.45.34 (260400-831602148):99)
11-21 12:30:15.910 W/aomm    (22034): 	at gryb.q(:com.google.android.gms@254534035@25.45.34 (260400-831602148):13)
11-21 12:30:15.910 W/aomm    (22034): 	at grxt.run(:com.google.android.gms@254534035@25.45.34 (260400-831602148):120)
11-21 12:30:15.910 W/aomm    (22034): 	at gsaa.execute(:com.google.android.gms@254534035@25.45.34 (260400-831602148):1)
11-21 12:30:15.910 W/aomm    (22034): 	at gryb.f(:com.google.android.gms@254534035@25.45.34 (260400-831602148):1)
11-21 12:30:15.910 W/aomm    (22034): 	at gryb.m(:com.google.android.gms@254534035@25.45.34 (260400-831602148):99)
11-21 12:30:15.910 W/aomm    (22034): 	at gryb.q(:com.google.android.gms@254534035@25.45.34 (260400-831602148):13)
11-21 12:30:15.910 W/aomm    (22034): 	at gryn.e(:com.google.android.gms@254534035@25.45.34 (260400-831602148):1)
11-21 12:30:15.910 W/aomm    (22034): 	at gryo.run(:com.google.android.gms@254534035@25.45.34 (260400-831602148):44)
11-21 12:30:15.910 W/aomm    (22034): 	at gsaa.execute(:com.google.android.gms@254534035@25.45.34 (260400-831602148):1)
11-21 12:30:15.910 W/aomm    (22034): 	at gryb.f(:com.google.android.gms@254534035@25.45.34 (260400-831602148):1)
11-21 12:30:15.910 W/aomm    (22034): 	at gryb.m(:com.google.android.gms@254534035@25.45.34 (260400-831602148):99)
11-21 12:30:15.910 W/aomm    (22034): 	at gryb.q(:com.google.android.gms@254534035@25.45.34 (260400-831602148):13)
11-21 12:30:15.910 W/aomm    (22034): 	at grxt.run(:com.google.android.gms@254534035@25.45.34 (260400-831602148):120)
11-21 12:30:15.910 W/aomm    (22034): 	at gsaa.execute(:com.google.android.gms@254534035@25.45.34 (260400-831602148):1)
11-21 12:30:15.910 W/aomm    (22034): 	at gryb.f(:com.google.android.gms@254534035@25.45.34 (260400-831602148):1)
11-21 12:30:15.910 W/aomm    (22034): 	at gryb.m(:com.google.android.gms@254534035@25.45.34 (260400-831602148):99)
11-21 12:30:15.910 W/aomm    (22034): 	at gryb.q(:com.google.android.gms@254534035@25.45.34 (260400-831602148):13)
11-21 12:30:15.910 W/aomm    (22034): 	at gryn.e(:com.google.android.gms@254534035@25.45.34 (260400-831602148):1)
11-21 12:30:15.910 W/aomm    (22034): 	at gryo.run(:com.google.android.gms@254534035@25.45.34 (260400-831602148):44)
11-21 12:30:15.910 W/aomm    (22034): 	at gsaa.execute(:com.google.android.gms@254534035@25.45.34 (260400-831602148):1)
11-21 12:30:15.910 W/aomm    (22034): 	at gryb.f(:com.google.android.gms@254534035@25.45.34 (260400-831602148):1)
11-21 12:30:15.910 W/aomm    (22034): 	at gryb.m(:com.google.android.gms@254534035@25.45.34 (260400-831602148):99)
11-21 12:30:15.910 W/aomm    (22034): 	at gryb.t(:com.google.android.gms@254534035@25.45.34 (260400-831602148):26)
11-21 12:30:15.910 W/aomm    (22034): 	at gsax.run(:com.google.android.gms@254534035@25.45.34 (260400-831602148):5)
11-21 12:30:15.910 W/aomm    (22034): 	at gsaa.execute(:com.google.android.gms@254534035@25.45.34 (260400-831602148):1)
11-21 12:30:15.910 W/aomm    (22034): 	at gryb.f(:com.google.android.gms@254534035@25.45.34 (260400-831602148):1)
11-21 12:30:15.910 W/aomm    (22034): 	at gryb.m(:com.google.android.gms@254534035@25.45.34 (260400-831602148):99)
11-21 12:30:15.910 W/aomm    (22034): 	at gryb.t(:com.google.android.gms@254534035@25.45.34 (260400-831602148):26)
11-21 12:30:15.910 W/aomm    (22034): 	at grym.e(:com.google.android.gms@254534035@25.45.34 (260400-831602148):3)
11-21 12:30:15.910 W/aomm    (22034): 	at gryo.run(:com.google.android.gms@254534035@25.45.34 (260400-831602148):44)
11-21 12:30:15.910 W/aomm    (22034): 	at gscd.run(:com.google.android.gms@254534035@25.45.34 (260400-831602148):64)
11-21 12:30:15.910 W/aomm    (22034): 	... 6 more
11-21 12:30:15.927 W/LogErrorOperation(22034): onLogError callback failed.
11-21 12:30:15.973 W/HBD     ( 4311): d [SKE_KPM] -400 was not included in KPM.
11-21 12:30:15.974 W/HBD     ( 4311): d [SKE_KPM] -5 was not included in KPM.
11-21 12:30:15.974 W/HBD     ( 4311): d [SKE_KPM] -102 was not included in KPM.
11-21 12:30:15.974 W/HBD     ( 4311): d [SKE_KPM] -108 was not included in KPM.
11-21 12:30:15.974 W/HBD     ( 4311): d [SKE_KPM] -117 was not included in KPM.
11-21 12:30:15.974 W/HBD     ( 4311): d [SKE_KPM] -122 was not included in KPM.
11-21 12:30:15.974 W/HBD     ( 4311): d [SKE_KPM] 10 was not included in KPM.
11-21 12:30:15.979 E/SamsungAccount(27045): [FamilyGroupUtil] getCountryCodeListWithRegionMcc - no country code with region mcc
11-21 12:30:16.011 W/LogErrorOperation(22034): onLogError callback failed.
11-21 12:30:16.012 W/LogErrorOperation(22034): onLogError callback failed.
11-21 12:30:16.035 W/LogErrorOperation(22034): onLogError callback failed.
11-21 12:30:16.051 W/InlineSuggestionFactory( 1468): InlinePresentation not found in dataset
11-21 12:30:16.070 W/LogErrorOperation(22034): onLogError callback failed.
11-21 12:30:16.075 W/Binder  (18042): Caught a RuntimeException from the binder stub implementation.
11-21 12:30:16.075 W/Binder  (18042): java.lang.UnsupportedOperationException
11-21 12:30:16.075 W/Binder  (18042): 	at bber.b(:com.google.android.gms@254534035@25.45.34 (260400-831602148):3)
11-21 12:30:16.075 W/Binder  (18042): 	at bber.dispatchTransaction(:com.google.android.gms@254534035@25.45.34 (260400-831602148):33)
11-21 12:30:16.075 W/Binder  (18042): 	at buhs.a(:com.google.android.gms@254534035@25.45.34 (260400-831602148):50)
11-21 12:30:16.075 W/Binder  (18042): 	at xuk.onTransact(:com.google.android.gms@254534035@25.45.34 (260400-831602148):23)
11-21 12:30:16.075 W/Binder  (18042): 	at android.os.Binder.execTransactInternal(Binder.java:1541)
11-21 12:30:16.075 W/Binder  (18042): 	at android.os.Binder.execTransact(Binder.java:1480)
11-21 12:30:16.084 W/WindowManager( 1468): Requires INTERNAL_SYSTEM_WINDOW permission if assign type to input. New type will be 0.
11-21 12:30:16.102 W/LogErrorOperation(22034): onLogError callback failed.
11-21 12:30:16.103 W/LogErrorOperation(22034): onLogError callback failed.
11-21 12:30:16.105 W/WindowManager( 1468): Requires INTERNAL_SYSTEM_WINDOW permission if assign type to input. New type will be 0.
11-21 12:30:16.542 W/C2BqBuffer( 1018): last successful dequeue was 1993340252 us ago, 25561 consecutive failures
11-21 12:30:16.633 W/adbd    (20890): timed out while waiting for FUNCTIONFS_BIND, trying again
11-21 12:30:16.705 W/OptProp ( 1468): Cannot read opt property android.window.PROPERTY_COMPAT_ALLOW_ORIENTATION_OVERRIDE
11-21 12:30:16.710 W/BLASTSyncEngine( 1468): setSyncMethod, id=13500, method=0, caller=com.android.server.wm.TransitionController.moveToCollecting:90 com.android.server.wm.ActivityStarter.startActivityUnchecked:333 com.android.server.wm.ActivityStarter.executeRequest:3361 
11-21 12:30:16.712 W/OptProp ( 1468): Cannot read opt property android.window.PROPERTY_COMPAT_ALLOW_MIN_ASPECT_RATIO_OVERRIDE
11-21 12:30:16.712 W/OptProp ( 1468): Cannot read opt property android.window.PROPERTY_COMPAT_ALLOW_RESIZEABLE_ACTIVITY_OVERRIDES
11-21 12:30:16.720 E/pageboostd( 3203): Received HALT command code 2
11-21 12:30:16.731 W/UserManagerService( 1468): Requested status bar icon for non-badged user 0
11-21 12:30:16.772 W/JobScheduler( 1468): Job didn't exist in JobStore: 6a79ce {SyncManager} #1000/992 @SyncManager@com.google.android.gms.games/com.google:android
11-21 12:30:16.778 W/JobScheduler( 1468): Job didn't exist in JobStore: d29f7fc {SyncManager} #1000/993 @SyncManager@com.google.android.gms.games/com.google:android
11-21 12:30:16.781 W/Binder  (23982): Caught a RuntimeException from the binder stub implementation.
11-21 12:30:16.781 W/Binder  (23982): java.lang.UnsupportedOperationException
11-21 12:30:16.781 W/Binder  (23982): 	at bber.b(:com.google.android.gms@254534035@25.45.34 (260400-831602148):3)
11-21 12:30:16.781 W/Binder  (23982): 	at bber.dispatchTransaction(:com.google.android.gms@254534035@25.45.34 (260400-831602148):33)
11-21 12:30:16.781 W/Binder  (23982): 	at buhs.a(:com.google.android.gms@254534035@25.45.34 (260400-831602148):50)
11-21 12:30:16.781 W/Binder  (23982): 	at xuk.onTransact(:com.google.android.gms@254534035@25.45.34 (260400-831602148):23)
11-21 12:30:16.781 W/Binder  (23982): 	at android.os.Binder.execTransactInternal(Binder.java:1541)
11-21 12:30:16.781 W/Binder  (23982): 	at android.os.Binder.execTransact(Binder.java:1480)
11-21 12:30:16.785 W/PhBaseOp(22034): Phenotype API error. Event: # hshw@70a6c0e0, EventCode: COMMIT_CONFIG [CONTEXT service_id=51 ]
