11-21 13:09:31.394 W/IpClient.wlan0( 2163): [IpReachabilityMonitor] WARN ALERT neighbor went from: NeighborEvent{@654615037,RTM_NEWNEIGH,if=23,fe80::7624:9fff:feac:1ee5,NUD_FAILED,[null]} to: NeighborEvent{@654617345,RTM_NEWNEIGH,if=23,fe80::7624:9fff:feac:1ee5,NUD_FAILED,[null]}
11-21 13:09:31.569 W/Conscrypt(22034): Could not set socket write timeout: java.net.SocketException: Socket closed
11-21 13:09:31.569 W/Conscrypt(22034): 	at com.google.android.gms.org.conscrypt.Platform.setSocketWriteTimeout(:com.google.android.gms@254534035@25.45.34 (260400-831602148):204)
11-21 13:09:31.569 W/Conscrypt(22034): 	at com.google.android.gms.org.conscrypt.ConscryptFileDescriptorSocket.setSoWriteTimeout(:com.google.android.gms@254534035@25.45.34 (260400-831602148):4)
11-21 13:09:31.765 W/Conscrypt(22034): Could not set socket write timeout: java.net.SocketException: Socket closed
11-21 13:09:31.765 W/Conscrypt(22034): 	at com.google.android.gms.org.conscrypt.Platform.setSocketWriteTimeout(:com.google.android.gms@254534035@25.45.34 (260400-831602148):204)
11-21 13:09:31.765 W/Conscrypt(22034): 	at com.google.android.gms.org.conscrypt.ConscryptFileDescriptorSocket.setSoWriteTimeout(:com.google.android.gms@254534035@25.45.34 (260400-831602148):4)
11-21 13:09:32.069 W/PeopleDataSource(22034): Error calling GetPeopleRequest. [CONTEXT service_id=177 ]
11-21 13:09:32.069 W/PeopleDataSource(22034): ihgu: DEADLINE_EXCEEDED: CallOptions deadline exceeded after 9.894670308s. Name resolution delay 0.056602000 seconds. [closed=[], open=[[buffered_nanos=9751682800, remote_addr=people-pa.googleapis.com/142.250.179.74:443]]]
11-21 13:09:32.069 W/PeopleDataSource(22034): 	at bdil.s(:com.google.android.gms@254534035@25.45.34 (260400-831602148):31)
11-21 13:09:32.069 W/PeopleDataSource(22034): 	at bdil.f(:com.google.android.gms@254534035@25.45.34 (260400-831602148):90)
11-21 13:09:32.069 W/PeopleDataSource(22034): 	at elhb.b(:com.google.android.gms@254534035@25.45.34 (260400-831602148):44)
11-21 13:09:32.069 W/PeopleDataSource(22034): 	at elhb.a(:com.google.android.gms@254534035@25.45.34 (260400-831602148):3)
11-21 13:09:32.069 W/PeopleDataSource(22034): 	at aogq.d(:com.google.android.gms@254534035@25.45.34 (260400-831602148):357)
11-21 13:09:32.069 W/PeopleDataSource(22034): 	at aogo.call(:com.google.android.gms@254534035@25.45.34 (260400-831602148):3)
11-21 13:09:32.069 W/PeopleDataSource(22034): 	at java.util.concurrent.FutureTask.run(FutureTask.java:317)
11-21 13:09:32.069 W/PeopleDataSource(22034): 	at bdow.c(:com.google.android.gms@254534035@25.45.34 (260400-831602148):50)
11-21 13:09:32.069 W/PeopleDataSource(22034): 	at bdow.run(:com.google.android.gms@254534035@25.45.34 (260400-831602148):73)
11-21 13:09:32.069 W/PeopleDataSource(22034): 	at java.util.concurrent.ThreadPoolExecutor.runWorker(ThreadPoolExecutor.java:1156)
11-21 13:09:32.069 W/PeopleDataSource(22034): 	at java.util.concurrent.ThreadPoolExecutor$Worker.run(ThreadPoolExecutor.java:651)
11-21 13:09:32.069 W/PeopleDataSource(22034): 	at bdun.run(:com.google.android.gms@254534035@25.45.34 (260400-831602148):8)
11-21 13:09:32.069 W/PeopleDataSource(22034): 	at java.lang.Thread.run(Thread.java:1119)
11-21 13:09:32.079 W/LogErrorOperation(22034): onLogError callback failed.
11-21 13:09:32.272 W/.android.gms.ui(26262): ApkAssets: Deleting an ApkAssets object '<empty> and /data/app/~~H6homG-VBzhdAhy5B7fo3g==/com.google.android.gms-fY33z9zPswdUWNkiGKc7hA==/split_AdsDynamite_installtime.apk' with 1 weak references
11-21 13:09:32.273 W/.android.gms.ui(26262): ApkAssets: Deleting an ApkAssets object '<empty> and /data/app/~~H6homG-VBzhdAhy5B7fo3g==/com.google.android.gms-fY33z9zPswdUWNkiGKc7hA==/split_CronetDynamite_installtime.apk' with 1 weak references
11-21 13:09:32.273 W/.android.gms.ui(26262): ApkAssets: Deleting an ApkAssets object '<empty> and /data/app/~~H6homG-VBzhdAhy5B7fo3g==/com.google.android.gms-fY33z9zPswdUWNkiGKc7hA==/split_DynamiteLoader_installtime.apk' with 1 weak references
11-21 13:09:32.273 W/.android.gms.ui(26262): ApkAssets: Deleting an ApkAssets object '<empty> and /data/app/~~H6homG-VBzhdAhy5B7fo3g==/com.google.android.gms-fY33z9zPswdUWNkiGKc7hA==/split_DynamiteModulesA_installtime.apk' with 1 weak references
11-21 13:09:32.273 W/.android.gms.ui(26262): ApkAssets: Deleting an ApkAssets object '<empty> and /data/app/~~H6homG-VBzhdAhy5B7fo3g==/com.google.android.gms-fY33z9zPswdUWNkiGKc7hA==/split_DynamiteModulesC_installtime.apk' with 1 weak references
11-21 13:09:32.274 W/.android.gms.ui(26262): ApkAssets: Deleting an ApkAssets object '<empty> and /data/app/~~H6homG-VBzhdAhy5B7fo3g==/com.google.android.gms-fY33z9zPswdUWNkiGKc7hA==/split_GoogleCertificates_installtime.apk' with 1 weak references
11-21 13:09:32.274 W/.android.gms.ui(26262): ApkAssets: Deleting an ApkAssets object '<empty> and /data/app/~~H6homG-VBzhdAhy5B7fo3g==/com.google.android.gms-fY33z9zPswdUWNkiGKc7hA==/split_MapsDynamite_installtime.apk' with 1 weak references
11-21 13:09:32.274 W/.android.gms.ui(26262): ApkAssets: Deleting an ApkAssets object '<empty> and /data/app/~~H6homG-VBzhdAhy5B7fo3g==/com.google.android.gms-fY33z9zPswdUWNkiGKc7hA==/split_MeasurementDynamite_installtime.apk' with 1 weak references
11-21 13:09:32.337 W/adbd    (20890): timed out while waiting for FUNCTIONFS_BIND, trying again
11-21 13:09:32.760 E/NativeCustomFrequencyManager( 1082): [NativeCFMS] BpCustomFrequencyManager::release()
11-21 13:09:33.392 W/adbd    (20890): timed out while waiting for FUNCTIONFS_BIND, trying again
11-21 13:09:33.692 W/OptProp ( 1468): Cannot read opt property android.window.PROPERTY_COMPAT_ALLOW_ORIENTATION_OVERRIDE
11-21 13:09:33.695 W/BLASTSyncEngine( 1468): setSyncMethod, id=13570, method=0, caller=com.android.server.wm.TransitionController.moveToCollecting:90 com.android.server.wm.ActivityStarter.startActivityUnchecked:333 com.android.server.wm.ActivityStarter.executeRequest:3361 
11-21 13:09:33.699 W/OptProp ( 1468): Cannot read opt property android.window.PROPERTY_COMPAT_ALLOW_MIN_ASPECT_RATIO_OVERRIDE
11-21 13:09:33.699 W/OptProp ( 1468): Cannot read opt property android.window.PROPERTY_COMPAT_ALLOW_RESIZEABLE_ACTIVITY_OVERRIDES
11-21 13:09:33.713 E/pageboostd( 3203): Received HALT command code 2
11-21 13:09:33.731 W/UserManagerService( 1468): Requested status bar icon for non-badged user 0
11-21 13:09:33.771 W/FreecessController( 1468): getAllRunningPackagePids: Failed to read pid from /sys/fs/cgroup/uid_10067/pid_20335/cgroup.procs
11-21 13:09:33.772 W/FreecessController( 1468): getAllRunningPackagePids: Failed to read pid from /sys/fs/cgroup/uid_10085/pid_25478/cgroup.procs
11-21 13:09:33.787 E/SurfaceFlinger( 1109): alpha changed 1.000 -> 0.000 - ActivityRecord{674a052 u0 com.google.android.permissioncontroller/com.android.permissioncontroller.permission.ui.GrantPermissionsActivity t9362}#167066
11-21 13:09:33.787 E/SurfaceFlinger( 1109): alpha changed 0.000 -> 1.000 - ActivityRecord{674a052 u0 com.google.android.permissioncontroller/com.android.permissioncontroller.permission.ui.GrantPermissionsActivity t9362}#167066
11-21 13:09:33.791 E/pageboostd( 3203): Received HALT command code 2
11-21 13:09:33.803 E/SurfaceFlinger( 1109): alpha changed 1.000 -> 0.000 - Dim Layer for - Task=9362#167074
11-21 13:09:33.804 W/UserManagerService( 1468): Requested status bar icon for non-badged user 0
11-21 13:09:33.805 W/UserManagerService( 1468): Requested status bar icon for non-badged user 0
11-21 13:09:33.820 E/SurfaceFlinger( 1109): alpha changed 0.000 -> 0.029 - Dim Layer for - Task=9362#167074
11-21 13:09:33.828 W/ParceledListSlice( 1468): Element #10 is 20900 bytes.
11-21 13:09:33.853 E/SurfaceFlinger( 1109): alpha changed 1.000 -> 0.000 - Surface(name=a9cd707 InputMethod)/@0xca95965 - animation-leash of insets_animation#167075
11-21 13:09:33.856 W/LocationManagerService( 1468): onFreezeStateChanged, uid[10329]=true
11-21 13:09:33.898 W/LocationManagerService( 1468): onFreezeStateChanged, uid[10341]=true
11-21 13:09:33.904 E/GlobalSettingsRepoBase( 2409): globalgcsettings No matched key : support_ssac_nr
11-21 13:09:33.922 E/RegiMgr-Utils( 2409): getPendingRegistrationInternal : Invalid phoneId : 1
11-21 13:09:33.922 E/RegiMgr ( 2409): getPendingRegistration : no task return null
11-21 13:09:33.922 E/CmcAccountManager<1>( 2409): getCmcRegisterTask: rtl is null
11-21 13:09:33.926 E/GlobalSettingsRepoBase( 2409): globalgcsettings No matched key : dual_rcs_policy
11-21 13:09:33.929 E/PhoneRestrictionPolicy( 1468): getEmergencyCall >>false
11-21 13:09:33.930 E/PhoneRestrictionPolicy( 1468): getEmergencyCall >>false
11-21 13:09:33.937 W/NSLocationMonitor( 1468): onServiceStateChanged, state=0 / channel=3050
11-21 13:09:33.938 W/NetworkManager_FLP( 3149): updateServiceStateChanged, serviceState=0 / isRegistered=true / channel=3050 / networkTypeName=LTE / nr=false
11-21 13:09:33.938 W/ContextImpl( 1468): Calling a method in the system process without a qualified user: android.app.ContextImpl.sendBroadcastMultiplePermissions:1364 android.content.Context.sendBroadcastMultiplePermissions:2529 com.android.server.TelephonyRegistry.broadcastServiceStateChanged:62 com.android.server.TelephonyRegistry.notifyServiceStateForPhoneId:174 com.android.internal.telephony.ITelephonyRegistry$Stub.onTransact:592 
11-21 13:09:33.941 E/GlobalSettingsRepoBase( 2409): globalgcsettings No matched key : separate_vo5g_icon
11-21 13:09:33.941 W/ContextImpl( 1468): Calling a method in the system process without a qualified user: android.app.ContextImpl.sendBroadcastMultiplePermissions:1397 com.android.server.TelephonyRegistry.broadcastServiceStateChanged:89 com.android.server.TelephonyRegistry.notifyServiceStateForPhoneId:174 com.android.internal.telephony.ITelephonyRegistry$Stub.onTransact:592 android.os.Binder.execTransactInternal:1541 
11-21 13:09:33.942 E/GlobalSettingsRepoBase( 2409): globalgcsettings No matched key : dual_rcs_policy
11-21 13:09:33.942 W/ContextImpl( 1468): Calling a method in the system process without a qualified user: android.app.ContextImpl.sendBroadcastMultiplePermissions:1397 com.android.server.TelephonyRegistry.broadcastServiceStateChanged:120 com.android.server.TelephonyRegistry.notifyServiceStateForPhoneId:174 com.android.internal.telephony.ITelephonyRegistry$Stub.onTransact:592 android.os.Binder.execTransactInternal:1541 
11-21 13:09:33.943 E/PhoneRestrictionPolicy( 1468): getEmergencyCall >>false
11-21 13:09:33.943 E/PhoneRestrictionPolicy( 1468): getEmergencyCall >>false
11-21 13:09:33.944 W/ContextImpl( 1468): Calling a method in the system process without a qualified user: android.app.ContextImpl.sendBroadcastMultiplePermissions:1397 com.android.server.TelephonyRegistry.broadcastServiceStateChanged:145 com.android.server.TelephonyRegistry.notifyServiceStateForPhoneId:174 com.android.internal.telephony.ITelephonyRegistry$Stub.onTransact:592 android.os.Binder.execTransactInternal:1541 
11-21 13:09:33.948 E/GlobalSettingsRepoBase( 2409): globalgcsettings No matched key : dual_rcs_policy
11-21 13:09:33.954 E/PhoneRestrictionPolicy( 1468): getEmergencyCall >>false
11-21 13:09:33.954 E/PhoneRestrictionPolicy( 1468): getEmergencyCall >>false
11-21 13:09:33.956 E/PdnController<0>( 2409): requestStopNetwork: callback not found
11-21 13:09:33.956 E/#IMSCR  ( 2409): 11-21 13:09:33 0x1101000B:0,FILTERED ALL:11
11-21 13:09:33.956 E/#IMSREGI( 2409): (0, Nigeria MTN VoLTE) NOT_TRIGGERED : reason - VOPS_OFF
11-21 13:09:33.957 E/RegiMgr-Utils( 2409): getPendingRegistrationInternal : Invalid phoneId : 1
11-21 13:09:33.957 E/RegiMgr ( 2409): getPendingRegistration : no task return null
11-21 13:09:33.957 E/CmcAccountManager<1>( 2409): getCmcRegisterTask: rtl is null
11-21 13:09:33.964 W/LocationManagerService( 1468): onFreezeStateChanged, uid[10329]=false
11-21 13:09:33.971 W/View    ( 2050): requestLayout() improperly called by com.android.systemui.qs.SecQSGradationDrawableView{c67f636 V.E...... ......ID 0,0-1080,332 #7f0a0977 app:id/qs_gradation_view} during layout: running second layout pass
11-21 13:09:33.971 W/View    ( 2050): requestLayout() improperly called by android.widget.FrameLayout{90c7937 V.E...... ......ID 0,148-1080,2358 #7f0a0975 app:id/qs_frame} during layout: running second layout pass
11-21 13:09:34.072 W/C2BqBuffer( 1018): last successful dequeue was 4235771222 us ago, 44762 consecutive failures
11-21 13:09:34.428 W/adbd    (20890): timed out while waiting for FUNCTIONFS_BIND, trying again
11-21 13:09:34.433 W/BLASTSyncEngine( 1468): setSyncMethod, id=13571, method=0, caller=com.android.server.wm.TransitionController.moveToCollecting:90 com.android.server.wm.TransitionController.createTransition:47 com.android.server.wm.TransitionController.requestCloseTransitionIfNeeded:72 
11-21 13:09:34.453 W/UserManagerService( 1468): Requested status bar icon for non-badged user 0
11-21 13:09:34.468 W/UserManagerService( 1468): Requested status bar icon for non-badged user 0
11-21 13:09:34.470 E/SurfaceFlinger( 1109): alpha changed 1.000 -> 0.000 - Surface(name=a9cd707 InputMethod)/@0xca95965 - animation-leash of insets_animation#167080
11-21 13:09:34.471 W/WindowOnBackDispatcher(19849): sendCancelIfRunning: isInProgress=false callback=android.view.ViewRootImpl$$ExternalSyntheticLambda15@5120047
11-21 13:09:34.472 W/InputManager-JNI( 1468): Input channel object '9615dbd com.google.android.permissioncontroller/com.android.permissioncontroller.permission.ui.GrantPermissionsActivity (client)' was disposed without first being removed with the input manager!
11-21 13:09:34.486 E/AtomicFile( 4311): Failed to rename /data/user_de/0/com.samsung.android.honeyboard/files/selected.json.new to /data/user_de/0/com.samsung.android.honeyboard/files/selected.json
11-21 13:09:34.544 W/ParceledListSlice( 1468): Element #10 is 20900 bytes.
11-21 13:09:34.545 W/ssioncontroller(19849): Cleared Reference was only reachable from finalizer (only reported once)
11-21 13:09:34.771 E/SurfaceFlinger( 1109): alpha changed 0.015 -> 0.000 - Dim Layer for - Task=9362#167074
11-21 13:09:35.459 W/adbd    (20890): timed out while waiting for FUNCTIONFS_BIND, trying again
11-21 13:09:35.989 I/flutter (25551):  RIDE_CUBIT - toJson called with status: RideStatus.none
11-21 13:09:35.989 I/flutter (25551):  RIDE_CUBIT - CLEARING STORAGE (status: RideStatus.none)
11-21 13:09:35.989 I/flutter (25551):  HOME: FETCHING USER PROFILE...
11-21 13:09:35.990 I/flutter (25551):  RIDER UI - PANEL STATE: booking=false, started=false, arrived=false, found=false, connecting=false
11-21 13:09:35.990 I/flutter (25551):  RIDER UI - RENDERING: Default Home Panel
11-21 13:09:35.993 I/flutter (25551):  FETCHING USER PROFILE...
11-21 13:09:36.018 I/flutter (25551):  RIDER - _restoreSavedRideState called
11-21 13:09:36.018 I/flutter (25551):    RideCubit state: RideStatus.none
11-21 13:09:36.018 I/flutter (25551):    Ride ID: null
11-21 13:09:36.018 I/flutter (25551):  RIDER - No active ride in RideCubit, checking backend...
11-21 13:09:36.018 I/flutter (25551):  RIDER - Checking backend for active rides...
11-21 13:09:36.018 I/flutter (25551):  RIDER - Checking backend for active rides...
11-21 13:09:36.037 W/AudioCapabilities(25551): Unsupported mime audio/x-ape
11-21 13:09:36.037 W/AudioCapabilities(25551): Unsupported mime audio/x-ima
11-21 13:09:36.037 W/AudioCapabilities(25551): Unsupported mime audio/mpeg-L1
11-21 13:09:36.037 W/AudioCapabilities(25551): Unsupported mime audio/mpeg-L2
11-21 13:09:36.037 W/VideoCapabilities(25551): Unsupported mime video/wvc1
11-21 13:09:36.037 W/VideoCapabilities(25551): Unsupported mime video/x-ms-wmv
11-21 13:09:36.046 W/phatecks.qglide(25551): ClassLoaderContext classpath size mismatch. expected=1, found=0 (DLC[];PCL[base.apk*1653684527]{PCL[/system/framework/org.apache.http.legacy.jar*3637333363]#PCL[/system/framework/com.android.media.remotedisplay.jar*2042759013]#PCL[/system/framework/com.android.location.provider.jar*3414091812]#PCL[/system/system_ext/framework/org.carconnectivity.android.digitalkey.rangingintent.jar*560278203]#PCL[/system/system_ext/framework/org.carconnectivity.android.digitalkey.secureelement.jar*3277496667]#PCL[/system_ext/framework/androidx.window.extensions.jar*393752484]#PCL[/system_ext/framework/androidx.window.sidecar.jar*3240773605]} | DLC[];PCL[])
11-21 13:09:36.052 W/System  (25551): ClassLoader referenced unknown path: 
11-21 13:09:36.139 W/GetConfigSnapshotOp(22034): Succeeded but not registered: com.google.android.gms.maps#com.alphatecks.qglide [CONTEXT service_id=51 ]
11-21 13:09:36.148 W/x       (25551): Suppressed StrictMode policy violation: StrictModeDiskReadViolation
11-21 13:09:36.150 W/x       (25551): Suppressed StrictMode policy violation: StrictModeDiskReadViolation
11-21 13:09:36.150 W/x       (25551): Suppressed StrictMode policy violation: StrictModeDiskWriteViolation
11-21 13:09:36.158 W/x       (25551): Suppressed StrictMode policy violation: StrictModeDiskReadViolation
11-21 13:09:36.158 W/x       (25551): Suppressed StrictMode policy violation: StrictModeDiskWriteViolation
11-21 13:09:36.165 W/x       (25551): Suppressed StrictMode policy violation: StrictModeDiskReadViolation
11-21 13:09:36.166 W/LogErrorOperation(22034): onLogError callback failed.
11-21 13:09:36.169 W/LogErrorOperation(22034): onLogError callback failed.
11-21 13:09:36.173 W/x       (25551): Suppressed StrictMode policy violation: StrictModeDiskReadViolation
11-21 13:09:36.201 W/Settings(25551): Setting device_provisioned has moved from android.provider.Settings.System to android.provider.Settings.Global, returning read-only value.
11-21 13:09:36.202 W/ProxyAndroidLoggerBackend(25551): Too many Flogger logs received before configuration. Dropping old logs.
11-21 13:09:36.202 W/ProxyAndroidLoggerBackend(25551): Too many Flogger logs received before configuration. Dropping old logs.
11-21 13:09:36.203 W/ProxyAndroidLoggerBackend(25551): Too many Flogger logs received before configuration. Dropping old logs.
11-21 13:09:36.203 W/ProxyAndroidLoggerBackend(25551): Too many Flogger logs received before configuration. Dropping old logs.
11-21 13:09:36.203 W/GMM-SatelliteConnectivity(25551): WIFI  isActiveNetworkSatellite: false
11-21 13:09:36.206 W/ProxyAndroidLoggerBackend(25551): Too many Flogger logs received before configuration. Dropping old logs.
11-21 13:09:36.213 W/ProxyAndroidLoggerBackend(25551): Too many Flogger logs received before configuration. Dropping old logs.
11-21 13:09:36.214 W/ProxyAndroidLoggerBackend(25551): Too many Flogger logs received before configuration. Dropping old logs.
11-21 13:09:36.222 W/ProxyAndroidLoggerBackend(25551): Too many Flogger logs received before configuration. Dropping old logs.
11-21 13:09:36.222 W/JavaCronetEngine(25551): using the fallback Cronet Engine implementation. Performance will suffer and many HTTP client features, including caching, will not work.
11-21 13:09:36.222 W/ProxyAndroidLoggerBackend(25551): Too many Flogger logs received before configuration. Dropping old logs.
11-21 13:09:36.223 W/ProxyAndroidLoggerBackend(25551): Too many Flogger logs received before configuration. Dropping old logs.
11-21 13:09:36.223 W/ProxyAndroidLoggerBackend(25551): Too many Flogger logs received before configuration. Dropping old logs.
11-21 13:09:36.223 W/ProxyAndroidLoggerBackend(25551): Too many Flogger logs received before configuration. Dropping old logs.
11-21 13:09:36.227 W/ProxyAndroidLoggerBackend(25551): Too many Flogger logs received before configuration. Dropping old logs.
11-21 13:09:36.257 W/ProxyAndroidLoggerBackend(25551): Too many Flogger logs received before configuration. Dropping old logs.
11-21 13:09:36.258 W/ProxyAndroidLoggerBackend(25551): Too many Flogger logs received before configuration. Dropping old logs.
11-21 13:09:36.258 W/ProxyAndroidLoggerBackend(25551): Too many Flogger logs received before configuration. Dropping old logs.
11-21 13:09:36.258 W/ProxyAndroidLoggerBackend(25551): Too many Flogger logs received before configuration. Dropping old logs.
11-21 13:09:36.258 W/ProxyAndroidLoggerBackend(25551): Too many Flogger logs received before configuration. Dropping old logs.
11-21 13:09:36.258 W/ProxyAndroidLoggerBackend(25551): Too many Flogger logs received before configuration. Dropping old logs.
11-21 13:09:36.259 W/ProxyAndroidLoggerBackend(25551): Too many Flogger logs received before configuration. Dropping old logs.
11-21 13:09:36.259 W/ProxyAndroidLoggerBackend(25551): Too many Flogger logs received before configuration. Dropping old logs.
11-21 13:09:36.259 W/ProxyAndroidLoggerBackend(25551): Too many Flogger logs received before configuration. Dropping old logs.
11-21 13:09:36.259 W/ProxyAndroidLoggerBackend(25551): Too many Flogger logs received before configuration. Dropping old logs.
11-21 13:09:36.260 W/ProxyAndroidLoggerBackend(25551): Too many Flogger logs received before configuration. Dropping old logs.
11-21 13:09:36.260 W/ProxyAndroidLoggerBackend(25551): Too many Flogger logs received before configuration. Dropping old logs.
11-21 13:09:36.260 W/ProxyAndroidLoggerBackend(25551): Too many Flogger logs received before configuration. Dropping old logs.
11-21 13:09:36.272 W/ProxyAndroidLoggerBackend(25551): Too many Flogger logs received before configuration. Dropping old logs.
11-21 13:09:36.272 W/ProxyAndroidLoggerBackend(25551): Too many Flogger logs received before configuration. Dropping old logs.
11-21 13:09:36.272 W/ProxyAndroidLoggerBackend(25551): Too many Flogger logs received before configuration. Dropping old logs.
11-21 13:09:36.292 W/WindowOnBackDispatcher(25551): OnBackInvokedCallback is not enabled for the application.
11-21 13:09:36.292 W/WindowOnBackDispatcher(25551): Set 'android:enableOnBackInvokedCallback="true"' in the application manifest.
11-21 13:09:36.297 W/ProxyAndroidLoggerBackend(25551): Too many Flogger logs received before configuration. Dropping old logs.
11-21 13:09:36.315 W/ProxyAndroidLoggerBackend(25551): Too many Flogger logs received before configuration. Dropping old logs.
11-21 13:09:36.315 W/ProxyAndroidLoggerBackend(25551): Too many Flogger logs received before configuration. Dropping old logs.
11-21 13:09:36.315 W/ProxyAndroidLoggerBackend(25551): Too many Flogger logs received before configuration. Dropping old logs.
11-21 13:09:36.316 E/GoogleMapController(25551): Cannot enable MyLocation layer as location permissions are not granted
11-21 13:09:36.336 W/OptProp ( 1468): Cannot read opt property android.window.PROPERTY_COMPAT_ALLOW_ORIENTATION_OVERRIDE
11-21 13:09:36.337 W/BLASTSyncEngine( 1468): setSyncMethod, id=13572, method=0, caller=com.android.server.wm.TransitionController.moveToCollecting:90 com.android.server.wm.ActivityStarter.startActivityUnchecked:333 com.android.server.wm.ActivityStarter.executeRequest:3361 
11-21 13:09:36.342 W/OptProp ( 1468): Cannot read opt property android.window.PROPERTY_COMPAT_ALLOW_MIN_ASPECT_RATIO_OVERRIDE
11-21 13:09:36.342 W/OptProp ( 1468): Cannot read opt property android.window.PROPERTY_COMPAT_ALLOW_RESIZEABLE_ACTIVITY_OVERRIDES
11-21 13:09:36.349 E/pageboostd( 3203): Received HALT command code 2
11-21 13:09:36.376 W/UserManagerService( 1468): Requested status bar icon for non-badged user 0
11-21 13:09:36.420 W/FreecessController( 1468): getAllRunningPackagePids: Failed to read pid from /sys/fs/cgroup/uid_10067/pid_20335/cgroup.procs
11-21 13:09:36.421 W/FreecessController( 1468): getAllRunningPackagePids: Failed to read pid from /sys/fs/cgroup/uid_10085/pid_25478/cgroup.procs
11-21 13:09:36.427 E/pageboostd( 3203): Received HALT command code 2
11-21 13:09:36.431 E/SurfaceFlinger( 1109): alpha changed 1.000 -> 0.000 - ActivityRecord{7755bea u0 com.google.android.permissioncontroller/com.android.permissioncontroller.permission.ui.GrantPermissionsActivity t9362}#167081
11-21 13:09:36.431 E/SurfaceFlinger( 1109): alpha changed 0.000 -> 1.000 - ActivityRecord{7755bea u0 com.google.android.permissioncontroller/com.android.permissioncontroller.permission.ui.GrantPermissionsActivity t9362}#167081
11-21 13:09:36.435 W/UserManagerService( 1468): Requested status bar icon for non-badged user 0
11-21 13:09:36.436 W/UserManagerService( 1468): Requested status bar icon for non-badged user 0
11-21 13:09:36.456 E/SurfaceFlinger( 1109): alpha changed 1.000 -> 0.000 - Dim Layer for - Task=9362#167089
11-21 13:09:36.463 W/ParceledListSlice( 1468): Element #10 is 20900 bytes.
11-21 13:09:36.473 E/SurfaceFlinger( 1109): alpha changed 0.000 -> 0.029 - Dim Layer for - Task=9362#167089
11-21 13:09:36.482 W/ImageReader_JNI(25551): Unable to acquire a buffer item, very likely client tried to acquire more than maxImages buffers
11-21 13:09:36.489 W/adbd    (20890): timed out while waiting for FUNCTIONFS_BIND, trying again
11-21 13:09:36.532 E/SurfaceFlinger( 1109): alpha changed 1.000 -> 0.000 - Surface(name=a9cd707 InputMethod)/@0xca95965 - animation-leash of insets_animation#167090
11-21 13:09:36.600 W/ImageReader_JNI(25551): Unable to acquire a buffer item, very likely client tried to acquire more than maxImages buffers
11-21 13:09:36.635 W/ImageReader_JNI(25551): Unable to acquire a buffer item, very likely client tried to acquire more than maxImages buffers
11-21 13:09:37.175 W/BLASTSyncEngine( 1468): setSyncMethod, id=13573, method=0, caller=com.android.server.wm.TransitionController.moveToCollecting:90 com.android.server.wm.TransitionController.createTransition:47 com.android.server.wm.TransitionController.requestCloseTransitionIfNeeded:72 
11-21 13:09:37.195 W/UserManagerService( 1468): Requested status bar icon for non-badged user 0
11-21 13:09:37.207 W/UserManagerService( 1468): Requested status bar icon for non-badged user 0
11-21 13:09:37.220 W/WindowOnBackDispatcher(19849): sendCancelIfRunning: isInProgress=false callback=android.view.ViewRootImpl$$ExternalSyntheticLambda15@ffc97b
11-21 13:09:37.221 I/flutter (25551):  RIDER - APP RESUMED
11-21 13:09:37.222 I/flutter (25551):  HOME: FETCHING USER PROFILE...
11-21 13:09:37.222 I/flutter (25551):  RIDER - Profile data refreshed (no setState to avoid flag reset)
11-21 13:09:37.225 W/InputManager-JNI( 1468): Input channel object '389174a com.google.android.permissioncontroller/com.android.permissioncontroller.permission.ui.GrantPermissionsActivity (client)' was disposed without first being removed with the input manager!
11-21 13:09:37.242 E/AtomicFile( 4311): Failed to rename /data/user_de/0/com.samsung.android.honeyboard/files/selected.json.new to /data/user_de/0/com.samsung.android.honeyboard/files/selected.json
11-21 13:09:37.249 E/SurfaceFlinger( 1109): alpha changed 1.000 -> 0.000 - Surface(name=a9cd707 InputMethod)/@0xca95965 - animation-leash of insets_animation#167095
11-21 13:09:37.291 W/ParceledListSlice( 1468): Element #10 is 20900 bytes.
11-21 13:09:37.296 E/RequestManager_FLP( 3149): [LocationManager] Location request 3A03520E(Listener) gps interval=5000ms (min=0ms) from com.google.android.gms.persistent[com.alphatecks.qglide] (10231_FINE_fg_true_foreground)
11-21 13:09:37.301 W/ImageReader_JNI(25551): Unable to acquire a buffer item, very likely client tried to acquire more than maxImages buffers
11-21 13:09:37.307 E/RequestManager_FLP( 3149): [LocationManager] Location request 71D1B5F9(Listener) passive (min=0ms) from com.google.android.gms.persistent[com.google.android.gms] (10231_FINE_fg_true_foreground)
11-21 13:09:37.308 W/View    ( 2050): requestLayout() improperly called by com.android.systemui.qs.SecQSGradationDrawableView{c67f636 V.E...... ......ID 0,0-1080,332 #7f0a0977 app:id/qs_gradation_view} during layout: running second layout pass
11-21 13:09:37.308 W/View    ( 2050): requestLayout() improperly called by android.widget.FrameLayout{90c7937 V.E...... ......ID 0,148-1080,2358 #7f0a0975 app:id/qs_frame} during layout: running second layout pass
11-21 13:09:37.322 W/LogErrorOperation(22034): onLogError callback failed.
11-21 13:09:37.341 W/Looper  (22034): Looper already prepared for this thread with a different value for the LOOPER_PREPARE_ALLOW_NON_CALLBACKS option.
11-21 13:09:37.363 W/Settings(22034): Setting airplane_mode_on has moved from android.provider.Settings.System to android.provider.Settings.Global, returning read-only value.
11-21 13:09:37.376 E/Sensors (  991): Sensor : Meta event
11-21 13:09:37.395 W/wificond( 1305): Failed to get NL80211_ATTR_MAX_NUM_AKM_SUITES
11-21 13:09:37.395 E/RegiMgr-Utils( 2409): getPendingRegistrationInternal : Invalid phoneId : 1
11-21 13:09:37.395 E/RegiMgr ( 2409): getPendingRegistration : no task return null
11-21 13:09:37.395 E/CmcAccountManager<1>( 2409): getCmcRegisterTask: rtl is null
11-21 13:09:37.396 W/wificond( 1305): Failed to get NL80211_ATTR_MAX_NUM_AKM_SUITES
11-21 13:09:37.398 E/GlobalSettingsRepoBase( 2409): globalgcsettings No matched key : dual_rcs_policy
11-21 13:09:37.399 W/wificond( 1305): Failed to get NL80211_ATTR_MAX_NUM_AKM_SUITES
11-21 13:09:37.399 E/PhoneRestrictionPolicy( 1468): getEmergencyCall >>false
11-21 13:09:37.400 E/PhoneRestrictionPolicy( 1468): getEmergencyCall >>false
11-21 13:09:37.405 E/GlobalSettingsRepoBase( 2409): globalgcsettings No matched key : dual_rcs_policy
11-21 13:09:37.406 E/PhoneRestrictionPolicy( 1468): getEmergencyCall >>false
11-21 13:09:37.406 E/PhoneRestrictionPolicy( 1468): getEmergencyCall >>false
11-21 13:09:37.407 E/GlobalSettingsRepoBase( 2409): globalgcsettings No matched key : dual_rcs_policy
11-21 13:09:37.416 E/PhoneRestrictionPolicy( 1468): getEmergencyCall >>false
11-21 13:09:37.416 E/PhoneRestrictionPolicy( 1468): getEmergencyCall >>false
11-21 13:09:37.419 E/PdnController<0>( 2409): requestStopNetwork: callback not found
11-21 13:09:37.419 E/#IMSCR  ( 2409): 11-21 13:09:37 0x1101000B:0,FILTERED ALL:11
11-21 13:09:37.419 E/#IMSREGI( 2409): (0, Nigeria MTN VoLTE) NOT_TRIGGERED : reason - VOPS_OFF
11-21 13:09:37.420 E/RegiMgr-Utils( 2409): getPendingRegistrationInternal : Invalid phoneId : 1
11-21 13:09:37.420 E/RegiMgr ( 2409): getPendingRegistration : no task return null
11-21 13:09:37.420 E/CmcAccountManager<1>( 2409): getCmcRegisterTask: rtl is null
11-21 13:09:37.430 I/flutter (25551):  GET PROFILE RESPONSE: true
11-21 13:09:37.430 I/flutter (25551):  GET PROFILE FULL RESPONSE: {success: true, data: {success: true, data: {profile: {id: 40089537-854f-4896-a004-d3a2a56dfc5c, email: bayo.ashafa@gmail.com, full_name: Bad Guy, phone: 09015565059, user_type: rider, avatar_url: https://bvazoowmmiymbbhxoggo.supabase.co/storage/v1/object/public/avatars/40089537-854f-4896-a004-d3a2a56dfc5c/1763547842255.jpg, rating: 0, total_rides: 0, is_verified: true, is_active: true, created_at: 2025-10-22T04:52:48.809946+00:00}}}}
11-21 13:09:37.430 I/flutter (25551):  PROFILE DATA: {id: 40089537-854f-4896-a004-d3a2a56dfc5c, email: bayo.ashafa@gmail.com, full_name: Bad Guy, phone: 09015565059, user_type: rider, avatar_url: https://bvazoowmmiymbbhxoggo.supabase.co/storage/v1/object/public/avatars/40089537-854f-4896-a004-d3a2a56dfc5c/1763547842255.jpg, rating: 0, total_rides: 0, is_verified: true, is_active: true, created_at: 2025-10-22T04:52:48.809946+00:00}
11-21 13:09:37.430 I/flutter (25551):  PROFILE PHOTO URL: https://bvazoowmmiymbbhxoggo.supabase.co/storage/v1/object/public/avatars/40089537-854f-4896-a004-d3a2a56dfc5c/1763547842255.jpg
11-21 13:09:37.468 W/ImageReader_JNI(25551): Unable to acquire a buffer item, very likely client tried to acquire more than maxImages buffers
11-21 13:09:37.485 W/ImageReader_JNI(25551): Unable to acquire a buffer item, very likely client tried to acquire more than maxImages buffers
11-21 13:09:37.516 E/SurfaceFlinger( 1109): alpha changed 0.015 -> 0.000 - Dim Layer for - Task=9362#167089
11-21 13:09:37.540 I/flutter (25551):  HOME: FULL RESPONSE: {success: true, data: {success: true, data: {profile: {id: 40089537-854f-4896-a004-d3a2a56dfc5c, email: bayo.ashafa@gmail.com, full_name: Bad Guy, phone: 09015565059, user_type: rider, avatar_url: https://bvazoowmmiymbbhxoggo.supabase.co/storage/v1/object/public/avatars/40089537-854f-4896-a004-d3a2a56dfc5c/1763547842255.jpg, rating: 0, total_rides: 0, is_verified: true, is_active: true, created_at: 2025-10-22T04:52:48.809946+00:00}}}}
11-21 13:09:37.540 I/flutter (25551):  HOME: PROFILE DATA: {id: 40089537-854f-4896-a004-d3a2a56dfc5c, email: bayo.ashafa@gmail.com, full_name: Bad Guy, phone: 09015565059, user_type: rider, avatar_url: https://bvazoowmmiymbbhxoggo.supabase.co/storage/v1/object/public/avatars/40089537-854f-4896-a004-d3a2a56dfc5c/1763547842255.jpg, rating: 0, total_rides: 0, is_verified: true, is_active: true, created_at: 2025-10-22T04:52:48.809946+00:00}
11-21 13:09:37.540 I/flutter (25551):  HOME: PROFILE PHOTO URL: https://bvazoowmmiymbbhxoggo.supabase.co/storage/v1/object/public/avatars/40089537-854f-4896-a004-d3a2a56dfc5c/1763547842255.jpg
11-21 13:09:37.540 I/flutter (25551):  HOME: USER NAME: Full=Bad Guy, First=null
11-21 13:09:37.540 I/flutter (25551):  HOME: SET USERNAME TO: Bad
11-21 13:09:37.542 I/flutter (25551):  RIDER UI - PANEL STATE: booking=false, started=false, arrived=false, found=false, connecting=false
11-21 13:09:37.542 I/flutter (25551):  RIDER UI - RENDERING: Default Home Panel
11-21 13:09:37.544 W/adbd    (20890): timed out while waiting for FUNCTIONFS_BIND, trying again
11-21 13:09:37.695 I/flutter (25551):  RIDER - BACKEND CHECK RESPONSE:
11-21 13:09:37.695 I/flutter (25551):    Success: true
11-21 13:09:37.695 I/flutter (25551):    Full Response: {success: true, data: {success: true, data: {ride: {id: d70a2321-5f66-414d-b3e6-dd9a325b8b0d, status: accepted, pickup_address: 7 Saints Ave, Elimbu, Alingbu 500102, Rivers, Nigeria, dropoff_address: Rumuokoro, Port Harcourt, Nigeria, estimated_fare: 3.42, actual_fare: null, requested_at: 2025-11-21T11:49:18.097979+00:00, completed_at: null}}}}
11-21 13:09:37.695 I/flutter (25551):  RIDER - BACKEND CHECK DATA:
11-21 13:09:37.695 I/flutter (25551):    Data type: _Map<String, dynamic>
11-21 13:09:37.695 I/flutter (25551):    Data keys: [success, data]
11-21 13:09:37.695 I/flutter (25551):  RIDER - Backend ride status: accepted, rideId: d70a2321-5f66-414d-b3e6-dd9a325b8b0d
11-21 13:09:37.695 I/flutter (25551):    Ride data: {id: d70a2321-5f66-414d-b3e6-dd9a325b8b0d, status: accepted, pickup_address: 7 Saints Ave, Elimbu, Alingbu 500102, Rivers, Nigeria, dropoff_address: Rumuokoro, Port Harcourt, Nigeria, estimated_fare: 3.42, actual_fare: null, requested_at: 2025-11-21T11:49:18.097979+00:00, completed_at: null}
11-21 13:09:37.695 I/flutter (25551):  RIDER - Found active ride on backend! Restoring...
11-21 13:09:37.695 I/flutter (25551):  RIDE_CUBIT - syncFromApiStatus called with: accepted
11-21 13:09:37.695 I/flutter (25551):    Current state: status=RideStatus.none, apiStatus=null
11-21 13:09:37.695 I/flutter (25551):  RIDE_CUBIT - Status: accepted  driverFound
11-21 13:09:37.695 I/flutter (25551):  RIDE_CUBIT - toJson called with status: RideStatus.driverFound
11-21 13:09:37.695 I/flutter (25551):  RIDE_CUBIT - SAVING STATE to storage
11-21 13:09:37.695 I/flutter (25551):  RIDE_CUBIT - Updated to driverFound
11-21 13:09:37.695 I/flutter (25551):    New state: status=RideStatus.driverFound, apiStatus=accepted
11-21 13:09:37.695 I/flutter (25551):  RIDER - DRIVER DATA FROM BACKEND: null
11-21 13:09:37.695 I/flutter (25551): 
11-21 13:09:37.695 I/flutter (25551):    RIDER - HOT RESTART: Fetching fresh driver info           
11-21 13:09:37.695 I/flutter (25551): 
11-21 13:09:37.695 I/flutter (25551):    Ride ID: d70a2321-5f66-414d-b3e6-dd9a325b8b0d
11-21 13:09:37.695 I/flutter (25551):    Ride Status: accepted
11-21 13:09:37.695 I/flutter (25551):  RIDER - No destination coordinates yet, using pickup as fallback for ride-info call
11-21 13:09:37.695 I/flutter (25551):  RIDER - CALLING ride-info API (HOT RESTART)...
11-21 13:09:37.695 I/flutter (25551):    Parameters:
11-21 13:09:37.695 I/flutter (25551):      ride_id: d70a2321-5f66-414d-b3e6-dd9a325b8b0d
11-21 13:09:37.695 I/flutter (25551):      pickup_lat: 25.2854
11-21 13:09:37.695 I/flutter (25551):      pickup_lng: 51.531
11-21 13:09:37.695 I/flutter (25551):      pickup_address: 7 Saints Ave, Elimbu, Alingbu 500102, Rivers, Nigeria
11-21 13:09:37.695 I/flutter (25551):      dropoff_lat: 25.2854
11-21 13:09:37.695 I/flutter (25551):      dropoff_lng: 51.531
11-21 13:09:37.695 I/flutter (25551):      dropoff_address: 7 Saints Ave, Elimbu, Alingbu 500102, Rivers, Nigeria
11-21 13:09:37.695 I/flutter (25551):  API - RIDE INFO REQUEST:
11-21 13:09:37.695 I/flutter (25551):    URL: https://bvazoowmmiymbbhxoggo.supabase.co/functions/v1/ride-info
11-21 13:09:37.695 I/flutter (25551):    Query Parameters:
11-21 13:09:37.695 I/flutter (25551):      ride_id: d70a2321-5f66-414d-b3e6-dd9a325b8b0d
11-21 13:09:37.695 I/flutter (25551):      pickup_lat: 25.2854
11-21 13:09:37.695 I/flutter (25551):      pickup_lng: 51.531
11-21 13:09:37.695 I/flutter (25551):      pickup_address: 7 Saints Ave, Elimbu, Alingbu 500102, Rivers, Nigeria
11-21 13:09:37.695 I/flutter (25551):      dropoff_lat: 25.2854
11-21 13:09:37.695 I/flutter (25551):      dropoff_lng: 51.531
11-21 13:09:37.695 I/flutter (25551):      dropoff_address: 7 Saints Ave, Elimbu, Alingbu 500102, Rivers, Nigeria
11-21 13:09:37.695 I/flutter (25551):    Full URL: https://bvazoowmmiymbbhxoggo.supabase.co/functions/v1/ride-info?ride_id=d70a2321-5f66-414d-b3e6-dd9a325b8b0d&pickup_lat=25.2854&pickup_lng=51.531&pickup_address=7+Saints+Ave%2C+Elimbu%2C+Alingbu+500102%2C+Rivers%2C+Nigeria&dropoff_lat=25.2854&dropoff_lng=51.531&dropoff_address=7+Saints+Ave%2C+Elimbu%2C+Alingbu+500102%2C+Rivers%2C+Nigeria
11-21 13:09:37.696 I/flutter (25551):  RIDER - BACKEND CHECK RESPONSE:
11-21 13:09:37.696 I/flutter (25551):    Success: true
11-21 13:09:37.696 I/flutter (25551):    Full Response: {success: true, data: {success: true, data: {ride: {id: d70a2321-5f66-414d-b3e6-dd9a325b8b0d, status: accepted, pickup_address: 7 Saints Ave, Elimbu, Alingbu 500102, Rivers, Nigeria, dropoff_address: Rumuokoro, Port Harcourt, Nigeria, estimated_fare: 3.42, actual_fare: null, requested_at: 2025-11-21T11:49:18.097979+00:00, completed_at: null}}}}
11-21 13:09:37.696 I/flutter (25551):  RIDER - BACKEND CHECK DATA:
11-21 13:09:37.696 I/flutter (25551):    Data type: _Map<String, dynamic>
11-21 13:09:37.696 I/flutter (25551):    Data keys: [success, data]
11-21 13:09:37.696 I/flutter (25551):  RIDER - Backend ride status: accepted, rideId: d70a2321-5f66-414d-b3e6-dd9a325b8b0d
11-21 13:09:37.696 I/flutter (25551):    Ride data: {id: d70a2321-5f66-414d-b3e6-dd9a325b8b0d, status: accepted, pickup_address: 7 Saints Ave, Elimbu, Alingbu 500102, Rivers, Nigeria, dropoff_address: Rumuokoro, Port Harcourt, Nigeria, estimated_fare: 3.42, actual_fare: null, requested_at: 2025-11-21T11:49:18.097979+00:00, completed_at: null}
11-21 13:09:37.696 I/flutter (25551):  RIDER - Found active ride on backend! Restoring...
11-21 13:09:37.697 I/flutter (25551):  RIDE_CUBIT - syncFromApiStatus called with: accepted
11-21 13:09:37.697 I/flutter (25551):    Current state: status=RideStatus.driverFound, apiStatus=accepted
11-21 13:09:37.697 I/flutter (25551):  RIDE_CUBIT - Status: accepted  driverFound
11-21 13:09:37.697 I/flutter (25551):    New state: status=RideStatus.driverFound, apiStatus=accepted
11-21 13:09:37.697 I/flutter (25551):  RIDER - DRIVER DATA FROM BACKEND: null
11-21 13:09:37.697 I/flutter (25551): 
11-21 13:09:37.697 I/flutter (25551):    RIDER - HOT RESTART: Fetching fresh driver info           
11-21 13:09:37.697 I/flutter (25551): 
11-21 13:09:37.697 I/flutter (25551):    Ride ID: d70a2321-5f66-414d-b3e6-dd9a325b8b0d
11-21 13:09:37.697 I/flutter (25551):    Ride Status: accepted
11-21 13:09:37.697 I/flutter (25551):  RIDER - No destination coordinates yet, using pickup as fallback for ride-info call
11-21 13:09:37.697 I/flutter (25551):  RIDER - CALLING ride-info API (HOT RESTART)...
11-21 13:09:37.697 I/flutter (25551):    Parameters:
11-21 13:09:37.697 I/flutter (25551):      ride_id: d70a2321-5f66-414d-b3e6-dd9a325b8b0d
11-21 13:09:37.697 I/flutter (25551):      pickup_lat: 25.2854
11-21 13:09:37.697 I/flutter (25551):      pickup_lng: 51.531
11-21 13:09:37.697 I/flutter (25551):      pickup_address: 7 Saints Ave, Elimbu, Alingbu 500102, Rivers, Nigeria
11-21 13:09:37.697 I/flutter (25551):      dropoff_lat: 25.2854
11-21 13:09:37.697 I/flutter (25551):      dropoff_lng: 51.531
11-21 13:09:37.697 I/flutter (25551):      dropoff_address: 7 Saints Ave, Elimbu, Alingbu 500102, Rivers, Nigeria
11-21 13:09:37.697 I/flutter (25551):  API - RIDE INFO REQUEST:
11-21 13:09:37.697 I/flutter (25551):    URL: https://bvazoowmmiymbbhxoggo.supabase.co/functions/v1/ride-info
11-21 13:09:37.697 I/flutter (25551):    Query Parameters:
11-21 13:09:37.697 I/flutter (25551):      ride_id: d70a2321-5f66-414d-b3e6-dd9a325b8b0d
11-21 13:09:37.697 I/flutter (25551):      pickup_lat: 25.2854
11-21 13:09:37.697 I/flutter (25551):      pickup_lng: 51.531
11-21 13:09:37.697 I/flutter (25551):      pickup_address: 7 Saints Ave, Elimbu, Alingbu 500102, Rivers, Nigeria
11-21 13:09:37.697 I/flutter (25551):      dropoff_lat: 25.2854
11-21 13:09:37.697 I/flutter (25551):      dropoff_lng: 51.531
11-21 13:09:37.697 I/flutter (25551):      dropoff_address: 7 Saints Ave, Elimbu, Alingbu 500102, Rivers, Nigeria
11-21 13:09:37.697 I/flutter (25551):    Full URL: https://bvazoowmmiymbbhxoggo.supabase.co/functions/v1/ride-info?ride_id=d70a2321-5f66-414d-b3e6-dd9a325b8b0d&pickup_lat=25.2854&pickup_lng=51.531&pickup_address=7+Saints+Ave%2C+Elimbu%2C+Alingbu+500102%2C+Rivers%2C+Nigeria&dropoff_lat=25.2854&dropoff_lng=51.531&dropoff_address=7+Saints+Ave%2C+Elimbu%2C+Alingbu+500102%2C+Rivers%2C+Nigeria
11-21 13:09:37.701 I/flutter (25551):  RIDER UI - PANEL STATE: booking=false, started=false, arrived=false, found=false, connecting=false
11-21 13:09:37.701 I/flutter (25551):  RIDER UI - RENDERING: Default Home Panel
11-21 13:09:38.061 W/ImageReader_JNI(25551): Unable to acquire a buffer item, very likely client tried to acquire more than maxImages buffers
11-21 13:09:38.062 E/GlobalSettingsRepoBase( 2409): globalgcsettings No matched key : support_ssac_nr
11-21 13:09:38.078 E/RegiMgr-Utils( 2409): getPendingRegistrationInternal : Invalid phoneId : 1
11-21 13:09:38.078 E/RegiMgr ( 2409): getPendingRegistration : no task return null
11-21 13:09:38.078 E/CmcAccountManager<1>( 2409): getCmcRegisterTask: rtl is null
11-21 13:09:38.080 E/GlobalSettingsRepoBase( 2409): globalgcsettings No matched key : dual_rcs_policy
11-21 13:09:38.081 E/PhoneRestrictionPolicy( 1468): getEmergencyCall >>false
11-21 13:09:38.081 E/PhoneRestrictionPolicy( 1468): getEmergencyCall >>false
11-21 13:09:38.088 E/GlobalSettingsRepoBase( 2409): globalgcsettings No matched key : dual_rcs_policy
11-21 13:09:38.088 E/PhoneRestrictionPolicy( 1468): getEmergencyCall >>false
11-21 13:09:38.089 E/PhoneRestrictionPolicy( 1468): getEmergencyCall >>false
11-21 13:09:38.090 E/GlobalSettingsRepoBase( 2409): globalgcsettings No matched key : dual_rcs_policy
11-21 13:09:38.095 E/PhoneRestrictionPolicy( 1468): getEmergencyCall >>false
11-21 13:09:38.095 E/PhoneRestrictionPolicy( 1468): getEmergencyCall >>false
11-21 13:09:38.097 E/PdnController<0>( 2409): requestStopNetwork: callback not found
11-21 13:09:38.097 E/#IMSCR  ( 2409): 11-21 13:09:38 0x1101000B:0,FILTERED ALL:11
11-21 13:09:38.097 E/#IMSREGI( 2409): (0, Nigeria MTN VoLTE) NOT_TRIGGERED : reason - VOPS_OFF
11-21 13:09:38.098 E/RegiMgr-Utils( 2409): getPendingRegistrationInternal : Invalid phoneId : 1
11-21 13:09:38.098 E/RegiMgr ( 2409): getPendingRegistration : no task return null
11-21 13:09:38.098 E/CmcAccountManager<1>( 2409): getCmcRegisterTask: rtl is null
11-21 13:09:38.098 W/NSLocationMonitor( 1468): onServiceStateChanged, state=0 / channel=2852
11-21 13:09:38.099 W/NetworkManager_FLP( 3149): updateServiceStateChanged, serviceState=0 / isRegistered=true / channel=2852 / networkTypeName=LTE / nr=false
11-21 13:09:38.100 W/ContextImpl( 1468): Calling a method in the system process without a qualified user: android.app.ContextImpl.sendBroadcastMultiplePermissions:1364 android.content.Context.sendBroadcastMultiplePermissions:2529 com.android.server.TelephonyRegistry.broadcastServiceStateChanged:62 com.android.server.TelephonyRegistry.notifyServiceStateForPhoneId:174 com.android.internal.telephony.ITelephonyRegistry$Stub.onTransact:592 
11-21 13:09:38.101 W/ContextImpl( 1468): Calling a method in the system process without a qualified user: android.app.ContextImpl.sendBroadcastMultiplePermissions:1397 com.android.server.TelephonyRegistry.broadcastServiceStateChanged:89 com.android.server.TelephonyRegistry.notifyServiceStateForPhoneId:174 com.android.internal.telephony.ITelephonyRegistry$Stub.onTransact:592 android.os.Binder.execTransactInternal:1541 
11-21 13:09:38.103 E/GlobalSettingsRepoBase( 2409): globalgcsettings No matched key : separate_vo5g_icon
11-21 13:09:38.104 W/ContextImpl( 1468): Calling a method in the system process without a qualified user: android.app.ContextImpl.sendBroadcastMultiplePermissions:1397 com.android.server.TelephonyRegistry.broadcastServiceStateChanged:120 com.android.server.TelephonyRegistry.notifyServiceStateForPhoneId:174 com.android.internal.telephony.ITelephonyRegistry$Stub.onTransact:592 android.os.Binder.execTransactInternal:1541 
11-21 13:09:38.106 W/ContextImpl( 1468): Calling a method in the system process without a qualified user: android.app.ContextImpl.sendBroadcastMultiplePermissions:1397 com.android.server.TelephonyRegistry.broadcastServiceStateChanged:145 com.android.server.TelephonyRegistry.notifyServiceStateForPhoneId:174 com.android.internal.telephony.ITelephonyRegistry$Stub.onTransact:592 android.os.Binder.execTransactInternal:1541 
11-21 13:09:38.120 W/View    ( 2050): requestLayout() improperly called by com.android.systemui.qs.SecQSGradationDrawableView{c67f636 V.E...... ......ID 0,0-1080,332 #7f0a0977 app:id/qs_gradation_view} during layout: running second layout pass
11-21 13:09:38.120 W/View    ( 2050): requestLayout() improperly called by android.widget.FrameLayout{90c7937 V.E...... ......ID 0,148-1080,2358 #7f0a0975 app:id/qs_frame} during layout: running second layout pass
11-21 13:09:38.145 W/DynamiteModule(25551): Local module descriptor class for com.google.android.gms.googlecertificates not found.
11-21 13:09:38.155 W/phatecks.qglide(25551): ClassLoaderContext classpath element checksum mismatch. expected=1653684527, found=3523290289 (DLC[];PCL[base.apk*1653684527]{PCL[/system/framework/org.apache.http.legacy.jar*3637333363]#PCL[/system/framework/com.android.media.remotedisplay.jar*2042759013]#PCL[/system/framework/com.android.location.provider.jar*3414091812]#PCL[/system/system_ext/framework/org.carconnectivity.android.digitalkey.rangingintent.jar*560278203]#PCL[/system/system_ext/framework/org.carconnectivity.android.digitalkey.secureelement.jar*3277496667]#PCL[/system_ext/framework/androidx.window.extensions.jar*393752484]#PCL[/system_ext/framework/androidx.window.sidecar.jar*3240773605]} | DLC[];PCL[/data/app/~~JSxgIrl37lVoTApLDZpj1g==/com.alphatecks.qglide-rzvGCWr_oHoJfuOhtl8xuA==/base.apk*3523290289]{PCL[/system/framework/org.apache.http.legacy.jar*3637333363]#PCL[/system_ext/framework/androidx.window.extensions.jar*393752484]#PCL[/system_ext/framework/androidx.window.sidecar.jar*3240773605]})
11-21 13:09:38.178 W/ProxyAndroidLoggerBackend(25551): Too many Flogger logs received before configuration. Dropping old logs.
11-21 13:09:38.367 W/IpClient.wlan0( 2163): [IpReachabilityMonitor] WARN ALERT neighbor went from: NeighborEvent{@654617345,RTM_NEWNEIGH,if=23,fe80::7624:9fff:feac:1ee5,NUD_FAILED,[null]} to: NeighborEvent{@654624318,RTM_NEWNEIGH,if=23,fe80::7624:9fff:feac:1ee5,NUD_FAILED,[null]}
11-21 13:09:38.414 W/LocationManagerService( 1468): onFreezeStateChanged, uid[10202]=true
11-21 13:09:38.440 E/power   (  970): ISystemSuspend::getService() failed.
11-21 13:09:38.445 E/power   (  970): ISystemSuspend::getService() failed.
11-21 13:09:38.459 E/power   (  970): ISystemSuspend::getService() failed.
11-21 13:09:38.459 E/power   (  970): ISystemSuspend::getService() failed.
11-21 13:09:38.474 E/Sensors (  991): Sensor : Meta event
11-21 13:09:38.475 E/Sensors (  991): MetaEvent:: 5
11-21 13:09:38.475 E/Sensors (  991): MetaEvent: hasPendingEvent+++(1)
11-21 13:09:38.485 W/ImageReader_JNI(25551): Unable to acquire a buffer item, very likely client tried to acquire more than maxImages buffers
11-21 13:09:38.501 E/Sensors (  991): Sensor : Meta event
11-21 13:09:38.527 E/Sensors (  991): Sensor : Meta event
11-21 13:09:38.589 W/adbd    (20890): timed out while waiting for FUNCTIONFS_BIND, trying again
11-21 13:09:38.681 E/PocketModeEvent( 1468): PocketModeSetting is off 
11-21 13:09:38.699 W/PowerUI ( 2050): Skip charging animation - by Plug reason
11-21 13:09:38.699 W/PowerUI ( 2050): Skip charging sound & vibrate - by Plug reason
11-21 13:09:38.712 W/View    ( 2050): requestLayout() improperly called by com.android.systemui.qs.SecQSGradationDrawableView{c67f636 V.E...... ......ID 0,0-1080,332 #7f0a0977 app:id/qs_gradation_view} during layout: running second layout pass
11-21 13:09:38.712 W/View    ( 2050): requestLayout() improperly called by android.widget.FrameLayout{90c7937 V.E...... ......ID 0,148-1080,2358 #7f0a0975 app:id/qs_frame} during layout: running second layout pass
11-21 13:09:38.717 I/flutter (25551):  HOME: FULL RESPONSE: {success: true, data: {success: true, data: {profile: {id: 40089537-854f-4896-a004-d3a2a56dfc5c, email: bayo.ashafa@gmail.com, full_name: Bad Guy, phone: 09015565059, user_type: rider, avatar_url: https://bvazoowmmiymbbhxoggo.supabase.co/storage/v1/object/public/avatars/40089537-854f-4896-a004-d3a2a56dfc5c/1763547842255.jpg, rating: 0, total_rides: 0, is_verified: true, is_active: true, created_at: 2025-10-22T04:52:48.809946+00:00}}}}
