11-21 12:30:16.785 W/PhBaseOp(22034): enms: 29544: Stale snapshot for com.google.android.libraries.consentverifier#com.google.android.gms(new configuration available)
11-21 12:30:16.785 W/PhBaseOp(22034): 	at enoq.d(:com.google.android.gms@254534035@25.45.34 (260400-831602148):441)
11-21 12:30:16.785 W/PhBaseOp(22034): 	at enoq.b(:com.google.android.gms@254534035@25.45.34 (260400-831602148):43)
11-21 12:30:16.785 W/PhBaseOp(22034): 	at enop.i(:com.google.android.gms@254534035@25.45.34 (260400-831602148):3)
11-21 12:30:16.785 W/PhBaseOp(22034): 	at enol.h(:com.google.android.gms@254534035@25.45.34 (260400-831602148):31)
11-21 12:30:16.785 W/PhBaseOp(22034): 	at enol.f(:com.google.android.gms@254534035@25.45.34 (260400-831602148):13)
11-21 12:30:16.785 W/PhBaseOp(22034): 	at cntm.fA(:com.google.android.gms@254534035@25.45.34 (260400-831602148):1)
11-21 12:30:16.785 W/PhBaseOp(22034): 	at cntq.run(:com.google.android.gms@254534035@25.45.34 (260400-831602148):118)
11-21 12:30:16.785 W/PhBaseOp(22034): 	at gjmk.run(:com.google.android.gms@254534035@25.45.34 (260400-831602148):19)
11-21 12:30:16.785 W/PhBaseOp(22034): 	at bdow.c(:com.google.android.gms@254534035@25.45.34 (260400-831602148):50)
11-21 12:30:16.785 W/PhBaseOp(22034): 	at bdow.run(:com.google.android.gms@254534035@25.45.34 (260400-831602148):73)
11-21 12:30:16.785 W/PhBaseOp(22034): 	at java.util.concurrent.ThreadPoolExecutor.runWorker(ThreadPoolExecutor.java:1156)
11-21 12:30:16.785 W/PhBaseOp(22034): 	at java.util.concurrent.ThreadPoolExecutor$Worker.run(ThreadPoolExecutor.java:651)
11-21 12:30:16.785 W/PhBaseOp(22034): 	at bdun.run(:com.google.android.gms@254534035@25.45.34 (260400-831602148):8)
11-21 12:30:16.785 W/PhBaseOp(22034): 	at java.lang.Thread.run(Thread.java:1119)
11-21 12:30:16.785 W/AsyncOperation(22034): operation=CommitToConfigurationOperationCall, opStatusCode=29544 [CONTEXT service_id=51 ]
11-21 12:30:16.785 W/AsyncOperation(22034): OperationException[Status{statusCode=Stale snapshot for com.google.android.libraries.consentverifier#com.google.android.gms(new configuration available), resolution=null}]
11-21 12:30:16.785 W/AsyncOperation(22034): 	at enol.h(:com.google.android.gms@254534035@25.45.34 (260400-831602148):61)
11-21 12:30:16.785 W/AsyncOperation(22034): 	at enol.f(:com.google.android.gms@254534035@25.45.34 (260400-831602148):13)
11-21 12:30:16.785 W/AsyncOperation(22034): 	at cntm.fA(:com.google.android.gms@254534035@25.45.34 (260400-831602148):1)
11-21 12:30:16.785 W/AsyncOperation(22034): 	at cntq.run(:com.google.android.gms@254534035@25.45.34 (260400-831602148):118)
11-21 12:30:16.785 W/AsyncOperation(22034): 	at gjmk.run(:com.google.android.gms@254534035@25.45.34 (260400-831602148):19)
11-21 12:30:16.785 W/AsyncOperation(22034): 	at bdow.c(:com.google.android.gms@254534035@25.45.34 (260400-831602148):50)
11-21 12:30:16.785 W/AsyncOperation(22034): 	at bdow.run(:com.google.android.gms@254534035@25.45.34 (260400-831602148):73)
11-21 12:30:16.785 W/AsyncOperation(22034): 	at java.util.concurrent.ThreadPoolExecutor.runWorker(ThreadPoolExecutor.java:1156)
11-21 12:30:16.785 W/AsyncOperation(22034): 	at java.util.concurrent.ThreadPoolExecutor$Worker.run(ThreadPoolExecutor.java:651)
11-21 12:30:16.785 W/AsyncOperation(22034): 	at bdun.run(:com.google.android.gms@254534035@25.45.34 (260400-831602148):8)
11-21 12:30:16.785 W/AsyncOperation(22034): 	at java.lang.Thread.run(Thread.java:1119)
11-21 12:30:16.788 W/UserManagerService( 1468): Requested status bar icon for non-badged user 0
11-21 12:30:16.789 W/UserManagerService( 1468): Requested status bar icon for non-badged user 0
11-21 12:30:16.791 W/JobScheduler( 1468): Job didn't exist in JobStore: eb864da {SyncManager} #1000/995 @SyncManager@com.google.android.gms.people/com.google:android
11-21 12:30:16.791 W/JobScheduler( 1468): Job didn't exist in JobStore: dd98d0b {SyncManager} #1000/996 @SyncManager@com.google.android.gms.people/com.google:android
11-21 12:30:16.793 W/FreecessController( 1468): getAllRunningPackagePids: Failed to read pid from /sys/fs/cgroup/uid_10067/pid_20335/cgroup.procs
11-21 12:30:16.794 W/FreecessController( 1468): getAllRunningPackagePids: Failed to read pid from /sys/fs/cgroup/uid_10085/pid_25478/cgroup.procs
11-21 12:30:16.803 W/JobScheduler( 1468): Job didn't exist in JobStore: 3c7f4a6 {SyncManager} #1000/998 @SyncManager@com.google.android.gms.games.background/com.google:android
11-21 12:30:16.806 W/JobScheduler( 1468): Job didn't exist in JobStore: 7174a94 {SyncManager} #1000/999 @SyncManager@com.google.android.gms.games.background/com.google:android
11-21 12:30:16.812 W/UserManagerService( 1468): Requested status bar icon for non-badged user 0
11-21 12:30:16.818 W/LocationManagerService( 1468): onFreezeStateChanged, uid[10076]=true
11-21 12:30:16.823 E/SyncManager( 1468): Job params not found for 991
11-21 12:30:16.878 W/ParceledListSlice( 1468): Element #10 is 20900 bytes.
11-21 12:30:16.913 W/WindowManager( 1468): Failed looking up window session=Session{ef8c348 3135:u0a10270} callers=com.android.server.wm.Session.remove:10 android.view.IWindowSession$Stub.onTransact:794 com.android.server.wm.Session.onTransact:1 
11-21 12:30:16.913 W/InputManager-JNI( 1468): Input channel object 'Embedded{-InputMethod} (client)' was disposed without first being removed with the input manager!
11-21 12:30:16.914 W/WindowManager( 1468): Failed looking up window session=Session{ef8c348 3135:u0a10270} callers=com.android.server.wm.Session.remove:10 android.view.IWindowSession$Stub.onTransact:794 com.android.server.wm.Session.onTransact:1 
11-21 12:30:16.914 W/InputManager-JNI( 1468): Input channel object 'Embedded{-InputMethod} (client)' was disposed without first being removed with the input manager!
11-21 12:30:16.974 E/msys    (23039): E[N mns]_OnDiskCacheGetData(632)=>Start post callback cache refresh DNS resolution
11-21 12:30:16.975 W/LibevQuicAsyncUDPSocket.h(23039): setTosOrTrafficClass not implemented in LibevQuicAsyncUDPSocket
11-21 12:30:16.980 E/MvfstCallbacks.cpp(23039): onConnectionSetupError: error=TransportError: Internal Error, Error on socket write Operation not permitted, 
11-21 12:30:16.980 W/LibevQuicAsyncUDPSocket.h(23039): setTosOrTrafficClass not implemented in LibevQuicAsyncUDPSocket
11-21 12:30:16.985 E/MvfstCallbacks.cpp(23039): onConnectionSetupError: error=TransportError: Internal Error, Error on socket write Operation not permitted, 
11-21 12:30:16.985 E/msys    (23039): E[N mns]_LogError(228)=>Failed to resolve using system DNS resolver, getaddrinfo(): No address associated with hostname
11-21 12:30:16.985 E/msys    (23039): E[N mns]_OnDiskCacheGetData(632)=>Start post callback cache refresh DNS resolution
11-21 12:30:16.987 E/msys    (23039): E[N mns]_LogError(228)=>Failed to resolve using system DNS resolver, getaddrinfo(): No address associated with hostname
11-21 12:30:17.337 E/NativeCustomFrequencyManager( 1082): [NativeCFMS] BpCustomFrequencyManager::release()
11-21 12:30:17.365 W/HoneySpace.RecentsAnimationState( 2540): canStartSystemGesture, return true by !isHomeDisabled
11-21 12:30:17.415 E/VibratorController( 1468): vibratorSetIntensity setAmplitude successfully
11-21 12:30:17.417 E/SecVibrator-HAL-AIDL-EXT( 1061): V_3_0: setAmplitude 4000
11-21 12:30:17.417 E/SecVibrator-HAL-AIDL-CORE( 1061): HW_API: >> writeNode node:/timed_output/vibrator/intensity val:4000
11-21 12:30:17.417 E/SecVibrator-HAL-AIDL-CORE( 1061): HW_API: << writeNode node OK : 5
11-21 12:30:17.418 E/SecVibrator-HAL-AIDL-EXT( 1061): V_3_0: setFrequencyType0
11-21 12:30:17.418 E/SecVibrator-HAL-AIDL-CORE( 1061): HW_API: >> writeNode node:/timed_output/vibrator/multi_freq val:0
11-21 12:30:17.418 E/SecVibrator-HAL-AIDL-CORE( 1061): HW_API: << writeNode node OK : 2
11-21 12:30:17.418 E/SecVibrator-HAL-AIDL-CORE( 1061): V_1_0: Vibrator on for timeoutMs: 7
11-21 12:30:17.418 E/SecVibrator-HAL-AIDL-CORE( 1061): HW_API: do_on for timeoutMs: 7
11-21 12:30:17.418 E/SecVibrator-HAL-AIDL-CORE( 1061): HW_API: >> writeNode node:/timed_output/vibrator/enable val:7
11-21 12:30:17.419 E/SecVibrator-HAL-AIDL-CORE( 1061): HW_API: << writeNode node OK : 2
11-21 12:30:17.426 E/SecVibrator-HAL-AIDL-CORE( 1061): V_1_0: Vibrator off
11-21 12:30:17.426 E/SecVibrator-HAL-AIDL-CORE( 1061): HW_API: >> writeNode node:/timed_output/vibrator/enable val:0
11-21 12:30:17.427 E/SecVibrator-HAL-AIDL-CORE( 1061): HW_API: << writeNode node OK : 2
11-21 12:30:17.686 W/adbd    (20890): timed out while waiting for FUNCTIONFS_BIND, trying again
11-21 12:30:17.780 E/WindowManager( 1468): win=Window{a9cd707 u0 InputMethod} destroySurfaces: appStopped=true cleanupOnResume=false win.mWindowRemovalAllowed=false win.mRemoveOnExit=false win.mViewVisibility=8 caller=com.android.server.wm.WindowManagerService.tryStartExitingAnimation:147 com.android.server.wm.WindowManagerService.relayoutWindowInner:112 com.android.server.wm.WindowManagerService.relayoutWindow:6 com.android.server.wm.Session.relayout:27 android.view.IWindowSession$Stub.onTransact:861 com.android.server.wm.Session.onTransact:1 android.os.Binder.execTransactInternal:1536 
11-21 12:30:18.020 W/LocationManagerService( 1468): onFreezeStateChanged, uid[10329]=true
11-21 12:30:18.063 W/JobService( 2282): onNetworkChanged() not implemented in androidx.work.impl.background.systemjob.SystemJobService. Must override in a subclass.
11-21 12:30:18.095 W/LocationManagerService( 1468): onFreezeStateChanged, uid[10329]=false
11-21 12:30:18.732 W/adbd    (20890): timed out while waiting for FUNCTIONFS_BIND, trying again
11-21 12:30:19.772 W/adbd    (20890): timed out while waiting for FUNCTIONFS_BIND, trying again
11-21 12:30:19.922 W/PeopleDataSource(22034): Error calling GetPeopleRequest. [CONTEXT service_id=177 ]
11-21 12:30:19.922 W/PeopleDataSource(22034): ihgu: DEADLINE_EXCEEDED: CallOptions deadline exceeded after 9.846768308s. Name resolution delay 0.047805192 seconds. [closed=[], open=[[buffered_nanos=9849211608, waiting_for_connection]]]
11-21 12:30:19.922 W/PeopleDataSource(22034): 	at bdil.s(:com.google.android.gms@254534035@25.45.34 (260400-831602148):31)
11-21 12:30:19.922 W/PeopleDataSource(22034): 	at bdil.f(:com.google.android.gms@254534035@25.45.34 (260400-831602148):90)
11-21 12:30:19.922 W/PeopleDataSource(22034): 	at elhb.b(:com.google.android.gms@254534035@25.45.34 (260400-831602148):44)
11-21 12:30:19.922 W/PeopleDataSource(22034): 	at elhb.a(:com.google.android.gms@254534035@25.45.34 (260400-831602148):3)
11-21 12:30:19.922 W/PeopleDataSource(22034): 	at aogq.d(:com.google.android.gms@254534035@25.45.34 (260400-831602148):357)
11-21 12:30:19.922 W/PeopleDataSource(22034): 	at aogo.call(:com.google.android.gms@254534035@25.45.34 (260400-831602148):3)
11-21 12:30:19.922 W/PeopleDataSource(22034): 	at java.util.concurrent.FutureTask.run(FutureTask.java:317)
11-21 12:30:19.922 W/PeopleDataSource(22034): 	at bdow.c(:com.google.android.gms@254534035@25.45.34 (260400-831602148):50)
11-21 12:30:19.922 W/PeopleDataSource(22034): 	at bdow.run(:com.google.android.gms@254534035@25.45.34 (260400-831602148):73)
11-21 12:30:19.922 W/PeopleDataSource(22034): 	at java.util.concurrent.ThreadPoolExecutor.runWorker(ThreadPoolExecutor.java:1156)
11-21 12:30:19.922 W/PeopleDataSource(22034): 	at java.util.concurrent.ThreadPoolExecutor$Worker.run(ThreadPoolExecutor.java:651)
11-21 12:30:19.922 W/PeopleDataSource(22034): 	at bdun.run(:com.google.android.gms@254534035@25.45.34 (260400-831602148):8)
11-21 12:30:19.922 W/PeopleDataSource(22034): 	at java.lang.Thread.run(Thread.java:1119)
11-21 12:30:19.929 W/LogErrorOperation(22034): onLogError callback failed.
11-21 12:30:20.808 W/adbd    (20890): timed out while waiting for FUNCTIONFS_BIND, trying again
11-21 12:30:21.104 W/JobService( 2282): onNetworkChanged() not implemented in androidx.work.impl.background.systemjob.SystemJobService. Must override in a subclass.
11-21 12:30:21.250 E/ShortcutService( 1468): Invalid icon type in shortcut 2349151144748@s.whatsapp.net. Bitmaps are not allowed in long-lived shortcuts. Use Resource icons, or Uri-based icons instead.
11-21 12:30:21.652 W/C2BqBuffer( 1018): last successful dequeue was 1998449971 us ago, 25607 consecutive failures
11-21 12:30:21.759 W/Kumiho-Kumiho( 2282): isSupportedFormat: Format is not supported
11-21 12:30:21.767 W/Binder  (23982): Caught a RuntimeException from the binder stub implementation.
11-21 12:30:21.767 W/Binder  (23982): java.lang.UnsupportedOperationException
11-21 12:30:21.767 W/Binder  (23982): 	at bber.b(:com.google.android.gms@254534035@25.45.34 (260400-831602148):3)
11-21 12:30:21.767 W/Binder  (23982): 	at bber.dispatchTransaction(:com.google.android.gms@254534035@25.45.34 (260400-831602148):33)
11-21 12:30:21.767 W/Binder  (23982): 	at buhs.a(:com.google.android.gms@254534035@25.45.34 (260400-831602148):50)
11-21 12:30:21.767 W/Binder  (23982): 	at xuk.onTransact(:com.google.android.gms@254534035@25.45.34 (260400-831602148):23)
11-21 12:30:21.767 W/Binder  (23982): 	at android.os.Binder.execTransactInternal(Binder.java:1541)
11-21 12:30:21.767 W/Binder  (23982): 	at android.os.Binder.execTransact(Binder.java:1480)
11-21 12:30:21.801 W/Kumiho-Kumiho( 2282): isSupportedFormat: Format is not supported
11-21 12:30:21.847 W/adbd    (20890): timed out while waiting for FUNCTIONFS_BIND, trying again
11-21 12:30:21.901 W/.android.gms.ui(23982): Cleared Reference was only reachable from finalizer (only reported once)
11-21 12:30:21.921 W/.android.gms.ui(23982): ApkAssets: Deleting an ApkAssets object '<empty> and /data/app/~~H6homG-VBzhdAhy5B7fo3g==/com.google.android.gms-fY33z9zPswdUWNkiGKc7hA==/split_AdsDynamite_installtime.apk' with 1 weak references
11-21 12:30:21.921 W/.android.gms.ui(23982): ApkAssets: Deleting an ApkAssets object '<empty> and /data/app/~~H6homG-VBzhdAhy5B7fo3g==/com.google.android.gms-fY33z9zPswdUWNkiGKc7hA==/split_CronetDynamite_installtime.apk' with 1 weak references
11-21 12:30:21.921 W/.android.gms.ui(23982): ApkAssets: Deleting an ApkAssets object '<empty> and /data/app/~~H6homG-VBzhdAhy5B7fo3g==/com.google.android.gms-fY33z9zPswdUWNkiGKc7hA==/split_DynamiteLoader_installtime.apk' with 1 weak references
11-21 12:30:21.921 W/.android.gms.ui(23982): ApkAssets: Deleting an ApkAssets object '<empty> and /data/app/~~H6homG-VBzhdAhy5B7fo3g==/com.google.android.gms-fY33z9zPswdUWNkiGKc7hA==/split_DynamiteModulesA_installtime.apk' with 1 weak references
11-21 12:30:21.922 W/.android.gms.ui(23982): ApkAssets: Deleting an ApkAssets object '<empty> and /data/app/~~H6homG-VBzhdAhy5B7fo3g==/com.google.android.gms-fY33z9zPswdUWNkiGKc7hA==/split_DynamiteModulesC_installtime.apk' with 1 weak references
11-21 12:30:21.922 W/.android.gms.ui(23982): ApkAssets: Deleting an ApkAssets object '<empty> and /data/app/~~H6homG-VBzhdAhy5B7fo3g==/com.google.android.gms-fY33z9zPswdUWNkiGKc7hA==/split_GoogleCertificates_installtime.apk' with 1 weak references
11-21 12:30:21.922 W/.android.gms.ui(23982): ApkAssets: Deleting an ApkAssets object '<empty> and /data/app/~~H6homG-VBzhdAhy5B7fo3g==/com.google.android.gms-fY33z9zPswdUWNkiGKc7hA==/split_MapsDynamite_installtime.apk' with 1 weak references
11-21 12:30:21.922 W/.android.gms.ui(23982): ApkAssets: Deleting an ApkAssets object '<empty> and /data/app/~~H6homG-VBzhdAhy5B7fo3g==/com.google.android.gms-fY33z9zPswdUWNkiGKc7hA==/split_MeasurementDynamite_installtime.apk' with 1 weak references
11-21 12:30:22.451 W/Kumiho-Kumiho( 2282): isSupportedFormat: Format is not supported
11-21 12:30:22.479 W/Kumiho-Kumiho( 2282): isSupportedFormat: Format is not supported
11-21 12:30:22.726 W/OptProp ( 1468): Cannot read opt property android.window.PROPERTY_COMPAT_ALLOW_ORIENTATION_OVERRIDE
11-21 12:30:22.728 W/BLASTSyncEngine( 1468): setSyncMethod, id=13501, method=0, caller=com.android.server.wm.TransitionController.moveToCollecting:90 com.android.server.wm.ActivityStarter.startActivityUnchecked:333 com.android.server.wm.ActivityStarter.executeRequest:3361 
11-21 12:30:22.731 W/OptProp ( 1468): Cannot read opt property android.window.PROPERTY_COMPAT_ALLOW_MIN_ASPECT_RATIO_OVERRIDE
11-21 12:30:22.731 W/OptProp ( 1468): Cannot read opt property android.window.PROPERTY_COMPAT_ALLOW_RESIZEABLE_ACTIVITY_OVERRIDES
11-21 12:30:22.737 E/pageboostd( 3203): Received HALT command code 2
11-21 12:30:22.755 W/UserManagerService( 1468): Requested status bar icon for non-badged user 0
11-21 12:30:22.787 W/FreecessController( 1468): getAllRunningPackagePids: Failed to read pid from /sys/fs/cgroup/uid_10067/pid_20335/cgroup.procs
11-21 12:30:22.788 W/FreecessController( 1468): getAllRunningPackagePids: Failed to read pid from /sys/fs/cgroup/uid_10085/pid_25478/cgroup.procs
11-21 12:30:22.791 E/SurfaceFlinger( 1109): alpha changed 1.000 -> 0.000 - ActivityRecord{de238c9 u0 com.google.android.permissioncontroller/com.android.permissioncontroller.permission.ui.GrantPermissionsActivity t9353}#166200
11-21 12:30:22.792 E/pageboostd( 3203): Received HALT command code 2
11-21 12:30:22.795 W/UserManagerService( 1468): Requested status bar icon for non-badged user 0
11-21 12:30:22.795 W/UserManagerService( 1468): Requested status bar icon for non-badged user 0
11-21 12:30:22.799 E/SurfaceFlinger( 1109): alpha changed 0.000 -> 1.000 - ActivityRecord{de238c9 u0 com.google.android.permissioncontroller/com.android.permissioncontroller.permission.ui.GrantPermissionsActivity t9353}#166200
11-21 12:30:22.807 E/SurfaceFlinger( 1109): alpha changed 1.000 -> 0.000 - Dim Layer for - Task=9353#166208
11-21 12:30:22.824 E/SurfaceFlinger( 1109): alpha changed 0.000 -> 0.026 - Dim Layer for - Task=9353#166208
11-21 12:30:22.832 E/SurfaceFlinger( 1109): alpha changed 1.000 -> 0.000 - Surface(name=a9cd707 InputMethod)/@0xca95965 - animation-leash of insets_animation#166209
11-21 12:30:22.850 W/ParceledListSlice( 1468): Element #10 is 20900 bytes.
11-21 12:30:22.896 W/adbd    (20890): timed out while waiting for FUNCTIONFS_BIND, trying again
11-21 12:30:22.950 W/Kumiho-Kumiho( 2282): isSupportedFormat: Format is not supported
11-21 12:30:22.951 W/Kumiho-Kumiho( 2282): isSupportedFormat: Format is not supported
11-21 12:30:22.979 W/Kumiho-Kumiho( 2282): isSupportedFormat: Format is not supported
11-21 12:30:23.089 W/Kumiho-Kumiho( 2282): isSupportedFormat: Format is not supported
11-21 12:30:23.091 W/Kumiho-Kumiho( 2282): isSupportedFormat: Format is not supported
11-21 12:30:23.147 W/Kumiho-Kumiho( 2282): isSupportedFormat: Format is not supported
11-21 12:30:23.208 W/WearableService(22034): onGetService: Wear is not available on this device.
11-21 12:30:23.403 W/id.ext.services( 3135): Reducing the number of considered missed Gc histogram windows from 288 to 100
11-21 12:30:23.469 W/System  ( 3135): A resource failed to call release. 
11-21 12:30:23.469 W/System  ( 3135): A resource failed to call release. 
11-21 12:30:23.470 W/System  ( 3135): A resource failed to call release. 
11-21 12:30:23.470 W/System  ( 3135): A resource failed to call release. 
11-21 12:30:23.488 W/LocationManagerService( 1468): onFreezeStateChanged, uid[10076]=false
11-21 12:30:23.493 W/GameLauncher(14803): NotificationListener Ignore non game notification: com.whatsapp
11-21 12:30:23.567 W/Bundle  (22034): Key android.text expected String but value was a android.text.SpannableString.  The default value <null> was returned.
11-21 12:30:23.567 W/Bundle  (22034): Attempt to cast generated internal exception:
11-21 12:30:23.567 W/Bundle  (22034): java.lang.ClassCastException: android.text.SpannableString cannot be cast to java.lang.String
11-21 12:30:23.567 W/Bundle  (22034): 	at android.os.BaseBundle.getString(BaseBundle.java:1418)
11-21 12:30:23.567 W/Bundle  (22034): 	at com.google.android.gms.auth.proximity.phonehub.PhoneHubNotificationListenerChimeraService.f(:com.google.android.gms@254534035@25.45.34 (260400-831602148):118)
11-21 12:30:23.567 W/Bundle  (22034): 	at com.google.android.gms.auth.proximity.phonehub.PhoneHubNotificationListenerChimeraService.onNotificationPosted(:com.google.android.gms@254534035@25.45.34 (260400-831602148):40)
11-21 12:30:23.567 W/Bundle  (22034): 	at ypg.onNotificationPosted(:com.google.android.gms@254534035@25.45.34 (260400-831602148):7)
11-21 12:30:23.567 W/Bundle  (22034): 	at android.service.notification.NotificationListenerService$MyHandler.handleMessage(NotificationListenerService.java:2540)
11-21 12:30:23.567 W/Bundle  (22034): 	at android.os.Handler.dispatchMessage(Handler.java:107)
11-21 12:30:23.567 W/Bundle  (22034): 	at android.os.Looper.loopOnce(Looper.java:257)
11-21 12:30:23.567 W/Bundle  (22034): 	at android.os.Looper.loop(Looper.java:342)
11-21 12:30:23.567 W/Bundle  (22034): 	at android.app.ActivityThread.main(ActivityThread.java:9634)
11-21 12:30:23.567 W/Bundle  (22034): 	at java.lang.reflect.Method.invoke(Native Method)
11-21 12:30:23.567 W/Bundle  (22034): 	at com.android.internal.os.RuntimeInit$MethodAndArgsCaller.run(RuntimeInit.java:619)
11-21 12:30:23.567 W/Bundle  (22034): 	at com.android.internal.os.ZygoteInit.main(ZygoteInit.java:929)
11-21 12:30:23.776 E/SensorManager( 1468): sensor or listener is null
11-21 12:30:23.781 W/MediaPlayer( 2050): Error setting data source via ContentResolver
11-21 12:30:23.781 W/MediaPlayer( 2050): java.io.FileNotFoundException: open failed: ENOENT (No such file or directory)
11-21 12:30:23.781 W/MediaPlayer( 2050): 	at android.database.DatabaseUtils.readExceptionWithFileNotFoundExceptionFromParcel(DatabaseUtils.java:164)
11-21 12:30:23.781 W/MediaPlayer( 2050): 	at android.content.ContentProviderProxy.openTypedAssetFile(ContentProviderNative.java:814)
11-21 12:30:23.781 W/MediaPlayer( 2050): 	at android.content.ContentResolver.openTypedAssetFileDescriptor(ContentResolver.java:2056)
11-21 12:30:23.781 W/MediaPlayer( 2050): 	at android.content.ContentResolver.openAssetFileDescriptor(ContentResolver.java:1871)
11-21 12:30:23.781 W/MediaPlayer( 2050): 	at android.content.ContentResolver.openAssetFileDescriptor(ContentResolver.java:1786)
11-21 12:30:23.781 W/MediaPlayer( 2050): 	at android.media.MediaPlayer.attemptDataSource(MediaPlayer.java:1199)
11-21 12:30:23.781 W/MediaPlayer( 2050): 	at android.media.MediaPlayer.setDataSource(MediaPlayer.java:1156)
11-21 12:30:23.781 W/MediaPlayer( 2050): 	at android.media.MediaPlayer.setDataSource(MediaPlayer.java:1093)
11-21 12:30:23.781 W/MediaPlayer( 2050): 	at com.android.systemui.media.NotificationPlayer$CreationAndCompletionThread.run(qb/99323245 10b43abae24c844a190fd97dd8dec24c9e285525b6b4f22eb78bfede421a744f:79)
11-21 12:30:23.789 W/MediaProvider( 3827): Didn't find any volume for getVolume(/system/media/audio/notifications/SoundTheme/Galaxy/Spaceline.ogg)
11-21 12:30:23.794 E/msys    (23039): E[N mns]_OnDiskCacheGetData(632)=>Start post callback cache refresh DNS resolution
11-21 12:30:23.795 W/LibevQuicAsyncUDPSocket.h(23039): setTosOrTrafficClass not implemented in LibevQuicAsyncUDPSocket
11-21 12:30:23.800 E/MvfstCallbacks.cpp(23039): onConnectionSetupError: error=TransportError: Internal Error, Error on socket write Operation not permitted, 
11-21 12:30:23.801 W/LibevQuicAsyncUDPSocket.h(23039): setTosOrTrafficClass not implemented in LibevQuicAsyncUDPSocket
11-21 12:30:23.805 E/MvfstCallbacks.cpp(23039): onConnectionSetupError: error=TransportError: Internal Error, Error on socket write Operation not permitted, 
11-21 12:30:23.805 E/SEC_DRM_PLUGIN_Omafl( 1185): OmaPlugin::onOpenDecryptSession(fd)::Drm2IsDrmFileByExtFd::file is NOT DRM by extension
11-21 12:30:23.806 E/msys    (23039): E[N mns]_LogError(228)=>Failed to resolve using system DNS resolver, getaddrinfo(): No address associated with hostname
11-21 12:30:23.806 E/msys    (23039): E[N mns]_OnDiskCacheGetData(632)=>Start post callback cache refresh DNS resolution
11-21 12:30:23.806 W/Settings(23891): Setting remove_animations has moved from android.provider.Settings.System to android.provider.Settings.Global, returning read-only value.
11-21 12:30:23.807 E/ActivityThread(23891): Failed to find provider info for com.samsung.android.systemui.edgelighting.plus.provider
11-21 12:30:23.808 E/msys    (23039): E[N mns]_LogError(228)=>Failed to resolve using system DNS resolver, getaddrinfo(): No address associated with hostname
11-21 12:30:23.811 W/MediaPlayerNative( 2050): info/warning (10973, 0)
11-21 12:30:23.826 E/PocketModeEvent( 1468): PocketModeSetting is off 
11-21 12:30:23.853 W/BLASTSyncEngine( 1468): setSyncMethod, id=13502, method=0, caller=com.android.server.wm.TransitionController.moveToCollecting:90 com.android.server.wm.TransitionController.createTransition:47 com.android.server.wm.TransitionController.requestCloseTransitionIfNeeded:72 
11-21 12:30:23.890 E/NativeCustomFrequencyManager( 1109): [NativeCFMS] BpCustomFrequencyManager::acquire()
11-21 12:30:23.904 W/UserManagerService( 1468): Requested status bar icon for non-badged user 0
11-21 12:30:23.904 W/WindowOnBackDispatcher(22328): sendCancelIfRunning: isInProgress=false callback=android.view.ViewRootImpl$$ExternalSyntheticLambda15@edc2de4
11-21 12:30:23.904 W/UserManagerService( 1468): Requested status bar icon for non-badged user 0
11-21 12:30:23.906 W/InputManager-JNI( 1468): Input channel object '498cae1 com.google.android.permissioncontroller/com.android.permissioncontroller.permission.ui.GrantPermissionsActivity (client)' was disposed without first being removed with the input manager!
11-21 12:30:23.936 W/adbd    (20890): timed out while waiting for FUNCTIONFS_BIND, trying again
11-21 12:30:23.941 E/SurfaceFlinger( 1109): alpha changed 1.000 -> 0.000 - Surface(name=a9cd707 InputMethod)/@0xca95965 - animation-leash of insets_animation#166217
11-21 12:30:23.973 W/ssioncontroller(22328): Cleared Reference was only reachable from finalizer (only reported once)
11-21 12:30:23.978 W/ParceledListSlice( 1468): Element #10 is 20900 bytes.
11-21 12:30:24.015 W/BitmapFactory( 2050): Null Options, creating a new one.
11-21 12:30:24.027 W/BitmapFactory( 2050): Null Options, creating a new one.
11-21 12:30:24.030 W/BitmapFactory( 2050): Null Options, creating a new one.
11-21 12:30:24.038 W/BitmapFactory( 2050): Null Options, creating a new one.
11-21 12:30:24.042 W/BitmapFactory( 2050): Null Options, creating a new one.
11-21 12:30:24.045 W/BitmapFactory( 2050): Null Options, creating a new one.
11-21 12:30:24.110 W/LocationManagerService( 1468): onFreezeStateChanged, uid[10329]=true
11-21 12:30:24.149 W/JobService( 2282): onNetworkChanged() not implemented in androidx.work.impl.background.systemjob.SystemJobService. Must override in a subclass.
11-21 12:30:24.200 E/SurfaceFlinger( 1109): alpha changed 0.017 -> 0.000 - Dim Layer for - Task=9353#166208
11-21 12:30:24.204 W/LocationManagerService( 1468): onFreezeStateChanged, uid[10329]=false
11-21 12:30:24.266 E/VibratorController( 1468): vibratorSetIntensity setAmplitude successfully
11-21 12:30:24.270 E/SecVibrator-HAL-AIDL-EXT( 1061): V_3_0: setAmplitude 10000
11-21 12:30:24.271 E/SecVibrator-HAL-AIDL-CORE( 1061): HW_API: >> writeNode node:/timed_output/vibrator/intensity val:10000
11-21 12:30:24.272 E/SecVibrator-HAL-AIDL-CORE( 1061): HW_API: << writeNode node OK : 6
11-21 12:30:24.274 E/SecVibrator-HAL-AIDL-EXT( 1061): V_3_0: setFrequencyType0
11-21 12:30:24.274 E/SecVibrator-HAL-AIDL-CORE( 1061): HW_API: >> writeNode node:/timed_output/vibrator/multi_freq val:0
11-21 12:30:24.275 E/SecVibrator-HAL-AIDL-CORE( 1061): HW_API: << writeNode node OK : 2
11-21 12:30:24.277 E/SecVibrator-HAL-AIDL-CORE( 1061): V_1_0: Vibrator on for timeoutMs: 300
11-21 12:30:24.277 E/SecVibrator-HAL-AIDL-CORE( 1061): HW_API: do_on for timeoutMs: 300
11-21 12:30:24.277 E/SecVibrator-HAL-AIDL-CORE( 1061): HW_API: >> writeNode node:/timed_output/vibrator/enable val:300
11-21 12:30:24.278 E/SecVibrator-HAL-AIDL-CORE( 1061): HW_API: << writeNode node OK : 4
11-21 12:30:24.336 W/Codec2Client( 1301): query -- param skipped: index = 1107298332.
11-21 12:30:24.337 W/ContextImpl( 1468): Calling a method in the system process without a qualified user: android.app.ContextImpl.sendBroadcast:1314 vendor.samsung.frameworks.codecsolution.Logging.insertDiagmonLog:14 vendor.samsung.frameworks.codecsolution.Logging.insertLog:6 vendor.samsung.frameworks.codecsolution.Logging.insertLog:1 vendor.samsung.frameworks.codecsolution.SehCodecSolutionService$1.handleMessage:24 
11-21 12:30:24.337 W/Codec2Client( 1301): query -- param skipped: index = 1342179345.
11-21 12:30:24.337 W/Codec2Client( 1301): query -- param skipped: index = 2415921170.
11-21 12:30:24.338 W/ContextImpl( 3863): Calling a method in the system process without a qualified user: android.app.ContextImpl.startService:1993 android.content.ContextWrapper.startService:844 android.content.ContextWrapper.startService:844 com.sec.android.diagmonagent.sa.receiver.CFLogReceiver.onReceive:56 android.app.ActivityThread.handleReceiver:5377 
11-21 12:30:24.339 E/Codec2-ComponentInterface( 1336): We have a failed config
11-21 12:30:24.360 E/EffectsConfig( 1082): Invalid <stream|device> type sec_voice_communication: <stream type="sec_voice_communication">
11-21 12:30:24.360 E/EffectsConfig( 1082):     <apply effect="aec"/>
11-21 12:30:24.360 E/EffectsConfig( 1082): </stream>
11-21 12:30:24.450 W/AudioTrack( 1301): getTimestamp_l(16178): retrograde timestamp time corrected, 540916182683720 < 540916347959527
11-21 12:30:24.662 E/msys    (25790): E[C 1]MCCLogErrorWithTraceOrQPL(280)=>131/1228/3561/-1
11-21 12:30:24.665 E/msys    (25790): E[C mem_periodic_task_manager]_MCCLogLegacy(125)=>[MCC] execute_callback/message_persistence_store_periodic_messages_backup/1
11-21 12:30:24.665 E/msys    (25790): E[C 1]MCCLogErrorWithTraceOrQPL(280)=>294/1548/3493/1
11-21 12:30:24.665 E/msys    (25790): E[D WA]_WPTPersistenceStore(55)=>could not store periodic tasks to local storage: Error Domain=MCCPeriodicTasksPersistenceProviderImpl Code=-20020
11-21 12:30:24.777 E/SecVibrator-HAL-AIDL-CORE( 1061): V_1_0: Vibrator on for timeoutMs: 300
11-21 12:30:24.777 E/SecVibrator-HAL-AIDL-CORE( 1061): HW_API: do_on for timeoutMs: 300
11-21 12:30:24.777 E/SecVibrator-HAL-AIDL-CORE( 1061): HW_API: >> writeNode node:/timed_output/vibrator/enable val:300
11-21 12:30:24.778 E/SecVibrator-HAL-AIDL-CORE( 1061): HW_API: << writeNode node OK : 4
11-21 12:30:24.984 W/adbd    (20890): timed out while waiting for FUNCTIONFS_BIND, trying again
11-21 12:30:25.276 E/SecVibrator-HAL-AIDL-CORE( 1061): V_1_0: Vibrator off
11-21 12:30:25.277 E/SecVibrator-HAL-AIDL-CORE( 1061): HW_API: >> writeNode node:/timed_output/vibrator/enable val:0
11-21 12:30:25.279 E/SecVibrator-HAL-AIDL-CORE( 1061): HW_API: << writeNode node OK : 2
11-21 12:30:25.314 W/IpClient.wlan0( 2163): [IpReachabilityMonitor] WARN ALERT neighbor went from: NeighborEvent{@652261282,RTM_NEWNEIGH,if=23,fe80::7624:9fff:feac:1ee5,NUD_PROBE,[74:24:9f:ac:1e:e5]} to: NeighborEvent{@652271266,RTM_NEWNEIGH,if=23,fe80::7624:9fff:feac:1ee5,NUD_FAILED,[null]}
11-21 12:30:25.383 W/System.err(23514): java.lang.ClassNotFoundException: Didn't find class "com/zego/zegoavkit2/utils/ZegoLogUtil" on path: DexPathList[[zip file "/data/app/~~DvVj-sidYSsaRS4xytuqpw==/com.alphatecks.qglide-9XMoZuK5twrr-is9wNFX5g==/base.apk"],nativeLibraryDirectories=[/data/app/~~DvVj-sidYSsaRS4xytuqpw==/com.alphatecks.qglide-9XMoZuK5twrr-is9wNFX5g==/lib/arm64, /data/app/~~DvVj-sidYSsaRS4xytuqpw==/com.alphatecks.qglide-9XMoZuK5twrr-is9wNFX5g==/base.apk!/lib/arm64-v8a, /system/lib64]]
11-21 12:30:25.383 W/System.err(23514): 	at dalvik.system.BaseDexClassLoader.findClass(BaseDexClassLoader.java:259)
11-21 12:30:25.383 W/System.err(23514): 	at java.lang.ClassLoader.loadClass(ClassLoader.java:637)
11-21 12:30:25.383 W/System.err(23514): 	at java.lang.ClassLoader.loadClass(ClassLoader.java:573)
11-21 12:30:25.383 W/System.err(23514): 	at im.zego.zegoexpress.internal.ZegoExpressEngineJniAPI.engineInitJni(Native Method)
11-21 12:30:25.383 W/System.err(23514): 	at im.zego.zegoexpress.internal.ZegoExpressEngineInternalImpl.createEngine(SourceFile:7)
11-21 12:30:25.383 W/System.err(23514): 	at im.zego.zegoexpress.ZegoExpressEngine.createEngine(SourceFile:2)
11-21 12:30:25.383 W/System.err(23514): 	at im.zego.zegoexpress.internal.ZegoExpressEngineInternalImpl.createEngine(SourceFile:1)
11-21 12:30:25.383 W/System.err(23514): 	at im.zego.zegoexpress.ZegoExpressEngine.createEngine(SourceFile:1)
11-21 12:30:25.383 W/System.err(23514): 	at im.zego.zego_express_engine.internal.ZegoExpressEngineMethodHandler.createEngineWithProfile(SourceFile:119)
11-21 12:30:25.383 W/System.err(23514): 	at java.lang.reflect.Method.invoke(Native Method)
11-21 12:30:25.383 W/System.err(23514): 	at im.zego.zego_express_engine.ZegoExpressEnginePlugin.onMethodCall(SourceFile:146)
11-21 12:30:25.384 W/System.err(23514): 	at io.flutter.plugin.common.MethodChannel$IncomingMethodCallHandler.onMessage(SourceFile:18)
11-21 12:30:25.384 W/System.err(23514): 	at io.flutter.embedding.engine.dart.DartMessenger.invokeHandler(SourceFile:19)
11-21 12:30:25.384 W/System.err(23514): 	at io.flutter.embedding.engine.dart.DartMessenger.lambda$dispatchMessageToQueue$0(SourceFile:36)
11-21 12:30:25.384 W/System.err(23514): 	at io.flutter.embedding.engine.dart.DartMessenger.a(SourceFile:1)
11-21 12:30:25.386 W/System.err(23514): 	at io.flutter.embedding.engine.dart.a.run(SourceFile:1)
11-21 12:30:25.386 W/System.err(23514): 	at android.os.Handler.handleCallback(Handler.java:959)
11-21 12:30:25.386 W/System.err(23514): 	at android.os.Handler.dispatchMessage(Handler.java:100)
11-21 12:30:25.386 W/System.err(23514): 	at android.os.Looper.loopOnce(Looper.java:257)
11-21 12:30:25.386 W/System.err(23514): 	at android.os.Looper.loop(Looper.java:342)
11-21 12:30:25.386 W/System.err(23514): 	at android.app.ActivityThread.main(ActivityThread.java:9634)
11-21 12:30:25.386 W/System.err(23514): 	at java.lang.reflect.Method.invoke(Native Method)
11-21 12:30:25.386 W/System.err(23514): 	at com.android.internal.os.RuntimeInit$MethodAndArgsCaller.run(RuntimeInit.java:619)
11-21 12:30:25.386 W/System.err(23514): 	at com.android.internal.os.ZygoteInit.main(ZygoteInit.java:929)
11-21 12:30:25.387 W/System.err(23514): java.lang.ClassNotFoundException: Didn't find class "com/zego/zegoavkit2/utils/SysUtil" on path: DexPathList[[zip file "/data/app/~~DvVj-sidYSsaRS4xytuqpw==/com.alphatecks.qglide-9XMoZuK5twrr-is9wNFX5g==/base.apk"],nativeLibraryDirectories=[/data/app/~~DvVj-sidYSsaRS4xytuqpw==/com.alphatecks.qglide-9XMoZuK5twrr-is9wNFX5g==/lib/arm64, /data/app/~~DvVj-sidYSsaRS4xytuqpw==/com.alphatecks.qglide-9XMoZuK5twrr-is9wNFX5g==/base.apk!/lib/arm64-v8a, /system/lib64]]
11-21 12:30:25.388 W/System.err(23514): 	at dalvik.system.BaseDexClassLoader.findClass(BaseDexClassLoader.java:259)
11-21 12:30:25.388 W/System.err(23514): 	at java.lang.ClassLoader.loadClass(ClassLoader.java:637)
11-21 12:30:25.388 W/System.err(23514): 	at java.lang.ClassLoader.loadClass(ClassLoader.java:573)
11-21 12:30:25.388 W/System.err(23514): 	at im.zego.zegoexpress.internal.ZegoExpressEngineJniAPI.engineInitJni(Native Method)
11-21 12:30:25.388 W/System.err(23514): 	at im.zego.zegoexpress.internal.ZegoExpressEngineInternalImpl.createEngine(SourceFile:7)
11-21 12:30:25.388 W/System.err(23514): 	at im.zego.zegoexpress.ZegoExpressEngine.createEngine(SourceFile:2)
11-21 12:30:25.388 W/System.err(23514): 	at im.zego.zegoexpress.internal.ZegoExpressEngineInternalImpl.createEngine(SourceFile:1)
11-21 12:30:25.388 W/System.err(23514): 	at im.zego.zegoexpress.ZegoExpressEngine.createEngine(SourceFile:1)
11-21 12:30:25.388 W/System.err(23514): 	at im.zego.zego_express_engine.internal.ZegoExpressEngineMethodHandler.createEngineWithProfile(SourceFile:119)
11-21 12:30:25.388 W/System.err(23514): 	at java.lang.reflect.Method.invoke(Native Method)
11-21 12:30:25.388 W/System.err(23514): 	at im.zego.zego_express_engine.ZegoExpressEnginePlugin.onMethodCall(SourceFile:146)
11-21 12:30:25.388 W/System.err(23514): 	at io.flutter.plugin.common.MethodChannel$IncomingMethodCallHandler.onMessage(SourceFile:18)
11-21 12:30:25.388 W/System.err(23514): 	at io.flutter.embedding.engine.dart.DartMessenger.invokeHandler(SourceFile:19)
11-21 12:30:25.388 W/System.err(23514): 	at io.flutter.embedding.engine.dart.DartMessenger.lambda$dispatchMessageToQueue$0(SourceFile:36)
11-21 12:30:25.388 W/System.err(23514): 	at io.flutter.embedding.engine.dart.DartMessenger.a(SourceFile:1)
11-21 12:30:25.388 W/System.err(23514): 	at io.flutter.embedding.engine.dart.a.run(SourceFile:1)
11-21 12:30:25.388 W/System.err(23514): 	at android.os.Handler.handleCallback(Handler.java:959)
11-21 12:30:25.388 W/System.err(23514): 	at android.os.Handler.dispatchMessage(Handler.java:100)
11-21 12:30:25.388 W/System.err(23514): 	at android.os.Looper.loopOnce(Looper.java:257)
11-21 12:30:25.388 W/System.err(23514): 	at android.os.Looper.loop(Looper.java:342)
11-21 12:30:25.388 W/System.err(23514): 	at android.app.ActivityThread.main(ActivityThread.java:9634)
11-21 12:30:25.388 W/System.err(23514): 	at java.lang.reflect.Method.invoke(Native Method)
11-21 12:30:25.388 W/System.err(23514): 	at com.android.internal.os.RuntimeInit$MethodAndArgsCaller.run(RuntimeInit.java:619)
11-21 12:30:25.388 W/System.err(23514): 	at com.android.internal.os.ZygoteInit.main(ZygoteInit.java:929)
11-21 12:30:25.390 W/System.err(23514): java.lang.ClassNotFoundException: Didn't find class "com/zego/zegoavkit2/utils/SysUtil" on path: DexPathList[[zip file "/data/app/~~DvVj-sidYSsaRS4xytuqpw==/com.alphatecks.qglide-9XMoZuK5twrr-is9wNFX5g==/base.apk"],nativeLibraryDirectories=[/data/app/~~DvVj-sidYSsaRS4xytuqpw==/com.alphatecks.qglide-9XMoZuK5twrr-is9wNFX5g==/lib/arm64, /data/app/~~DvVj-sidYSsaRS4xytuqpw==/com.alphatecks.qglide-9XMoZuK5twrr-is9wNFX5g==/base.apk!/lib/arm64-v8a, /system/lib64]]
11-21 12:30:25.390 W/System.err(23514): 	at dalvik.system.BaseDexClassLoader.findClass(BaseDexClassLoader.java:259)
11-21 12:30:25.390 W/System.err(23514): 	at java.lang.ClassLoader.loadClass(ClassLoader.java:637)
11-21 12:30:25.390 W/System.err(23514): 	at java.lang.ClassLoader.loadClass(ClassLoader.java:573)
11-21 12:30:25.391 W/System.err(23514): java.lang.ClassNotFoundException: Didn't find class "com/zego/zegoavkit2/utils/ZegoLogUtil" on path: DexPathList[[zip file "/data/app/~~DvVj-sidYSsaRS4xytuqpw==/com.alphatecks.qglide-9XMoZuK5twrr-is9wNFX5g==/base.apk"],nativeLibraryDirectories=[/data/app/~~DvVj-sidYSsaRS4xytuqpw==/com.alphatecks.qglide-9XMoZuK5twrr-is9wNFX5g==/lib/arm64, /data/app/~~DvVj-sidYSsaRS4xytuqpw==/com.alphatecks.qglide-9XMoZuK5twrr-is9wNFX5g==/base.apk!/lib/arm64-v8a, /system/lib64]]
11-21 12:30:25.391 W/System.err(23514): 	at dalvik.system.BaseDexClassLoader.findClass(BaseDexClassLoader.java:259)
11-21 12:30:25.391 W/System.err(23514): 	at java.lang.ClassLoader.loadClass(ClassLoader.java:637)
11-21 12:30:25.391 W/System.err(23514): 	at java.lang.ClassLoader.loadClass(ClassLoader.java:573)
11-21 12:30:25.391 W/System.err(23514): java.lang.ClassNotFoundException: Didn't find class "com/zego/zegoavkit2/utils/ZegoLogUtil" on path: DexPathList[[zip file "/data/app/~~DvVj-sidYSsaRS4xytuqpw==/com.alphatecks.qglide-9XMoZuK5twrr-is9wNFX5g==/base.apk"],nativeLibraryDirectories=[/data/app/~~DvVj-sidYSsaRS4xytuqpw==/com.alphatecks.qglide-9XMoZuK5twrr-is9wNFX5g==/lib/arm64, /data/app/~~DvVj-sidYSsaRS4xytuqpw==/com.alphatecks.qglide-9XMoZuK5twrr-is9wNFX5g==/base.apk!/lib/arm64-v8a, /system/lib64]]
11-21 12:30:25.391 W/System.err(23514): 	at dalvik.system.BaseDexClassLoader.findClass(BaseDexClassLoader.java:259)
11-21 12:30:25.391 W/System.err(23514): 	at java.lang.ClassLoader.loadClass(ClassLoader.java:637)
11-21 12:30:25.391 W/System.err(23514): 	at java.lang.ClassLoader.loadClass(ClassLoader.java:573)
11-21 12:30:25.392 W/System.err(23514): java.lang.ClassNotFoundException: Didn't find class "com/zego/zegoavkit2/utils/ZegoLogUtil" on path: DexPathList[[zip file "/data/app/~~DvVj-sidYSsaRS4xytuqpw==/com.alphatecks.qglide-9XMoZuK5twrr-is9wNFX5g==/base.apk"],nativeLibraryDirectories=[/data/app/~~DvVj-sidYSsaRS4xytuqpw==/com.alphatecks.qglide-9XMoZuK5twrr-is9wNFX5g==/lib/arm64, /data/app/~~DvVj-sidYSsaRS4xytuqpw==/com.alphatecks.qglide-9XMoZuK5twrr-is9wNFX5g==/base.apk!/lib/arm64-v8a, /system/lib64]]
11-21 12:30:25.392 W/System.err(23514): 	at dalvik.system.BaseDexClassLoader.findClass(BaseDexClassLoader.java:259)
11-21 12:30:25.392 W/System.err(23514): 	at java.lang.ClassLoader.loadClass(ClassLoader.java:637)
11-21 12:30:25.392 W/System.err(23514): 	at java.lang.ClassLoader.loadClass(ClassLoader.java:573)
11-21 12:30:25.395 E/NativeCustomFrequencyManager( 1109): [NativeCFMS] BpCustomFrequencyManager::acquire()
11-21 12:30:25.396 W/System.err(23514): java.lang.ClassNotFoundException: Didn't find class "com/zego/zegoavkit2/utils/ZegoLogUtil" on path: DexPathList[[zip file "/data/app/~~DvVj-sidYSsaRS4xytuqpw==/com.alphatecks.qglide-9XMoZuK5twrr-is9wNFX5g==/base.apk"],nativeLibraryDirectories=[/data/app/~~DvVj-sidYSsaRS4xytuqpw==/com.alphatecks.qglide-9XMoZuK5twrr-is9wNFX5g==/lib/arm64, /data/app/~~DvVj-sidYSsaRS4xytuqpw==/com.alphatecks.qglide-9XMoZuK5twrr-is9wNFX5g==/base.apk!/lib/arm64-v8a, /system/lib64]]
11-21 12:30:25.396 W/System.err(23514): 	at dalvik.system.BaseDexClassLoader.findClass(BaseDexClassLoader.java:259)
11-21 12:30:25.396 W/System.err(23514): 	at java.lang.ClassLoader.loadClass(ClassLoader.java:637)
11-21 12:30:25.396 W/System.err(23514): 	at java.lang.ClassLoader.loadClass(ClassLoader.java:573)
11-21 12:30:25.396 W/System.err(23514): java.lang.ClassNotFoundException: Didn't find class "com/zego/zegoavkit2/utils/ZegoLogUtil" on path: DexPathList[[zip file "/data/app/~~DvVj-sidYSsaRS4xytuqpw==/com.alphatecks.qglide-9XMoZuK5twrr-is9wNFX5g==/base.apk"],nativeLibraryDirectories=[/data/app/~~DvVj-sidYSsaRS4xytuqpw==/com.alphatecks.qglide-9XMoZuK5twrr-is9wNFX5g==/lib/arm64, /data/app/~~DvVj-sidYSsaRS4xytuqpw==/com.alphatecks.qglide-9XMoZuK5twrr-is9wNFX5g==/base.apk!/lib/arm64-v8a, /system/lib64]]
11-21 12:30:25.396 W/System.err(23514): 	at dalvik.system.BaseDexClassLoader.findClass(BaseDexClassLoader.java:259)
11-21 12:30:25.396 W/System.err(23514): 	at java.lang.ClassLoader.loadClass(ClassLoader.java:637)
11-21 12:30:25.396 W/System.err(23514): 	at java.lang.ClassLoader.loadClass(ClassLoader.java:573)
11-21 12:30:25.398 W/System.err(23514): java.lang.ClassNotFoundException: Didn't find class "com/zego/zegoavkit2/utils/SysUtil" on path: DexPathList[[zip file "/data/app/~~DvVj-sidYSsaRS4xytuqpw==/com.alphatecks.qglide-9XMoZuK5twrr-is9wNFX5g==/base.apk"],nativeLibraryDirectories=[/data/app/~~DvVj-sidYSsaRS4xytuqpw==/com.alphatecks.qglide-9XMoZuK5twrr-is9wNFX5g==/lib/arm64, /data/app/~~DvVj-sidYSsaRS4xytuqpw==/com.alphatecks.qglide-9XMoZuK5twrr-is9wNFX5g==/base.apk!/lib/arm64-v8a, /system/lib64]]
11-21 12:30:25.398 W/System.err(23514): 	at dalvik.system.BaseDexClassLoader.findClass(BaseDexClassLoader.java:259)
11-21 12:30:25.398 W/System.err(23514): 	at java.lang.ClassLoader.loadClass(ClassLoader.java:637)
11-21 12:30:25.398 W/System.err(23514): 	at java.lang.ClassLoader.loadClass(ClassLoader.java:573)
11-21 12:30:25.398 W/System.err(23514): java.lang.ClassNotFoundException: Didn't find class "com/zego/zegoavkit2/utils/ZegoLogUtil" on path: DexPathList[[zip file "/data/app/~~DvVj-sidYSsaRS4xytuqpw==/com.alphatecks.qglide-9XMoZuK5twrr-is9wNFX5g==/base.apk"],nativeLibraryDirectories=[/data/app/~~DvVj-sidYSsaRS4xytuqpw==/com.alphatecks.qglide-9XMoZuK5twrr-is9wNFX5g==/lib/arm64, /data/app/~~DvVj-sidYSsaRS4xytuqpw==/com.alphatecks.qglide-9XMoZuK5twrr-is9wNFX5g==/base.apk!/lib/arm64-v8a, /system/lib64]]
11-21 12:30:25.398 W/System.err(23514): 	at dalvik.system.BaseDexClassLoader.findClass(BaseDexClassLoader.java:259)
11-21 12:30:25.398 W/System.err(23514): 	at java.lang.ClassLoader.loadClass(ClassLoader.java:637)
11-21 12:30:25.398 W/System.err(23514): 	at java.lang.ClassLoader.loadClass(ClassLoader.java:573)
11-21 12:30:25.398 W/System.err(23514): java.lang.ClassNotFoundException: Didn't find class "com.zego.zegoavkit2.receiver.BackgroundMonitor" on path: DexPathList[[zip file "/data/app/~~DvVj-sidYSsaRS4xytuqpw==/com.alphatecks.qglide-9XMoZuK5twrr-is9wNFX5g==/base.apk"],nativeLibraryDirectories=[/data/app/~~DvVj-sidYSsaRS4xytuqpw==/com.alphatecks.qglide-9XMoZuK5twrr-is9wNFX5g==/lib/arm64, /data/app/~~DvVj-sidYSsaRS4xytuqpw==/com.alphatecks.qglide-9XMoZuK5twrr-is9wNFX5g==/base.apk!/lib/arm64-v8a, /system/lib64]]
11-21 12:30:25.398 W/System.err(23514): 	at dalvik.system.BaseDexClassLoader.findClass(BaseDexClassLoader.java:259)
11-21 12:30:25.398 W/System.err(23514): 	at java.lang.ClassLoader.loadClass(ClassLoader.java:637)
11-21 12:30:25.398 W/System.err(23514): 	at java.lang.ClassLoader.loadClass(ClassLoader.java:573)
11-21 12:30:25.399 W/System.err(23514): java.lang.ClassNotFoundException: Didn't find class "com/zego/zegoavkit2/utils/ZegoLogUtil" on path: DexPathList[[zip file "/data/app/~~DvVj-sidYSsaRS4xytuqpw==/com.alphatecks.qglide-9XMoZuK5twrr-is9wNFX5g==/base.apk"],nativeLibraryDirectories=[/data/app/~~DvVj-sidYSsaRS4xytuqpw==/com.alphatecks.qglide-9XMoZuK5twrr-is9wNFX5g==/lib/arm64, /data/app/~~DvVj-sidYSsaRS4xytuqpw==/com.alphatecks.qglide-9XMoZuK5twrr-is9wNFX5g==/base.apk!/lib/arm64-v8a, /system/lib64]]
11-21 12:30:25.399 W/System.err(23514): 	at dalvik.system.BaseDexClassLoader.findClass(BaseDexClassLoader.java:259)
11-21 12:30:25.399 W/System.err(23514): 	at java.lang.ClassLoader.loadClass(ClassLoader.java:637)
11-21 12:30:25.399 W/System.err(23514): 	at java.lang.ClassLoader.loadClass(ClassLoader.java:573)
11-21 12:30:25.401 W/System.err(23514): java.lang.ClassNotFoundException: Didn't find class "com/zego/zegoavkit2/utils/ZegoLogUtil" on path: DexPathList[[zip file "/data/app/~~DvVj-sidYSsaRS4xytuqpw==/com.alphatecks.qglide-9XMoZuK5twrr-is9wNFX5g==/base.apk"],nativeLibraryDirectories=[/data/app/~~DvVj-sidYSsaRS4xytuqpw==/com.alphatecks.qglide-9XMoZuK5twrr-is9wNFX5g==/lib/arm64, /data/app/~~DvVj-sidYSsaRS4xytuqpw==/com.alphatecks.qglide-9XMoZuK5twrr-is9wNFX5g==/base.apk!/lib/arm64-v8a, /system/lib64]]
11-21 12:30:25.401 W/System.err(23514): 	at dalvik.system.BaseDexClassLoader.findClass(BaseDexClassLoader.java:259)
11-21 12:30:25.401 W/System.err(23514): 	at java.lang.ClassLoader.loadClass(ClassLoader.java:637)
11-21 12:30:25.401 W/System.err(23514): 	at java.lang.ClassLoader.loadClass(ClassLoader.java:573)
11-21 12:30:25.401 I/flutter (23514):  RIDE_CUBIT - toJson called with status: RideStatus.none
11-21 12:30:25.401 I/flutter (23514):  RIDE_CUBIT - CLEARING STORAGE (status: RideStatus.none)
11-21 12:30:25.401 W/System.err(23514): java.lang.ClassNotFoundException: Didn't find class "com/zego/zegoavkit2/utils/ZegoLogUtil" on path: DexPathList[[zip file "/data/app/~~DvVj-sidYSsaRS4xytuqpw==/com.alphatecks.qglide-9XMoZuK5twrr-is9wNFX5g==/base.apk"],nativeLibraryDirectories=[/data/app/~~DvVj-sidYSsaRS4xytuqpw==/com.alphatecks.qglide-9XMoZuK5twrr-is9wNFX5g==/lib/arm64, /data/app/~~DvVj-sidYSsaRS4xytuqpw==/com.alphatecks.qglide-9XMoZuK5twrr-is9wNFX5g==/base.apk!/lib/arm64-v8a, /system/lib64]]
11-21 12:30:25.401 W/System.err(23514): 	at dalvik.system.BaseDexClassLoader.findClass(BaseDexClassLoader.java:259)
11-21 12:30:25.401 W/System.err(23514): 	at java.lang.ClassLoader.loadClass(ClassLoader.java:637)
11-21 12:30:25.401 W/System.err(23514): 	at java.lang.ClassLoader.loadClass(ClassLoader.java:573)
11-21 12:30:25.401 I/flutter (23514):  HOME: FETCHING USER PROFILE...
11-21 12:30:25.402 I/flutter (23514):  RIDER UI - PANEL STATE: booking=false, started=false, arrived=false, found=false, connecting=false
11-21 12:30:25.402 I/flutter (23514):  RIDER UI - RENDERING: Default Home Panel
11-21 12:30:25.402 W/System.err(23514): java.lang.ClassNotFoundException: Didn't find class "com/zego/zegoavkit2/utils/ZegoLogUtil" on path: DexPathList[[zip file "/data/app/~~DvVj-sidYSsaRS4xytuqpw==/com.alphatecks.qglide-9XMoZuK5twrr-is9wNFX5g==/base.apk"],nativeLibraryDirectories=[/data/app/~~DvVj-sidYSsaRS4xytuqpw==/com.alphatecks.qglide-9XMoZuK5twrr-is9wNFX5g==/lib/arm64, /data/app/~~DvVj-sidYSsaRS4xytuqpw==/com.alphatecks.qglide-9XMoZuK5twrr-is9wNFX5g==/base.apk!/lib/arm64-v8a, /system/lib64]]
11-21 12:30:25.402 W/System.err(23514): 	at dalvik.system.BaseDexClassLoader.findClass(BaseDexClassLoader.java:259)
11-21 12:30:25.402 W/System.err(23514): 	at java.lang.ClassLoader.loadClass(ClassLoader.java:637)
11-21 12:30:25.402 W/System.err(23514): 	at java.lang.ClassLoader.loadClass(ClassLoader.java:573)
11-21 12:30:25.402 W/System.err(23514): java.lang.ClassNotFoundException: Didn't find class "com/zego/zegoavkit2/utils/ZegoLogUtil" on path: DexPathList[[zip file "/data/app/~~DvVj-sidYSsaRS4xytuqpw==/com.alphatecks.qglide-9XMoZuK5twrr-is9wNFX5g==/base.apk"],nativeLibraryDirectories=[/data/app/~~DvVj-sidYSsaRS4xytuqpw==/com.alphatecks.qglide-9XMoZuK5twrr-is9wNFX5g==/lib/arm64, /data/app/~~DvVj-sidYSsaRS4xytuqpw==/com.alphatecks.qglide-9XMoZuK5twrr-is9wNFX5g==/base.apk!/lib/arm64-v8a, /system/lib64]]
11-21 12:30:25.402 W/System.err(23514): 	at dalvik.system.BaseDexClassLoader.findClass(BaseDexClassLoader.java:259)
11-21 12:30:25.402 W/System.err(23514): 	at java.lang.ClassLoader.loadClass(ClassLoader.java:637)
11-21 12:30:25.402 W/System.err(23514): 	at java.lang.ClassLoader.loadClass(ClassLoader.java:573)
11-21 12:30:25.403 W/System.err(23514): java.lang.ClassNotFoundException: Didn't find class "com/zego/zegoavkit2/utils/ZegoLogUtil" on path: DexPathList[[zip file "/data/app/~~DvVj-sidYSsaRS4xytuqpw==/com.alphatecks.qglide-9XMoZuK5twrr-is9wNFX5g==/base.apk"],nativeLibraryDirectories=[/data/app/~~DvVj-sidYSsaRS4xytuqpw==/com.alphatecks.qglide-9XMoZuK5twrr-is9wNFX5g==/lib/arm64, /data/app/~~DvVj-sidYSsaRS4xytuqpw==/com.alphatecks.qglide-9XMoZuK5twrr-is9wNFX5g==/base.apk!/lib/arm64-v8a, /system/lib64]]
11-21 12:30:25.403 W/System.err(23514): 	at dalvik.system.BaseDexClassLoader.findClass(BaseDexClassLoader.java:259)
